Archive member included because of file (symbol)

/usr/local/arm-elf-gcc-4.2.1/lib/gcc/arm-elf/4.2.1/thumb/interwork/libgcc.a(_udivsi3.o)
                              ../Common/drivers/LPC/serial/serial.o (__udivsi3)
/usr/local/arm-elf-gcc-4.2.1/lib/gcc/arm-elf/4.2.1/thumb/interwork/libgcc.a(_divsi3.o)
                              ../Common/Minimal/integer.o (__divsi3)
/usr/local/arm-elf-gcc-4.2.1/lib/gcc/arm-elf/4.2.1/thumb/interwork/libgcc.a(_dvmd_tls.o)
                              /usr/local/arm-elf-gcc-4.2.1/lib/gcc/arm-elf/4.2.1/thumb/interwork/libgcc.a(_udivsi3.o) (__div0)
/usr/local/arm-elf-gcc-4.2.1/lib/gcc/arm-elf/4.2.1/../../../../arm-elf/lib/thumb/interwork/libg.a(lib_a-memcpy.o)
                              ../Source/queue.o (memcpy)
/usr/local/arm-elf-gcc-4.2.1/lib/gcc/arm-elf/4.2.1/../../../../arm-elf/lib/thumb/interwork/libg.a(lib_a-memset.o)
                              ../Source/tasks.o (memset)
/usr/local/arm-elf-gcc-4.2.1/lib/gcc/arm-elf/4.2.1/../../../../arm-elf/lib/thumb/interwork/libg.a(lib_a-sprintf.o)
                              ../Source/tasks.o (sprintf)
/usr/local/arm-elf-gcc-4.2.1/lib/gcc/arm-elf/4.2.1/../../../../arm-elf/lib/thumb/interwork/libg.a(lib_a-strcat.o)
                              ../Source/tasks.o (strcat)
/usr/local/arm-elf-gcc-4.2.1/lib/gcc/arm-elf/4.2.1/../../../../arm-elf/lib/thumb/interwork/libg.a(lib_a-strcpy.o)
                              /usr/local/arm-elf-gcc-4.2.1/lib/gcc/arm-elf/4.2.1/../../../../arm-elf/lib/thumb/interwork/libg.a(lib_a-strcat.o) (strcpy)
/usr/local/arm-elf-gcc-4.2.1/lib/gcc/arm-elf/4.2.1/../../../../arm-elf/lib/thumb/interwork/libg.a(lib_a-strlen.o)
                              ../Source/tasks.o (strlen)
/usr/local/arm-elf-gcc-4.2.1/lib/gcc/arm-elf/4.2.1/../../../../arm-elf/lib/thumb/interwork/libg.a(lib_a-strncpy.o)
                              ../Source/tasks.o (strncpy)
/usr/local/arm-elf-gcc-4.2.1/lib/gcc/arm-elf/4.2.1/../../../../arm-elf/lib/thumb/interwork/libg.a(lib_a-vfprintf.o)
                              /usr/local/arm-elf-gcc-4.2.1/lib/gcc/arm-elf/4.2.1/../../../../arm-elf/lib/thumb/interwork/libg.a(lib_a-sprintf.o) (_vfprintf_r)
/usr/local/arm-elf-gcc-4.2.1/lib/gcc/arm-elf/4.2.1/../../../../arm-elf/lib/thumb/interwork/libg.a(lib_a-wcrtomb.o)
                              /usr/local/arm-elf-gcc-4.2.1/lib/gcc/arm-elf/4.2.1/../../../../arm-elf/lib/thumb/interwork/libg.a(lib_a-vfprintf.o) (_wcrtomb_r)
/usr/local/arm-elf-gcc-4.2.1/lib/gcc/arm-elf/4.2.1/../../../../arm-elf/lib/thumb/interwork/libg.a(lib_a-wcsrtombs.o)
                              /usr/local/arm-elf-gcc-4.2.1/lib/gcc/arm-elf/4.2.1/../../../../arm-elf/lib/thumb/interwork/libg.a(lib_a-vfprintf.o) (_wcsrtombs_r)
/usr/local/arm-elf-gcc-4.2.1/lib/gcc/arm-elf/4.2.1/../../../../arm-elf/lib/thumb/interwork/libg.a(lib_a-wctomb_r.o)
                              /usr/local/arm-elf-gcc-4.2.1/lib/gcc/arm-elf/4.2.1/../../../../arm-elf/lib/thumb/interwork/libg.a(lib_a-wcrtomb.o) (_wctomb_r)
/usr/local/arm-elf-gcc-4.2.1/lib/gcc/arm-elf/4.2.1/../../../../arm-elf/lib/thumb/interwork/libg.a(lib_a-wsetup.o)
                              /usr/local/arm-elf-gcc-4.2.1/lib/gcc/arm-elf/4.2.1/../../../../arm-elf/lib/thumb/interwork/libg.a(lib_a-vfprintf.o) (__swsetup)
/usr/local/arm-elf-gcc-4.2.1/lib/gcc/arm-elf/4.2.1/../../../../arm-elf/lib/thumb/interwork/libg.a(lib_a-dtoa.o)
                              /usr/local/arm-elf-gcc-4.2.1/lib/gcc/arm-elf/4.2.1/../../../../arm-elf/lib/thumb/interwork/libg.a(lib_a-vfprintf.o) (_dtoa_r)
/usr/local/arm-elf-gcc-4.2.1/lib/gcc/arm-elf/4.2.1/../../../../arm-elf/lib/thumb/interwork/libg.a(lib_a-fflush.o)
                              /usr/local/arm-elf-gcc-4.2.1/lib/gcc/arm-elf/4.2.1/../../../../arm-elf/lib/thumb/interwork/libg.a(lib_a-vfprintf.o) (fflush)
/usr/local/arm-elf-gcc-4.2.1/lib/gcc/arm-elf/4.2.1/../../../../arm-elf/lib/thumb/interwork/libg.a(lib_a-findfp.o)
                              /usr/local/arm-elf-gcc-4.2.1/lib/gcc/arm-elf/4.2.1/../../../../arm-elf/lib/thumb/interwork/libg.a(lib_a-vfprintf.o) (__sinit)
/usr/local/arm-elf-gcc-4.2.1/lib/gcc/arm-elf/4.2.1/../../../../arm-elf/lib/thumb/interwork/libg.a(lib_a-freer.o)
                              /usr/local/arm-elf-gcc-4.2.1/lib/gcc/arm-elf/4.2.1/../../../../arm-elf/lib/thumb/interwork/libg.a(lib_a-vfprintf.o) (_free_r)
/usr/local/arm-elf-gcc-4.2.1/lib/gcc/arm-elf/4.2.1/../../../../arm-elf/lib/thumb/interwork/libg.a(lib_a-fvwrite.o)
                              /usr/local/arm-elf-gcc-4.2.1/lib/gcc/arm-elf/4.2.1/../../../../arm-elf/lib/thumb/interwork/libg.a(lib_a-vfprintf.o) (__sfvwrite_r)
/usr/local/arm-elf-gcc-4.2.1/lib/gcc/arm-elf/4.2.1/../../../../arm-elf/lib/thumb/interwork/libg.a(lib_a-fwalk.o)
                              /usr/local/arm-elf-gcc-4.2.1/lib/gcc/arm-elf/4.2.1/../../../../arm-elf/lib/thumb/interwork/libg.a(lib_a-fflush.o) (_fwalk)
/usr/local/arm-elf-gcc-4.2.1/lib/gcc/arm-elf/4.2.1/../../../../arm-elf/lib/thumb/interwork/libg.a(lib_a-impure.o)
[...]
Memory Configuration

Name             Origin             Length             Attributes
flash            0x00000000         0x0007d000
ram              0x40000000         0x00008000
usbram           0x7fd00000         0x00002000
ethram           0x7fe00000         0x00004000
*default*        0x00000000         0xffffffff

Linker script and memory map

LOAD ../Common/drivers/LPC/serial/serial.o
LOAD ../Common/drivers/LPC/serial/serialISR.o
LOAD ../Source/portable/GCC/ARM7_LPC23xx/portISR.o
LOAD ../Common/drivers/LPC/usb/usbcontrol.o
LOAD ../Common/drivers/LPC/usb/usbhw_lpc.o
LOAD ../Common/drivers/LPC/usb/usbinit.o
LOAD ../Common/drivers/LPC/usb/usbstdreq.o
LOAD main.o
LOAD ./ParTest/ParTest.o
LOAD ../Common/Minimal/BlockQ.o
LOAD ../Common/Minimal/blocktim.o
LOAD ../Common/Minimal/flash.o
LOAD ../Common/Minimal/integer.o
LOAD ../Common/Minimal/GenQTest.o
LOAD ../Common/Minimal/QPeek.o
LOAD ../Common/Minimal/dynamic.o
LOAD ../Source/list.o
LOAD ../Source/queue.o
LOAD ../Source/tasks.o
LOAD ../Source/portable/GCC/ARM7_LPC23xx/port.o
LOAD ../Source/portable/MemMang/heap_2.o
LOAD /tmp/ccDSZtVa.o
START GROUP
LOAD /usr/local/arm-elf-gcc-4.2.1/lib/gcc/arm-elf/4.2.1/thumb/interwork/libgcc.a
LOAD /usr/local/arm-elf-gcc-4.2.1/lib/gcc/arm-elf/4.2.1/../../../../arm-elf/lib/thumb/interwork/libg.a
LOAD /usr/local/arm-elf-gcc-4.2.1/lib/gcc/arm-elf/4.2.1/../../../../arm-elf/lib/thumb/interwork/libc.a
END GROUP
                0x40007ffc                __stack_end__ = 0x40007ffc
                0x00000000                . = 0x0

startup         0x00000000       0x44
 *(.startup)
 .startup       0x00000000       0x44 /tmp/ccDSZtVa.o

prog            0x00000044     0xb840
 *(.text)
 .text          0x00000044      0x474 ../Common/drivers/LPC/serial/serial.o
                0x00000280                vSerialPutString
                0x000000a4                xSerialPutChar
                0x00000044                xSerialGetChar
                0x00000240                vSerialPutBinary
                0x000002c8                xSerialPortInitMinimal
 .text          0x000004b8      0x3e0 ../Common/drivers/LPC/serial/serialISR.o
                0x00000638                vUART_ISR
                0x000007b8                vSerialISRCreateQueues
                0x000004b8                vUART_ISR1
 .text          0x00000898      0x258 ../Source/portable/GCC/ARM7_LPC23xx/portISR.o
                0x00000984                vPreemptiveTick
                0x00000940                vPortExitCritical
                0x00000a44                vPortYieldProcessor
                0x000008e4                vPortDisableInterruptsFromThumb
                0x00000898                vPortISRStartFirstTask
                0x000008fc                vPortEnableInterruptsFromThumb
                0x00000914                vPortEnterCritical
 .text          0x00000af0      0x250 ../Common/drivers/LPC/usb/usbcontrol.o
                0x00000bb0                USBHandleControlTransfer
                0x00000b2c                USBRegisterRequestHandler
 .text          0x00000d40      0x8a0 ../Common/drivers/LPC/usb/usbhw_lpc.o
                0x00001078                USBHwEPRead
                0x00001244                USBHwISR
                0x000014d8                USBDisableDMAForEndpoint
                0x00000fcc                USBHwEPWrite
                0x00001504                USBEnableDMAForEndpoint
                0x00001148                USBHwISOCEPRead
                0x00000e18                USBHwEPConfig
                0x00000f0c                USBHwSetAddress
                0x00000f28                USBHwConnect
                0x00000fa0                USBHwEPStall
                0x0000159c                USBSetHeadDDForDMA
                0x000015b4                USBInitializeUSBDMA
                0x00000ebc                USBHwRegisterDevIntHandler
                0x00000e74                USBHwRegisterEPIntHandler
                0x0000144c                USBSetupDMADescriptor
                0x00001228                USBHwConfigDevice
                0x00000f68                USBHwNakIntEnable
                0x00001378                USBHwInit
                0x00000ee4                USBHwRegisterFrameHandler
                0x00000f80                USBHwEPGetStatus
                0x00001530                USBInitializeISOCFrameArray
 .text          0x000015e0       0x74 ../Common/drivers/LPC/usb/usbinit.o
                0x000015e4                USBInit
 .text          0x00001654      0x36c ../Common/drivers/LPC/usb/usbstdreq.o
                0x00001664                USBGetDescriptor
                0x000016fc                USBRegisterCustomReqHandler
                0x00001654                USBRegisterDescriptors
                0x0000170c                USBHandleStandardRequest
 .text          0x000019c0      0x21c main.o
                0x000019c0                enableSerial0
                0x000019e8                vApplicationTickHook
                0x00001a78                main
 .text          0x00001bdc       0x80 ./ParTest/ParTest.o
                0x00001c20                vParTestToggleLED
                0x00001bfc                vParTestSetLED
                0x00001c4c                uxParTextGetLED
                0x00001bdc                vParTestInitialise
 .text          0x00001c5c      0x23c ../Common/Minimal/BlockQ.o
                0x00001cc0                vStartBlockingQueueTasks
                0x00001c5c                xAreBlockingQueuesStillRunning
 .text          0x00001e98      0x3e0 ../Common/Minimal/blocktim.o
                0x00001e98                xAreBlockTimeTestTasksStillRunning
                0x00001ef0                vCreateBlockTimeTasks
 .text          0x00002278       0x80 ../Common/Minimal/flash.o
                0x00002278                vStartLEDFlashTasks
 .text          0x000022f8       0x98 ../Common/Minimal/integer.o
                0x00002318                vStartIntegerMathTasks
                0x000022f8                xAreIntegerMathsTaskStillRunning
 .text          0x00002390      0x4a0 ../Common/Minimal/GenQTest.o
                0x00002390                xAreGenericQueueTasksStillRunning
                0x000023e8                vStartGenericQueueTasks
 .text          0x00002830      0x358 ../Common/Minimal/QPeek.o
                0x00002830                xAreQueuePeekTasksStillRunning
                0x00002864                vStartQueuePeekTasks
 .text          0x00002b88      0x284 ../Common/Minimal/dynamic.o
                0x00002bd4                vStartDynamicPriorityTasks
                0x00002b88                xAreDynamicPriorityTasksStillRunning
 .text          0x00002e0c       0x9c ../Source/list.o
                0x00002e2c                vListInsertEnd
                0x00002e88                vListRemove
                0x00002e24                vListInitialiseItem
                0x00002e0c                vListInitialise
                0x00002e48                vListInsert
 .text          0x00002ea8      0x4c8 ../Source/queue.o
                0x00003180                xQueueGenericSendFromISR
                0x00003304                xQueueCreate
                0x00002ec8                vQueueDelete
                0x000031cc                xQueueGenericSend
                0x00002f24                xQueueReceiveFromISR
                0x00002eb8                xQueueIsQueueFullFromISR
                0x00002ee0                uxQueueMessagesWaiting
                0x00002ff4                xQueueGenericReceive
                0x00002ea8                uxQueueMessagesWaitingFromISR
                0x00002eac                xQueueIsQueueEmptyFromISR
                0x000032bc                xQueueCreateMutex
 .text          0x00003370      0xcfc ../Source/tasks.o
                0x00003918                uxTaskPriorityGet
                0x0000386c                vTaskPrioritySet
                0x00003e00                vTaskEndScheduler
                0x000039b0                vTaskPlaceOnEventList
                0x00003370                xTaskIsTaskSuspended
                0x000035f4                xTaskResumeFromISR
                0x000036f0                ulTaskEndTrace
                0x00003774                xTaskGetTickCount
                0x00003578                xTaskRemoveFromEventList
                0x0000371c                vTaskStartTrace
                0x00003940                vTaskDelete
                0x00003694                xTaskCheckForTimeOut
                0x00003790                vTaskSuspendAll
                0x000034bc                vTaskPriorityDisinherit
                0x00003508                vTaskPriorityInherit
                0x000037ac                vTaskResume
                0x00003398                vTaskSwitchContext
                0x00003814                vTaskSuspend
                0x00003758                uxTaskGetNumberOfTasks
                0x00003a20                vTaskIncrementTick
                0x00003d4c                vTaskList
                0x00003c38                vTaskDelayUntil
                0x00003678                xTaskGetCurrentTaskHandle
                0x0000349c                usTaskCheckFreeStackSpace
                0x00003b00                xTaskResumeAll
                0x00004028                vTaskStartScheduler
                0x00003490                vTaskMissedYield
                0x00003e8c                xTaskCreate
                0x00003bd4                vTaskDelay
                0x00003478                vTaskSetTimeOutState
 .text          0x0000406c      0x114 ../Source/portable/GCC/ARM7_LPC23xx/port.o
                0x00004114                xPortStartScheduler
                0x00004110                vPortEndScheduler
                0x0000406c                pxPortInitialiseStack
 .text          0x00004180       0xe4 ../Source/portable/MemMang/heap_2.o
                0x00004180                vPortFree
                0x000041b0                pvPortMalloc
 .text          0x00004264       0xb8 /tmp/ccDSZtVa.o
                0x00004264                start
                0x00004300                endless_loop
 .text          0x0000431c       0x8c /usr/local/arm-elf-gcc-4.2.1/lib/gcc/arm-elf/4.2.1/thumb/interwork/libgcc.a(_udivsi3.o)
                0x0000431c                __udivsi3
                0x0000431c                __aeabi_uidiv
                0x00004398                __aeabi_uidivmod
 .text          0x000043a8       0xa4 /usr/local/arm-elf-gcc-4.2.1/lib/gcc/arm-elf/4.2.1/thumb/interwork/libgcc.a(_divsi3.o)
                0x000043a8                __aeabi_idiv
                0x000043a8                __divsi3
                0x0000443c                __aeabi_idivmod
 .text          0x0000444c        0x4 /usr/local/arm-elf-gcc-4.2.1/lib/gcc/arm-elf/4.2.1/thumb/interwork/libgcc.a(_dvmd_tls.o)
                0x0000444c                __aeabi_ldiv0
                0x0000444c                __div0
                0x0000444c                __aeabi_idiv0
 .text          0x00004450       0x58 /usr/local/arm-elf-gcc-4.2.1/lib/gcc/arm-elf/4.2.1/../../../../arm-elf/lib/thumb/interwork/libg.a(lib_a-memcpy.o)
                0x00004450                memcpy
 .text          0x000044a8       0x58 /usr/local/arm-elf-gcc-4.2.1/lib/gcc/arm-elf/4.2.1/../../../../arm-elf/lib/thumb/interwork/libg.a(lib_a-memset.o)
                0x000044a8                memset
 .text          0x00004500       0x8c /usr/local/arm-elf-gcc-4.2.1/lib/gcc/arm-elf/4.2.1/../../../../arm-elf/lib/thumb/interwork/libg.a(lib_a-sprintf.o)
                0x00004548                _sprintf_r
                0x00004500                sprintf
 .text          0x0000458c       0x40 /usr/local/arm-elf-gcc-4.2.1/lib/gcc/arm-elf/4.2.1/../../../../arm-elf/lib/thumb/interwork/libg.a(lib_a-strcat.o)
                0x0000458c                strcat
 .text          0x000045cc       0x48 /usr/local/arm-elf-gcc-4.2.1/lib/gcc/arm-elf/4.2.1/../../../../arm-elf/lib/thumb/interwork/libg.a(lib_a-strcpy.o)
                0x000045cc                strcpy
 .text          0x00004614       0x38 /usr/local/arm-elf-gcc-4.2.1/lib/gcc/arm-elf/4.2.1/../../../../arm-elf/lib/thumb/interwork/libg.a(lib_a-strlen.o)
                0x00004614                strlen
 .text          0x0000464c       0x7c /usr/local/arm-elf-gcc-4.2.1/lib/gcc/arm-elf/4.2.1/../../../../arm-elf/lib/thumb/interwork/libg.a(lib_a-strncpy.o)
                0x0000464c                strncpy
 .text          0x000046c8     0x1be8 /usr/local/arm-elf-gcc-4.2.1/lib/gcc/arm-elf/4.2.1/../../../../arm-elf/lib/thumb/interwork/libg.a(lib_a-vfprintf.o)
                0x000046e8                _vfprintf_r
                0x00006290                vfprintf
 .text          0x000062b0       0x54 /usr/local/arm-elf-gcc-4.2.1/lib/gcc/arm-elf/4.2.1/../../../../arm-elf/lib/thumb/interwork/libg.a(lib_a-wcrtomb.o)
                0x000062b0                _wcrtomb_r
                0x000062e4                wcrtomb
 .text          0x00006304      0x104 /usr/local/arm-elf-gcc-4.2.1/lib/gcc/arm-elf/4.2.1/../../../../arm-elf/lib/thumb/interwork/libg.a(lib_a-wcsrtombs.o)
                0x00006304                _wcsrtombs_r
                0x000063e0                wcsrtombs
 .text          0x00006408      0x2c0 /usr/local/arm-elf-gcc-4.2.1/lib/gcc/arm-elf/4.2.1/../../../../arm-elf/lib/thumb/interwork/libg.a(lib_a-wctomb_r.o)
                0x00006408                _wctomb_r
 .text          0x000066c8       0xb8 /usr/local/arm-elf-gcc-4.2.1/lib/gcc/arm-elf/4.2.1/../../../../arm-elf/lib/thumb/interwork/libg.a(lib_a-wsetup.o)
                0x000066c8                __swsetup
 .text          0x00006780      0xf10 /usr/local/arm-elf-gcc-4.2.1/lib/gcc/arm-elf/4.2.1/../../../../arm-elf/lib/thumb/interwork/libg.a(lib_a-dtoa.o)
                0x00006900                _dtoa_r
 .text          0x00007690      0x108 /usr/local/arm-elf-gcc-4.2.1/lib/gcc/arm-elf/4.2.1/../../../../arm-elf/lib/thumb/interwork/libg.a(lib_a-fflush.o)
                0x00007690                fflush
 .text          0x00007798      0x1b8 /usr/local/arm-elf-gcc-4.2.1/lib/gcc/arm-elf/4.2.1/../../../../arm-elf/lib/thumb/interwork/libg.a(lib_a-findfp.o)
                0x000077e0                __sinit
                0x00007898                __sfmoreglue
                0x00007884                _cleanup
                0x00007874                _cleanup_r
                0x0000785c                __fp_lock_all
                0x000077d0                __sfp_lock_acquire
                0x000078d0                __sfp
                0x000077dc                __sinit_lock_release
                0x00007844                __fp_unlock_all
                0x000077d4                __sfp_lock_release
                0x000077d8                __sinit_lock_acquire
 .text          0x00007950      0x280 /usr/local/arm-elf-gcc-4.2.1/lib/gcc/arm-elf/4.2.1/../../../../arm-elf/lib/thumb/interwork/libg.a(lib_a-freer.o)
                0x000079f4                _free_r
                0x00007950                _malloc_trim_r
 .text          0x00007bd0      0x2bc /usr/local/arm-elf-gcc-4.2.1/lib/gcc/arm-elf/4.2.1/../../../../arm-elf/lib/thumb/interwork/libg.a(lib_a-fvwrite.o)
                0x00007bd0                __sfvwrite_r
 .text          0x00007e8c       0xdc /usr/local/arm-elf-gcc-4.2.1/lib/gcc/arm-elf/4.2.1/../../../../arm-elf/lib/thumb/interwork/libg.a(lib_a-fwalk.o)
                0x00007efc                _fwalk
                0x00007e8c                _fwalk_reent
 .text          0x00007f68        0x0 /usr/local/arm-elf-gcc-4.2.1/lib/gcc/arm-elf/4.2.1/../../../../arm-elf/lib/thumb/interwork/libg.a(lib_a-impure.o)
 .text          0x00007f68       0x88 /usr/local/arm-elf-gcc-4.2.1/lib/gcc/arm-elf/4.2.1/../../../../arm-elf/lib/thumb/interwork/libg.a(lib_a-locale.o)
                0x00007f90                _setlocale_r
                0x00007f68                __locale_charset
                0x00007f74                _localeconv_r
                0x00007fd4                setlocale
                0x00007f7c                localeconv
 .text          0x00007ff0       0xec /usr/local/arm-elf-gcc-4.2.1/lib/gcc/arm-elf/4.2.1/../../../../arm-elf/lib/thumb/interwork/libg.a(lib_a-makebuf.o)
                0x00007ff0                __smakebuf
 .text          0x000080dc      0x55c /usr/local/arm-elf-gcc-4.2.1/lib/gcc/arm-elf/4.2.1/../../../../arm-elf/lib/thumb/interwork/libg.a(lib_a-mallocr.o)
                0x000080dc                _malloc_r
 .text          0x00008638       0x88 /usr/local/arm-elf-gcc-4.2.1/lib/gcc/arm-elf/4.2.1/../../../../arm-elf/lib/thumb/interwork/libg.a(lib_a-memchr.o)
                0x00008638                memchr
 .text          0x000086c0       0x7c /usr/local/arm-elf-gcc-4.2.1/lib/gcc/arm-elf/4.2.1/../../../../arm-elf/lib/thumb/interwork/libg.a(lib_a-memmove.o)
                0x000086c0                memmove
 .text          0x0000873c        0x8 /usr/local/arm-elf-gcc-4.2.1/lib/gcc/arm-elf/4.2.1/../../../../arm-elf/lib/thumb/interwork/libg.a(lib_a-mlock.o)
                0x00008740                __malloc_unlock
                0x0000873c                __malloc_lock
 .text          0x00008744      0x964 /usr/local/arm-elf-gcc-4.2.1/lib/gcc/arm-elf/4.2.1/../../../../arm-elf/lib/thumb/interwork/libg.a(lib_a-mprec.o)
                0x000089b4                _mprec_log10
                0x00008a30                __any_on
                0x00008a84                _Balloc
                0x00008960                __ratio
                0x00008eb4                __i2b
                0x0000889c                __b2d
                0x00009010                __s2b
                0x00008808                __mcmp
                0x0000875c                __hi0bits
                0x00008f70                __pow5mult
                0x00008ca4                __lshift
                0x00008d58                __multiply
                0x00008ae0                __d2b
                0x000089f8                __copybits
                0x00008848                __ulp
                0x00008bbc                __mdiff
                0x000087a4                __lo0bits
                0x00008ecc                __multadd
                0x00008744                _Bfree
 .text          0x000090a8      0x3b4 /usr/local/arm-elf-gcc-4.2.1/lib/gcc/arm-elf/4.2.1/../../../../arm-elf/lib/thumb/interwork/libg.a(lib_a-reallocr.o)
                0x000090a8                _realloc_r
 .text          0x0000945c       0x24 /usr/local/arm-elf-gcc-4.2.1/lib/gcc/arm-elf/4.2.1/../../../../arm-elf/lib/thumb/interwork/libg.a(lib_a-s_isinfd.o)
                0x0000945c                __isinfd
 .text          0x00009480       0x1c /usr/local/arm-elf-gcc-4.2.1/lib/gcc/arm-elf/4.2.1/../../../../arm-elf/lib/thumb/interwork/libg.a(lib_a-s_isnand.o)
                0x00009480                __isnand
 .text          0x0000949c       0x28 /usr/local/arm-elf-gcc-4.2.1/lib/gcc/arm-elf/4.2.1/../../../../arm-elf/lib/thumb/interwork/libg.a(lib_a-sbrkr.o)
                0x0000949c                _sbrk_r
 .text          0x000094c4       0xd8 /usr/local/arm-elf-gcc-4.2.1/lib/gcc/arm-elf/4.2.1/../../../../arm-elf/lib/thumb/interwork/libg.a(lib_a-stdio.o)
                0x000094dc                __sseek
                0x00009564                __sread
                0x000094c4                __sclose
                0x0000951c                __swrite
 .text          0x0000959c       0x5c /usr/local/arm-elf-gcc-4.2.1/lib/gcc/arm-elf/4.2.1/../../../../arm-elf/lib/thumb/interwork/libg.a(lib_a-strcmp.o)
                0x0000959c                strcmp
 .text          0x000095f8      0x5b4 /usr/local/arm-elf-gcc-4.2.1/lib/gcc/arm-elf/4.2.1/../../../../arm-elf/lib/thumb/interwork/libg.a(lib_a-syscalls.o)
                0x00009654                _getpid
                0x000099f4                initialise_monitor_handles
                0x00009b08                isatty
                0x000099d0                _fstat
                0x00009764                _open
                0x00009664                _sbrk
                0x00009660                _raise
                0x00009b2c                _times
                0x00009994                _stat
                0x00009914                _lseek
                0x00009658                _link
                0x00009810                _swiwrite
                0x00009a7c                _rename
                0x00009884                _swilseek
                0x000097c8                _swiclose
                0x000096c4                _swiopen
                0x00009b7c                _unlink
                0x00009838                _write
                0x00009614                _kill
                0x00009b50                _gettimeofday
                0x0000994c                _read
                0x00009644                _exit
                0x00009ab8                _system
                0x00009924                _swiread
                0x00009800                _close
 .text          0x00009bac       0x2c /usr/local/arm-elf-gcc-4.2.1/lib/gcc/arm-elf/4.2.1/../../../../arm-elf/lib/thumb/interwork/libg.a(lib_a-writer.o)
                0x00009bac                _write_r
 .text          0x00009bd8       0x60 /usr/local/arm-elf-gcc-4.2.1/lib/gcc/arm-elf/4.2.1/../../../../arm-elf/lib/thumb/interwork/libg.a(lib_a-callocr.o)
                0x00009bd8                _calloc_r
 .text          0x00009c38       0x28 /usr/local/arm-elf-gcc-4.2.1/lib/gcc/arm-elf/4.2.1/../../../../arm-elf/lib/thumb/interwork/libg.a(lib_a-closer.o)
                0x00009c38                _close_r
 .text          0x00009c60        0xc /usr/local/arm-elf-gcc-4.2.1/lib/gcc/arm-elf/4.2.1/../../../../arm-elf/lib/thumb/interwork/libg.a(lib_a-errno.o)
                0x00009c60                __errno
 .text          0x00009c6c       0xc0 /usr/local/arm-elf-gcc-4.2.1/lib/gcc/arm-elf/4.2.1/../../../../arm-elf/lib/thumb/interwork/libg.a(lib_a-fclose.o)
                0x00009c6c                _fclose_r
                0x00009d14                fclose
 .text          0x00009d2c       0x2c /usr/local/arm-elf-gcc-4.2.1/lib/gcc/arm-elf/4.2.1/../../../../arm-elf/lib/thumb/interwork/libg.a(lib_a-fstatr.o)
                0x00009d2c                _fstat_r
 .text          0x00009d58       0x2c /usr/local/arm-elf-gcc-4.2.1/lib/gcc/arm-elf/4.2.1/../../../../arm-elf/lib/thumb/interwork/libg.a(lib_a-lseekr.o)
                0x00009d58                _lseek_r
 .text          0x00009d84       0x2c /usr/local/arm-elf-gcc-4.2.1/lib/gcc/arm-elf/4.2.1/../../../../arm-elf/lib/thumb/interwork/libg.a(lib_a-readr.o)
                0x00009d84                _read_r
 .text          0x00009db0      0x110 /usr/local/arm-elf-gcc-4.2.1/lib/gcc/arm-elf/4.2.1/../../../../arm-elf/lib/thumb/interwork/libg.a(lib_a-reent.o)
                0x00009dfc                cleanup_glue
                0x00009e1c                _reclaim_reent
                0x00009db0                _wrapup_reent
 .text          0x00009ec0       0xc8 /usr/local/arm-elf-gcc-4.2.1/lib/gcc/arm-elf/4.2.1/thumb/interwork/libgcc.a(_umodsi3.o)
                0x00009ec0                __umodsi3
 .text          0x00009f88       0xd8 /usr/local/arm-elf-gcc-4.2.1/lib/gcc/arm-elf/4.2.1/thumb/interwork/libgcc.a(_modsi3.o)
                0x00009f88                __modsi3
 .text          0x0000a060      0x3cc /usr/local/arm-elf-gcc-4.2.1/lib/gcc/arm-elf/4.2.1/thumb/interwork/libgcc.a(_addsub_df.o)
                0x0000a3f4                __adddf3
                0x0000a3b4                __subdf3
 .text          0x0000a42c      0x2a8 /usr/local/arm-elf-gcc-4.2.1/lib/gcc/arm-elf/4.2.1/thumb/interwork/libgcc.a(_mul_df.o)
                0x0000a464                __muldf3
 .text          0x0000a6d4      0x1ac /usr/local/arm-elf-gcc-4.2.1/lib/gcc/arm-elf/4.2.1/thumb/interwork/libgcc.a(_div_df.o)
                0x0000a70c                __divdf3
 .text          0x0000a880       0x58 /usr/local/arm-elf-gcc-4.2.1/lib/gcc/arm-elf/4.2.1/thumb/interwork/libgcc.a(_eq_df.o)
                0x0000a890                __eqdf2
 .text          0x0000a8d8       0x58 /usr/local/arm-elf-gcc-4.2.1/lib/gcc/arm-elf/4.2.1/thumb/interwork/libgcc.a(_ne_df.o)
                0x0000a8e8                __nedf2
 .text          0x0000a930       0x58 /usr/local/arm-elf-gcc-4.2.1/lib/gcc/arm-elf/4.2.1/thumb/interwork/libgcc.a(_gt_df.o)
                0x0000a940                __gtdf2
 .text          0x0000a988       0x58 /usr/local/arm-elf-gcc-4.2.1/lib/gcc/arm-elf/4.2.1/thumb/interwork/libgcc.a(_ge_df.o)
                0x0000a998                __gedf2
 .text          0x0000a9e0       0x58 /usr/local/arm-elf-gcc-4.2.1/lib/gcc/arm-elf/4.2.1/thumb/interwork/libgcc.a(_lt_df.o)
                0x0000a9f0                __ltdf2
 .text          0x0000aa38       0x90 /usr/local/arm-elf-gcc-4.2.1/lib/gcc/arm-elf/4.2.1/thumb/interwork/libgcc.a(_si_to_df.o)
                0x0000aa44                __floatsidf
 .text          0x0000aac8       0xb4 /usr/local/arm-elf-gcc-4.2.1/lib/gcc/arm-elf/4.2.1/thumb/interwork/libgcc.a(_df_to_si.o)
                0x0000aaf8                __fixdfsi
 .text          0x0000ab7c        0x0 /usr/local/arm-elf-gcc-4.2.1/lib/gcc/arm-elf/4.2.1/thumb/interwork/libgcc.a(_thenan_df.o)
 .text          0x0000ab7c      0x10c /usr/local/arm-elf-gcc-4.2.1/lib/gcc/arm-elf/4.2.1/thumb/interwork/libgcc.a(_usi_to_df.o)
                0x0000ab88                __floatunsidf
 .text          0x0000ac88       0x84 /usr/local/arm-elf-gcc-4.2.1/lib/gcc/arm-elf/4.2.1/thumb/interwork/libgcc.a(_muldi3.o)
                0x0000ac88                __muldi3
 .text          0x0000ad0c       0x3c /usr/local/arm-elf-gcc-4.2.1/lib/gcc/arm-elf/4.2.1/thumb/interwork/libgcc.a(_clzsi2.o)
                0x0000ad0c                __clzsi2
 .text          0x0000ad48      0x288 /usr/local/arm-elf-gcc-4.2.1/lib/gcc/arm-elf/4.2.1/thumb/interwork/libgcc.a(_pack_df.o)
                0x0000ad78                __pack_d
 .text          0x0000afd0       0xc4 /usr/local/arm-elf-gcc-4.2.1/lib/gcc/arm-elf/4.2.1/thumb/interwork/libgcc.a(_unpack_df.o)
                0x0000afd0                __unpack_d
 .text          0x0000b094       0xf8 /usr/local/arm-elf-gcc-4.2.1/lib/gcc/arm-elf/4.2.1/thumb/interwork/libgcc.a(_fpcmp_parts_df.o)
                0x0000b0c4                __fpcmp_parts_d
 .text          0x0000b18c        0x0 /usr/local/arm-elf-gcc-4.2.1/lib/gcc/arm-elf/4.2.1/thumb/interwork/libgcc.a(_clz.o)
 *(.rodata)
 .rodata        0x0000b18c      0x18c /usr/local/arm-elf-gcc-4.2.1/lib/gcc/arm-elf/4.2.1/../../../../arm-elf/lib/thumb/interwork/libg.a(lib_a-vfprintf.o)
 .rodata        0x0000b318       0x18 /usr/local/arm-elf-gcc-4.2.1/lib/gcc/arm-elf/4.2.1/../../../../arm-elf/lib/thumb/interwork/libg.a(lib_a-dtoa.o)
 .rodata        0x0000b330        0x4 /usr/local/arm-elf-gcc-4.2.1/lib/gcc/arm-elf/4.2.1/../../../../arm-elf/lib/thumb/interwork/libg.a(lib_a-impure.o)
                0x0000b330                _global_impure_ptr
 .rodata        0x0000b334       0x34 /usr/local/arm-elf-gcc-4.2.1/lib/gcc/arm-elf/4.2.1/../../../../arm-elf/lib/thumb/interwork/libg.a(lib_a-locale.o)
 .rodata        0x0000b368      0x124 /usr/local/arm-elf-gcc-4.2.1/lib/gcc/arm-elf/4.2.1/../../../../arm-elf/lib/thumb/interwork/libg.a(lib_a-mprec.o)
                0x0000b458                __mprec_tinytens
                0x0000b368                __mprec_tens
                0x0000b430                __mprec_bigtens
 .rodata        0x0000b48c       0x14 /usr/local/arm-elf-gcc-4.2.1/lib/gcc/arm-elf/4.2.1/thumb/interwork/libgcc.a(_thenan_df.o)
                0x0000b48c                __thenan_df
 .rodata        0x0000b4a0      0x100 /usr/local/arm-elf-gcc-4.2.1/lib/gcc/arm-elf/4.2.1/thumb/interwork/libgcc.a(_clz.o)
                0x0000b4a0                __clz_tab
 *(.rodata*)
 .rodata.str1.4
                0x0000b5a0       0xc1 main.o
                                 0xc4 (size before relaxing)
 *fill*         0x0000b661        0x3 00
 .rodata.str1.4
                0x0000b664       0x30 ../Common/Minimal/BlockQ.o
 .rodata.str1.4
                0x0000b694        0xf ../Common/Minimal/blocktim.o
                                 0x10 (size before relaxing)
 *fill*         0x0000b6a3        0x1 00
 .rodata.str1.4
                0x0000b6a4        0x5 ../Common/Minimal/flash.o
                                  0x8 (size before relaxing)
 *fill*         0x0000b6a9        0x3 00
 .rodata.str1.4
                0x0000b6ac        0x8 ../Common/Minimal/integer.o
 .rodata.str1.4
                0x0000b6b4       0x1f ../Common/Minimal/GenQTest.o
                                 0x20 (size before relaxing)
 *fill*         0x0000b6d3        0x1 00
 .rodata.str1.4
                0x0000b6d4       0x1f ../Common/Minimal/QPeek.o
                                 0x20 (size before relaxing)
 *fill*         0x0000b6f3        0x1 00
 .rodata.str1.4
                0x0000b6f4       0x28 ../Common/Minimal/dynamic.o
 .rodata.str1.4
                0x0000b71c       0x19 ../Source/tasks.o
                                 0x20 (size before relaxing)
 *fill*         0x0000b735        0x3 00
 .rodata.str1.4
                0x0000b738       0x63 /usr/local/arm-elf-gcc-4.2.1/lib/gcc/arm-elf/4.2.1/../../../../arm-elf/lib/thumb/interwork/libg.a(lib_a-vfprintf.o)
                                 0x64 (size before relaxing)
 *fill*         0x0000b79b        0x1 00
 .rodata.str1.4
                0x0000b79c       0x1e /usr/local/arm-elf-gcc-4.2.1/lib/gcc/arm-elf/4.2.1/../../../../arm-elf/lib/thumb/interwork/libg.a(lib_a-wctomb_r.o)
                                 0x20 (size before relaxing)
 *fill*         0x0000b7ba        0x2 00
 .rodata.str1.4
                0x0000b7bc       0x10 /usr/local/arm-elf-gcc-4.2.1/lib/gcc/arm-elf/4.2.1/../../../../arm-elf/lib/thumb/interwork/libg.a(lib_a-dtoa.o)
                                 0x14 (size before relaxing)
 .rodata.str1.4
                0x0000b7cc        0x2 /usr/local/arm-elf-gcc-4.2.1/lib/gcc/arm-elf/4.2.1/../../../../arm-elf/lib/thumb/interwork/libg.a(lib_a-impure.o)
                                  0x4 (size before relaxing)
 *fill*         0x0000b7ce        0x2 00
 .rodata.str1.4
                0x0000b7d0        0xb /usr/local/arm-elf-gcc-4.2.1/lib/gcc/arm-elf/4.2.1/../../../../arm-elf/lib/thumb/interwork/libg.a(lib_a-locale.o)
                                 0x18 (size before relaxing)
 *fill*         0x0000b7db        0x1 00
 .rodata.str1.4
                0x0000b7dc        0x4 /usr/local/arm-elf-gcc-4.2.1/lib/gcc/arm-elf/4.2.1/../../../../arm-elf/lib/thumb/interwork/libg.a(lib_a-syscalls.o)
 *(.glue_7)
 .glue_7        0x0000b7e0        0x0 ../Common/drivers/LPC/serial/serial.o
 .glue_7        0x0000b7e0        0x0 ../Common/drivers/LPC/serial/serialISR.o
 .glue_7        0x0000b7e0        0x0 ../Source/portable/GCC/ARM7_LPC23xx/portISR.o
 .glue_7        0x0000b7e0        0x0 ../Common/drivers/LPC/usb/usbcontrol.o
 .glue_7        0x0000b7e0        0x0 ../Common/drivers/LPC/usb/usbhw_lpc.o
 .glue_7        0x0000b7e0        0x0 ../Common/drivers/LPC/usb/usbinit.o
 .glue_7        0x0000b7e0        0x0 ../Common/drivers/LPC/usb/usbstdreq.o
 .glue_7        0x0000b7e0        0x0 main.o
 .glue_7        0x0000b7e0        0x0 ./ParTest/ParTest.o
 .glue_7        0x0000b7e0        0x0 ../Common/Minimal/BlockQ.o
 .glue_7        0x0000b7e0        0x0 ../Common/Minimal/blocktim.o
 .glue_7        0x0000b7e0        0x0 ../Common/Minimal/flash.o
 .glue_7        0x0000b7e0        0x0 ../Common/Minimal/integer.o
 .glue_7        0x0000b7e0        0x0 ../Common/Minimal/GenQTest.o
 .glue_7        0x0000b7e0        0x0 ../Common/Minimal/QPeek.o
 .glue_7        0x0000b7e0        0x0 ../Common/Minimal/dynamic.o
 .glue_7        0x0000b7e0        0x0 ../Source/list.o
 .glue_7        0x0000b7e0        0x0 ../Source/queue.o
 .glue_7        0x0000b7e0        0x0 ../Source/tasks.o
 .glue_7        0x0000b7e0        0x0 ../Source/portable/GCC/ARM7_LPC23xx/port.o
 .glue_7        0x0000b7e0        0x0 ../Source/portable/MemMang/heap_2.o
 .glue_7        0x0000b7e0        0x0 /tmp/ccDSZtVa.o
 .glue_7        0x0000b7e0        0x0 /usr/local/arm-elf-gcc-4.2.1/lib/gcc/arm-elf/4.2.1/thumb/interwork/libgcc.a(_udivsi3.o)
 .glue_7        0x0000b7e0        0x0 /usr/local/arm-elf-gcc-4.2.1/lib/gcc/arm-elf/4.2.1/thumb/interwork/libgcc.a(_divsi3.o)
 .glue_7        0x0000b7e0        0x0 /usr/local/arm-elf-gcc-4.2.1/lib/gcc/arm-elf/4.2.1/thumb/interwork/libgcc.a(_dvmd_tls.o)
 .glue_7        0x0000b7e0        0x0 /usr/local/arm-elf-gcc-4.2.1/lib/gcc/arm-elf/4.2.1/../../../../arm-elf/lib/thumb/interwork/libg.a(lib_a-memcpy.o)
 .glue_7        0x0000b7e0        0x0 /usr/local/arm-elf-gcc-4.2.1/lib/gcc/arm-elf/4.2.1/../../../../arm-elf/lib/thumb/interwork/libg.a(lib_a-memset.o)
 .glue_7        0x0000b7e0        0x0 /usr/local/arm-elf-gcc-4.2.1/lib/gcc/arm-elf/4.2.1/../../../../arm-elf/lib/thumb/interwork/libg.a(lib_a-sprintf.o)
 .glue_7        0x0000b7e0        0x0 /usr/local/arm-elf-gcc-4.2.1/lib/gcc/arm-elf/4.2.1/../../../../arm-elf/lib/thumb/interwork/libg.a(lib_a-strcat.o)
 .glue_7        0x0000b7e0        0x0 /usr/local/arm-elf-gcc-4.2.1/lib/gcc/arm-elf/4.2.1/../../../../arm-elf/lib/thumb/interwork/libg.a(lib_a-strcpy.o)
 .glue_7        0x0000b7e0        0x0 /usr/local/arm-elf-gcc-4.2.1/lib/gcc/arm-elf/4.2.1/../../../../arm-elf/lib/thumb/interwork/libg.a(lib_a-strlen.o)
 .glue_7        0x0000b7e0        0x0 /usr/local/arm-elf-gcc-4.2.1/lib/gcc/arm-elf/4.2.1/../../../../arm-elf/lib/thumb/interwork/libg.a(lib_a-strncpy.o)
 .glue_7        0x0000b7e0        0x0 /usr/local/arm-elf-gcc-4.2.1/lib/gcc/arm-elf/4.2.1/../../../../arm-elf/lib/thumb/interwork/libg.a(lib_a-vfprintf.o)
 .glue_7        0x0000b7e0        0x0 /usr/local/arm-elf-gcc-4.2.1/lib/gcc/arm-elf/4.2.1/../../../../arm-elf/lib/thumb/interwork/libg.a(lib_a-wcrtomb.o)
 .glue_7        0x0000b7e0        0x0 /usr/local/arm-elf-gcc-4.2.1/lib/gcc/arm-elf/4.2.1/../../../../arm-elf/lib/thumb/interwork/libg.a(lib_a-wcsrtombs.o)
 .glue_7        0x0000b7e0        0x0 /usr/local/arm-elf-gcc-4.2.1/lib/gcc/arm-elf/4.2.1/../../../../arm-elf/lib/thumb/interwork/libg.a(lib_a-wctomb_r.o)
 .glue_7        0x0000b7e0        0x0 /usr/local/arm-elf-gcc-4.2.1/lib/gcc/arm-elf/4.2.1/../../../../arm-elf/lib/thumb/interwork/libg.a(lib_a-wsetup.o)
 .glue_7        0x0000b7e0        0x0 /usr/local/arm-elf-gcc-4.2.1/lib/gcc/arm-elf/4.2.1/../../../../arm-elf/lib/thumb/interwork/libg.a(lib_a-dtoa.o)
 .glue_7        0x0000b7e0        0x0 /usr/local/arm-elf-gcc-4.2.1/lib/gcc/arm-elf/4.2.1/../../../../arm-elf/lib/thumb/interwork/libg.a(lib_a-fflush.o)
 .glue_7        0x0000b7e0        0x0 /usr/local/arm-elf-gcc-4.2.1/lib/gcc/arm-elf/4.2.1/../../../../arm-elf/lib/thumb/interwork/libg.a(lib_a-findfp.o)
 .glue_7        0x0000b7e0        0x0 /usr/local/arm-elf-gcc-4.2.1/lib/gcc/arm-elf/4.2.1/../../../../arm-elf/lib/thumb/interwork/libg.a(lib_a-freer.o)
 .glue_7        0x0000b7e0        0x0 /usr/local/arm-elf-gcc-4.2.1/lib/gcc/arm-elf/4.2.1/../../../../arm-elf/lib/thumb/interwork/libg.a(lib_a-fvwrite.o)
 .glue_7        0x0000b7e0        0x0 /usr/local/arm-elf-gcc-4.2.1/lib/gcc/arm-elf/4.2.1/../../../../arm-elf/lib/thumb/interwork/libg.a(lib_a-fwalk.o)
 .glue_7        0x0000b7e0        0x0 /usr/local/arm-elf-gcc-4.2.1/lib/gcc/arm-elf/4.2.1/../../../../arm-elf/lib/thumb/interwork/libg.a(lib_a-impure.o)
 .glue_7        0x0000b7e0        0x0 /usr/local/arm-elf-gcc-4.2.1/lib/gcc/arm-elf/4.2.1/../../../../arm-elf/lib/thumb/interwork/libg.a(lib_a-locale.o)
 .glue_7        0x0000b7e0        0x0 /usr/local/arm-elf-gcc-4.2.1/lib/gcc/arm-elf/4.2.1/../../../../arm-elf/lib/thumb/interwork/libg.a(lib_a-makebuf.o)
 .glue_7        0x0000b7e0        0x0 /usr/local/arm-elf-gcc-4.2.1/lib/gcc/arm-elf/4.2.1/../../../../arm-elf/lib/thumb/interwork/libg.a(lib_a-mallocr.o)
 .glue_7        0x0000b7e0        0x0 /usr/local/arm-elf-gcc-4.2.1/lib/gcc/arm-elf/4.2.1/../../../../arm-elf/lib/thumb/interwork/libg.a(lib_a-memchr.o)
 .glue_7        0x0000b7e0        0x0 /usr/local/arm-elf-gcc-4.2.1/lib/gcc/arm-elf/4.2.1/../../../../arm-elf/lib/thumb/interwork/libg.a(lib_a-memmove.o)
 .glue_7        0x0000b7e0        0x0 /usr/local/arm-elf-gcc-4.2.1/lib/gcc/arm-elf/4.2.1/../../../../arm-elf/lib/thumb/interwork/libg.a(lib_a-mlock.o)
 .glue_7        0x0000b7e0        0x0 /usr/local/arm-elf-gcc-4.2.1/lib/gcc/arm-elf/4.2.1/../../../../arm-elf/lib/thumb/interwork/libg.a(lib_a-mprec.o)
 .glue_7        0x0000b7e0        0x0 /usr/local/arm-elf-gcc-4.2.1/lib/gcc/arm-elf/4.2.1/../../../../arm-elf/lib/thumb/interwork/libg.a(lib_a-reallocr.o)
 .glue_7        0x0000b7e0        0x0 /usr/local/arm-elf-gcc-4.2.1/lib/gcc/arm-elf/4.2.1/../../../../arm-elf/lib/thumb/interwork/libg.a(lib_a-s_isinfd.o)
 .glue_7        0x0000b7e0        0x0 /usr/local/arm-elf-gcc-4.2.1/lib/gcc/arm-elf/4.2.1/../../../../arm-elf/lib/thumb/interwork/libg.a(lib_a-s_isnand.o)
 .glue_7        0x0000b7e0        0x0 /usr/local/arm-elf-gcc-4.2.1/lib/gcc/arm-elf/4.2.1/../../../../arm-elf/lib/thumb/interwork/libg.a(lib_a-sbrkr.o)
 .glue_7        0x0000b7e0        0x0 /usr/local/arm-elf-gcc-4.2.1/lib/gcc/arm-elf/4.2.1/../../../../arm-elf/lib/thumb/interwork/libg.a(lib_a-stdio.o)
 .glue_7        0x0000b7e0        0x0 /usr/local/arm-elf-gcc-4.2.1/lib/gcc/arm-elf/4.2.1/../../../../arm-elf/lib/thumb/interwork/libg.a(lib_a-strcmp.o)
 .glue_7        0x0000b7e0        0x0 /usr/local/arm-elf-gcc-4.2.1/lib/gcc/arm-elf/4.2.1/../../../../arm-elf/lib/thumb/interwork/libg.a(lib_a-syscalls.o)
 .glue_7        0x0000b7e0        0x0 /usr/local/arm-elf-gcc-4.2.1/lib/gcc/arm-elf/4.2.1/../../../../arm-elf/lib/thumb/interwork/libg.a(lib_a-writer.o)
 .glue_7        0x0000b7e0        0x0 /usr/local/arm-elf-gcc-4.2.1/lib/gcc/arm-elf/4.2.1/../../../../arm-elf/lib/thumb/interwork/libg.a(lib_a-callocr.o)
 .glue_7        0x0000b7e0        0x0 /usr/local/arm-elf-gcc-4.2.1/lib/gcc/arm-elf/4.2.1/../../../../arm-elf/lib/thumb/interwork/libg.a(lib_a-closer.o)
 .glue_7        0x0000b7e0        0x0 /usr/local/arm-elf-gcc-4.2.1/lib/gcc/arm-elf/4.2.1/../../../../arm-elf/lib/thumb/interwork/libg.a(lib_a-errno.o)
 .glue_7        0x0000b7e0        0x0 /usr/local/arm-elf-gcc-4.2.1/lib/gcc/arm-elf/4.2.1/../../../../arm-elf/lib/thumb/interwork/libg.a(lib_a-fclose.o)
 .glue_7        0x0000b7e0        0x0 /usr/local/arm-elf-gcc-4.2.1/lib/gcc/arm-elf/4.2.1/../../../../arm-elf/lib/thumb/interwork/libg.a(lib_a-fstatr.o)
 .glue_7        0x0000b7e0        0x0 /usr/local/arm-elf-gcc-4.2.1/lib/gcc/arm-elf/4.2.1/../../../../arm-elf/lib/thumb/interwork/libg.a(lib_a-lseekr.o)
 .glue_7        0x0000b7e0        0x0 /usr/local/arm-elf-gcc-4.2.1/lib/gcc/arm-elf/4.2.1/../../../../arm-elf/lib/thumb/interwork/libg.a(lib_a-readr.o)
 .glue_7        0x0000b7e0        0x0 /usr/local/arm-elf-gcc-4.2.1/lib/gcc/arm-elf/4.2.1/../../../../arm-elf/lib/thumb/interwork/libg.a(lib_a-reent.o)
 .glue_7        0x0000b7e0        0x0 /usr/local/arm-elf-gcc-4.2.1/lib/gcc/arm-elf/4.2.1/thumb/interwork/libgcc.a(_umodsi3.o)
 .glue_7        0x0000b7e0        0x0 /usr/local/arm-elf-gcc-4.2.1/lib/gcc/arm-elf/4.2.1/thumb/interwork/libgcc.a(_modsi3.o)
 .glue_7        0x0000b7e0        0x0 /usr/local/arm-elf-gcc-4.2.1/lib/gcc/arm-elf/4.2.1/thumb/interwork/libgcc.a(_addsub_df.o)
 .glue_7        0x0000b7e0        0x0 /usr/local/arm-elf-gcc-4.2.1/lib/gcc/arm-elf/4.2.1/thumb/interwork/libgcc.a(_mul_df.o)
 .glue_7        0x0000b7e0        0x0 /usr/local/arm-elf-gcc-4.2.1/lib/gcc/arm-elf/4.2.1/thumb/interwork/libgcc.a(_div_df.o)
 .glue_7        0x0000b7e0        0x0 /usr/local/arm-elf-gcc-4.2.1/lib/gcc/arm-elf/4.2.1/thumb/interwork/libgcc.a(_eq_df.o)
 .glue_7        0x0000b7e0        0x0 /usr/local/arm-elf-gcc-4.2.1/lib/gcc/arm-elf/4.2.1/thumb/interwork/libgcc.a(_ne_df.o)
 .glue_7        0x0000b7e0        0x0 /usr/local/arm-elf-gcc-4.2.1/lib/gcc/arm-elf/4.2.1/thumb/interwork/libgcc.a(_gt_df.o)
 .glue_7        0x0000b7e0        0x0 /usr/local/arm-elf-gcc-4.2.1/lib/gcc/arm-elf/4.2.1/thumb/interwork/libgcc.a(_ge_df.o)
 .glue_7        0x0000b7e0        0x0 /usr/local/arm-elf-gcc-4.2.1/lib/gcc/arm-elf/4.2.1/thumb/interwork/libgcc.a(_lt_df.o)
 .glue_7        0x0000b7e0        0x0 /usr/local/arm-elf-gcc-4.2.1/lib/gcc/arm-elf/4.2.1/thumb/interwork/libgcc.a(_si_to_df.o)
 .glue_7        0x0000b7e0        0x0 /usr/local/arm-elf-gcc-4.2.1/lib/gcc/arm-elf/4.2.1/thumb/interwork/libgcc.a(_df_to_si.o)
 .glue_7        0x0000b7e0        0x0 /usr/local/arm-elf-gcc-4.2.1/lib/gcc/arm-elf/4.2.1/thumb/interwork/libgcc.a(_thenan_df.o)
 .glue_7        0x0000b7e0        0x0 /usr/local/arm-elf-gcc-4.2.1/lib/gcc/arm-elf/4.2.1/thumb/interwork/libgcc.a(_usi_to_df.o)
 .glue_7        0x0000b7e0        0x0 /usr/local/arm-elf-gcc-4.2.1/lib/gcc/arm-elf/4.2.1/thumb/interwork/libgcc.a(_muldi3.o)
 .glue_7        0x0000b7e0        0x0 /usr/local/arm-elf-gcc-4.2.1/lib/gcc/arm-elf/4.2.1/thumb/interwork/libgcc.a(_clzsi2.o)
 .glue_7        0x0000b7e0        0x0 /usr/local/arm-elf-gcc-4.2.1/lib/gcc/arm-elf/4.2.1/thumb/interwork/libgcc.a(_pack_df.o)
 .glue_7        0x0000b7e0        0x0 /usr/local/arm-elf-gcc-4.2.1/lib/gcc/arm-elf/4.2.1/thumb/interwork/libgcc.a(_unpack_df.o)
 .glue_7        0x0000b7e0        0x0 /usr/local/arm-elf-gcc-4.2.1/lib/gcc/arm-elf/4.2.1/thumb/interwork/libgcc.a(_fpcmp_parts_df.o)
 .glue_7        0x0000b7e0       0x6c /usr/local/arm-elf-gcc-4.2.1/lib/gcc/arm-elf/4.2.1/thumb/interwork/libgcc.a(_clz.o)
                0x0000b840                __main_from_arm
                0x0000b810                __xQueueGenericSendFromISR_from_arm
                0x0000b7e0                __xQueueGenericReceive_from_arm
                0x0000b7f8                ____udivsi3_from_arm
                0x0000b81c                __xQueueCreate_from_arm
                0x0000b828                __vTaskIncrementTick_from_arm
                0x0000b804                __xQueueReceiveFromISR_from_arm
                0x0000b7ec                __xQueueGenericSend_from_arm
                0x0000b834                __vTaskSwitchContext_from_arm
 *(.glue_7t)
 .glue_7t       0x0000b84c        0x0 ../Common/drivers/LPC/serial/serial.o
 .glue_7t       0x0000b84c        0x0 ../Common/drivers/LPC/serial/serialISR.o
 .glue_7t       0x0000b84c        0x0 ../Source/portable/GCC/ARM7_LPC23xx/portISR.o
 .glue_7t       0x0000b84c        0x0 ../Common/drivers/LPC/usb/usbcontrol.o
 .glue_7t       0x0000b84c        0x0 ../Common/drivers/LPC/usb/usbhw_lpc.o
 .glue_7t       0x0000b84c        0x0 ../Common/drivers/LPC/usb/usbinit.o
 .glue_7t       0x0000b84c        0x0 ../Common/drivers/LPC/usb/usbstdreq.o
 .glue_7t       0x0000b84c        0x0 main.o
 .glue_7t       0x0000b84c        0x0 ./ParTest/ParTest.o
 .glue_7t       0x0000b84c        0x0 ../Common/Minimal/BlockQ.o
 .glue_7t       0x0000b84c        0x0 ../Common/Minimal/blocktim.o
 .glue_7t       0x0000b84c        0x0 ../Common/Minimal/flash.o
 .glue_7t       0x0000b84c        0x0 ../Common/Minimal/integer.o
 .glue_7t       0x0000b84c        0x0 ../Common/Minimal/GenQTest.o
 .glue_7t       0x0000b84c        0x0 ../Common/Minimal/QPeek.o
 .glue_7t       0x0000b84c        0x0 ../Common/Minimal/dynamic.o
 .glue_7t       0x0000b84c        0x0 ../Source/list.o
 .glue_7t       0x0000b84c        0x0 ../Source/queue.o
 .glue_7t       0x0000b84c        0x0 ../Source/tasks.o
 .glue_7t       0x0000b84c        0x0 ../Source/portable/GCC/ARM7_LPC23xx/port.o
 .glue_7t       0x0000b84c        0x0 ../Source/portable/MemMang/heap_2.o
 .glue_7t       0x0000b84c        0x0 /tmp/ccDSZtVa.o
 .glue_7t       0x0000b84c        0x0 /usr/local/arm-elf-gcc-4.2.1/lib/gcc/arm-elf/4.2.1/thumb/interwork/libgcc.a(_udivsi3.o)
 .glue_7t       0x0000b84c        0x0 /usr/local/arm-elf-gcc-4.2.1/lib/gcc/arm-elf/4.2.1/thumb/interwork/libgcc.a(_divsi3.o)
 .glue_7t       0x0000b84c        0x0 /usr/local/arm-elf-gcc-4.2.1/lib/gcc/arm-elf/4.2.1/thumb/interwork/libgcc.a(_dvmd_tls.o)
 .glue_7t       0x0000b84c        0x0 /usr/local/arm-elf-gcc-4.2.1/lib/gcc/arm-elf/4.2.1/../../../../arm-elf/lib/thumb/interwork/libg.a(lib_a-memcpy.o)
 .glue_7t       0x0000b84c        0x0 /usr/local/arm-elf-gcc-4.2.1/lib/gcc/arm-elf/4.2.1/../../../../arm-elf/lib/thumb/interwork/libg.a(lib_a-memset.o)
 .glue_7t       0x0000b84c        0x0 /usr/local/arm-elf-gcc-4.2.1/lib/gcc/arm-elf/4.2.1/../../../../arm-elf/lib/thumb/interwork/libg.a(lib_a-sprintf.o)
 .glue_7t       0x0000b84c        0x0 /usr/local/arm-elf-gcc-4.2.1/lib/gcc/arm-elf/4.2.1/../../../../arm-elf/lib/thumb/interwork/libg.a(lib_a-strcat.o)
 .glue_7t       0x0000b84c        0x0 /usr/local/arm-elf-gcc-4.2.1/lib/gcc/arm-elf/4.2.1/../../../../arm-elf/lib/thumb/interwork/libg.a(lib_a-strcpy.o)
 .glue_7t       0x0000b84c        0x0 /usr/local/arm-elf-gcc-4.2.1/lib/gcc/arm-elf/4.2.1/../../../../arm-elf/lib/thumb/interwork/libg.a(lib_a-strlen.o)
 .glue_7t       0x0000b84c        0x0 /usr/local/arm-elf-gcc-4.2.1/lib/gcc/arm-elf/4.2.1/../../../../arm-elf/lib/thumb/interwork/libg.a(lib_a-strncpy.o)
 .glue_7t       0x0000b84c        0x0 /usr/local/arm-elf-gcc-4.2.1/lib/gcc/arm-elf/4.2.1/../../../../arm-elf/lib/thumb/interwork/libg.a(lib_a-vfprintf.o)
 .glue_7t       0x0000b84c        0x0 /usr/local/arm-elf-gcc-4.2.1/lib/gcc/arm-elf/4.2.1/../../../../arm-elf/lib/thumb/interwork/libg.a(lib_a-wcrtomb.o)
 .glue_7t       0x0000b84c        0x0 /usr/local/arm-elf-gcc-4.2.1/lib/gcc/arm-elf/4.2.1/../../../../arm-elf/lib/thumb/interwork/libg.a(lib_a-wcsrtombs.o)
 .glue_7t       0x0000b84c        0x0 /usr/local/arm-elf-gcc-4.2.1/lib/gcc/arm-elf/4.2.1/../../../../arm-elf/lib/thumb/interwork/libg.a(lib_a-wctomb_r.o)
 .glue_7t       0x0000b84c        0x0 /usr/local/arm-elf-gcc-4.2.1/lib/gcc/arm-elf/4.2.1/../../../../arm-elf/lib/thumb/interwork/libg.a(lib_a-wsetup.o)
 .glue_7t       0x0000b84c        0x0 /usr/local/arm-elf-gcc-4.2.1/lib/gcc/arm-elf/4.2.1/../../../../arm-elf/lib/thumb/interwork/libg.a(lib_a-dtoa.o)
 .glue_7t       0x0000b84c        0x0 /usr/local/arm-elf-gcc-4.2.1/lib/gcc/arm-elf/4.2.1/../../../../arm-elf/lib/thumb/interwork/libg.a(lib_a-fflush.o)
 .glue_7t       0x0000b84c        0x0 /usr/local/arm-elf-gcc-4.2.1/lib/gcc/arm-elf/4.2.1/../../../../arm-elf/lib/thumb/interwork/libg.a(lib_a-findfp.o)
 .glue_7t       0x0000b84c        0x0 /usr/local/arm-elf-gcc-4.2.1/lib/gcc/arm-elf/4.2.1/../../../../arm-elf/lib/thumb/interwork/libg.a(lib_a-freer.o)
 .glue_7t       0x0000b84c        0x0 /usr/local/arm-elf-gcc-4.2.1/lib/gcc/arm-elf/4.2.1/../../../../arm-elf/lib/thumb/interwork/libg.a(lib_a-fvwrite.o)
 .glue_7t       0x0000b84c        0x0 /usr/local/arm-elf-gcc-4.2.1/lib/gcc/arm-elf/4.2.1/../../../../arm-elf/lib/thumb/interwork/libg.a(lib_a-fwalk.o)
 .glue_7t       0x0000b84c        0x0 /usr/local/arm-elf-gcc-4.2.1/lib/gcc/arm-elf/4.2.1/../../../../arm-elf/lib/thumb/interwork/libg.a(lib_a-impure.o)
 .glue_7t       0x0000b84c        0x0 /usr/local/arm-elf-gcc-4.2.1/lib/gcc/arm-elf/4.2.1/../../../../arm-elf/lib/thumb/interwork/libg.a(lib_a-locale.o)
 .glue_7t       0x0000b84c        0x0 /usr/local/arm-elf-gcc-4.2.1/lib/gcc/arm-elf/4.2.1/../../../../arm-elf/lib/thumb/interwork/libg.a(lib_a-makebuf.o)
 .glue_7t       0x0000b84c        0x0 /usr/local/arm-elf-gcc-4.2.1/lib/gcc/arm-elf/4.2.1/../../../../arm-elf/lib/thumb/interwork/libg.a(lib_a-mallocr.o)
 .glue_7t       0x0000b84c        0x0 /usr/local/arm-elf-gcc-4.2.1/lib/gcc/arm-elf/4.2.1/../../../../arm-elf/lib/thumb/interwork/libg.a(lib_a-memchr.o)
 .glue_7t       0x0000b84c        0x0 /usr/local/arm-elf-gcc-4.2.1/lib/gcc/arm-elf/4.2.1/../../../../arm-elf/lib/thumb/interwork/libg.a(lib_a-memmove.o)
 .glue_7t       0x0000b84c        0x0 /usr/local/arm-elf-gcc-4.2.1/lib/gcc/arm-elf/4.2.1/../../../../arm-elf/lib/thumb/interwork/libg.a(lib_a-mlock.o)
 .glue_7t       0x0000b84c        0x0 /usr/local/arm-elf-gcc-4.2.1/lib/gcc/arm-elf/4.2.1/../../../../arm-elf/lib/thumb/interwork/libg.a(lib_a-mprec.o)
 .glue_7t       0x0000b84c        0x0 /usr/local/arm-elf-gcc-4.2.1/lib/gcc/arm-elf/4.2.1/../../../../arm-elf/lib/thumb/interwork/libg.a(lib_a-reallocr.o)
 .glue_7t       0x0000b84c        0x0 /usr/local/arm-elf-gcc-4.2.1/lib/gcc/arm-elf/4.2.1/../../../../arm-elf/lib/thumb/interwork/libg.a(lib_a-s_isinfd.o)
 .glue_7t       0x0000b84c        0x0 /usr/local/arm-elf-gcc-4.2.1/lib/gcc/arm-elf/4.2.1/../../../../arm-elf/lib/thumb/interwork/libg.a(lib_a-s_isnand.o)
 .glue_7t       0x0000b84c        0x0 /usr/local/arm-elf-gcc-4.2.1/lib/gcc/arm-elf/4.2.1/../../../../arm-elf/lib/thumb/interwork/libg.a(lib_a-sbrkr.o)
 .glue_7t       0x0000b84c        0x0 /usr/local/arm-elf-gcc-4.2.1/lib/gcc/arm-elf/4.2.1/../../../../arm-elf/lib/thumb/interwork/libg.a(lib_a-stdio.o)
 .glue_7t       0x0000b84c        0x0 /usr/local/arm-elf-gcc-4.2.1/lib/gcc/arm-elf/4.2.1/../../../../arm-elf/lib/thumb/interwork/libg.a(lib_a-strcmp.o)
 .glue_7t       0x0000b84c        0x0 /usr/local/arm-elf-gcc-4.2.1/lib/gcc/arm-elf/4.2.1/../../../../arm-elf/lib/thumb/interwork/libg.a(lib_a-syscalls.o)
 .glue_7t       0x0000b84c        0x0 /usr/local/arm-elf-gcc-4.2.1/lib/gcc/arm-elf/4.2.1/../../../../arm-elf/lib/thumb/interwork/libg.a(lib_a-writer.o)
 .glue_7t       0x0000b84c        0x0 /usr/local/arm-elf-gcc-4.2.1/lib/gcc/arm-elf/4.2.1/../../../../arm-elf/lib/thumb/interwork/libg.a(lib_a-callocr.o)
 .glue_7t       0x0000b84c        0x0 /usr/local/arm-elf-gcc-4.2.1/lib/gcc/arm-elf/4.2.1/../../../../arm-elf/lib/thumb/interwork/libg.a(lib_a-closer.o)
 .glue_7t       0x0000b84c        0x0 /usr/local/arm-elf-gcc-4.2.1/lib/gcc/arm-elf/4.2.1/../../../../arm-elf/lib/thumb/interwork/libg.a(lib_a-errno.o)
 .glue_7t       0x0000b84c        0x0 /usr/local/arm-elf-gcc-4.2.1/lib/gcc/arm-elf/4.2.1/../../../../arm-elf/lib/thumb/interwork/libg.a(lib_a-fclose.o)
 .glue_7t       0x0000b84c        0x0 /usr/local/arm-elf-gcc-4.2.1/lib/gcc/arm-elf/4.2.1/../../../../arm-elf/lib/thumb/interwork/libg.a(lib_a-fstatr.o)
 .glue_7t       0x0000b84c        0x0 /usr/local/arm-elf-gcc-4.2.1/lib/gcc/arm-elf/4.2.1/../../../../arm-elf/lib/thumb/interwork/libg.a(lib_a-lseekr.o)
 .glue_7t       0x0000b84c        0x0 /usr/local/arm-elf-gcc-4.2.1/lib/gcc/arm-elf/4.2.1/../../../../arm-elf/lib/thumb/interwork/libg.a(lib_a-readr.o)
 .glue_7t       0x0000b84c        0x0 /usr/local/arm-elf-gcc-4.2.1/lib/gcc/arm-elf/4.2.1/../../../../arm-elf/lib/thumb/interwork/libg.a(lib_a-reent.o)
 .glue_7t       0x0000b84c        0x0 /usr/local/arm-elf-gcc-4.2.1/lib/gcc/arm-elf/4.2.1/thumb/interwork/libgcc.a(_umodsi3.o)
 .glue_7t       0x0000b84c        0x0 /usr/local/arm-elf-gcc-4.2.1/lib/gcc/arm-elf/4.2.1/thumb/interwork/libgcc.a(_modsi3.o)
 .glue_7t       0x0000b84c        0x0 /usr/local/arm-elf-gcc-4.2.1/lib/gcc/arm-elf/4.2.1/thumb/interwork/libgcc.a(_addsub_df.o)
 .glue_7t       0x0000b84c        0x0 /usr/local/arm-elf-gcc-4.2.1/lib/gcc/arm-elf/4.2.1/thumb/interwork/libgcc.a(_mul_df.o)
 .glue_7t       0x0000b84c        0x0 /usr/local/arm-elf-gcc-4.2.1/lib/gcc/arm-elf/4.2.1/thumb/interwork/libgcc.a(_div_df.o)
 .glue_7t       0x0000b84c        0x0 /usr/local/arm-elf-gcc-4.2.1/lib/gcc/arm-elf/4.2.1/thumb/interwork/libgcc.a(_eq_df.o)
 .glue_7t       0x0000b84c        0x0 /usr/local/arm-elf-gcc-4.2.1/lib/gcc/arm-elf/4.2.1/thumb/interwork/libgcc.a(_ne_df.o)
 .glue_7t       0x0000b84c        0x0 /usr/local/arm-elf-gcc-4.2.1/lib/gcc/arm-elf/4.2.1/thumb/interwork/libgcc.a(_gt_df.o)
 .glue_7t       0x0000b84c        0x0 /usr/local/arm-elf-gcc-4.2.1/lib/gcc/arm-elf/4.2.1/thumb/interwork/libgcc.a(_ge_df.o)
 .glue_7t       0x0000b84c        0x0 /usr/local/arm-elf-gcc-4.2.1/lib/gcc/arm-elf/4.2.1/thumb/interwork/libgcc.a(_lt_df.o)
 .glue_7t       0x0000b84c        0x0 /usr/local/arm-elf-gcc-4.2.1/lib/gcc/arm-elf/4.2.1/thumb/interwork/libgcc.a(_si_to_df.o)
 .glue_7t       0x0000b84c        0x0 /usr/local/arm-elf-gcc-4.2.1/lib/gcc/arm-elf/4.2.1/thumb/interwork/libgcc.a(_df_to_si.o)
 .glue_7t       0x0000b84c        0x0 /usr/local/arm-elf-gcc-4.2.1/lib/gcc/arm-elf/4.2.1/thumb/interwork/libgcc.a(_thenan_df.o)
 .glue_7t       0x0000b84c        0x0 /usr/local/arm-elf-gcc-4.2.1/lib/gcc/arm-elf/4.2.1/thumb/interwork/libgcc.a(_usi_to_df.o)
 .glue_7t       0x0000b84c        0x0 /usr/local/arm-elf-gcc-4.2.1/lib/gcc/arm-elf/4.2.1/thumb/interwork/libgcc.a(_muldi3.o)
 .glue_7t       0x0000b84c        0x0 /usr/local/arm-elf-gcc-4.2.1/lib/gcc/arm-elf/4.2.1/thumb/interwork/libgcc.a(_clzsi2.o)
 .glue_7t       0x0000b84c        0x0 /usr/local/arm-elf-gcc-4.2.1/lib/gcc/arm-elf/4.2.1/thumb/interwork/libgcc.a(_pack_df.o)
 .glue_7t       0x0000b84c        0x0 /usr/local/arm-elf-gcc-4.2.1/lib/gcc/arm-elf/4.2.1/thumb/interwork/libgcc.a(_unpack_df.o)
 .glue_7t       0x0000b84c        0x0 /usr/local/arm-elf-gcc-4.2.1/lib/gcc/arm-elf/4.2.1/thumb/interwork/libgcc.a(_fpcmp_parts_df.o)
 .glue_7t       0x0000b84c       0x38 /usr/local/arm-elf-gcc-4.2.1/lib/gcc/arm-elf/4.2.1/thumb/interwork/libgcc.a(_clz.o)
                0x0000b868                __vPortEnterCritical_change_to_arm
                0x0000b870                __vPortExitCritical_change_to_arm
                0x0000b87c                __vPortISRStartFirstTask_from_thumb
                0x0000b874                __vPortDisableInterruptsFromThumb_from_thumb
                0x0000b86c                __vPortExitCritical_from_thumb
                0x0000b860                __xSerialGetChar_change_to_arm
                0x0000b850                __xSerialPortInitMinimal_change_to_arm
                0x0000b84c                __xSerialPortInitMinimal_from_thumb
                0x0000b85c                __xSerialGetChar_from_thumb
                0x0000b858                __vSerialPutString_change_to_arm
                0x0000b864                __vPortEnterCritical_from_thumb
                0x0000b880                __vPortISRStartFirstTask_change_to_arm
                0x0000b854                __vSerialPutString_from_thumb
                0x0000b878                __vPortDisableInterruptsFromThumb_change_to_arm
                0x0000b884                __end_of_text__ = .

.data           0x40000000      0x834 load address 0x0000b884
                0x40000000                __data_beg__ = .
                0x0000b884                __data_beg_src__ = __end_of_text__
 *(.data)
 .data          0x40000000        0x0 ../Common/drivers/LPC/serial/serial.o
 .data          0x40000000        0x0 ../Common/drivers/LPC/serial/serialISR.o
 .data          0x40000000        0x4 ../Source/portable/GCC/ARM7_LPC23xx/portISR.o
                0x40000000                ulCriticalNesting
 .data          0x40000004        0x0 ../Common/drivers/LPC/usb/usbcontrol.o
 .data          0x40000004        0x0 ../Common/drivers/LPC/usb/usbhw_lpc.o
 .data          0x40000004        0x0 ../Common/drivers/LPC/usb/usbinit.o
 .data          0x40000004        0x0 ../Common/drivers/LPC/usb/usbstdreq.o
 .data          0x40000004        0x8 main.o
 .data          0x4000000c        0x0 ./ParTest/ParTest.o
 .data          0x4000000c        0x0 ../Common/Minimal/BlockQ.o
 .data          0x4000000c        0x0 ../Common/Minimal/blocktim.o
 .data          0x4000000c        0x0 ../Common/Minimal/flash.o
 .data          0x4000000c        0x0 ../Common/Minimal/integer.o
 .data          0x4000000c        0x0 ../Common/Minimal/GenQTest.o
 .data          0x4000000c        0x0 ../Common/Minimal/QPeek.o
 .data          0x4000000c        0x0 ../Common/Minimal/dynamic.o
 .data          0x4000000c        0x0 ../Source/list.o
 .data          0x4000000c        0x0 ../Source/queue.o
 .data          0x4000000c        0x4 ../Source/tasks.o
 .data          0x40000010        0x0 ../Source/portable/GCC/ARM7_LPC23xx/port.o
 .data          0x40000010        0x0 ../Source/portable/MemMang/heap_2.o
 .data          0x40000010        0x0 /tmp/ccDSZtVa.o
 .data          0x40000010        0x0 /usr/local/arm-elf-gcc-4.2.1/lib/gcc/arm-elf/4.2.1/thumb/interwork/libgcc.a(_udivsi3.o)
 .data          0x40000010        0x0 /usr/local/arm-elf-gcc-4.2.1/lib/gcc/arm-elf/4.2.1/thumb/interwork/libgcc.a(_divsi3.o)
 .data          0x40000010        0x0 /usr/local/arm-elf-gcc-4.2.1/lib/gcc/arm-elf/4.2.1/thumb/interwork/libgcc.a(_dvmd_tls.o)
 .data          0x40000010        0x0 /usr/local/arm-elf-gcc-4.2.1/lib/gcc/arm-elf/4.2.1/../../../../arm-elf/lib/thumb/interwork/libg.a(lib_a-memcpy.o)
 .data          0x40000010        0x0 /usr/local/arm-elf-gcc-4.2.1/lib/gcc/arm-elf/4.2.1/../../../../arm-elf/lib/thumb/interwork/libg.a(lib_a-memset.o)
 .data          0x40000010        0x0 /usr/local/arm-elf-gcc-4.2.1/lib/gcc/arm-elf/4.2.1/../../../../arm-elf/lib/thumb/interwork/libg.a(lib_a-sprintf.o)
 .data          0x40000010        0x0 /usr/local/arm-elf-gcc-4.2.1/lib/gcc/arm-elf/4.2.1/../../../../arm-elf/lib/thumb/interwork/libg.a(lib_a-strcat.o)
 .data          0x40000010        0x0 /usr/local/arm-elf-gcc-4.2.1/lib/gcc/arm-elf/4.2.1/../../../../arm-elf/lib/thumb/interwork/libg.a(lib_a-strcpy.o)
 .data          0x40000010        0x0 /usr/local/arm-elf-gcc-4.2.1/lib/gcc/arm-elf/4.2.1/../../../../arm-elf/lib/thumb/interwork/libg.a(lib_a-strlen.o)
 .data          0x40000010        0x0 /usr/local/arm-elf-gcc-4.2.1/lib/gcc/arm-elf/4.2.1/../../../../arm-elf/lib/thumb/interwork/libg.a(lib_a-strncpy.o)
 .data          0x40000010        0x0 /usr/local/arm-elf-gcc-4.2.1/lib/gcc/arm-elf/4.2.1/../../../../arm-elf/lib/thumb/interwork/libg.a(lib_a-vfprintf.o)
 .data          0x40000010        0x0 /usr/local/arm-elf-gcc-4.2.1/lib/gcc/arm-elf/4.2.1/../../../../arm-elf/lib/thumb/interwork/libg.a(lib_a-wcrtomb.o)
 .data          0x40000010        0x0 /usr/local/arm-elf-gcc-4.2.1/lib/gcc/arm-elf/4.2.1/../../../../arm-elf/lib/thumb/interwork/libg.a(lib_a-wcsrtombs.o)
 .data          0x40000010        0x0 /usr/local/arm-elf-gcc-4.2.1/lib/gcc/arm-elf/4.2.1/../../../../arm-elf/lib/thumb/interwork/libg.a(lib_a-wctomb_r.o)
 .data          0x40000010        0x0 /usr/local/arm-elf-gcc-4.2.1/lib/gcc/arm-elf/4.2.1/../../../../arm-elf/lib/thumb/interwork/libg.a(lib_a-wsetup.o)
 .data          0x40000010        0x0 /usr/local/arm-elf-gcc-4.2.1/lib/gcc/arm-elf/4.2.1/../../../../arm-elf/lib/thumb/interwork/libg.a(lib_a-dtoa.o)
 .data          0x40000010        0x0 /usr/local/arm-elf-gcc-4.2.1/lib/gcc/arm-elf/4.2.1/../../../../arm-elf/lib/thumb/interwork/libg.a(lib_a-fflush.o)
 .data          0x40000010        0x0 /usr/local/arm-elf-gcc-4.2.1/lib/gcc/arm-elf/4.2.1/../../../../arm-elf/lib/thumb/interwork/libg.a(lib_a-findfp.o)
 .data          0x40000010        0x0 /usr/local/arm-elf-gcc-4.2.1/lib/gcc/arm-elf/4.2.1/../../../../arm-elf/lib/thumb/interwork/libg.a(lib_a-freer.o)
 .data          0x40000010        0x0 /usr/local/arm-elf-gcc-4.2.1/lib/gcc/arm-elf/4.2.1/../../../../arm-elf/lib/thumb/interwork/libg.a(lib_a-fvwrite.o)
 .data          0x40000010        0x0 /usr/local/arm-elf-gcc-4.2.1/lib/gcc/arm-elf/4.2.1/../../../../arm-elf/lib/thumb/interwork/libg.a(lib_a-fwalk.o)
 .data          0x40000010      0x404 /usr/local/arm-elf-gcc-4.2.1/lib/gcc/arm-elf/4.2.1/../../../../arm-elf/lib/thumb/interwork/libg.a(lib_a-impure.o)
                0x40000010                _impure_ptr
 .data          0x40000414       0x10 /usr/local/arm-elf-gcc-4.2.1/lib/gcc/arm-elf/4.2.1/../../../../arm-elf/lib/thumb/interwork/libg.a(lib_a-locale.o)
                0x40000414                __mb_cur_max
                0x40000418                __lc_ctype
 .data          0x40000424        0x0 /usr/local/arm-elf-gcc-4.2.1/lib/gcc/arm-elf/4.2.1/../../../../arm-elf/lib/thumb/interwork/libg.a(lib_a-makebuf.o)
 .data          0x40000424      0x410 /usr/local/arm-elf-gcc-4.2.1/lib/gcc/arm-elf/4.2.1/../../../../arm-elf/lib/thumb/interwork/libg.a(lib_a-mallocr.o)
                0x40000830                __malloc_sbrk_base
                0x40000424                __malloc_av_
                0x4000082c                __malloc_trim_threshold
 .data          0x40000834        0x0 /usr/local/arm-elf-gcc-4.2.1/lib/gcc/arm-elf/4.2.1/../../../../arm-elf/lib/thumb/interwork/libg.a(lib_a-memchr.o)
 .data          0x40000834        0x0 /usr/local/arm-elf-gcc-4.2.1/lib/gcc/arm-elf/4.2.1/../../../../arm-elf/lib/thumb/interwork/libg.a(lib_a-memmove.o)
 .data          0x40000834        0x0 /usr/local/arm-elf-gcc-4.2.1/lib/gcc/arm-elf/4.2.1/../../../../arm-elf/lib/thumb/interwork/libg.a(lib_a-mlock.o)
 .data          0x40000834        0x0 /usr/local/arm-elf-gcc-4.2.1/lib/gcc/arm-elf/4.2.1/../../../../arm-elf/lib/thumb/interwork/libg.a(lib_a-mprec.o)
 .data          0x40000834        0x0 /usr/local/arm-elf-gcc-4.2.1/lib/gcc/arm-elf/4.2.1/../../../../arm-elf/lib/thumb/interwork/libg.a(lib_a-reallocr.o)
 .data          0x40000834        0x0 /usr/local/arm-elf-gcc-4.2.1/lib/gcc/arm-elf/4.2.1/../../../../arm-elf/lib/thumb/interwork/libg.a(lib_a-s_isinfd.o)
 .data          0x40000834        0x0 /usr/local/arm-elf-gcc-4.2.1/lib/gcc/arm-elf/4.2.1/../../../../arm-elf/lib/thumb/interwork/libg.a(lib_a-s_isnand.o)
 .data          0x40000834        0x0 /usr/local/arm-elf-gcc-4.2.1/lib/gcc/arm-elf/4.2.1/../../../../arm-elf/lib/thumb/interwork/libg.a(lib_a-sbrkr.o)
 .data          0x40000834        0x0 /usr/local/arm-elf-gcc-4.2.1/lib/gcc/arm-elf/4.2.1/../../../../arm-elf/lib/thumb/interwork/libg.a(lib_a-stdio.o)
 .data          0x40000834        0x0 /usr/local/arm-elf-gcc-4.2.1/lib/gcc/arm-elf/4.2.1/../../../../arm-elf/lib/thumb/interwork/libg.a(lib_a-strcmp.o)
 .data          0x40000834        0x0 /usr/local/arm-elf-gcc-4.2.1/lib/gcc/arm-elf/4.2.1/../../../../arm-elf/lib/thumb/interwork/libg.a(lib_a-syscalls.o)
 .data          0x40000834        0x0 /usr/local/arm-elf-gcc-4.2.1/lib/gcc/arm-elf/4.2.1/../../../../arm-elf/lib/thumb/interwork/libg.a(lib_a-writer.o)
 .data          0x40000834        0x0 /usr/local/arm-elf-gcc-4.2.1/lib/gcc/arm-elf/4.2.1/../../../../arm-elf/lib/thumb/interwork/libg.a(lib_a-callocr.o)
 .data          0x40000834        0x0 /usr/local/arm-elf-gcc-4.2.1/lib/gcc/arm-elf/4.2.1/../../../../arm-elf/lib/thumb/interwork/libg.a(lib_a-closer.o)
 .data          0x40000834        0x0 /usr/local/arm-elf-gcc-4.2.1/lib/gcc/arm-elf/4.2.1/../../../../arm-elf/lib/thumb/interwork/libg.a(lib_a-errno.o)
 .data          0x40000834        0x0 /usr/local/arm-elf-gcc-4.2.1/lib/gcc/arm-elf/4.2.1/../../../../arm-elf/lib/thumb/interwork/libg.a(lib_a-fclose.o)
 .data          0x40000834        0x0 /usr/local/arm-elf-gcc-4.2.1/lib/gcc/arm-elf/4.2.1/../../../../arm-elf/lib/thumb/interwork/libg.a(lib_a-fstatr.o)
 .data          0x40000834        0x0 /usr/local/arm-elf-gcc-4.2.1/lib/gcc/arm-elf/4.2.1/../../../../arm-elf/lib/thumb/interwork/libg.a(lib_a-lseekr.o)
 .data          0x40000834        0x0 /usr/local/arm-elf-gcc-4.2.1/lib/gcc/arm-elf/4.2.1/../../../../arm-elf/lib/thumb/interwork/libg.a(lib_a-readr.o)
 .data          0x40000834        0x0 /usr/local/arm-elf-gcc-4.2.1/lib/gcc/arm-elf/4.2.1/../../../../arm-elf/lib/thumb/interwork/libg.a(lib_a-reent.o)
 .data          0x40000834        0x0 /usr/local/arm-elf-gcc-4.2.1/lib/gcc/arm-elf/4.2.1/thumb/interwork/libgcc.a(_umodsi3.o)
 .data          0x40000834        0x0 /usr/local/arm-elf-gcc-4.2.1/lib/gcc/arm-elf/4.2.1/thumb/interwork/libgcc.a(_modsi3.o)
 .data          0x40000834        0x0 /usr/local/arm-elf-gcc-4.2.1/lib/gcc/arm-elf/4.2.1/thumb/interwork/libgcc.a(_addsub_df.o)
 .data          0x40000834        0x0 /usr/local/arm-elf-gcc-4.2.1/lib/gcc/arm-elf/4.2.1/thumb/interwork/libgcc.a(_mul_df.o)
 .data          0x40000834        0x0 /usr/local/arm-elf-gcc-4.2.1/lib/gcc/arm-elf/4.2.1/thumb/interwork/libgcc.a(_div_df.o)
 .data          0x40000834        0x0 /usr/local/arm-elf-gcc-4.2.1/lib/gcc/arm-elf/4.2.1/thumb/interwork/libgcc.a(_eq_df.o)
 .data          0x40000834        0x0 /usr/local/arm-elf-gcc-4.2.1/lib/gcc/arm-elf/4.2.1/thumb/interwork/libgcc.a(_ne_df.o)
 .data          0x40000834        0x0 /usr/local/arm-elf-gcc-4.2.1/lib/gcc/arm-elf/4.2.1/thumb/interwork/libgcc.a(_gt_df.o)
 .data          0x40000834        0x0 /usr/local/arm-elf-gcc-4.2.1/lib/gcc/arm-elf/4.2.1/thumb/interwork/libgcc.a(_ge_df.o)
 .data          0x40000834        0x0 /usr/local/arm-elf-gcc-4.2.1/lib/gcc/arm-elf/4.2.1/thumb/interwork/libgcc.a(_lt_df.o)
 .data          0x40000834        0x0 /usr/local/arm-elf-gcc-4.2.1/lib/gcc/arm-elf/4.2.1/thumb/interwork/libgcc.a(_si_to_df.o)
 .data          0x40000834        0x0 /usr/local/arm-elf-gcc-4.2.1/lib/gcc/arm-elf/4.2.1/thumb/interwork/libgcc.a(_df_to_si.o)
 .data          0x40000834        0x0 /usr/local/arm-elf-gcc-4.2.1/lib/gcc/arm-elf/4.2.1/thumb/interwork/libgcc.a(_thenan_df.o)
 .data          0x40000834        0x0 /usr/local/arm-elf-gcc-4.2.1/lib/gcc/arm-elf/4.2.1/thumb/interwork/libgcc.a(_usi_to_df.o)
 .data          0x40000834        0x0 /usr/local/arm-elf-gcc-4.2.1/lib/gcc/arm-elf/4.2.1/thumb/interwork/libgcc.a(_muldi3.o)
 .data          0x40000834        0x0 /usr/local/arm-elf-gcc-4.2.1/lib/gcc/arm-elf/4.2.1/thumb/interwork/libgcc.a(_clzsi2.o)
 .data          0x40000834        0x0 /usr/local/arm-elf-gcc-4.2.1/lib/gcc/arm-elf/4.2.1/thumb/interwork/libgcc.a(_pack_df.o)
 .data          0x40000834        0x0 /usr/local/arm-elf-gcc-4.2.1/lib/gcc/arm-elf/4.2.1/thumb/interwork/libgcc.a(_unpack_df.o)
 .data          0x40000834        0x0 /usr/local/arm-elf-gcc-4.2.1/lib/gcc/arm-elf/4.2.1/thumb/interwork/libgcc.a(_fpcmp_parts_df.o)
 .data          0x40000834        0x0 /usr/local/arm-elf-gcc-4.2.1/lib/gcc/arm-elf/4.2.1/thumb/interwork/libgcc.a(_clz.o)
                0x40000834                __data_end__ = .

.bss            0x40000834     0x4ba8
                0x40000834                __bss_beg__ = .
 *(.bss)
 .bss           0x40000834       0x18 ../Common/drivers/LPC/serial/serial.o
 .bss           0x4000084c       0x18 ../Common/drivers/LPC/serial/serialISR.o
 .bss           0x40000864        0x0 ../Source/portable/GCC/ARM7_LPC23xx/portISR.o
 .bss           0x40000864       0x34 ../Common/drivers/LPC/usb/usbcontrol.o
 .bss           0x40000898       0x48 ../Common/drivers/LPC/usb/usbhw_lpc.o
 .bss           0x400008e0        0x8 ../Common/drivers/LPC/usb/usbinit.o
 .bss           0x400008e8        0xc ../Common/drivers/LPC/usb/usbstdreq.o
 .bss           0x400008f4        0x8 main.o
 .bss           0x400008fc        0x0 ./ParTest/ParTest.o
 .bss           0x400008fc       0x18 ../Common/Minimal/BlockQ.o
 .bss           0x40000914       0x20 ../Common/Minimal/blocktim.o
 .bss           0x40000934        0x4 ../Common/Minimal/flash.o
 .bss           0x40000938        0x4 ../Common/Minimal/integer.o
 .bss           0x4000093c       0x20 ../Common/Minimal/GenQTest.o
 .bss           0x4000095c        0xc ../Common/Minimal/QPeek.o
 .bss           0x40000968       0x28 ../Common/Minimal/dynamic.o
 .bss           0x40000990        0x0 ../Source/list.o
 .bss           0x40000990        0x0 ../Source/queue.o
 .bss           0x40000990      0x130 ../Source/tasks.o
                0x40000990                pxCurrentTCB
 .bss           0x40000ac0        0x0 ../Source/portable/GCC/ARM7_LPC23xx/port.o
 .bss           0x40000ac0     0x4818 ../Source/portable/MemMang/heap_2.o
 .bss           0x400052d8        0x0 /tmp/ccDSZtVa.o
 .bss           0x400052d8        0x0 /usr/local/arm-elf-gcc-4.2.1/lib/gcc/arm-elf/4.2.1/thumb/interwork/libgcc.a(_udivsi3.o)
 .bss           0x400052d8        0x0 /usr/local/arm-elf-gcc-4.2.1/lib/gcc/arm-elf/4.2.1/thumb/interwork/libgcc.a(_divsi3.o)
 .bss           0x400052d8        0x0 /usr/local/arm-elf-gcc-4.2.1/lib/gcc/arm-elf/4.2.1/thumb/interwork/libgcc.a(_dvmd_tls.o)
 .bss           0x400052d8        0x0 /usr/local/arm-elf-gcc-4.2.1/lib/gcc/arm-elf/4.2.1/../../../../arm-elf/lib/thumb/interwork/libg.a(lib_a-memcpy.o)
 .bss           0x400052d8        0x0 /usr/local/arm-elf-gcc-4.2.1/lib/gcc/arm-elf/4.2.1/../../../../arm-elf/lib/thumb/interwork/libg.a(lib_a-memset.o)
 .bss           0x400052d8        0x0 /usr/local/arm-elf-gcc-4.2.1/lib/gcc/arm-elf/4.2.1/../../../../arm-elf/lib/thumb/interwork/libg.a(lib_a-sprintf.o)
 .bss           0x400052d8        0x0 /usr/local/arm-elf-gcc-4.2.1/lib/gcc/arm-elf/4.2.1/../../../../arm-elf/lib/thumb/interwork/libg.a(lib_a-strcat.o)
 .bss           0x400052d8        0x0 /usr/local/arm-elf-gcc-4.2.1/lib/gcc/arm-elf/4.2.1/../../../../arm-elf/lib/thumb/interwork/libg.a(lib_a-strcpy.o)
 .bss           0x400052d8        0x0 /usr/local/arm-elf-gcc-4.2.1/lib/gcc/arm-elf/4.2.1/../../../../arm-elf/lib/thumb/interwork/libg.a(lib_a-strlen.o)
 .bss           0x400052d8        0x0 /usr/local/arm-elf-gcc-4.2.1/lib/gcc/arm-elf/4.2.1/../../../../arm-elf/lib/thumb/interwork/libg.a(lib_a-strncpy.o)
 .bss           0x400052d8        0x0 /usr/local/arm-elf-gcc-4.2.1/lib/gcc/arm-elf/4.2.1/../../../../arm-elf/lib/thumb/interwork/libg.a(lib_a-vfprintf.o)
 .bss           0x400052d8        0x0 /usr/local/arm-elf-gcc-4.2.1/lib/gcc/arm-elf/4.2.1/../../../../arm-elf/lib/thumb/interwork/libg.a(lib_a-wcrtomb.o)
 .bss           0x400052d8        0x0 /usr/local/arm-elf-gcc-4.2.1/lib/gcc/arm-elf/4.2.1/../../../../arm-elf/lib/thumb/interwork/libg.a(lib_a-wcsrtombs.o)
 .bss           0x400052d8        0x0 /usr/local/arm-elf-gcc-4.2.1/lib/gcc/arm-elf/4.2.1/../../../../arm-elf/lib/thumb/interwork/libg.a(lib_a-wctomb_r.o)
 .bss           0x400052d8        0x0 /usr/local/arm-elf-gcc-4.2.1/lib/gcc/arm-elf/4.2.1/../../../../arm-elf/lib/thumb/interwork/libg.a(lib_a-wsetup.o)
 .bss           0x400052d8        0x0 /usr/local/arm-elf-gcc-4.2.1/lib/gcc/arm-elf/4.2.1/../../../../arm-elf/lib/thumb/interwork/libg.a(lib_a-dtoa.o)
 .bss           0x400052d8        0x0 /usr/local/arm-elf-gcc-4.2.1/lib/gcc/arm-elf/4.2.1/../../../../arm-elf/lib/thumb/interwork/libg.a(lib_a-fflush.o)
 .bss           0x400052d8        0x0 /usr/local/arm-elf-gcc-4.2.1/lib/gcc/arm-elf/4.2.1/../../../../arm-elf/lib/thumb/interwork/libg.a(lib_a-findfp.o)
 .bss           0x400052d8        0x0 /usr/local/arm-elf-gcc-4.2.1/lib/gcc/arm-elf/4.2.1/../../../../arm-elf/lib/thumb/interwork/libg.a(lib_a-freer.o)
 .bss           0x400052d8        0x0 /usr/local/arm-elf-gcc-4.2.1/lib/gcc/arm-elf/4.2.1/../../../../arm-elf/lib/thumb/interwork/libg.a(lib_a-fvwrite.o)
 .bss           0x400052d8        0x0 /usr/local/arm-elf-gcc-4.2.1/lib/gcc/arm-elf/4.2.1/../../../../arm-elf/lib/thumb/interwork/libg.a(lib_a-fwalk.o)
 .bss           0x400052d8        0x0 /usr/local/arm-elf-gcc-4.2.1/lib/gcc/arm-elf/4.2.1/../../../../arm-elf/lib/thumb/interwork/libg.a(lib_a-impure.o)
 .bss           0x400052d8        0xc /usr/local/arm-elf-gcc-4.2.1/lib/gcc/arm-elf/4.2.1/../../../../arm-elf/lib/thumb/interwork/libg.a(lib_a-locale.o)
                0x400052d8                __nlocale_changed
                0x400052dc                __mlocale_changed
                0x400052e0                _PathLocale
 .bss           0x400052e4        0x0 /usr/local/arm-elf-gcc-4.2.1/lib/gcc/arm-elf/4.2.1/../../../../arm-elf/lib/thumb/interwork/libg.a(lib_a-makebuf.o)
 .bss           0x400052e4       0x34 /usr/local/arm-elf-gcc-4.2.1/lib/gcc/arm-elf/4.2.1/../../../../arm-elf/lib/thumb/interwork/libg.a(lib_a-mallocr.o)
                0x400052e4                __malloc_top_pad
                0x400052e8                __malloc_max_sbrked_mem
                0x400052f0                __malloc_current_mallinfo
                0x400052ec                __malloc_max_total_mem
 .bss           0x40005318        0x0 /usr/local/arm-elf-gcc-4.2.1/lib/gcc/arm-elf/4.2.1/../../../../arm-elf/lib/thumb/interwork/libg.a(lib_a-memchr.o)
 .bss           0x40005318        0x0 /usr/local/arm-elf-gcc-4.2.1/lib/gcc/arm-elf/4.2.1/../../../../arm-elf/lib/thumb/interwork/libg.a(lib_a-memmove.o)
 .bss           0x40005318        0x0 /usr/local/arm-elf-gcc-4.2.1/lib/gcc/arm-elf/4.2.1/../../../../arm-elf/lib/thumb/interwork/libg.a(lib_a-mlock.o)
 .bss           0x40005318        0x0 /usr/local/arm-elf-gcc-4.2.1/lib/gcc/arm-elf/4.2.1/../../../../arm-elf/lib/thumb/interwork/libg.a(lib_a-mprec.o)
 .bss           0x40005318        0x0 /usr/local/arm-elf-gcc-4.2.1/lib/gcc/arm-elf/4.2.1/../../../../arm-elf/lib/thumb/interwork/libg.a(lib_a-reallocr.o)
 .bss           0x40005318        0x0 /usr/local/arm-elf-gcc-4.2.1/lib/gcc/arm-elf/4.2.1/../../../../arm-elf/lib/thumb/interwork/libg.a(lib_a-s_isinfd.o)
 .bss           0x40005318        0x0 /usr/local/arm-elf-gcc-4.2.1/lib/gcc/arm-elf/4.2.1/../../../../arm-elf/lib/thumb/interwork/libg.a(lib_a-s_isnand.o)
 .bss           0x40005318        0x0 /usr/local/arm-elf-gcc-4.2.1/lib/gcc/arm-elf/4.2.1/../../../../arm-elf/lib/thumb/interwork/libg.a(lib_a-sbrkr.o)
 .bss           0x40005318        0x0 /usr/local/arm-elf-gcc-4.2.1/lib/gcc/arm-elf/4.2.1/../../../../arm-elf/lib/thumb/interwork/libg.a(lib_a-stdio.o)
 .bss           0x40005318        0x0 /usr/local/arm-elf-gcc-4.2.1/lib/gcc/arm-elf/4.2.1/../../../../arm-elf/lib/thumb/interwork/libg.a(lib_a-strcmp.o)
 .bss           0x40005318       0xb0 /usr/local/arm-elf-gcc-4.2.1/lib/gcc/arm-elf/4.2.1/../../../../arm-elf/lib/thumb/interwork/libg.a(lib_a-syscalls.o)
 .bss           0x400053c8        0x0 /usr/local/arm-elf-gcc-4.2.1/lib/gcc/arm-elf/4.2.1/../../../../arm-elf/lib/thumb/interwork/libg.a(lib_a-writer.o)
 .bss           0x400053c8        0x0 /usr/local/arm-elf-gcc-4.2.1/lib/gcc/arm-elf/4.2.1/../../../../arm-elf/lib/thumb/interwork/libg.a(lib_a-callocr.o)
 .bss           0x400053c8        0x0 /usr/local/arm-elf-gcc-4.2.1/lib/gcc/arm-elf/4.2.1/../../../../arm-elf/lib/thumb/interwork/libg.a(lib_a-closer.o)
 .bss           0x400053c8        0x0 /usr/local/arm-elf-gcc-4.2.1/lib/gcc/arm-elf/4.2.1/../../../../arm-elf/lib/thumb/interwork/libg.a(lib_a-errno.o)
 .bss           0x400053c8        0x0 /usr/local/arm-elf-gcc-4.2.1/lib/gcc/arm-elf/4.2.1/../../../../arm-elf/lib/thumb/interwork/libg.a(lib_a-fclose.o)
 .bss           0x400053c8        0x0 /usr/local/arm-elf-gcc-4.2.1/lib/gcc/arm-elf/4.2.1/../../../../arm-elf/lib/thumb/interwork/libg.a(lib_a-fstatr.o)
 .bss           0x400053c8        0x0 /usr/local/arm-elf-gcc-4.2.1/lib/gcc/arm-elf/4.2.1/../../../../arm-elf/lib/thumb/interwork/libg.a(lib_a-lseekr.o)
 .bss           0x400053c8        0x0 /usr/local/arm-elf-gcc-4.2.1/lib/gcc/arm-elf/4.2.1/../../../../arm-elf/lib/thumb/interwork/libg.a(lib_a-readr.o)
 .bss           0x400053c8        0x0 /usr/local/arm-elf-gcc-4.2.1/lib/gcc/arm-elf/4.2.1/../../../../arm-elf/lib/thumb/interwork/libg.a(lib_a-reent.o)
 .bss           0x400053c8        0x0 /usr/local/arm-elf-gcc-4.2.1/lib/gcc/arm-elf/4.2.1/thumb/interwork/libgcc.a(_umodsi3.o)
 .bss           0x400053c8        0x0 /usr/local/arm-elf-gcc-4.2.1/lib/gcc/arm-elf/4.2.1/thumb/interwork/libgcc.a(_modsi3.o)
 .bss           0x400053c8        0x0 /usr/local/arm-elf-gcc-4.2.1/lib/gcc/arm-elf/4.2.1/thumb/interwork/libgcc.a(_addsub_df.o)
 .bss           0x400053c8        0x0 /usr/local/arm-elf-gcc-4.2.1/lib/gcc/arm-elf/4.2.1/thumb/interwork/libgcc.a(_mul_df.o)
 .bss           0x400053c8        0x0 /usr/local/arm-elf-gcc-4.2.1/lib/gcc/arm-elf/4.2.1/thumb/interwork/libgcc.a(_div_df.o)
 .bss           0x400053c8        0x0 /usr/local/arm-elf-gcc-4.2.1/lib/gcc/arm-elf/4.2.1/thumb/interwork/libgcc.a(_eq_df.o)
 .bss           0x400053c8        0x0 /usr/local/arm-elf-gcc-4.2.1/lib/gcc/arm-elf/4.2.1/thumb/interwork/libgcc.a(_ne_df.o)
 .bss           0x400053c8        0x0 /usr/local/arm-elf-gcc-4.2.1/lib/gcc/arm-elf/4.2.1/thumb/interwork/libgcc.a(_gt_df.o)
 .bss           0x400053c8        0x0 /usr/local/arm-elf-gcc-4.2.1/lib/gcc/arm-elf/4.2.1/thumb/interwork/libgcc.a(_ge_df.o)
 .bss           0x400053c8        0x0 /usr/local/arm-elf-gcc-4.2.1/lib/gcc/arm-elf/4.2.1/thumb/interwork/libgcc.a(_lt_df.o)
 .bss           0x400053c8        0x0 /usr/local/arm-elf-gcc-4.2.1/lib/gcc/arm-elf/4.2.1/thumb/interwork/libgcc.a(_si_to_df.o)
 .bss           0x400053c8        0x0 /usr/local/arm-elf-gcc-4.2.1/lib/gcc/arm-elf/4.2.1/thumb/interwork/libgcc.a(_df_to_si.o)
 .bss           0x400053c8        0x0 /usr/local/arm-elf-gcc-4.2.1/lib/gcc/arm-elf/4.2.1/thumb/interwork/libgcc.a(_thenan_df.o)
 .bss           0x400053c8        0x0 /usr/local/arm-elf-gcc-4.2.1/lib/gcc/arm-elf/4.2.1/thumb/interwork/libgcc.a(_usi_to_df.o)
 .bss           0x400053c8        0x0 /usr/local/arm-elf-gcc-4.2.1/lib/gcc/arm-elf/4.2.1/thumb/interwork/libgcc.a(_muldi3.o)
 .bss           0x400053c8        0x0 /usr/local/arm-elf-gcc-4.2.1/lib/gcc/arm-elf/4.2.1/thumb/interwork/libgcc.a(_clzsi2.o)
 .bss           0x400053c8        0x0 /usr/local/arm-elf-gcc-4.2.1/lib/gcc/arm-elf/4.2.1/thumb/interwork/libgcc.a(_pack_df.o)
 .bss           0x400053c8        0x0 /usr/local/arm-elf-gcc-4.2.1/lib/gcc/arm-elf/4.2.1/thumb/interwork/libgcc.a(_unpack_df.o)
 .bss           0x400053c8        0x0 /usr/local/arm-elf-gcc-4.2.1/lib/gcc/arm-elf/4.2.1/thumb/interwork/libgcc.a(_fpcmp_parts_df.o)
 .bss           0x400053c8        0x0 /usr/local/arm-elf-gcc-4.2.1/lib/gcc/arm-elf/4.2.1/thumb/interwork/libgcc.a(_clz.o)
 COMMON         0x400053c8        0xc ../Common/Minimal/QPeek.o
                0x400053c8                xHighPriorityTask
                0x400053cc                xMediumPriorityTask
                0x400053d0                xHighestPriorityTask
 COMMON         0x400053d4        0x4 ../Common/Minimal/dynamic.o
                0x400053d4                xSuspendedTestQueue
 COMMON         0x400053d8        0x4 /usr/local/arm-elf-gcc-4.2.1/lib/gcc/arm-elf/4.2.1/../../../../arm-elf/lib/thumb/interwork/libg.a(lib_a-reent.o)
                0x400053d8                errno
                0x400053dc                . = ALIGN (0x4)
                0x400053dc                _bss_end__ = .
                0x400053dc                __bss_end__ = .
                0x400053dc                __end__ = .

.usbram         0x7fd00000        0x0
                0x7fd00000                __usbram_beg__ = .
 *(.dmaram)
                0x7fd00000                __usbram_end__ = .

.ethram         0x7fe00000        0x0
                0x7fe00000                __ethram_beg__ = .
 *(.ethram)
                0x7fe00000                __ethram_end__ = .
                0x7fe00000                . = ALIGN (0x4)
                0x7fe00000                _end = .
                0x7fe00000                PROVIDE (end, .)
OUTPUT(BlinkyLightSample.elf elf32-littlearm)

.debug_abbrev   0x00000000     0x7138
 .debug_abbrev  0x00000000       0xe6 ../Common/drivers/LPC/serial/serial.o
 .debug_abbrev  0x000000e6       0xe4 ../Common/drivers/LPC/serial/serialISR.o
 .debug_abbrev  0x000001ca       0x7f ../Source/portable/GCC/ARM7_LPC23xx/portISR.o
 .debug_abbrev  0x00000249      0x155 ../Common/drivers/LPC/usb/usbcontrol.o
 .debug_abbrev  0x0000039e      0x27a ../Common/drivers/LPC/usb/usbhw_lpc.o
 .debug_abbrev  0x00000618       0xa9 ../Common/drivers/LPC/usb/usbinit.o
 .debug_abbrev  0x000006c1      0x202 ../Common/drivers/LPC/usb/usbstdreq.o
 .debug_abbrev  0x000008c3      0x169 main.o
 .debug_abbrev  0x00000a2c       0xb0 ./ParTest/ParTest.o
 .debug_abbrev  0x00000adc      0x12b ../Common/Minimal/BlockQ.o
 .debug_abbrev  0x00000c07      0x100 ../Common/Minimal/blocktim.o
 .debug_abbrev  0x00000d07       0xa7 ../Common/Minimal/flash.o
 .debug_abbrev  0x00000dae       0xcc ../Common/Minimal/integer.o
 .debug_abbrev  0x00000e7a      0x10d ../Common/Minimal/GenQTest.o
 .debug_abbrev  0x00000f87      0x12d ../Common/Minimal/QPeek.o
 .debug_abbrev  0x000010b4      0x11a ../Common/Minimal/dynamic.o
 .debug_abbrev  0x000011ce       0xfd ../Source/list.o
 .debug_abbrev  0x000012cb      0x1aa ../Source/queue.o
 .debug_abbrev  0x00001475      0x237 ../Source/tasks.o
 .debug_abbrev  0x000016ac       0xf1 ../Source/portable/GCC/ARM7_LPC23xx/port.o
 .debug_abbrev  0x0000179d      0x13f ../Source/portable/MemMang/heap_2.o
 .debug_abbrev  0x000018dc       0x10 /tmp/ccDSZtVa.o
 .debug_abbrev  0x000018ec       0x14 /usr/local/arm-elf-gcc-4.2.1/lib/gcc/arm-elf/4.2.1/thumb/interwork/libgcc.a(_udivsi3.o)
 .debug_abbrev  0x00001900       0x14 /usr/local/arm-elf-gcc-4.2.1/lib/gcc/arm-elf/4.2.1/thumb/interwork/libgcc.a(_divsi3.o)
 .debug_abbrev  0x00001914       0x14 /usr/local/arm-elf-gcc-4.2.1/lib/gcc/arm-elf/4.2.1/thumb/interwork/libgcc.a(_dvmd_tls.o)
 .debug_abbrev  0x00001928       0xa8 /usr/local/arm-elf-gcc-4.2.1/lib/gcc/arm-elf/4.2.1/../../../../arm-elf/lib/thumb/interwork/libg.a(lib_a-memcpy.o)
 .debug_abbrev  0x000019d0       0xa3 /usr/local/arm-elf-gcc-4.2.1/lib/gcc/arm-elf/4.2.1/../../../../arm-elf/lib/thumb/interwork/libg.a(lib_a-memset.o)
 .debug_abbrev  0x00001a73      0x196 /usr/local/arm-elf-gcc-4.2.1/lib/gcc/arm-elf/4.2.1/../../../../arm-elf/lib/thumb/interwork/libg.a(lib_a-sprintf.o)
 .debug_abbrev  0x00001c09       0x90 /usr/local/arm-elf-gcc-4.2.1/lib/gcc/arm-elf/4.2.1/../../../../arm-elf/lib/thumb/interwork/libg.a(lib_a-strcat.o)
 .debug_abbrev  0x00001c99       0x89 /usr/local/arm-elf-gcc-4.2.1/lib/gcc/arm-elf/4.2.1/../../../../arm-elf/lib/thumb/interwork/libg.a(lib_a-strcpy.o)
 .debug_abbrev  0x00001d22       0x94 /usr/local/arm-elf-gcc-4.2.1/lib/gcc/arm-elf/4.2.1/../../../../arm-elf/lib/thumb/interwork/libg.a(lib_a-strlen.o)
 .debug_abbrev  0x00001db6       0x96 /usr/local/arm-elf-gcc-4.2.1/lib/gcc/arm-elf/4.2.1/../../../../arm-elf/lib/thumb/interwork/libg.a(lib_a-strncpy.o)
 .debug_abbrev  0x00001e4c      0x379 /usr/local/arm-elf-gcc-4.2.1/lib/gcc/arm-elf/4.2.1/../../../../arm-elf/lib/thumb/interwork/libg.a(lib_a-vfprintf.o)
 .debug_abbrev  0x000021c5      0x197 /usr/local/arm-elf-gcc-4.2.1/lib/gcc/arm-elf/4.2.1/../../../../arm-elf/lib/thumb/interwork/libg.a(lib_a-wcrtomb.o)
 .debug_abbrev  0x0000235c      0x1ba /usr/local/arm-elf-gcc-4.2.1/lib/gcc/arm-elf/4.2.1/../../../../arm-elf/lib/thumb/interwork/libg.a(lib_a-wcsrtombs.o)
 .debug_abbrev  0x00002516      0x1b4 /usr/local/arm-elf-gcc-4.2.1/lib/gcc/arm-elf/4.2.1/../../../../arm-elf/lib/thumb/interwork/libg.a(lib_a-wctomb_r.o)
 .debug_abbrev  0x000026ca      0x179 /usr/local/arm-elf-gcc-4.2.1/lib/gcc/arm-elf/4.2.1/../../../../arm-elf/lib/thumb/interwork/libg.a(lib_a-wsetup.o)
 .debug_abbrev  0x00002843      0x22c /usr/local/arm-elf-gcc-4.2.1/lib/gcc/arm-elf/4.2.1/../../../../arm-elf/lib/thumb/interwork/libg.a(lib_a-dtoa.o)
 .debug_abbrev  0x00002a6f      0x19e /usr/local/arm-elf-gcc-4.2.1/lib/gcc/arm-elf/4.2.1/../../../../arm-elf/lib/thumb/interwork/libg.a(lib_a-fflush.o)
 .debug_abbrev  0x00002c0d      0x279 /usr/local/arm-elf-gcc-4.2.1/lib/gcc/arm-elf/4.2.1/../../../../arm-elf/lib/thumb/interwork/libg.a(lib_a-findfp.o)
 .debug_abbrev  0x00002e86      0x1e2 /usr/local/arm-elf-gcc-4.2.1/lib/gcc/arm-elf/4.2.1/../../../../arm-elf/lib/thumb/interwork/libg.a(lib_a-freer.o)
 .debug_abbrev  0x00003068      0x1bd /usr/local/arm-elf-gcc-4.2.1/lib/gcc/arm-elf/4.2.1/../../../../arm-elf/lib/thumb/interwork/libg.a(lib_a-fvwrite.o)
 .debug_abbrev  0x00003225      0x1ec /usr/local/arm-elf-gcc-4.2.1/lib/gcc/arm-elf/4.2.1/../../../../arm-elf/lib/thumb/interwork/libg.a(lib_a-fwalk.o)
 .debug_abbrev  0x00003411      0x160 /usr/local/arm-elf-gcc-4.2.1/lib/gcc/arm-elf/4.2.1/../../../../arm-elf/lib/thumb/interwork/libg.a(lib_a-impure.o)
 .debug_abbrev  0x00003571      0x220 /usr/local/arm-elf-gcc-4.2.1/lib/gcc/arm-elf/4.2.1/../../../../arm-elf/lib/thumb/interwork/libg.a(lib_a-locale.o)
 .debug_abbrev  0x00003791      0x1a4 /usr/local/arm-elf-gcc-4.2.1/lib/gcc/arm-elf/4.2.1/../../../../arm-elf/lib/thumb/interwork/libg.a(lib_a-makebuf.o)
 .debug_abbrev  0x00003935      0x21f /usr/local/arm-elf-gcc-4.2.1/lib/gcc/arm-elf/4.2.1/../../../../arm-elf/lib/thumb/interwork/libg.a(lib_a-mallocr.o)
 .debug_abbrev  0x00003b54       0xbe /usr/local/arm-elf-gcc-4.2.1/lib/gcc/arm-elf/4.2.1/../../../../arm-elf/lib/thumb/interwork/libg.a(lib_a-memchr.o)
 .debug_abbrev  0x00003c12       0xa2 /usr/local/arm-elf-gcc-4.2.1/lib/gcc/arm-elf/4.2.1/../../../../arm-elf/lib/thumb/interwork/libg.a(lib_a-memmove.o)
 .debug_abbrev  0x00003cb4      0x173 /usr/local/arm-elf-gcc-4.2.1/lib/gcc/arm-elf/4.2.1/../../../../arm-elf/lib/thumb/interwork/libg.a(lib_a-mlock.o)
 .debug_abbrev  0x00003e27      0x291 /usr/local/arm-elf-gcc-4.2.1/lib/gcc/arm-elf/4.2.1/../../../../arm-elf/lib/thumb/interwork/libg.a(lib_a-mprec.o)
 .debug_abbrev  0x000040b8      0x1d9 /usr/local/arm-elf-gcc-4.2.1/lib/gcc/arm-elf/4.2.1/../../../../arm-elf/lib/thumb/interwork/libg.a(lib_a-reallocr.o)
 .debug_abbrev  0x00004291       0x82 /usr/local/arm-elf-gcc-4.2.1/lib/gcc/arm-elf/4.2.1/../../../../arm-elf/lib/thumb/interwork/libg.a(lib_a-s_isinfd.o)
 .debug_abbrev  0x00004313       0x82 /usr/local/arm-elf-gcc-4.2.1/lib/gcc/arm-elf/4.2.1/../../../../arm-elf/lib/thumb/interwork/libg.a(lib_a-s_isnand.o)
 .debug_abbrev  0x00004395      0x195 /usr/local/arm-elf-gcc-4.2.1/lib/gcc/arm-elf/4.2.1/../../../../arm-elf/lib/thumb/interwork/libg.a(lib_a-sbrkr.o)
 .debug_abbrev  0x0000452a      0x1b3 /usr/local/arm-elf-gcc-4.2.1/lib/gcc/arm-elf/4.2.1/../../../../arm-elf/lib/thumb/interwork/libg.a(lib_a-stdio.o)
 .debug_abbrev  0x000046dd       0x7a /usr/local/arm-elf-gcc-4.2.1/lib/gcc/arm-elf/4.2.1/../../../../arm-elf/lib/thumb/interwork/libg.a(lib_a-strcmp.o)
 .debug_abbrev  0x00004757      0x401 /usr/local/arm-elf-gcc-4.2.1/lib/gcc/arm-elf/4.2.1/../../../../arm-elf/lib/thumb/interwork/libg.a(lib_a-syscalls.o)
 .debug_abbrev  0x00004b58      0x18d /usr/local/arm-elf-gcc-4.2.1/lib/gcc/arm-elf/4.2.1/../../../../arm-elf/lib/thumb/interwork/libg.a(lib_a-writer.o)
 .debug_abbrev  0x00004ce5      0x1b8 /usr/local/arm-elf-gcc-4.2.1/lib/gcc/arm-elf/4.2.1/../../../../arm-elf/lib/thumb/interwork/libg.a(lib_a-callocr.o)
 .debug_abbrev  0x00004e9d      0x188 /usr/local/arm-elf-gcc-4.2.1/lib/gcc/arm-elf/4.2.1/../../../../arm-elf/lib/thumb/interwork/libg.a(lib_a-closer.o)
 .debug_abbrev  0x00005025      0x168 /usr/local/arm-elf-gcc-4.2.1/lib/gcc/arm-elf/4.2.1/../../../../arm-elf/lib/thumb/interwork/libg.a(lib_a-errno.o)
 .debug_abbrev  0x0000518d      0x197 /usr/local/arm-elf-gcc-4.2.1/lib/gcc/arm-elf/4.2.1/../../../../arm-elf/lib/thumb/interwork/libg.a(lib_a-fclose.o)
 .debug_abbrev  0x00005324      0x197 /usr/local/arm-elf-gcc-4.2.1/lib/gcc/arm-elf/4.2.1/../../../../arm-elf/lib/thumb/interwork/libg.a(lib_a-fstatr.o)
 .debug_abbrev  0x000054bb      0x195 /usr/local/arm-elf-gcc-4.2.1/lib/gcc/arm-elf/4.2.1/../../../../arm-elf/lib/thumb/interwork/libg.a(lib_a-lseekr.o)
 .debug_abbrev  0x00005650      0x188 /usr/local/arm-elf-gcc-4.2.1/lib/gcc/arm-elf/4.2.1/../../../../arm-elf/lib/thumb/interwork/libg.a(lib_a-readr.o)
 .debug_abbrev  0x000057d8      0x1e3 /usr/local/arm-elf-gcc-4.2.1/lib/gcc/arm-elf/4.2.1/../../../../arm-elf/lib/thumb/interwork/libg.a(lib_a-reent.o)
 .debug_abbrev  0x000059bb       0x14 /usr/local/arm-elf-gcc-4.2.1/lib/gcc/arm-elf/4.2.1/thumb/interwork/libgcc.a(_umodsi3.o)
 .debug_abbrev  0x000059cf       0x14 /usr/local/arm-elf-gcc-4.2.1/lib/gcc/arm-elf/4.2.1/thumb/interwork/libgcc.a(_modsi3.o)
 .debug_abbrev  0x000059e3      0x1be /usr/local/arm-elf-gcc-4.2.1/lib/gcc/arm-elf/4.2.1/thumb/interwork/libgcc.a(_addsub_df.o)
 .debug_abbrev  0x00005ba1      0x1ee /usr/local/arm-elf-gcc-4.2.1/lib/gcc/arm-elf/4.2.1/thumb/interwork/libgcc.a(_mul_df.o)
 .debug_abbrev  0x00005d8f      0x1e2 /usr/local/arm-elf-gcc-4.2.1/lib/gcc/arm-elf/4.2.1/thumb/interwork/libgcc.a(_div_df.o)
 .debug_abbrev  0x00005f71      0x160 /usr/local/arm-elf-gcc-4.2.1/lib/gcc/arm-elf/4.2.1/thumb/interwork/libgcc.a(_eq_df.o)
 .debug_abbrev  0x000060d1      0x160 /usr/local/arm-elf-gcc-4.2.1/lib/gcc/arm-elf/4.2.1/thumb/interwork/libgcc.a(_ne_df.o)
 .debug_abbrev  0x00006231      0x160 /usr/local/arm-elf-gcc-4.2.1/lib/gcc/arm-elf/4.2.1/thumb/interwork/libgcc.a(_gt_df.o)
 .debug_abbrev  0x00006391      0x160 /usr/local/arm-elf-gcc-4.2.1/lib/gcc/arm-elf/4.2.1/thumb/interwork/libgcc.a(_ge_df.o)
 .debug_abbrev  0x000064f1      0x160 /usr/local/arm-elf-gcc-4.2.1/lib/gcc/arm-elf/4.2.1/thumb/interwork/libgcc.a(_lt_df.o)
 .debug_abbrev  0x00006651      0x138 /usr/local/arm-elf-gcc-4.2.1/lib/gcc/arm-elf/4.2.1/thumb/interwork/libgcc.a(_si_to_df.o)
 .debug_abbrev  0x00006789      0x16f /usr/local/arm-elf-gcc-4.2.1/lib/gcc/arm-elf/4.2.1/thumb/interwork/libgcc.a(_df_to_si.o)
 .debug_abbrev  0x000068f8       0xc3 /usr/local/arm-elf-gcc-4.2.1/lib/gcc/arm-elf/4.2.1/thumb/interwork/libgcc.a(_thenan_df.o)
 .debug_abbrev  0x000069bb      0x14c /usr/local/arm-elf-gcc-4.2.1/lib/gcc/arm-elf/4.2.1/thumb/interwork/libgcc.a(_usi_to_df.o)
 .debug_abbrev  0x00006b07       0xf5 /usr/local/arm-elf-gcc-4.2.1/lib/gcc/arm-elf/4.2.1/thumb/interwork/libgcc.a(_muldi3.o)
 .debug_abbrev  0x00006bfc       0xb3 /usr/local/arm-elf-gcc-4.2.1/lib/gcc/arm-elf/4.2.1/thumb/interwork/libgcc.a(_clzsi2.o)
 .debug_abbrev  0x00006caf      0x1b1 /usr/local/arm-elf-gcc-4.2.1/lib/gcc/arm-elf/4.2.1/thumb/interwork/libgcc.a(_pack_df.o)
 .debug_abbrev  0x00006e60      0x154 /usr/local/arm-elf-gcc-4.2.1/lib/gcc/arm-elf/4.2.1/thumb/interwork/libgcc.a(_unpack_df.o)
 .debug_abbrev  0x00006fb4      0x11a /usr/local/arm-elf-gcc-4.2.1/lib/gcc/arm-elf/4.2.1/thumb/interwork/libgcc.a(_fpcmp_parts_df.o)
 .debug_abbrev  0x000070ce       0x6a /usr/local/arm-elf-gcc-4.2.1/lib/gcc/arm-elf/4.2.1/thumb/interwork/libgcc.a(_clz.o)

.debug_info     0x00000000    0x1de22
 .debug_info    0x00000000      0x2f8 ../Common/drivers/LPC/serial/serial.o
 .debug_info    0x000002f8      0x20f ../Common/drivers/LPC/serial/serialISR.o
 .debug_info    0x00000507      0x12b ../Source/portable/GCC/ARM7_LPC23xx/portISR.o
 .debug_info    0x00000632      0x2de ../Common/drivers/LPC/usb/usbcontrol.o
 .debug_info    0x00000910      0x85f ../Common/drivers/LPC/usb/usbhw_lpc.o
 .debug_info    0x0000116f       0xb8 ../Common/drivers/LPC/usb/usbinit.o
 .debug_info    0x00001227      0x468 ../Common/drivers/LPC/usb/usbstdreq.o
 .debug_info    0x0000168f      0x1db main.o
 .debug_info    0x0000186a      0x12c ./ParTest/ParTest.o
 .debug_info    0x00001996      0x2e9 ../Common/Minimal/BlockQ.o
 .debug_info    0x00001c7f      0x237 ../Common/Minimal/blocktim.o
 .debug_info    0x00001eb6      0x121 ../Common/Minimal/flash.o
 .debug_info    0x00001fd7      0x15f ../Common/Minimal/integer.o
 .debug_info    0x00002136      0x273 ../Common/Minimal/GenQTest.o
 .debug_info    0x000023a9      0x257 ../Common/Minimal/QPeek.o
 .debug_info    0x00002600      0x2ca ../Common/Minimal/dynamic.o
 .debug_info    0x000028ca      0x2a0 ../Source/list.o
 .debug_info    0x00002b6a      0x78c ../Source/queue.o
 .debug_info    0x000032f6      0xef2 ../Source/tasks.o
 .debug_info    0x000041e8      0x156 ../Source/portable/GCC/ARM7_LPC23xx/port.o
 .debug_info    0x0000433e      0x271 ../Source/portable/MemMang/heap_2.o
 .debug_info    0x000045af       0x61 /tmp/ccDSZtVa.o
 .debug_info    0x00004610       0x7e /usr/local/arm-elf-gcc-4.2.1/lib/gcc/arm-elf/4.2.1/thumb/interwork/libgcc.a(_udivsi3.o)
 .debug_info    0x0000468e       0x7e /usr/local/arm-elf-gcc-4.2.1/lib/gcc/arm-elf/4.2.1/thumb/interwork/libgcc.a(_divsi3.o)
 .debug_info    0x0000470c       0x7e /usr/local/arm-elf-gcc-4.2.1/lib/gcc/arm-elf/4.2.1/thumb/interwork/libgcc.a(_dvmd_tls.o)
 .debug_info    0x0000478a      0x10c /usr/local/arm-elf-gcc-4.2.1/lib/gcc/arm-elf/4.2.1/../../../../arm-elf/lib/thumb/interwork/libg.a(lib_a-memcpy.o)
 .debug_info    0x00004896      0x10e /usr/local/arm-elf-gcc-4.2.1/lib/gcc/arm-elf/4.2.1/../../../../arm-elf/lib/thumb/interwork/libg.a(lib_a-memset.o)
 .debug_info    0x000049a4      0xa04 /usr/local/arm-elf-gcc-4.2.1/lib/gcc/arm-elf/4.2.1/../../../../arm-elf/lib/thumb/interwork/libg.a(lib_a-sprintf.o)
 .debug_info    0x000053a8       0xe2 /usr/local/arm-elf-gcc-4.2.1/lib/gcc/arm-elf/4.2.1/../../../../arm-elf/lib/thumb/interwork/libg.a(lib_a-strcat.o)
 .debug_info    0x0000548a      0x109 /usr/local/arm-elf-gcc-4.2.1/lib/gcc/arm-elf/4.2.1/../../../../arm-elf/lib/thumb/interwork/libg.a(lib_a-strcpy.o)
 .debug_info    0x00005593       0xd2 /usr/local/arm-elf-gcc-4.2.1/lib/gcc/arm-elf/4.2.1/../../../../arm-elf/lib/thumb/interwork/libg.a(lib_a-strlen.o)
 .debug_info    0x00005665      0x123 /usr/local/arm-elf-gcc-4.2.1/lib/gcc/arm-elf/4.2.1/../../../../arm-elf/lib/thumb/interwork/libg.a(lib_a-strncpy.o)
 .debug_info    0x00005788     0x112e /usr/local/arm-elf-gcc-4.2.1/lib/gcc/arm-elf/4.2.1/../../../../arm-elf/lib/thumb/interwork/libg.a(lib_a-vfprintf.o)
 .debug_info    0x000068b6      0x9eb /usr/local/arm-elf-gcc-4.2.1/lib/gcc/arm-elf/4.2.1/../../../../arm-elf/lib/thumb/interwork/libg.a(lib_a-wcrtomb.o)
 .debug_info    0x000072a1      0xa7c /usr/local/arm-elf-gcc-4.2.1/lib/gcc/arm-elf/4.2.1/../../../../arm-elf/lib/thumb/interwork/libg.a(lib_a-wcsrtombs.o)
 .debug_info    0x00007d1d      0x9f3 /usr/local/arm-elf-gcc-4.2.1/lib/gcc/arm-elf/4.2.1/../../../../arm-elf/lib/thumb/interwork/libg.a(lib_a-wctomb_r.o)
 .debug_info    0x00008710      0x936 /usr/local/arm-elf-gcc-4.2.1/lib/gcc/arm-elf/4.2.1/../../../../arm-elf/lib/thumb/interwork/libg.a(lib_a-wsetup.o)
 .debug_info    0x00009046      0xd55 /usr/local/arm-elf-gcc-4.2.1/lib/gcc/arm-elf/4.2.1/../../../../arm-elf/lib/thumb/interwork/libg.a(lib_a-dtoa.o)
 .debug_info    0x00009d9b      0x99a /usr/local/arm-elf-gcc-4.2.1/lib/gcc/arm-elf/4.2.1/../../../../arm-elf/lib/thumb/interwork/libg.a(lib_a-fflush.o)
 .debug_info    0x0000a735      0xb65 /usr/local/arm-elf-gcc-4.2.1/lib/gcc/arm-elf/4.2.1/../../../../arm-elf/lib/thumb/interwork/libg.a(lib_a-findfp.o)
 .debug_info    0x0000b29a      0xbb1 /usr/local/arm-elf-gcc-4.2.1/lib/gcc/arm-elf/4.2.1/../../../../arm-elf/lib/thumb/interwork/libg.a(lib_a-freer.o)
 .debug_info    0x0000be4b      0xa75 /usr/local/arm-elf-gcc-4.2.1/lib/gcc/arm-elf/4.2.1/../../../../arm-elf/lib/thumb/interwork/libg.a(lib_a-fvwrite.o)
 .debug_info    0x0000c8c0      0xad5 /usr/local/arm-elf-gcc-4.2.1/lib/gcc/arm-elf/4.2.1/../../../../arm-elf/lib/thumb/interwork/libg.a(lib_a-fwalk.o)
 .debug_info    0x0000d395      0x91e /usr/local/arm-elf-gcc-4.2.1/lib/gcc/arm-elf/4.2.1/../../../../arm-elf/lib/thumb/interwork/libg.a(lib_a-impure.o)
 .debug_info    0x0000dcb3      0xb82 /usr/local/arm-elf-gcc-4.2.1/lib/gcc/arm-elf/4.2.1/../../../../arm-elf/lib/thumb/interwork/libg.a(lib_a-locale.o)
 .debug_info    0x0000e835      0xad9 /usr/local/arm-elf-gcc-4.2.1/lib/gcc/arm-elf/4.2.1/../../../../arm-elf/lib/thumb/interwork/libg.a(lib_a-makebuf.o)
 .debug_info    0x0000f30e      0xcb4 /usr/local/arm-elf-gcc-4.2.1/lib/gcc/arm-elf/4.2.1/../../../../arm-elf/lib/thumb/interwork/libg.a(lib_a-mallocr.o)
 .debug_info    0x0000ffc2      0x12d /usr/local/arm-elf-gcc-4.2.1/lib/gcc/arm-elf/4.2.1/../../../../arm-elf/lib/thumb/interwork/libg.a(lib_a-memchr.o)
 .debug_info    0x000100ef      0x13b /usr/local/arm-elf-gcc-4.2.1/lib/gcc/arm-elf/4.2.1/../../../../arm-elf/lib/thumb/interwork/libg.a(lib_a-memmove.o)
 .debug_info    0x0001022a      0x938 /usr/local/arm-elf-gcc-4.2.1/lib/gcc/arm-elf/4.2.1/../../../../arm-elf/lib/thumb/interwork/libg.a(lib_a-mlock.o)