Archive member included because of file (symbol)

../usbstack.a(usbhw_lpc.o)    main_custom.o (USBHwConnect)
../usbstack.a(usbcontrol.o)   main_custom.o (USBRegisterRequestHandler)
../usbstack.a(usbstdreq.o)    main_custom.o (USBRegisterDescriptors)
../usbstack.a(usbinit.o)      main_custom.o (USBInit)
/usr/local/arm-elf-gcc-4.2.1/lib/gcc/arm-elf/4.2.1/libgcc.a(_udivsi3.o)
                              printf.o (__udivsi3)
/usr/local/arm-elf-gcc-4.2.1/lib/gcc/arm-elf/4.2.1/libgcc.a(_umodsi3.o)
                              printf.o (__umodsi3)
/usr/local/arm-elf-gcc-4.2.1/lib/gcc/arm-elf/4.2.1/libgcc.a(_dvmd_tls.o)
                              /usr/local/arm-elf-gcc-4.2.1/lib/gcc/arm-elf/4.2.1/libgcc.a(_udivsi3.o) (__div0)

Memory Configuration

Name             Origin             Length             Attributes
flash            0x00000000         0x00080000
ram_isp_low      0x40000120         0x000000df         a
ram              0x40000200         0x00007f01
ram_isp_high     0x40007fe0         0x00000020         a
ram_usb_dma      0x7fd00000         0x00002000
*default*        0x00000000         0xffffffff

Linker script and memory map

LOAD crt.o
LOAD halsys.o
LOAD printf.o
LOAD console.o
LOAD main_custom.o
LOAD ../usbstack.a
START GROUP
LOAD /usr/local/arm-elf-gcc-4.2.1/lib/gcc/arm-elf/4.2.1/libgcc.a
LOAD /usr/local/arm-elf-gcc-4.2.1/lib/gcc/arm-elf/4.2.1/../../../../arm-elf/lib/libc.a
END GROUP
                0x40007edc                _stack_end = 0x40007edc
                0x00000000                . = 0x0

startup
 *(.startup)

.text           0x00000000     0x1ef8
 *(.text)
 .text          0x00000000       0xd8 crt.o
                0x00000000                _startup
                0x00000040                Reset_Handler
 .text          0x000000d8      0x150 halsys.o
                0x000000e4                UNDEF_Routine
                0x000000e0                SWI_Routine
                0x00000150                HalSysGetPCLK
                0x000000dc                FIQ_Routine
                0x00000144                HalSysGetCCLK
                0x000000e8                HalSysPinSelect
                0x000000d8                IRQ_Routine
                0x000001b8                HalSysInit
                0x0000015c                HalPinSelect
 .text          0x00000228      0x45c printf.o
                0x00000650                printf
                0x00000618                sprintf
 .text          0x00000684       0xd8 console.o
                0x000006d0                putchar
                0x00000684                ConsoleInit
                0x00000728                puts
                0x0000070c                getchar
 .text          0x0000075c      0x1d0 main_custom.o
                0x0000075c                main
 .text          0x0000092c      0x874 ../usbstack.a(usbhw_lpc.o)
                0x00000b60                USBHwEPRead
                0x00000cb0                USBHwISR
                0x00000fc4                USBDisableDMAForEndpoint
                0x00000ad4                USBHwEPWrite
                0x00000fec                USBEnableDMAForEndpoint
                0x00000bfc                USBHwISOCEPRead
                0x000009f0                USBHwEPConfig
                0x00000a48                USBHwSetAddress
                0x00000a58                USBHwConnect
                0x00000ab4                USBHwEPStall
                0x00001068                USBSetHeadDDForDMA
                0x00001080                USBInitializeUSBDMA
                0x000010d4                USBHwRegisterDevIntHandler
                0x00001100                USBHwRegisterEPIntHandler
                0x00000f4c                USBSetupDMADescriptor
                0x00000ca0                USBHwConfigDevice
                0x00000a88                USBHwNakIntEnable
                0x00000e10                USBHwInit
                0x000010a8                USBHwRegisterFrameHandler
                0x00000a94                USBHwEPGetStatus
                0x00001014                USBInitializeISOCFrameArray
 .text          0x000011a0      0x350 ../usbstack.a(usbcontrol.o)
                0x00001320                USBHandleControlTransfer
                0x000011a0                USBRegisterRequestHandler
 .text          0x000014f0      0x428 ../usbstack.a(usbstdreq.o)
                0x00001510                USBGetDescriptor
                0x00001500                USBRegisterCustomReqHandler
                0x000014f0                USBRegisterDescriptors
                0x000015e0                USBHandleStandardRequest
 .text          0x00001918       0x80 ../usbstack.a(usbinit.o)
                0x00001918                USBInit
 .text          0x00001998      0x110 /usr/local/arm-elf-gcc-4.2.1/lib/gcc/arm-elf/4.2.1/libgcc.a(_udivsi3.o)
                0x00001998                __udivsi3
                0x00001998                __aeabi_uidiv
                0x00001a90                __aeabi_uidivmod
 .text          0x00001aa8       0xcc /usr/local/arm-elf-gcc-4.2.1/lib/gcc/arm-elf/4.2.1/libgcc.a(_umodsi3.o)
                0x00001aa8                __umodsi3
 .text          0x00001b74        0x4 /usr/local/arm-elf-gcc-4.2.1/lib/gcc/arm-elf/4.2.1/libgcc.a(_dvmd_tls.o)
                0x00001b74                __aeabi_ldiv0
                0x00001b74                __div0
                0x00001b74                __aeabi_idiv0
 *(.rodata)
 .rodata        0x00001b78       0x71 main_custom.o
 *fill*         0x00001be9        0x3 00
 .rodata        0x00001bec       0x1c ../usbstack.a(usbhw_lpc.o)
 .rodata        0x00001c08       0x38 ../usbstack.a(usbcontrol.o)
 .rodata        0x00001c40       0x28 ../usbstack.a(usbstdreq.o)
 *(.rodata*)
 .rodata.str1.4
                0x00001c68        0x7 printf.o
                                  0x8 (size before relaxing)
 *fill*         0x00001c6f        0x1 00
 .rodata.str1.4
                0x00001c70       0x80 main_custom.o
 .rodata.str1.4
                0x00001cf0       0xa4 ../usbstack.a(usbhw_lpc.o)
 .rodata.str1.4
                0x00001d94       0xa2 ../usbstack.a(usbcontrol.o)
                                 0xd0 (size before relaxing)
 *fill*         0x00001e36        0x2 00
 .rodata.str1.4
                0x00001e38       0xbb ../usbstack.a(usbstdreq.o)
                                 0xe4 (size before relaxing)
 *fill*         0x00001ef3        0x1 00
 .rodata.str1.4
                0x00001ef4        0x4 ../usbstack.a(usbinit.o)
 *(.glue_7)
 .glue_7        0x00001ef8        0x0 crt.o
 .glue_7        0x00001ef8        0x0 halsys.o
 .glue_7        0x00001ef8        0x0 printf.o
 .glue_7        0x00001ef8        0x0 console.o
 .glue_7        0x00001ef8        0x0 main_custom.o
 .glue_7        0x00001ef8        0x0 ../usbstack.a(usbhw_lpc.o)
 .glue_7        0x00001ef8        0x0 ../usbstack.a(usbcontrol.o)
 .glue_7        0x00001ef8        0x0 ../usbstack.a(usbstdreq.o)
 .glue_7        0x00001ef8        0x0 ../usbstack.a(usbinit.o)
 .glue_7        0x00001ef8        0x0 /usr/local/arm-elf-gcc-4.2.1/lib/gcc/arm-elf/4.2.1/libgcc.a(_udivsi3.o)
 .glue_7        0x00001ef8        0x0 /usr/local/arm-elf-gcc-4.2.1/lib/gcc/arm-elf/4.2.1/libgcc.a(_umodsi3.o)
 .glue_7        0x00001ef8        0x0 /usr/local/arm-elf-gcc-4.2.1/lib/gcc/arm-elf/4.2.1/libgcc.a(_dvmd_tls.o)
 *(.glue_7t)
 .glue_7t       0x00001ef8        0x0 crt.o
 .glue_7t       0x00001ef8        0x0 halsys.o
 .glue_7t       0x00001ef8        0x0 printf.o
 .glue_7t       0x00001ef8        0x0 console.o
 .glue_7t       0x00001ef8        0x0 main_custom.o
 .glue_7t       0x00001ef8        0x0 ../usbstack.a(usbhw_lpc.o)
 .glue_7t       0x00001ef8        0x0 ../usbstack.a(usbcontrol.o)
 .glue_7t       0x00001ef8        0x0 ../usbstack.a(usbstdreq.o)
 .glue_7t       0x00001ef8        0x0 ../usbstack.a(usbinit.o)
 .glue_7t       0x00001ef8        0x0 /usr/local/arm-elf-gcc-4.2.1/lib/gcc/arm-elf/4.2.1/libgcc.a(_udivsi3.o)
 .glue_7t       0x00001ef8        0x0 /usr/local/arm-elf-gcc-4.2.1/lib/gcc/arm-elf/4.2.1/libgcc.a(_umodsi3.o)
 .glue_7t       0x00001ef8        0x0 /usr/local/arm-elf-gcc-4.2.1/lib/gcc/arm-elf/4.2.1/libgcc.a(_dvmd_tls.o)
                0x00001ef8                _etext = .

.usbdma         0x7fd00000        0x0
 *(.usbdma)
                0x7fd00000                . = ALIGN (0x4)

.data           0x40000200        0x0 load address 0x00001ef8
                0x40000200                _data = .
 *(.data)
 .data          0x40000200        0x0 crt.o
 .data          0x40000200        0x0 halsys.o
 .data          0x40000200        0x0 printf.o
 .data          0x40000200        0x0 console.o
 .data          0x40000200        0x0 main_custom.o
 .data          0x40000200        0x0 ../usbstack.a(usbhw_lpc.o)
 .data          0x40000200        0x0 ../usbstack.a(usbcontrol.o)
 .data          0x40000200        0x0 ../usbstack.a(usbstdreq.o)
 .data          0x40000200        0x0 ../usbstack.a(usbinit.o)
 .data          0x40000200        0x0 /usr/local/arm-elf-gcc-4.2.1/lib/gcc/arm-elf/4.2.1/libgcc.a(_udivsi3.o)
 .data          0x40000200        0x0 /usr/local/arm-elf-gcc-4.2.1/lib/gcc/arm-elf/4.2.1/libgcc.a(_umodsi3.o)
 .data          0x40000200        0x0 /usr/local/arm-elf-gcc-4.2.1/lib/gcc/arm-elf/4.2.1/libgcc.a(_dvmd_tls.o)
                0x40000200                _edata = .

.bss            0x40000200       0xa0
                0x40000200                _bss_start = .
 *(.bss)
 .bss           0x40000200        0x0 crt.o
 .bss           0x40000200        0x0 halsys.o
 .bss           0x40000200        0x0 printf.o
 .bss           0x40000200        0x0 console.o
 .bss           0x40000200       0x10 main_custom.o
 .bss           0x40000210       0x48 ../usbstack.a(usbhw_lpc.o)
 .bss           0x40000258       0x34 ../usbstack.a(usbcontrol.o)
 .bss           0x4000028c        0xc ../usbstack.a(usbstdreq.o)
 .bss           0x40000298        0x8 ../usbstack.a(usbinit.o)
 .bss           0x400002a0        0x0 /usr/local/arm-elf-gcc-4.2.1/lib/gcc/arm-elf/4.2.1/libgcc.a(_udivsi3.o)
 .bss           0x400002a0        0x0 /usr/local/arm-elf-gcc-4.2.1/lib/gcc/arm-elf/4.2.1/libgcc.a(_umodsi3.o)
 .bss           0x400002a0        0x0 /usr/local/arm-elf-gcc-4.2.1/lib/gcc/arm-elf/4.2.1/libgcc.a(_dvmd_tls.o)
                0x400002a0                . = ALIGN (0x4)
                0x400002a0                _bss_end = .
                0x400002a0                _end = .
OUTPUT(custom.elf elf32-littlearm)

.debug_abbrev   0x00000000      0xb02
 .debug_abbrev  0x00000000       0xc9 halsys.o
 .debug_abbrev  0x000000c9      0x158 printf.o
 .debug_abbrev  0x00000221       0xb8 console.o
 .debug_abbrev  0x000002d9      0x117 main_custom.o
 .debug_abbrev  0x000003f0      0x295 ../usbstack.a(usbhw_lpc.o)
 .debug_abbrev  0x00000685      0x152 ../usbstack.a(usbcontrol.o)
 .debug_abbrev  0x000007d7      0x246 ../usbstack.a(usbstdreq.o)
 .debug_abbrev  0x00000a1d       0xa9 ../usbstack.a(usbinit.o)
 .debug_abbrev  0x00000ac6       0x14 /usr/local/arm-elf-gcc-4.2.1/lib/gcc/arm-elf/4.2.1/libgcc.a(_udivsi3.o)
 .debug_abbrev  0x00000ada       0x14 /usr/local/arm-elf-gcc-4.2.1/lib/gcc/arm-elf/4.2.1/libgcc.a(_umodsi3.o)
 .debug_abbrev  0x00000aee       0x14 /usr/local/arm-elf-gcc-4.2.1/lib/gcc/arm-elf/4.2.1/libgcc.a(_dvmd_tls.o)

.debug_info     0x00000000     0x1afd
 .debug_info    0x00000000      0x174 halsys.o
 .debug_info    0x00000174      0x352 printf.o
 .debug_info    0x000004c6       0xd2 console.o
 .debug_info    0x00000598      0x26a main_custom.o
 .debug_info    0x00000802      0x8d2 ../usbstack.a(usbhw_lpc.o)
 .debug_info    0x000010d4      0x33b ../usbstack.a(usbcontrol.o)
 .debug_info    0x0000140f      0x4ba ../usbstack.a(usbstdreq.o)
 .debug_info    0x000018c9       0xba ../usbstack.a(usbinit.o)
 .debug_info    0x00001983       0x7e /usr/local/arm-elf-gcc-4.2.1/lib/gcc/arm-elf/4.2.1/libgcc.a(_udivsi3.o)
 .debug_info    0x00001a01       0x7e /usr/local/arm-elf-gcc-4.2.1/lib/gcc/arm-elf/4.2.1/libgcc.a(_umodsi3.o)
 .debug_info    0x00001a7f       0x7e /usr/local/arm-elf-gcc-4.2.1/lib/gcc/arm-elf/4.2.1/libgcc.a(_dvmd_tls.o)

.debug_line     0x00000000      0x835
 .debug_line    0x00000000       0x91 halsys.o
 .debug_line    0x00000091      0x10f printf.o
 .debug_line    0x000001a0       0x57 console.o
 .debug_line    0x000001f7       0xa0 main_custom.o
 .debug_line    0x00000297      0x209 ../usbstack.a(usbhw_lpc.o)
 .debug_line    0x000004a0       0xd2 ../usbstack.a(usbcontrol.o)
 .debug_line    0x00000572      0x105 ../usbstack.a(usbstdreq.o)
 .debug_line    0x00000677       0x54 ../usbstack.a(usbinit.o)
 .debug_line    0x000006cb       0x8f /usr/local/arm-elf-gcc-4.2.1/lib/gcc/arm-elf/4.2.1/libgcc.a(_udivsi3.o)
 .debug_line    0x0000075a       0x78 /usr/local/arm-elf-gcc-4.2.1/lib/gcc/arm-elf/4.2.1/libgcc.a(_umodsi3.o)
 .debug_line    0x000007d2       0x63 /usr/local/arm-elf-gcc-4.2.1/lib/gcc/arm-elf/4.2.1/libgcc.a(_dvmd_tls.o)

.debug_frame    0x00000000      0x5e8
 .debug_frame   0x00000000       0xa0 halsys.o
 .debug_frame   0x000000a0       0xd8 printf.o
 .debug_frame   0x00000178       0x58 console.o
 .debug_frame   0x000001d0       0x78 main_custom.o
 .debug_frame   0x00000248      0x20c ../usbstack.a(usbhw_lpc.o)
 .debug_frame   0x00000454       0x98 ../usbstack.a(usbcontrol.o)
 .debug_frame   0x000004ec       0x74 ../usbstack.a(usbstdreq.o)
 .debug_frame   0x00000560       0x38 ../usbstack.a(usbinit.o)
 .debug_frame   0x00000598       0x28 /usr/local/arm-elf-gcc-4.2.1/lib/gcc/arm-elf/4.2.1/libgcc.a(_udivsi3.o)
 .debug_frame   0x000005c0       0x28 /usr/local/arm-elf-gcc-4.2.1/lib/gcc/arm-elf/4.2.1/libgcc.a(_umodsi3.o)

.debug_loc      0x00000000     0x1432
 .debug_loc     0x00000000       0x8e halsys.o
 .debug_loc     0x0000008e      0x5e4 printf.o
 .debug_loc     0x00000672       0x63 console.o
 .debug_loc     0x000006d5      0x174 main_custom.o
 .debug_loc     0x00000849      0x5ed ../usbstack.a(usbhw_lpc.o)
 .debug_loc     0x00000e36      0x297 ../usbstack.a(usbcontrol.o)
 .debug_loc     0x000010cd      0x333 ../usbstack.a(usbstdreq.o)
 .debug_loc     0x00001400       0x32 ../usbstack.a(usbinit.o)

.debug_pubnames
                0x00000000      0x405
 .debug_pubnames
                0x00000000       0xac halsys.o
 .debug_pubnames
                0x000000ac       0x29 printf.o
 .debug_pubnames
                0x000000d5       0x43 console.o
 .debug_pubnames
                0x00000118       0x1b main_custom.o
 .debug_pubnames
                0x00000133      0x1e8 ../usbstack.a(usbhw_lpc.o)
 .debug_pubnames
                0x0000031b       0x4d ../usbstack.a(usbcontrol.o)
 .debug_pubnames
                0x00000368       0x7f ../usbstack.a(usbstdreq.o)
 .debug_pubnames
                0x000003e7       0x1e ../usbstack.a(usbinit.o)

.debug_aranges  0x00000000      0x160
 .debug_aranges
                0x00000000       0x20 halsys.o
 .debug_aranges
                0x00000020       0x20 printf.o
 .debug_aranges
                0x00000040       0x20 console.o
 .debug_aranges
                0x00000060       0x20 main_custom.o
 .debug_aranges
                0x00000080       0x20 ../usbstack.a(usbhw_lpc.o)
 .debug_aranges
                0x000000a0       0x20 ../usbstack.a(usbcontrol.o)
 .debug_aranges
                0x000000c0       0x20 ../usbstack.a(usbstdreq.o)
 .debug_aranges
                0x000000e0       0x20 ../usbstack.a(usbinit.o)
 .debug_aranges
                0x00000100       0x20 /usr/local/arm-elf-gcc-4.2.1/lib/gcc/arm-elf/4.2.1/libgcc.a(_udivsi3.o)
 .debug_aranges
                0x00000120       0x20 /usr/local/arm-elf-gcc-4.2.1/lib/gcc/arm-elf/4.2.1/libgcc.a(_umodsi3.o)
 .debug_aranges
                0x00000140       0x20 /usr/local/arm-elf-gcc-4.2.1/lib/gcc/arm-elf/4.2.1/libgcc.a(_dvmd_tls.o)

.debug_ranges   0x00000000      0x130
 .debug_ranges  0x00000000       0x30 halsys.o
 .debug_ranges  0x00000030       0x80 ../usbstack.a(usbhw_lpc.o)
 .debug_ranges  0x000000b0       0x80 ../usbstack.a(usbstdreq.o)

.debug_str      0x00000000      0x913
 .debug_str     0x00000000      0x103 halsys.o
                                0x110 (size before relaxing)
 .debug_str     0x00000103       0xb4 printf.o
                                 0xe1 (size before relaxing)
 .debug_str     0x000001b7       0x34 console.o
                                 0x8c (size before relaxing)
 .debug_str     0x000001eb       0xd4 main_custom.o
                                0x15f (size before relaxing)
 .debug_str     0x000002bf      0x417 ../usbstack.a(usbhw_lpc.o)
                                0x466 (size before relaxing)
 .debug_str     0x000006d6       0xa4 ../usbstack.a(usbcontrol.o)
                                0x1a4 (size before relaxing)
 .debug_str     0x0000077a      0x160 ../usbstack.a(usbstdreq.o)
                                0x24b (size before relaxing)
 .debug_str     0x000008da       0x39 ../usbstack.a(usbinit.o)
                                 0xa0 (size before relaxing)

.comment        0x00000000       0x90
 .comment       0x00000000       0x12 halsys.o
 .comment       0x00000012       0x12 printf.o
 .comment       0x00000024       0x12 console.o
 .comment       0x00000036       0x12 main_custom.o
 .comment       0x00000048       0x12 ../usbstack.a(usbhw_lpc.o)
 .comment       0x0000005a       0x12 ../usbstack.a(usbcontrol.o)
 .comment       0x0000006c       0x12 ../usbstack.a(usbstdreq.o)
 .comment       0x0000007e       0x12 ../usbstack.a(usbinit.o)
