Archive member included because of file (symbol)

../usbstack.a(usbhw_lpc.o)    isoc_io_sample.o (USBHwConnect)
../usbstack.a(usbcontrol.o)   isoc_io_sample.o (USBRegisterRequestHandler)
../usbstack.a(usbstdreq.o)    isoc_io_sample.o (USBRegisterDescriptors)
../usbstack.a(usbinit.o)      isoc_io_sample.o (USBInit)
/usr/local/arm-elf-gcc-4.2.1/lib/gcc/arm-elf/4.2.1/libgcc.a(_udivsi3.o)
                              printf.o (__udivsi3)
/usr/local/arm-elf-gcc-4.2.1/lib/gcc/arm-elf/4.2.1/libgcc.a(_umodsi3.o)
                              printf.o (__umodsi3)
/usr/local/arm-elf-gcc-4.2.1/lib/gcc/arm-elf/4.2.1/libgcc.a(_dvmd_tls.o)
                              /usr/local/arm-elf-gcc-4.2.1/lib/gcc/arm-elf/4.2.1/libgcc.a(_udivsi3.o) (__div0)

Allocating common symbols
Common symbol       size              file

outputIsocDataBuffer
                    0x400             isoc_io_sample.o
inputIsocDataBuffer
                    0x4               isoc_io_sample.o

Memory Configuration

Name             Origin             Length             Attributes
flash            0x00000000         0x00080000
ram_isp_low      0x40000120         0x000000df         a
ram              0x40000200         0x00007f01
ram_isp_high     0x40007fe0         0x00000020         a
ram_usb_dma      0x7fd00000         0x00002000
*default*        0x00000000         0xffffffff

Linker script and memory map

LOAD crt.o
LOAD halsys.o
LOAD printf.o
LOAD console.o
LOAD isoc_io_sample.o
LOAD armVIC.o
LOAD ../usbstack.a
START GROUP
LOAD /usr/local/arm-elf-gcc-4.2.1/lib/gcc/arm-elf/4.2.1/libgcc.a
LOAD /usr/local/arm-elf-gcc-4.2.1/lib/gcc/arm-elf/4.2.1/../../../../arm-elf/lib/libc.a
END GROUP
                0x40007edc                _stack_end = 0x40007edc
                0x00000000                . = 0x0

startup
 *(.startup)

.text           0x00000000     0x1fbc
 *(.text)
 .text          0x00000000       0xd8 crt.o
                0x00000000                _startup
                0x00000040                Reset_Handler
 .text          0x000000d8      0x150 halsys.o
                0x000000e4                UNDEF_Routine
                0x000000e0                SWI_Routine
                0x00000150                HalSysGetPCLK
                0x000000dc                FIQ_Routine
                0x00000144                HalSysGetCCLK
                0x000000e8                HalSysPinSelect
                0x000000d8                IRQ_Routine
                0x000001b8                HalSysInit
                0x0000015c                HalPinSelect
 .text          0x00000228      0x45c printf.o
                0x00000650                printf
                0x00000618                sprintf
 .text          0x00000684       0xd8 console.o
                0x000006d0                putchar
                0x00000684                ConsoleInit
                0x00000728                puts
                0x0000070c                getchar
 .text          0x0000075c      0x250 isoc_io_sample.o
                0x0000090c                USBFrameHandler
                0x000007a8                main
 .text          0x000009ac       0x78 armVIC.o
                0x000009ac                restoreIRQ
                0x000009f4                enableFIQ
                0x000009e4                disableFIQ
                0x00000a14                enableIRQ
                0x000009c8                restoreFIQ
                0x00000a04                disableIRQ
 .text          0x00000a24      0x874 ../usbstack.a(usbhw_lpc.o)
                0x00000c58                USBHwEPRead
                0x00000da8                USBHwISR
                0x000010bc                USBDisableDMAForEndpoint
                0x00000bcc                USBHwEPWrite
                0x000010e4                USBEnableDMAForEndpoint
                0x00000cf4                USBHwISOCEPRead
                0x00000ae8                USBHwEPConfig
                0x00000b40                USBHwSetAddress
                0x00000b50                USBHwConnect
                0x00000bac                USBHwEPStall
                0x00001160                USBSetHeadDDForDMA
                0x00001178                USBInitializeUSBDMA
                0x000011cc                USBHwRegisterDevIntHandler
                0x000011f8                USBHwRegisterEPIntHandler
                0x00001044                USBSetupDMADescriptor
                0x00000d98                USBHwConfigDevice
                0x00000b80                USBHwNakIntEnable
                0x00000f08                USBHwInit
                0x000011a0                USBHwRegisterFrameHandler
                0x00000b8c                USBHwEPGetStatus
                0x0000110c                USBInitializeISOCFrameArray
 .text          0x00001298      0x350 ../usbstack.a(usbcontrol.o)
                0x00001418                USBHandleControlTransfer
                0x00001298                USBRegisterRequestHandler
 .text          0x000015e8      0x428 ../usbstack.a(usbstdreq.o)
                0x00001608                USBGetDescriptor
                0x000015f8                USBRegisterCustomReqHandler
                0x000015e8                USBRegisterDescriptors
                0x000016d8                USBHandleStandardRequest
 .text          0x00001a10       0x80 ../usbstack.a(usbinit.o)
                0x00001a10                USBInit
 .text          0x00001a90      0x110 /usr/local/arm-elf-gcc-4.2.1/lib/gcc/arm-elf/4.2.1/libgcc.a(_udivsi3.o)
                0x00001a90                __udivsi3
                0x00001a90                __aeabi_uidiv
                0x00001b88                __aeabi_uidivmod
 .text          0x00001ba0       0xcc /usr/local/arm-elf-gcc-4.2.1/lib/gcc/arm-elf/4.2.1/libgcc.a(_umodsi3.o)
                0x00001ba0                __umodsi3
 .text          0x00001c6c        0x4 /usr/local/arm-elf-gcc-4.2.1/lib/gcc/arm-elf/4.2.1/libgcc.a(_dvmd_tls.o)
                0x00001c6c                __aeabi_ldiv0
                0x00001c6c                __div0
                0x00001c6c                __aeabi_idiv0
 *(.rodata)
 .rodata        0x00001c70       0x6b isoc_io_sample.o
 *fill*         0x00001cdb        0x1 00
 .rodata        0x00001cdc       0x1c ../usbstack.a(usbhw_lpc.o)
 .rodata        0x00001cf8       0x38 ../usbstack.a(usbcontrol.o)
 .rodata        0x00001d30       0x28 ../usbstack.a(usbstdreq.o)
 *(.rodata*)
 .rodata.str1.4
                0x00001d58        0x7 printf.o
                                  0x8 (size before relaxing)
 *fill*         0x00001d5f        0x1 00
 .rodata.str1.4
                0x00001d60       0x54 isoc_io_sample.o
 .rodata.str1.4
                0x00001db4       0xa4 ../usbstack.a(usbhw_lpc.o)
 .rodata.str1.4
                0x00001e58       0xa2 ../usbstack.a(usbcontrol.o)
                                 0xd0 (size before relaxing)
 *fill*         0x00001efa        0x2 00
 .rodata.str1.4
                0x00001efc       0xbb ../usbstack.a(usbstdreq.o)
                                 0xe4 (size before relaxing)
 *fill*         0x00001fb7        0x1 00
 .rodata.str1.4
                0x00001fb8        0x4 ../usbstack.a(usbinit.o)
 *(.glue_7)
 .glue_7        0x00001fbc        0x0 crt.o
 .glue_7        0x00001fbc        0x0 halsys.o
 .glue_7        0x00001fbc        0x0 printf.o
 .glue_7        0x00001fbc        0x0 console.o
 .glue_7        0x00001fbc        0x0 isoc_io_sample.o
 .glue_7        0x00001fbc        0x0 armVIC.o
 .glue_7        0x00001fbc        0x0 ../usbstack.a(usbhw_lpc.o)
 .glue_7        0x00001fbc        0x0 ../usbstack.a(usbcontrol.o)
 .glue_7        0x00001fbc        0x0 ../usbstack.a(usbstdreq.o)
 .glue_7        0x00001fbc        0x0 ../usbstack.a(usbinit.o)
 .glue_7        0x00001fbc        0x0 /usr/local/arm-elf-gcc-4.2.1/lib/gcc/arm-elf/4.2.1/libgcc.a(_udivsi3.o)
 .glue_7        0x00001fbc        0x0 /usr/local/arm-elf-gcc-4.2.1/lib/gcc/arm-elf/4.2.1/libgcc.a(_umodsi3.o)
 .glue_7        0x00001fbc        0x0 /usr/local/arm-elf-gcc-4.2.1/lib/gcc/arm-elf/4.2.1/libgcc.a(_dvmd_tls.o)
 *(.glue_7t)
 .glue_7t       0x00001fbc        0x0 crt.o
 .glue_7t       0x00001fbc        0x0 halsys.o
 .glue_7t       0x00001fbc        0x0 printf.o
 .glue_7t       0x00001fbc        0x0 console.o
 .glue_7t       0x00001fbc        0x0 isoc_io_sample.o
 .glue_7t       0x00001fbc        0x0 armVIC.o
 .glue_7t       0x00001fbc        0x0 ../usbstack.a(usbhw_lpc.o)
 .glue_7t       0x00001fbc        0x0 ../usbstack.a(usbcontrol.o)
 .glue_7t       0x00001fbc        0x0 ../usbstack.a(usbstdreq.o)
 .glue_7t       0x00001fbc        0x0 ../usbstack.a(usbinit.o)
 .glue_7t       0x00001fbc        0x0 /usr/local/arm-elf-gcc-4.2.1/lib/gcc/arm-elf/4.2.1/libgcc.a(_udivsi3.o)
 .glue_7t       0x00001fbc        0x0 /usr/local/arm-elf-gcc-4.2.1/lib/gcc/arm-elf/4.2.1/libgcc.a(_umodsi3.o)
 .glue_7t       0x00001fbc        0x0 /usr/local/arm-elf-gcc-4.2.1/lib/gcc/arm-elf/4.2.1/libgcc.a(_dvmd_tls.o)
                0x00001fbc                _etext = .

.usbdma         0x7fd00000        0x0
 *(.usbdma)
                0x7fd00000                . = ALIGN (0x4)

.data           0x40000200        0x0 load address 0x00001fbc
                0x40000200                _data = .
 *(.data)
 .data          0x40000200        0x0 crt.o
 .data          0x40000200        0x0 halsys.o
 .data          0x40000200        0x0 printf.o
 .data          0x40000200        0x0 console.o
 .data          0x40000200        0x0 isoc_io_sample.o
 .data          0x40000200        0x0 armVIC.o
 .data          0x40000200        0x0 ../usbstack.a(usbhw_lpc.o)
 .data          0x40000200        0x0 ../usbstack.a(usbcontrol.o)
 .data          0x40000200        0x0 ../usbstack.a(usbstdreq.o)
 .data          0x40000200        0x0 ../usbstack.a(usbinit.o)
 .data          0x40000200        0x0 /usr/local/arm-elf-gcc-4.2.1/lib/gcc/arm-elf/4.2.1/libgcc.a(_udivsi3.o)
 .data          0x40000200        0x0 /usr/local/arm-elf-gcc-4.2.1/lib/gcc/arm-elf/4.2.1/libgcc.a(_umodsi3.o)
 .data          0x40000200        0x0 /usr/local/arm-elf-gcc-4.2.1/lib/gcc/arm-elf/4.2.1/libgcc.a(_dvmd_tls.o)
                0x40000200                _edata = .

.bss            0x40000200      0x4a8
                0x40000200                _bss_start = .
 *(.bss)
 .bss           0x40000200        0x0 crt.o
 .bss           0x40000200        0x0 halsys.o
 .bss           0x40000200        0x0 printf.o
 .bss           0x40000200        0x0 console.o
 .bss           0x40000200       0x14 isoc_io_sample.o
                0x40000200                isConnectedFlag
                0x40000204                bDevStat
                0x40000208                delay
 .bss           0x40000214        0x0 armVIC.o
 .bss           0x40000214       0x48 ../usbstack.a(usbhw_lpc.o)
 .bss           0x4000025c       0x34 ../usbstack.a(usbcontrol.o)
 .bss           0x40000290        0xc ../usbstack.a(usbstdreq.o)
 .bss           0x4000029c        0x8 ../usbstack.a(usbinit.o)
 .bss           0x400002a4        0x0 /usr/local/arm-elf-gcc-4.2.1/lib/gcc/arm-elf/4.2.1/libgcc.a(_udivsi3.o)
 .bss           0x400002a4        0x0 /usr/local/arm-elf-gcc-4.2.1/lib/gcc/arm-elf/4.2.1/libgcc.a(_umodsi3.o)
 .bss           0x400002a4        0x0 /usr/local/arm-elf-gcc-4.2.1/lib/gcc/arm-elf/4.2.1/libgcc.a(_dvmd_tls.o)
 COMMON         0x400002a4      0x404 isoc_io_sample.o
                0x400002a4                outputIsocDataBuffer
                0x400006a4                inputIsocDataBuffer
                0x400006a8                . = ALIGN (0x4)
                0x400006a8                _bss_end = .
                0x400006a8                _end = .
OUTPUT(isoc_io_sample.elf elf32-littlearm)

.debug_abbrev   0x00000000      0xc70
 .debug_abbrev  0x00000000       0xc9 halsys.o
 .debug_abbrev  0x000000c9      0x158 printf.o
 .debug_abbrev  0x00000221       0xb8 console.o
 .debug_abbrev  0x000002d9      0x19c isoc_io_sample.o
 .debug_abbrev  0x00000475       0xe9 armVIC.o
 .debug_abbrev  0x0000055e      0x295 ../usbstack.a(usbhw_lpc.o)
 .debug_abbrev  0x000007f3      0x152 ../usbstack.a(usbcontrol.o)
 .debug_abbrev  0x00000945      0x246 ../usbstack.a(usbstdreq.o)
 .debug_abbrev  0x00000b8b       0xa9 ../usbstack.a(usbinit.o)
 .debug_abbrev  0x00000c34       0x14 /usr/local/arm-elf-gcc-4.2.1/lib/gcc/arm-elf/4.2.1/libgcc.a(_udivsi3.o)
 .debug_abbrev  0x00000c48       0x14 /usr/local/arm-elf-gcc-4.2.1/lib/gcc/arm-elf/4.2.1/libgcc.a(_umodsi3.o)
 .debug_abbrev  0x00000c5c       0x14 /usr/local/arm-elf-gcc-4.2.1/lib/gcc/arm-elf/4.2.1/libgcc.a(_dvmd_tls.o)

.debug_info     0x00000000     0x1e47
 .debug_info    0x00000000      0x174 halsys.o
 .debug_info    0x00000174      0x352 printf.o
 .debug_info    0x000004c6       0xd2 console.o
 .debug_info    0x00000598      0x2cd isoc_io_sample.o
 .debug_info    0x00000865      0x2e7 armVIC.o
 .debug_info    0x00000b4c      0x8d2 ../usbstack.a(usbhw_lpc.o)
 .debug_info    0x0000141e      0x33b ../usbstack.a(usbcontrol.o)
 .debug_info    0x00001759      0x4ba ../usbstack.a(usbstdreq.o)
 .debug_info    0x00001c13       0xba ../usbstack.a(usbinit.o)
 .debug_info    0x00001ccd       0x7e /usr/local/arm-elf-gcc-4.2.1/lib/gcc/arm-elf/4.2.1/libgcc.a(_udivsi3.o)
 .debug_info    0x00001d4b       0x7e /usr/local/arm-elf-gcc-4.2.1/lib/gcc/arm-elf/4.2.1/libgcc.a(_umodsi3.o)
 .debug_info    0x00001dc9       0x7e /usr/local/arm-elf-gcc-4.2.1/lib/gcc/arm-elf/4.2.1/libgcc.a(_dvmd_tls.o)

.debug_line     0x00000000      0x8b3
 .debug_line    0x00000000       0x91 halsys.o
 .debug_line    0x00000091      0x10f printf.o
 .debug_line    0x000001a0       0x57 console.o
 .debug_line    0x000001f7       0xbf isoc_io_sample.o
 .debug_line    0x000002b6       0x5f armVIC.o
 .debug_line    0x00000315      0x209 ../usbstack.a(usbhw_lpc.o)
 .debug_line    0x0000051e       0xd2 ../usbstack.a(usbcontrol.o)
 .debug_line    0x000005f0      0x105 ../usbstack.a(usbstdreq.o)
 .debug_line    0x000006f5       0x54 ../usbstack.a(usbinit.o)
 .debug_line    0x00000749       0x8f /usr/local/arm-elf-gcc-4.2.1/lib/gcc/arm-elf/4.2.1/libgcc.a(_udivsi3.o)
 .debug_line    0x000007d8       0x78 /usr/local/arm-elf-gcc-4.2.1/lib/gcc/arm-elf/4.2.1/libgcc.a(_umodsi3.o)
 .debug_line    0x00000850       0x63 /usr/local/arm-elf-gcc-4.2.1/lib/gcc/arm-elf/4.2.1/libgcc.a(_dvmd_tls.o)

.debug_frame    0x00000000      0x658
 .debug_frame   0x00000000       0xa0 halsys.o
 .debug_frame   0x000000a0       0xd8 printf.o
 .debug_frame   0x00000178       0x58 console.o
 .debug_frame   0x000001d0       0x78 isoc_io_sample.o
 .debug_frame   0x00000248       0x70 armVIC.o
 .debug_frame   0x000002b8      0x20c ../usbstack.a(usbhw_lpc.o)
 .debug_frame   0x000004c4       0x98 ../usbstack.a(usbcontrol.o)
 .debug_frame   0x0000055c       0x74 ../usbstack.a(usbstdreq.o)
 .debug_frame   0x000005d0       0x38 ../usbstack.a(usbinit.o)
 .debug_frame   0x00000608       0x28 /usr/local/arm-elf-gcc-4.2.1/lib/gcc/arm-elf/4.2.1/libgcc.a(_udivsi3.o)
 .debug_frame   0x00000630       0x28 /usr/local/arm-elf-gcc-4.2.1/lib/gcc/arm-elf/4.2.1/libgcc.a(_umodsi3.o)

.debug_loc      0x00000000     0x1394
 .debug_loc     0x00000000       0x8e halsys.o
 .debug_loc     0x0000008e      0x5e4 printf.o
 .debug_loc     0x00000672       0x63 console.o
 .debug_loc     0x000006d5       0x64 isoc_io_sample.o
 .debug_loc     0x00000739       0x72 armVIC.o
 .debug_loc     0x000007ab      0x5ed ../usbstack.a(usbhw_lpc.o)
 .debug_loc     0x00000d98      0x297 ../usbstack.a(usbcontrol.o)
 .debug_loc     0x0000102f      0x333 ../usbstack.a(usbstdreq.o)
 .debug_loc     0x00001362       0x32 ../usbstack.a(usbinit.o)

.debug_pubnames
                0x00000000      0x4df
 .debug_pubnames
                0x00000000       0xac halsys.o
 .debug_pubnames
                0x000000ac       0x29 printf.o
 .debug_pubnames
                0x000000d5       0x43 console.o
 .debug_pubnames
                0x00000118       0x8b isoc_io_sample.o
 .debug_pubnames
                0x000001a3       0x6a armVIC.o
 .debug_pubnames
                0x0000020d      0x1e8 ../usbstack.a(usbhw_lpc.o)
 .debug_pubnames
                0x000003f5       0x4d ../usbstack.a(usbcontrol.o)
 .debug_pubnames
                0x00000442       0x7f ../usbstack.a(usbstdreq.o)
 .debug_pubnames
                0x000004c1       0x1e ../usbstack.a(usbinit.o)

.debug_aranges  0x00000000      0x180
 .debug_aranges
                0x00000000       0x20 halsys.o
 .debug_aranges
                0x00000020       0x20 printf.o
 .debug_aranges
                0x00000040       0x20 console.o
 .debug_aranges
                0x00000060       0x20 isoc_io_sample.o
 .debug_aranges
                0x00000080       0x20 armVIC.o
 .debug_aranges
                0x000000a0       0x20 ../usbstack.a(usbhw_lpc.o)
 .debug_aranges
                0x000000c0       0x20 ../usbstack.a(usbcontrol.o)
 .debug_aranges
                0x000000e0       0x20 ../usbstack.a(usbstdreq.o)
 .debug_aranges
                0x00000100       0x20 ../usbstack.a(usbinit.o)
 .debug_aranges
                0x00000120       0x20 /usr/local/arm-elf-gcc-4.2.1/lib/gcc/arm-elf/4.2.1/libgcc.a(_udivsi3.o)
 .debug_aranges
                0x00000140       0x20 /usr/local/arm-elf-gcc-4.2.1/lib/gcc/arm-elf/4.2.1/libgcc.a(_umodsi3.o)
 .debug_aranges
                0x00000160       0x20 /usr/local/arm-elf-gcc-4.2.1/lib/gcc/arm-elf/4.2.1/libgcc.a(_dvmd_tls.o)

.debug_ranges   0x00000000      0x130
 .debug_ranges  0x00000000       0x30 halsys.o
 .debug_ranges  0x00000030       0x80 ../usbstack.a(usbhw_lpc.o)
 .debug_ranges  0x000000b0       0x80 ../usbstack.a(usbstdreq.o)

.debug_str      0x00000000      0x9e6
 .debug_str     0x00000000      0x103 halsys.o
                                0x110 (size before relaxing)
 .debug_str     0x00000103       0xb4 printf.o
                                 0xe1 (size before relaxing)
 .debug_str     0x000001b7       0x34 console.o
                                 0x8c (size before relaxing)
 .debug_str     0x000001eb      0x14d isoc_io_sample.o
                                0x1eb (size before relaxing)
 .debug_str     0x00000338       0x6e armVIC.o
                                 0xf1 (size before relaxing)
 .debug_str     0x000003a6      0x407 ../usbstack.a(usbhw_lpc.o)
                                0x466 (size before relaxing)
 .debug_str     0x000007ad       0xab ../usbstack.a(usbcontrol.o)
                                0x1a4 (size before relaxing)
 .debug_str     0x00000858      0x160 ../usbstack.a(usbstdreq.o)
                                0x24b (size before relaxing)
 .debug_str     0x000009b8       0x2e ../usbstack.a(usbinit.o)
                                 0xa0 (size before relaxing)

.comment        0x00000000       0xa2
 .comment       0x00000000       0x12 halsys.o
 .comment       0x00000012       0x12 printf.o
 .comment       0x00000024       0x12 console.o
 .comment       0x00000036       0x12 isoc_io_sample.o
 .comment       0x00000048       0x12 armVIC.o
 .comment       0x0000005a       0x12 ../usbstack.a(usbhw_lpc.o)
 .comment       0x0000006c       0x12 ../usbstack.a(usbcontrol.o)
 .comment       0x0000007e       0x12 ../usbstack.a(usbstdreq.o)
 .comment       0x00000090       0x12 ../usbstack.a(usbinit.o)
