Archive member included because of file (symbol)

../usbstack.a(usbhw_lpc.o)    main_msc.o (USBHwConnect)
../usbstack.a(usbcontrol.o)   main_msc.o (USBRegisterRequestHandler)
../usbstack.a(usbstdreq.o)    main_msc.o (USBRegisterDescriptors)
../usbstack.a(usbinit.o)      main_msc.o (USBInit)
/usr/local/arm-elf-gcc-4.2.1/lib/gcc/arm-elf/4.2.1/libgcc.a(_udivsi3.o)
                              printf.o (__udivsi3)
/usr/local/arm-elf-gcc-4.2.1/lib/gcc/arm-elf/4.2.1/libgcc.a(_divsi3.o)
                              lpc2000_spi.o (__divsi3)
/usr/local/arm-elf-gcc-4.2.1/lib/gcc/arm-elf/4.2.1/libgcc.a(_umodsi3.o)
                              printf.o (__umodsi3)
/usr/local/arm-elf-gcc-4.2.1/lib/gcc/arm-elf/4.2.1/libgcc.a(_dvmd_tls.o)
                              /usr/local/arm-elf-gcc-4.2.1/lib/gcc/arm-elf/4.2.1/libgcc.a(_udivsi3.o) (__div0)
/usr/local/arm-elf-gcc-4.2.1/lib/gcc/arm-elf/4.2.1/../../../../arm-elf/lib/libc.a(lib_a-memcpy.o)
                              msc_scsi.o (memcpy)

Memory Configuration

Name             Origin             Length             Attributes
flash            0x00000000         0x00080000
ram_isp_low      0x40000120         0x000000df         a
ram              0x40000200         0x00007f01
ram_isp_high     0x40007fe0         0x00000020         a
ram_usb_dma      0x7fd00000         0x00002000
*default*        0x00000000         0xffffffff

Linker script and memory map

LOAD crt.o
LOAD halsys.o
LOAD printf.o
LOAD console.o
LOAD main_msc.o
LOAD msc_bot.o
LOAD msc_scsi.o
LOAD blockdev_sd.o
LOAD sdcard.o
LOAD lpc2000_spi.o
LOAD ../usbstack.a
START GROUP
LOAD /usr/local/arm-elf-gcc-4.2.1/lib/gcc/arm-elf/4.2.1/libgcc.a
LOAD /usr/local/arm-elf-gcc-4.2.1/lib/gcc/arm-elf/4.2.1/../../../../arm-elf/lib/libc.a
END GROUP
                0x40007edc                _stack_end = 0x40007edc
                0x00000000                . = 0x0

startup
 *(.startup)

.text           0x00000000     0x3898
 *(.text)
 .text          0x00000000       0xd8 crt.o
                0x00000000                _startup
                0x00000040                Reset_Handler
 .text          0x000000d8      0x150 halsys.o
                0x000000e4                UNDEF_Routine
                0x000000e0                SWI_Routine
                0x00000150                HalSysGetPCLK
                0x000000dc                FIQ_Routine
                0x00000144                HalSysGetCCLK
                0x000000e8                HalSysPinSelect
                0x000000d8                IRQ_Routine
                0x000001b8                HalSysInit
                0x0000015c                HalPinSelect
 .text          0x00000228      0x45c printf.o
                0x00000650                printf
                0x00000618                sprintf
 .text          0x00000684       0xd8 console.o
                0x000006d0                putchar
                0x00000684                ConsoleInit
                0x00000728                puts
                0x0000070c                getchar
 .text          0x0000075c      0x138 main_msc.o
                0x0000075c                main
 .text          0x00000894      0x570 msc_bot.o
                0x000009f4                MSCBotBulkIn
                0x00000dd8                MSCBotReset
                0x00000abc                MSCBotBulkOut
 .text          0x00000e04      0x4e8 msc_scsi.o
                0x00000e18                SCSIHandleData
                0x00001048                SCSIHandleCmd
                0x00000e04                SCSIReset
 .text          0x000012ec      0x178 blockdev_sd.o
                0x00001440                BlockDevRead
                0x00001460                BlockDevInit
                0x00001354                BlockDevGetSize
                0x00001450                BlockDevWrite
 .text          0x00001464      0x5f4 sdcard.o
                0x00001894                SDInit
                0x00001678                SDReadCID
                0x000016dc                SDReadCSD
                0x000019e4                SDReadBlock
                0x00001630                SDReadOCR
                0x00001740                SDWriteBlock
 .text          0x00001a58      0x198 lpc2000_spi.o
                0x00001b8c                SPISetSpeed
                0x00001b14                SPIInit
                0x00001acc                SPITick
                0x00001a58                SPITransfer
 .text          0x00001bf0      0x874 ../usbstack.a(usbhw_lpc.o)
                0x00001e24                USBHwEPRead
                0x00001f74                USBHwISR
                0x00002288                USBDisableDMAForEndpoint
                0x00001d98                USBHwEPWrite
                0x000022b0                USBEnableDMAForEndpoint
                0x00001ec0                USBHwISOCEPRead
                0x00001cb4                USBHwEPConfig
                0x00001d0c                USBHwSetAddress
                0x00001d1c                USBHwConnect
                0x00001d78                USBHwEPStall
                0x0000232c                USBSetHeadDDForDMA
                0x00002344                USBInitializeUSBDMA
                0x00002398                USBHwRegisterDevIntHandler
                0x000023c4                USBHwRegisterEPIntHandler
                0x00002210                USBSetupDMADescriptor
                0x00001f64                USBHwConfigDevice
                0x00001d4c                USBHwNakIntEnable
                0x000020d4                USBHwInit
                0x0000236c                USBHwRegisterFrameHandler
                0x00001d58                USBHwEPGetStatus
                0x000022d8                USBInitializeISOCFrameArray
 .text          0x00002464      0x350 ../usbstack.a(usbcontrol.o)
                0x000025e4                USBHandleControlTransfer
                0x00002464                USBRegisterRequestHandler
 .text          0x000027b4      0x428 ../usbstack.a(usbstdreq.o)
                0x000027d4                USBGetDescriptor
                0x000027c4                USBRegisterCustomReqHandler
                0x000027b4                USBRegisterDescriptors
                0x000028a4                USBHandleStandardRequest
 .text          0x00002bdc       0x80 ../usbstack.a(usbinit.o)
                0x00002bdc                USBInit
 .text          0x00002c5c      0x110 /usr/local/arm-elf-gcc-4.2.1/lib/gcc/arm-elf/4.2.1/libgcc.a(_udivsi3.o)
                0x00002c5c                __udivsi3
                0x00002c5c                __aeabi_uidiv
                0x00002d54                __aeabi_uidivmod
 .text          0x00002d6c      0x140 /usr/local/arm-elf-gcc-4.2.1/lib/gcc/arm-elf/4.2.1/libgcc.a(_divsi3.o)
                0x00002d6c                __aeabi_idiv
                0x00002d6c                __divsi3
                0x00002e94                __aeabi_idivmod
 .text          0x00002eac       0xcc /usr/local/arm-elf-gcc-4.2.1/lib/gcc/arm-elf/4.2.1/libgcc.a(_umodsi3.o)
                0x00002eac                __umodsi3
 .text          0x00002f78        0x4 /usr/local/arm-elf-gcc-4.2.1/lib/gcc/arm-elf/4.2.1/libgcc.a(_dvmd_tls.o)
                0x00002f78                __aeabi_ldiv0
                0x00002f78                __div0
                0x00002f78                __aeabi_idiv0
 .text          0x00002f7c       0xa8 /usr/local/arm-elf-gcc-4.2.1/lib/gcc/arm-elf/4.2.1/../../../../arm-elf/lib/libc.a(lib_a-memcpy.o)
                0x00002f7c                memcpy
 *(.rodata)
 .rodata        0x00003024       0x71 main_msc.o
 *fill*         0x00003095        0x3 00
 .rodata        0x00003098       0x20 msc_bot.o
 .rodata        0x000030b8       0x3e msc_scsi.o
 *fill*         0x000030f6        0x2 00
 .rodata        0x000030f8        0xc sdcard.o
 .rodata        0x00003104       0x1c ../usbstack.a(usbhw_lpc.o)
 .rodata        0x00003120       0x38 ../usbstack.a(usbcontrol.o)
 .rodata        0x00003158       0x28 ../usbstack.a(usbstdreq.o)
 *(.rodata*)
 .rodata.str1.4
                0x00003180        0x7 printf.o
                                  0x8 (size before relaxing)
 *fill*         0x00003187        0x1 00
 .rodata.str1.4
                0x00003188       0x64 main_msc.o
 .rodata.str1.4
                0x000031ec      0x183 msc_bot.o
                                0x184 (size before relaxing)
 *fill*         0x0000336f        0x1 00
 .rodata.str1.4
                0x00003370      0x132 msc_scsi.o
                                0x134 (size before relaxing)
 *fill*         0x000034a2        0x2 00
 .rodata.str1.4
                0x000034a4       0x1d blockdev_sd.o
                                 0x20 (size before relaxing)
 *fill*         0x000034c1        0x3 00
 .rodata.str1.4
                0x000034c4      0x1e0 sdcard.o
                                0x208 (size before relaxing)
 .rodata.str1.4
                0x000036a4       0x1c lpc2000_spi.o
 .rodata.str1.4
                0x000036c0       0x7c ../usbstack.a(usbhw_lpc.o)
                                 0xa4 (size before relaxing)
 .rodata.str1.4
                0x0000373c       0x9a ../usbstack.a(usbcontrol.o)
                                 0xd0 (size before relaxing)
 *fill*         0x000037d6        0x2 00
 .rodata.str1.4
                0x000037d8       0xbb ../usbstack.a(usbstdreq.o)
                                 0xe4 (size before relaxing)
 *fill*         0x00003893        0x1 00
 .rodata.str1.4
                0x00003894        0x4 ../usbstack.a(usbinit.o)
 *(.glue_7)
 .glue_7        0x00003898        0x0 crt.o
 .glue_7        0x00003898        0x0 halsys.o
 .glue_7        0x00003898        0x0 printf.o
 .glue_7        0x00003898        0x0 console.o
 .glue_7        0x00003898        0x0 main_msc.o
 .glue_7        0x00003898        0x0 msc_bot.o
 .glue_7        0x00003898        0x0 msc_scsi.o
 .glue_7        0x00003898        0x0 blockdev_sd.o
 .glue_7        0x00003898        0x0 sdcard.o
 .glue_7        0x00003898        0x0 lpc2000_spi.o
 .glue_7        0x00003898        0x0 ../usbstack.a(usbhw_lpc.o)
 .glue_7        0x00003898        0x0 ../usbstack.a(usbcontrol.o)
 .glue_7        0x00003898        0x0 ../usbstack.a(usbstdreq.o)
 .glue_7        0x00003898        0x0 ../usbstack.a(usbinit.o)
 .glue_7        0x00003898        0x0 /usr/local/arm-elf-gcc-4.2.1/lib/gcc/arm-elf/4.2.1/libgcc.a(_udivsi3.o)
 .glue_7        0x00003898        0x0 /usr/local/arm-elf-gcc-4.2.1/lib/gcc/arm-elf/4.2.1/libgcc.a(_divsi3.o)
 .glue_7        0x00003898        0x0 /usr/local/arm-elf-gcc-4.2.1/lib/gcc/arm-elf/4.2.1/libgcc.a(_umodsi3.o)
 .glue_7        0x00003898        0x0 /usr/local/arm-elf-gcc-4.2.1/lib/gcc/arm-elf/4.2.1/libgcc.a(_dvmd_tls.o)
 .glue_7        0x00003898        0x0 /usr/local/arm-elf-gcc-4.2.1/lib/gcc/arm-elf/4.2.1/../../../../arm-elf/lib/libc.a(lib_a-memcpy.o)
 *(.glue_7t)
 .glue_7t       0x00003898        0x0 crt.o
 .glue_7t       0x00003898        0x0 halsys.o
 .glue_7t       0x00003898        0x0 printf.o
 .glue_7t       0x00003898        0x0 console.o
 .glue_7t       0x00003898        0x0 main_msc.o
 .glue_7t       0x00003898        0x0 msc_bot.o
 .glue_7t       0x00003898        0x0 msc_scsi.o
 .glue_7t       0x00003898        0x0 blockdev_sd.o
 .glue_7t       0x00003898        0x0 sdcard.o
 .glue_7t       0x00003898        0x0 lpc2000_spi.o
 .glue_7t       0x00003898        0x0 ../usbstack.a(usbhw_lpc.o)
 .glue_7t       0x00003898        0x0 ../usbstack.a(usbcontrol.o)
 .glue_7t       0x00003898        0x0 ../usbstack.a(usbstdreq.o)
 .glue_7t       0x00003898        0x0 ../usbstack.a(usbinit.o)
 .glue_7t       0x00003898        0x0 /usr/local/arm-elf-gcc-4.2.1/lib/gcc/arm-elf/4.2.1/libgcc.a(_udivsi3.o)
 .glue_7t       0x00003898        0x0 /usr/local/arm-elf-gcc-4.2.1/lib/gcc/arm-elf/4.2.1/libgcc.a(_divsi3.o)
 .glue_7t       0x00003898        0x0 /usr/local/arm-elf-gcc-4.2.1/lib/gcc/arm-elf/4.2.1/libgcc.a(_umodsi3.o)
 .glue_7t       0x00003898        0x0 /usr/local/arm-elf-gcc-4.2.1/lib/gcc/arm-elf/4.2.1/libgcc.a(_dvmd_tls.o)
 .glue_7t       0x00003898        0x0 /usr/local/arm-elf-gcc-4.2.1/lib/gcc/arm-elf/4.2.1/../../../../arm-elf/lib/libc.a(lib_a-memcpy.o)
                0x00003898                _etext = .

.usbdma         0x7fd00000        0x0
 *(.usbdma)
                0x7fd00000                . = ALIGN (0x4)

.data           0x40000200        0x0 load address 0x00003898
                0x40000200                _data = .
 *(.data)
 .data          0x40000200        0x0 crt.o
 .data          0x40000200        0x0 halsys.o
 .data          0x40000200        0x0 printf.o
 .data          0x40000200        0x0 console.o
 .data          0x40000200        0x0 main_msc.o
 .data          0x40000200        0x0 msc_bot.o
 .data          0x40000200        0x0 msc_scsi.o
 .data          0x40000200        0x0 blockdev_sd.o
 .data          0x40000200        0x0 sdcard.o
 .data          0x40000200        0x0 lpc2000_spi.o
 .data          0x40000200        0x0 ../usbstack.a(usbhw_lpc.o)
 .data          0x40000200        0x0 ../usbstack.a(usbcontrol.o)
 .data          0x40000200        0x0 ../usbstack.a(usbstdreq.o)
 .data          0x40000200        0x0 ../usbstack.a(usbinit.o)
 .data          0x40000200        0x0 /usr/local/arm-elf-gcc-4.2.1/lib/gcc/arm-elf/4.2.1/libgcc.a(_udivsi3.o)
 .data          0x40000200        0x0 /usr/local/arm-elf-gcc-4.2.1/lib/gcc/arm-elf/4.2.1/libgcc.a(_divsi3.o)
 .data          0x40000200        0x0 /usr/local/arm-elf-gcc-4.2.1/lib/gcc/arm-elf/4.2.1/libgcc.a(_umodsi3.o)
 .data          0x40000200        0x0 /usr/local/arm-elf-gcc-4.2.1/lib/gcc/arm-elf/4.2.1/libgcc.a(_dvmd_tls.o)
 .data          0x40000200        0x0 /usr/local/arm-elf-gcc-4.2.1/lib/gcc/arm-elf/4.2.1/../../../../arm-elf/lib/libc.a(lib_a-memcpy.o)
                0x40000200                _edata = .

.bss            0x40000200      0x2dc
                0x40000200                _bss_start = .
 *(.bss)
 .bss           0x40000200        0x0 crt.o
 .bss           0x40000200        0x0 halsys.o
 .bss           0x40000200        0x0 printf.o
 .bss           0x40000200        0x0 console.o
 .bss           0x40000200        0x4 main_msc.o
 .bss           0x40000204       0x40 msc_bot.o
 .bss           0x40000244      0x204 msc_scsi.o
 .bss           0x40000448        0x0 blockdev_sd.o
 .bss           0x40000448        0x4 sdcard.o
 .bss           0x4000044c        0x0 lpc2000_spi.o
 .bss           0x4000044c       0x48 ../usbstack.a(usbhw_lpc.o)
 .bss           0x40000494       0x34 ../usbstack.a(usbcontrol.o)
 .bss           0x400004c8        0xc ../usbstack.a(usbstdreq.o)
 .bss           0x400004d4        0x8 ../usbstack.a(usbinit.o)
 .bss           0x400004dc        0x0 /usr/local/arm-elf-gcc-4.2.1/lib/gcc/arm-elf/4.2.1/libgcc.a(_udivsi3.o)
 .bss           0x400004dc        0x0 /usr/local/arm-elf-gcc-4.2.1/lib/gcc/arm-elf/4.2.1/libgcc.a(_divsi3.o)
 .bss           0x400004dc        0x0 /usr/local/arm-elf-gcc-4.2.1/lib/gcc/arm-elf/4.2.1/libgcc.a(_umodsi3.o)
 .bss           0x400004dc        0x0 /usr/local/arm-elf-gcc-4.2.1/lib/gcc/arm-elf/4.2.1/libgcc.a(_dvmd_tls.o)
 .bss           0x400004dc        0x0 /usr/local/arm-elf-gcc-4.2.1/lib/gcc/arm-elf/4.2.1/../../../../arm-elf/lib/libc.a(lib_a-memcpy.o)
                0x400004dc                . = ALIGN (0x4)
                0x400004dc                _bss_end = .
                0x400004dc                _end = .
OUTPUT(msc.elf elf32-littlearm)

.debug_abbrev   0x00000000     0x1204
 .debug_abbrev  0x00000000       0xc9 halsys.o
 .debug_abbrev  0x000000c9      0x158 printf.o
 .debug_abbrev  0x00000221       0xb8 console.o
 .debug_abbrev  0x000002d9       0xd7 main_msc.o
 .debug_abbrev  0x000003b0      0x1ed msc_bot.o
 .debug_abbrev  0x0000059d      0x10b msc_scsi.o
 .debug_abbrev  0x000006a8      0x111 blockdev_sd.o
 .debug_abbrev  0x000007b9      0x1cf sdcard.o
 .debug_abbrev  0x00000988       0xbd lpc2000_spi.o
 .debug_abbrev  0x00000a45      0x295 ../usbstack.a(usbhw_lpc.o)
 .debug_abbrev  0x00000cda      0x152 ../usbstack.a(usbcontrol.o)
 .debug_abbrev  0x00000e2c      0x246 ../usbstack.a(usbstdreq.o)
 .debug_abbrev  0x00001072       0xa9 ../usbstack.a(usbinit.o)
 .debug_abbrev  0x0000111b       0x14 /usr/local/arm-elf-gcc-4.2.1/lib/gcc/arm-elf/4.2.1/libgcc.a(_udivsi3.o)
 .debug_abbrev  0x0000112f       0x14 /usr/local/arm-elf-gcc-4.2.1/lib/gcc/arm-elf/4.2.1/libgcc.a(_divsi3.o)
 .debug_abbrev  0x00001143       0x14 /usr/local/arm-elf-gcc-4.2.1/lib/gcc/arm-elf/4.2.1/libgcc.a(_umodsi3.o)
 .debug_abbrev  0x00001157       0x14 /usr/local/arm-elf-gcc-4.2.1/lib/gcc/arm-elf/4.2.1/libgcc.a(_dvmd_tls.o)
 .debug_abbrev  0x0000116b       0x99 /usr/local/arm-elf-gcc-4.2.1/lib/gcc/arm-elf/4.2.1/../../../../arm-elf/lib/libc.a(lib_a-memcpy.o)

.debug_info     0x00000000     0x2b09
 .debug_info    0x00000000      0x174 halsys.o
 .debug_info    0x00000174      0x352 printf.o
 .debug_info    0x000004c6       0xd2 console.o
 .debug_info    0x00000598      0x181 main_msc.o
 .debug_info    0x00000719      0x403 msc_bot.o
 .debug_info    0x00000b1c      0x2f8 msc_scsi.o
 .debug_info    0x00000e14      0x229 blockdev_sd.o
 .debug_info    0x0000103d      0x519 sdcard.o
 .debug_info    0x00001556      0x12c lpc2000_spi.o
 .debug_info    0x00001682      0x8d2 ../usbstack.a(usbhw_lpc.o)
 .debug_info    0x00001f54      0x33b ../usbstack.a(usbcontrol.o)
 .debug_info    0x0000228f      0x4ba ../usbstack.a(usbstdreq.o)
 .debug_info    0x00002749       0xba ../usbstack.a(usbinit.o)
 .debug_info    0x00002803       0x7e /usr/local/arm-elf-gcc-4.2.1/lib/gcc/arm-elf/4.2.1/libgcc.a(_udivsi3.o)
 .debug_info    0x00002881       0x7e /usr/local/arm-elf-gcc-4.2.1/lib/gcc/arm-elf/4.2.1/libgcc.a(_divsi3.o)
 .debug_info    0x000028ff       0x7e /usr/local/arm-elf-gcc-4.2.1/lib/gcc/arm-elf/4.2.1/libgcc.a(_umodsi3.o)
 .debug_info    0x0000297d       0x7e /usr/local/arm-elf-gcc-4.2.1/lib/gcc/arm-elf/4.2.1/libgcc.a(_dvmd_tls.o)
 .debug_info    0x000029fb      0x10e /usr/local/arm-elf-gcc-4.2.1/lib/gcc/arm-elf/4.2.1/../../../../arm-elf/lib/libc.a(lib_a-memcpy.o)

.debug_line     0x00000000      0xd82
 .debug_line    0x00000000       0x91 halsys.o
 .debug_line    0x00000091      0x10f printf.o
 .debug_line    0x000001a0       0x57 console.o
 .debug_line    0x000001f7       0x77 main_msc.o
 .debug_line    0x0000026e      0x104 msc_bot.o
 .debug_line    0x00000372       0xe1 msc_scsi.o
 .debug_line    0x00000453       0x7f blockdev_sd.o
 .debug_line    0x000004d2      0x108 sdcard.o
 .debug_line    0x000005da       0x8e lpc2000_spi.o
 .debug_line    0x00000668      0x209 ../usbstack.a(usbhw_lpc.o)
 .debug_line    0x00000871       0xd2 ../usbstack.a(usbcontrol.o)
 .debug_line    0x00000943      0x105 ../usbstack.a(usbstdreq.o)
 .debug_line    0x00000a48       0x54 ../usbstack.a(usbinit.o)
 .debug_line    0x00000a9c       0x8f /usr/local/arm-elf-gcc-4.2.1/lib/gcc/arm-elf/4.2.1/libgcc.a(_udivsi3.o)
 .debug_line    0x00000b2b       0x9b /usr/local/arm-elf-gcc-4.2.1/lib/gcc/arm-elf/4.2.1/libgcc.a(_divsi3.o)
 .debug_line    0x00000bc6       0x78 /usr/local/arm-elf-gcc-4.2.1/lib/gcc/arm-elf/4.2.1/libgcc.a(_umodsi3.o)
 .debug_line    0x00000c3e       0x63 /usr/local/arm-elf-gcc-4.2.1/lib/gcc/arm-elf/4.2.1/libgcc.a(_dvmd_tls.o)
 .debug_line    0x00000ca1       0xe1 /usr/local/arm-elf-gcc-4.2.1/lib/gcc/arm-elf/4.2.1/../../../../arm-elf/lib/libc.a(lib_a-memcpy.o)

.debug_frame    0x00000000      0x944
 .debug_frame   0x00000000       0xa0 halsys.o
 .debug_frame   0x000000a0       0xd8 printf.o
 .debug_frame   0x00000178       0x58 console.o
 .debug_frame   0x000001d0       0x44 main_msc.o
 .debug_frame   0x00000214       0xac msc_bot.o
 .debug_frame   0x000002c0       0x64 msc_scsi.o
 .debug_frame   0x00000324       0x78 blockdev_sd.o
 .debug_frame   0x0000039c      0x140 sdcard.o
 .debug_frame   0x000004dc       0x78 lpc2000_spi.o
 .debug_frame   0x00000554      0x20c ../usbstack.a(usbhw_lpc.o)
 .debug_frame   0x00000760       0x98 ../usbstack.a(usbcontrol.o)
 .debug_frame   0x000007f8       0x74 ../usbstack.a(usbstdreq.o)
 .debug_frame   0x0000086c       0x38 ../usbstack.a(usbinit.o)
 .debug_frame   0x000008a4       0x28 /usr/local/arm-elf-gcc-4.2.1/lib/gcc/arm-elf/4.2.1/libgcc.a(_udivsi3.o)
 .debug_frame   0x000008cc       0x28 /usr/local/arm-elf-gcc-4.2.1/lib/gcc/arm-elf/4.2.1/libgcc.a(_divsi3.o)
 .debug_frame   0x000008f4       0x28 /usr/local/arm-elf-gcc-4.2.1/lib/gcc/arm-elf/4.2.1/libgcc.a(_umodsi3.o)
 .debug_frame   0x0000091c       0x28 /usr/local/arm-elf-gcc-4.2.1/lib/gcc/arm-elf/4.2.1/../../../../arm-elf/lib/libc.a(lib_a-memcpy.o)

.debug_loc      0x00000000     0x218f
 .debug_loc     0x00000000       0x8e halsys.o
 .debug_loc     0x0000008e      0x5e4 printf.o
 .debug_loc     0x00000672       0x63 console.o
 .debug_loc     0x000006d5       0xfb main_msc.o
 .debug_loc     0x000007d0      0x282 msc_bot.o
 .debug_loc     0x00000a52      0x290 msc_scsi.o
 .debug_loc     0x00000ce2      0x1de blockdev_sd.o
 .debug_loc     0x00000ec0      0x4e6 sdcard.o
 .debug_loc     0x000013a6       0xfc lpc2000_spi.o
 .debug_loc     0x000014a2      0x5ed ../usbstack.a(usbhw_lpc.o)
 .debug_loc     0x00001a8f      0x297 ../usbstack.a(usbcontrol.o)
 .debug_loc     0x00001d26      0x333 ../usbstack.a(usbstdreq.o)
 .debug_loc     0x00002059       0x32 ../usbstack.a(usbinit.o)
 .debug_loc     0x0000208b      0x104 /usr/local/arm-elf-gcc-4.2.1/lib/gcc/arm-elf/4.2.1/../../../../arm-elf/lib/libc.a(lib_a-memcpy.o)

.debug_pubnames
                0x00000000      0x5b8
 .debug_pubnames
                0x00000000       0xac halsys.o
 .debug_pubnames
                0x000000ac       0x29 printf.o
 .debug_pubnames
                0x000000d5       0x43 console.o
 .debug_pubnames
                0x00000118       0x1b main_msc.o
 .debug_pubnames
                0x00000133       0x45 msc_bot.o
 .debug_pubnames
                0x00000178       0x45 msc_scsi.o
 .debug_pubnames
                0x000001bd       0x5a blockdev_sd.o
 .debug_pubnames
                0x00000217       0x68 sdcard.o
 .debug_pubnames
                0x0000027f       0x4a lpc2000_spi.o
 .debug_pubnames
                0x000002c9      0x1e8 ../usbstack.a(usbhw_lpc.o)
 .debug_pubnames
                0x000004b1       0x4d ../usbstack.a(usbcontrol.o)
 .debug_pubnames
                0x000004fe       0x7f ../usbstack.a(usbstdreq.o)
 .debug_pubnames
                0x0000057d       0x1e ../usbstack.a(usbinit.o)
 .debug_pubnames
                0x0000059b       0x1d /usr/local/arm-elf-gcc-4.2.1/lib/gcc/arm-elf/4.2.1/../../../../arm-elf/lib/libc.a(lib_a-memcpy.o)

.debug_aranges  0x00000000      0x240
 .debug_aranges
                0x00000000       0x20 halsys.o
 .debug_aranges
                0x00000020       0x20 printf.o
 .debug_aranges
                0x00000040       0x20 console.o
 .debug_aranges
                0x00000060       0x20 main_msc.o
 .debug_aranges
                0x00000080       0x20 msc_bot.o
 .debug_aranges
                0x000000a0       0x20 msc_scsi.o
 .debug_aranges
                0x000000c0       0x20 blockdev_sd.o
 .debug_aranges
                0x000000e0       0x20 sdcard.o
 .debug_aranges
                0x00000100       0x20 lpc2000_spi.o
 .debug_aranges
                0x00000120       0x20 ../usbstack.a(usbhw_lpc.o)
 .debug_aranges
                0x00000140       0x20 ../usbstack.a(usbcontrol.o)
 .debug_aranges
                0x00000160       0x20 ../usbstack.a(usbstdreq.o)
 .debug_aranges
                0x00000180       0x20 ../usbstack.a(usbinit.o)
 .debug_aranges
                0x000001a0       0x20 /usr/local/arm-elf-gcc-4.2.1/lib/gcc/arm-elf/4.2.1/libgcc.a(_udivsi3.o)
 .debug_aranges
                0x000001c0       0x20 /usr/local/arm-elf-gcc-4.2.1/lib/gcc/arm-elf/4.2.1/libgcc.a(_divsi3.o)
 .debug_aranges
                0x000001e0       0x20 /usr/local/arm-elf-gcc-4.2.1/lib/gcc/arm-elf/4.2.1/libgcc.a(_umodsi3.o)
 .debug_aranges
                0x00000200       0x20 /usr/local/arm-elf-gcc-4.2.1/lib/gcc/arm-elf/4.2.1/libgcc.a(_dvmd_tls.o)
 .debug_aranges
                0x00000220       0x20 /usr/local/arm-elf-gcc-4.2.1/lib/gcc/arm-elf/4.2.1/../../../../arm-elf/lib/libc.a(lib_a-memcpy.o)

.debug_ranges   0x00000000      0x1a8
 .debug_ranges  0x00000000       0x30 halsys.o
 .debug_ranges  0x00000030       0x30 msc_bot.o
 .debug_ranges  0x00000060       0x48 sdcard.o
 .debug_ranges  0x000000a8       0x80 ../usbstack.a(usbhw_lpc.o)
 .debug_ranges  0x00000128       0x80 ../usbstack.a(usbstdreq.o)

.debug_str      0x00000000      0xe41
 .debug_str     0x00000000      0x103 halsys.o
                                0x110 (size before relaxing)
 .debug_str     0x00000103       0xad printf.o
                                 0xe1 (size before relaxing)
 .debug_str     0x000001b0       0x34 console.o
                                 0x8c (size before relaxing)
 .debug_str     0x000001e4       0x86 main_msc.o
                                 0xff (size before relaxing)
 .debug_str     0x0000026a      0x1a2 msc_bot.o
                                0x256 (size before relaxing)
 .debug_str     0x0000040c       0xe7 msc_scsi.o
                                0x1be (size before relaxing)
 .debug_str     0x000004f3       0xda blockdev_sd.o
                                0x14a (size before relaxing)
 .debug_str     0x000005cd      0x140 sdcard.o
                                0x1e0 (size before relaxing)
 .debug_str     0x0000070d       0x61 lpc2000_spi.o
                                 0xd5 (size before relaxing)
 .debug_str     0x0000076e      0x3f9 ../usbstack.a(usbhw_lpc.o)
                                0x466 (size before relaxing)
 .debug_str     0x00000b67       0x94 ../usbstack.a(usbcontrol.o)
                                0x1a4 (size before relaxing)
 .debug_str     0x00000bfb      0x15a ../usbstack.a(usbstdreq.o)
                                0x24b (size before relaxing)
 .debug_str     0x00000d55       0x39 ../usbstack.a(usbinit.o)
                                 0xa0 (size before relaxing)
 .debug_str     0x00000d8e       0xb3 /usr/local/arm-elf-gcc-4.2.1/lib/gcc/arm-elf/4.2.1/../../../../arm-elf/lib/libc.a(lib_a-memcpy.o)
                                 0xdf (size before relaxing)

.comment        0x00000000       0xfc
 .comment       0x00000000       0x12 halsys.o
 .comment       0x00000012       0x12 printf.o
 .comment       0x00000024       0x12 console.o
 .comment       0x00000036       0x12 main_msc.o
 .comment       0x00000048       0x12 msc_bot.o
 .comment       0x0000005a       0x12 msc_scsi.o
 .comment       0x0000006c       0x12 blockdev_sd.o
 .comment       0x0000007e       0x12 sdcard.o
 .comment       0x00000090       0x12 lpc2000_spi.o
 .comment       0x000000a2       0x12 ../usbstack.a(usbhw_lpc.o)
 .comment       0x000000b4       0x12 ../usbstack.a(usbcontrol.o)
 .comment       0x000000c6       0x12 ../usbstack.a(usbstdreq.o)
 .comment       0x000000d8       0x12 ../usbstack.a(usbinit.o)
 .comment       0x000000ea       0x12 /usr/local/arm-elf-gcc-4.2.1/lib/gcc/arm-elf/4.2.1/../../../../arm-elf/lib/libc.a(lib_a-memcpy.o)
