Archive member included because of file (symbol)

/usr/local/arm-elf-gcc-4.2.1/lib/gcc/arm-elf/4.2.1/thumb/interwork/libgcc.a(_udivsi3.o)
                              ../Common/drivers/LPC/serial/serial.o (__udivsi3)
/usr/local/arm-elf-gcc-4.2.1/lib/gcc/arm-elf/4.2.1/thumb/interwork/libgcc.a(_divsi3.o)
                              ../Common/Minimal/integer.o (__divsi3)
/usr/local/arm-elf-gcc-4.2.1/lib/gcc/arm-elf/4.2.1/thumb/interwork/libgcc.a(_dvmd_tls.o)
                              /usr/local/arm-elf-gcc-4.2.1/lib/gcc/arm-elf/4.2.1/thumb/interwork/libgcc.a(_udivsi3.o) (__div0)
/usr/local/arm-elf-gcc-4.2.1/lib/gcc/arm-elf/4.2.1/../../../../arm-elf/lib/thumb/interwork/libg.a(lib_a-memcpy.o)
                              ../Source/queue.o (memcpy)
/usr/local/arm-elf-gcc-4.2.1/lib/gcc/arm-elf/4.2.1/../../../../arm-elf/lib/thumb/interwork/libg.a(lib_a-memset.o)
                              ../Source/tasks.o (memset)
/usr/local/arm-elf-gcc-4.2.1/lib/gcc/arm-elf/4.2.1/../../../../arm-elf/lib/thumb/interwork/libg.a(lib_a-sprintf.o)
                              ../Source/tasks.o (sprintf)
/usr/local/arm-elf-gcc-4.2.1/lib/gcc/arm-elf/4.2.1/../../../../arm-elf/lib/thumb/interwork/libg.a(lib_a-strcat.o)
                              ../Source/tasks.o (strcat)
/usr/local/arm-elf-gcc-4.2.1/lib/gcc/arm-elf/4.2.1/../../../../arm-elf/lib/thumb/interwork/libg.a(lib_a-strcpy.o)
                              /usr/local/arm-elf-gcc-4.2.1/lib/gcc/arm-elf/4.2.1/../../../../arm-elf/lib/thumb/interwork/libg.a(lib_a-strcat.o) (strcpy)
/usr/local/arm-elf-gcc-4.2.1/lib/gcc/arm-elf/4.2.1/../../../../arm-elf/lib/thumb/interwork/libg.a(lib_a-strlen.o)
                              ../Source/tasks.o (strlen)
/usr/local/arm-elf-gcc-4.2.1/lib/gcc/arm-elf/4.2.1/../../../../arm-elf/lib/thumb/interwork/libg.a(lib_a-strncpy.o)
                              ../Source/tasks.o (strncpy)
/usr/local/arm-elf-gcc-4.2.1/lib/gcc/arm-elf/4.2.1/../../../../arm-elf/lib/thumb/interwork/libg.a(lib_a-vfprintf.o)
                              /usr/local/arm-elf-gcc-4.2.1/lib/gcc/arm-elf/4.2.1/../../../../arm-elf/lib/thumb/interwork/libg.a(lib_a-sprintf.o) (_vfprintf_r)
/usr/local/arm-elf-gcc-4.2.1/lib/gcc/arm-elf/4.2.1/../../../../arm-elf/lib/thumb/interwork/libg.a(lib_a-wcrtomb.o)
                              /usr/local/arm-elf-gcc-4.2.1/lib/gcc/arm-elf/4.2.1/../../../../arm-elf/lib/thumb/interwork/libg.a(lib_a-vfprintf.o) (_wcrtomb_r)
/usr/local/arm-elf-gcc-4.2.1/lib/gcc/arm-elf/4.2.1/../../../../arm-elf/lib/thumb/interwork/libg.a(lib_a-wcsrtombs.o)
                              /usr/local/arm-elf-gcc-4.2.1/lib/gcc/arm-elf/4.2.1/../../../../arm-elf/lib/thumb/interwork/libg.a(lib_a-vfprintf.o) (_wcsrtombs_r)
/usr/local/arm-elf-gcc-4.2.1/lib/gcc/arm-elf/4.2.1/../../../../arm-elf/lib/thumb/interwork/libg.a(lib_a-wctomb_r.o)
                              /usr/local/arm-elf-gcc-4.2.1/lib/gcc/arm-elf/4.2.1/../../../../arm-elf/lib/thumb/interwork/libg.a(lib_a-wcrtomb.o) (_wctomb_r)
/usr/local/arm-elf-gcc-4.2.1/lib/gcc/arm-elf/4.2.1/../../../../arm-elf/lib/thumb/interwork/libg.a(lib_a-wsetup.o)
                              /usr/local/arm-elf-gcc-4.2.1/lib/gcc/arm-elf/4.2.1/../../../../arm-elf/lib/thumb/interwork/libg.a(lib_a-vfprintf.o) (__swsetup)
/usr/local/arm-elf-gcc-4.2.1/lib/gcc/arm-elf/4.2.1/../../../../arm-elf/lib/thumb/interwork/libg.a(lib_a-dtoa.o)
                              /usr/local/arm-elf-gcc-4.2.1/lib/gcc/arm-elf/4.2.1/../../../../arm-elf/lib/thumb/interwork/libg.a(lib_a-vfprintf.o) (_dtoa_r)
/usr/local/arm-elf-gcc-4.2.1/lib/gcc/arm-elf/4.2.1/../../../../arm-elf/lib/thumb/interwork/libg.a(lib_a-fflush.o)
                              /usr/local/arm-elf-gcc-4.2.1/lib/gcc/arm-elf/4.2.1/../../../../arm-elf/lib/thumb/interwork/libg.a(lib_a-vfprintf.o) (fflush)
/usr/local/arm-elf-gcc-4.2.1/lib/gcc/arm-elf/4.2.1/../../../../arm-elf/lib/thumb/interwork/libg.a(lib_a-findfp.o)
                              /usr/local/arm-elf-gcc-4.2.1/lib/gcc/arm-elf/4.2.1/../../../../arm-elf/lib/thumb/interwork/libg.a(lib_a-vfprintf.o) (__sinit)
/usr/local/arm-elf-gcc-4.2.1/lib/gcc/arm-elf/4.2.1/../../../../arm-elf/lib/thumb/interwork/libg.a(lib_a-freer.o)
                              /usr/local/arm-elf-gcc-4.2.1/lib/gcc/arm-elf/4.2.1/../../../../arm-elf/lib/thumb/interwork/libg.a(lib_a-vfprintf.o) (_free_r)
/usr/local/arm-elf-gcc-4.2.1/lib/gcc/arm-elf/4.2.1/../../../../arm-elf/lib/thumb/interwork/libg.a(lib_a-fvwrite.o)
                              /usr/local/arm-elf-gcc-4.2.1/lib/gcc/arm-elf/4.2.1/../../../../arm-elf/lib/thumb/interwork/libg.a(lib_a-vfprintf.o) (__sfvwrite_r)
/usr/local/arm-elf-gcc-4.2.1/lib/gcc/arm-elf/4.2.1/../../../../arm-elf/lib/thumb/interwork/libg.a(lib_a-fwalk.o)
                              /usr/local/arm-elf-gcc-4.2.1/lib/gcc/arm-elf/4.2.1/../../../../arm-elf/lib/thumb/interwork/libg.a(lib_a-fflush.o) (_fwalk)
/usr/local/arm-elf-gcc-4.2.1/lib/gcc/arm-elf/4.2.1/../../../../arm-elf/lib/thumb/interwork/libg.a(lib_a-impure.o)
[...]
Memory Configuration

Name             Origin             Length             Attributes
flash            0x00000000         0x0007d000
ram              0x40000000         0x00008000
usbram           0x7fd00000         0x00002000
ethram           0x7fe00000         0x00004000
*default*        0x00000000         0xffffffff

Linker script and memory map

LOAD ../Common/drivers/LPC/serial/serial.o
LOAD ../Common/drivers/LPC/serial/serialISR.o
LOAD ../Source/portable/GCC/ARM7_LPC23xx/portISR.o
LOAD ../Common/drivers/LPC/usb/usbcontrol.o
LOAD ../Common/drivers/LPC/usb/usbhw_lpc.o
LOAD ../Common/drivers/LPC/usb/usbinit.o
LOAD ../Common/drivers/LPC/usb/usbstdreq.o
LOAD main.o
LOAD ./ParTest/ParTest.o
LOAD ../Common/Minimal/BlockQ.o
LOAD ../Common/Minimal/blocktim.o
LOAD ../Common/Minimal/flash.o
LOAD ../Common/Minimal/integer.o
LOAD ../Common/Minimal/GenQTest.o
LOAD ../Common/Minimal/QPeek.o
LOAD ../Common/Minimal/dynamic.o
LOAD ../Source/list.o
LOAD ../Source/queue.o
LOAD ../Source/tasks.o
LOAD ../Source/portable/GCC/ARM7_LPC23xx/port.o
LOAD ../Source/portable/MemMang/heap_2.o
LOAD /tmp/ccSVYLqz.o
START GROUP
LOAD /usr/local/arm-elf-gcc-4.2.1/lib/gcc/arm-elf/4.2.1/thumb/interwork/libgcc.a
LOAD /usr/local/arm-elf-gcc-4.2.1/lib/gcc/arm-elf/4.2.1/../../../../arm-elf/lib/thumb/interwork/libg.a
LOAD /usr/local/arm-elf-gcc-4.2.1/lib/gcc/arm-elf/4.2.1/../../../../arm-elf/lib/thumb/interwork/libc.a
END GROUP
                0x40007ffc                __stack_end__ = 0x40007ffc
                0x00000000                . = 0x0

startup         0x00000000       0x44
 *(.startup)
 .startup       0x00000000       0x44 /tmp/ccSVYLqz.o

prog            0x00000044     0xb7e8
 *(.text)
 .text          0x00000044      0x474 ../Common/drivers/LPC/serial/serial.o
                0x00000280                vSerialPutString
                0x000000a4                xSerialPutChar
                0x00000044                xSerialGetChar
                0x00000240                vSerialPutBinary
                0x000002c8                xSerialPortInitMinimal
 .text          0x000004b8      0x3e0 ../Common/drivers/LPC/serial/serialISR.o
                0x00000638                vUART_ISR
                0x000007b8                vSerialISRCreateQueues
                0x000004b8                vUART_ISR1
 .text          0x00000898      0x258 ../Source/portable/GCC/ARM7_LPC23xx/portISR.o
                0x00000984                vPreemptiveTick
                0x00000940                vPortExitCritical
                0x00000a44                vPortYieldProcessor
                0x000008e4                vPortDisableInterruptsFromThumb
                0x00000898                vPortISRStartFirstTask
                0x000008fc                vPortEnableInterruptsFromThumb
                0x00000914                vPortEnterCritical
 .text          0x00000af0      0x250 ../Common/drivers/LPC/usb/usbcontrol.o
                0x00000bb0                USBHandleControlTransfer
                0x00000b2c                USBRegisterRequestHandler
 .text          0x00000d40      0x8a0 ../Common/drivers/LPC/usb/usbhw_lpc.o
                0x00001078                USBHwEPRead
                0x00001244                USBHwISR
                0x000014d8                USBDisableDMAForEndpoint
                0x00000fcc                USBHwEPWrite
                0x00001504                USBEnableDMAForEndpoint
                0x00001148                USBHwISOCEPRead
                0x00000e18                USBHwEPConfig
                0x00000f0c                USBHwSetAddress
                0x00000f28                USBHwConnect
                0x00000fa0                USBHwEPStall
                0x0000159c                USBSetHeadDDForDMA
                0x000015b4                USBInitializeUSBDMA
                0x00000ebc                USBHwRegisterDevIntHandler
                0x00000e74                USBHwRegisterEPIntHandler
                0x0000144c                USBSetupDMADescriptor
                0x00001228                USBHwConfigDevice
                0x00000f68                USBHwNakIntEnable
                0x00001378                USBHwInit
                0x00000ee4                USBHwRegisterFrameHandler
                0x00000f80                USBHwEPGetStatus
                0x00001530                USBInitializeISOCFrameArray
 .text          0x000015e0       0x74 ../Common/drivers/LPC/usb/usbinit.o
                0x000015e4                USBInit
 .text          0x00001654      0x36c ../Common/drivers/LPC/usb/usbstdreq.o
                0x00001664                USBGetDescriptor
                0x000016fc                USBRegisterCustomReqHandler
                0x00001654                USBRegisterDescriptors
                0x0000170c                USBHandleStandardRequest
 .text          0x000019c0      0x1fc main.o
                0x000019c0                vApplicationTickHook
                0x00001b44                USBFrameHandler
                0x00001a60                main
 .text          0x00001bbc       0x80 ./ParTest/ParTest.o
                0x00001c00                vParTestToggleLED
                0x00001bdc                vParTestSetLED
                0x00001c2c                uxParTextGetLED
                0x00001bbc                vParTestInitialise
 .text          0x00001c3c      0x23c ../Common/Minimal/BlockQ.o
                0x00001ca0                vStartBlockingQueueTasks
                0x00001c3c                xAreBlockingQueuesStillRunning
 .text          0x00001e78      0x3e0 ../Common/Minimal/blocktim.o
                0x00001e78                xAreBlockTimeTestTasksStillRunning
                0x00001ed0                vCreateBlockTimeTasks
 .text          0x00002258       0x80 ../Common/Minimal/flash.o
                0x00002258                vStartLEDFlashTasks
 .text          0x000022d8       0x98 ../Common/Minimal/integer.o
                0x000022f8                vStartIntegerMathTasks
                0x000022d8                xAreIntegerMathsTaskStillRunning
 .text          0x00002370      0x4a0 ../Common/Minimal/GenQTest.o
                0x00002370                xAreGenericQueueTasksStillRunning
                0x000023c8                vStartGenericQueueTasks
 .text          0x00002810      0x358 ../Common/Minimal/QPeek.o
                0x00002810                xAreQueuePeekTasksStillRunning
                0x00002844                vStartQueuePeekTasks
 .text          0x00002b68      0x284 ../Common/Minimal/dynamic.o
                0x00002bb4                vStartDynamicPriorityTasks
                0x00002b68                xAreDynamicPriorityTasksStillRunning
 .text          0x00002dec       0x9c ../Source/list.o
                0x00002e0c                vListInsertEnd
                0x00002e68                vListRemove
                0x00002e04                vListInitialiseItem
                0x00002dec                vListInitialise
                0x00002e28                vListInsert
 .text          0x00002e88      0x4c8 ../Source/queue.o
                0x00003160                xQueueGenericSendFromISR
                0x000032e4                xQueueCreate
                0x00002ea8                vQueueDelete
                0x000031ac                xQueueGenericSend
                0x00002f04                xQueueReceiveFromISR
                0x00002e98                xQueueIsQueueFullFromISR
                0x00002ec0                uxQueueMessagesWaiting
                0x00002fd4                xQueueGenericReceive
                0x00002e88                uxQueueMessagesWaitingFromISR
                0x00002e8c                xQueueIsQueueEmptyFromISR
                0x0000329c                xQueueCreateMutex
 .text          0x00003350      0xcfc ../Source/tasks.o
                0x000038f8                uxTaskPriorityGet
                0x0000384c                vTaskPrioritySet
                0x00003de0                vTaskEndScheduler
                0x00003990                vTaskPlaceOnEventList
                0x00003350                xTaskIsTaskSuspended
                0x000035d4                xTaskResumeFromISR
                0x000036d0                ulTaskEndTrace
                0x00003754                xTaskGetTickCount
                0x00003558                xTaskRemoveFromEventList
                0x000036fc                vTaskStartTrace
                0x00003920                vTaskDelete
                0x00003674                xTaskCheckForTimeOut
                0x00003770                vTaskSuspendAll
                0x0000349c                vTaskPriorityDisinherit
                0x000034e8                vTaskPriorityInherit
                0x0000378c                vTaskResume
                0x00003378                vTaskSwitchContext
                0x000037f4                vTaskSuspend
                0x00003738                uxTaskGetNumberOfTasks
                0x00003a00                vTaskIncrementTick
                0x00003d2c                vTaskList
                0x00003c18                vTaskDelayUntil
                0x00003658                xTaskGetCurrentTaskHandle
                0x0000347c                usTaskCheckFreeStackSpace
                0x00003ae0                xTaskResumeAll
                0x00004008                vTaskStartScheduler
                0x00003470                vTaskMissedYield
                0x00003e6c                xTaskCreate
                0x00003bb4                vTaskDelay
                0x00003458                vTaskSetTimeOutState
 .text          0x0000404c      0x114 ../Source/portable/GCC/ARM7_LPC23xx/port.o
                0x000040f4                xPortStartScheduler
                0x000040f0                vPortEndScheduler
                0x0000404c                pxPortInitialiseStack
 .text          0x00004160       0xe4 ../Source/portable/MemMang/heap_2.o
                0x00004160                vPortFree
                0x00004190                pvPortMalloc
 .text          0x00004244       0xb8 /tmp/ccSVYLqz.o
                0x00004244                start
                0x000042e0                endless_loop
 .text          0x000042fc       0x8c /usr/local/arm-elf-gcc-4.2.1/lib/gcc/arm-elf/4.2.1/thumb/interwork/libgcc.a(_udivsi3.o)
                0x000042fc                __udivsi3
                0x000042fc                __aeabi_uidiv
                0x00004378                __aeabi_uidivmod
 .text          0x00004388       0xa4 /usr/local/arm-elf-gcc-4.2.1/lib/gcc/arm-elf/4.2.1/thumb/interwork/libgcc.a(_divsi3.o)
                0x00004388                __aeabi_idiv
                0x00004388                __divsi3
                0x0000441c                __aeabi_idivmod
 .text          0x0000442c        0x4 /usr/local/arm-elf-gcc-4.2.1/lib/gcc/arm-elf/4.2.1/thumb/interwork/libgcc.a(_dvmd_tls.o)
                0x0000442c                __aeabi_ldiv0
                0x0000442c                __div0
                0x0000442c                __aeabi_idiv0
 .text          0x00004430       0x58 /usr/local/arm-elf-gcc-4.2.1/lib/gcc/arm-elf/4.2.1/../../../../arm-elf/lib/thumb/interwork/libg.a(lib_a-memcpy.o)
                0x00004430                memcpy
 .text          0x00004488       0x58 /usr/local/arm-elf-gcc-4.2.1/lib/gcc/arm-elf/4.2.1/../../../../arm-elf/lib/thumb/interwork/libg.a(lib_a-memset.o)
                0x00004488                memset
 .text          0x000044e0       0x8c /usr/local/arm-elf-gcc-4.2.1/lib/gcc/arm-elf/4.2.1/../../../../arm-elf/lib/thumb/interwork/libg.a(lib_a-sprintf.o)
                0x00004528                _sprintf_r
                0x000044e0                sprintf
 .text          0x0000456c       0x40 /usr/local/arm-elf-gcc-4.2.1/lib/gcc/arm-elf/4.2.1/../../../../arm-elf/lib/thumb/interwork/libg.a(lib_a-strcat.o)
                0x0000456c                strcat
 .text          0x000045ac       0x48 /usr/local/arm-elf-gcc-4.2.1/lib/gcc/arm-elf/4.2.1/../../../../arm-elf/lib/thumb/interwork/libg.a(lib_a-strcpy.o)
                0x000045ac                strcpy
 .text          0x000045f4       0x38 /usr/local/arm-elf-gcc-4.2.1/lib/gcc/arm-elf/4.2.1/../../../../arm-elf/lib/thumb/interwork/libg.a(lib_a-strlen.o)
                0x000045f4                strlen
 .text          0x0000462c       0x7c /usr/local/arm-elf-gcc-4.2.1/lib/gcc/arm-elf/4.2.1/../../../../arm-elf/lib/thumb/interwork/libg.a(lib_a-strncpy.o)
                0x0000462c                strncpy
 .text          0x000046a8     0x1be8 /usr/local/arm-elf-gcc-4.2.1/lib/gcc/arm-elf/4.2.1/../../../../arm-elf/lib/thumb/interwork/libg.a(lib_a-vfprintf.o)
                0x000046c8                _vfprintf_r
                0x00006270                vfprintf
 .text          0x00006290       0x54 /usr/local/arm-elf-gcc-4.2.1/lib/gcc/arm-elf/4.2.1/../../../../arm-elf/lib/thumb/interwork/libg.a(lib_a-wcrtomb.o)
                0x00006290                _wcrtomb_r
                0x000062c4                wcrtomb
 .text          0x000062e4      0x104 /usr/local/arm-elf-gcc-4.2.1/lib/gcc/arm-elf/4.2.1/../../../../arm-elf/lib/thumb/interwork/libg.a(lib_a-wcsrtombs.o)
                0x000062e4                _wcsrtombs_r
                0x000063c0                wcsrtombs
 .text          0x000063e8      0x2c0 /usr/local/arm-elf-gcc-4.2.1/lib/gcc/arm-elf/4.2.1/../../../../arm-elf/lib/thumb/interwork/libg.a(lib_a-wctomb_r.o)
                0x000063e8                _wctomb_r
 .text          0x000066a8       0xb8 /usr/local/arm-elf-gcc-4.2.1/lib/gcc/arm-elf/4.2.1/../../../../arm-elf/lib/thumb/interwork/libg.a(lib_a-wsetup.o)
                0x000066a8                __swsetup
 .text          0x00006760      0xf10 /usr/local/arm-elf-gcc-4.2.1/lib/gcc/arm-elf/4.2.1/../../../../arm-elf/lib/thumb/interwork/libg.a(lib_a-dtoa.o)
                0x000068e0                _dtoa_r
 .text          0x00007670      0x108 /usr/local/arm-elf-gcc-4.2.1/lib/gcc/arm-elf/4.2.1/../../../../arm-elf/lib/thumb/interwork/libg.a(lib_a-fflush.o)
                0x00007670                fflush
 .text          0x00007778      0x1b8 /usr/local/arm-elf-gcc-4.2.1/lib/gcc/arm-elf/4.2.1/../../../../arm-elf/lib/thumb/interwork/libg.a(lib_a-findfp.o)
                0x000077c0                __sinit
                0x00007878                __sfmoreglue
                0x00007864                _cleanup
                0x00007854                _cleanup_r
                0x0000783c                __fp_lock_all
                0x000077b0                __sfp_lock_acquire
                0x000078b0                __sfp
                0x000077bc                __sinit_lock_release
                0x00007824                __fp_unlock_all
                0x000077b4                __sfp_lock_release
                0x000077b8                __sinit_lock_acquire
 .text          0x00007930      0x280 /usr/local/arm-elf-gcc-4.2.1/lib/gcc/arm-elf/4.2.1/../../../../arm-elf/lib/thumb/interwork/libg.a(lib_a-freer.o)
                0x000079d4                _free_r
                0x00007930                _malloc_trim_r
 .text          0x00007bb0      0x2bc /usr/local/arm-elf-gcc-4.2.1/lib/gcc/arm-elf/4.2.1/../../../../arm-elf/lib/thumb/interwork/libg.a(lib_a-fvwrite.o)
                0x00007bb0                __sfvwrite_r
 .text          0x00007e6c       0xdc /usr/local/arm-elf-gcc-4.2.1/lib/gcc/arm-elf/4.2.1/../../../../arm-elf/lib/thumb/interwork/libg.a(lib_a-fwalk.o)
                0x00007edc                _fwalk
                0x00007e6c                _fwalk_reent
 .text          0x00007f48        0x0 /usr/local/arm-elf-gcc-4.2.1/lib/gcc/arm-elf/4.2.1/../../../../arm-elf/lib/thumb/interwork/libg.a(lib_a-impure.o)
 .text          0x00007f48       0x88 /usr/local/arm-elf-gcc-4.2.1/lib/gcc/arm-elf/4.2.1/../../../../arm-elf/lib/thumb/interwork/libg.a(lib_a-locale.o)
                0x00007f70                _setlocale_r
                0x00007f48                __locale_charset
                0x00007f54                _localeconv_r
                0x00007fb4                setlocale
                0x00007f5c                localeconv
 .text          0x00007fd0       0xec /usr/local/arm-elf-gcc-4.2.1/lib/gcc/arm-elf/4.2.1/../../../../arm-elf/lib/thumb/interwork/libg.a(lib_a-makebuf.o)
                0x00007fd0                __smakebuf
 .text          0x000080bc      0x55c /usr/local/arm-elf-gcc-4.2.1/lib/gcc/arm-elf/4.2.1/../../../../arm-elf/lib/thumb/interwork/libg.a(lib_a-mallocr.o)
                0x000080bc                _malloc_r
 .text          0x00008618       0x88 /usr/local/arm-elf-gcc-4.2.1/lib/gcc/arm-elf/4.2.1/../../../../arm-elf/lib/thumb/interwork/libg.a(lib_a-memchr.o)
                0x00008618                memchr
 .text          0x000086a0       0x7c /usr/local/arm-elf-gcc-4.2.1/lib/gcc/arm-elf/4.2.1/../../../../arm-elf/lib/thumb/interwork/libg.a(lib_a-memmove.o)
                0x000086a0                memmove
 .text          0x0000871c        0x8 /usr/local/arm-elf-gcc-4.2.1/lib/gcc/arm-elf/4.2.1/../../../../arm-elf/lib/thumb/interwork/libg.a(lib_a-mlock.o)
                0x00008720                __malloc_unlock
                0x0000871c                __malloc_lock
 .text          0x00008724      0x964 /usr/local/arm-elf-gcc-4.2.1/lib/gcc/arm-elf/4.2.1/../../../../arm-elf/lib/thumb/interwork/libg.a(lib_a-mprec.o)
                0x00008994                _mprec_log10
                0x00008a10                __any_on
                0x00008a64                _Balloc
                0x00008940                __ratio
                0x00008e94                __i2b
                0x0000887c                __b2d
                0x00008ff0                __s2b
                0x000087e8                __mcmp
                0x0000873c                __hi0bits
                0x00008f50                __pow5mult
                0x00008c84                __lshift
                0x00008d38                __multiply
                0x00008ac0                __d2b
                0x000089d8                __copybits
                0x00008828                __ulp
                0x00008b9c                __mdiff
                0x00008784                __lo0bits
                0x00008eac                __multadd
                0x00008724                _Bfree
 .text          0x00009088      0x3b4 /usr/local/arm-elf-gcc-4.2.1/lib/gcc/arm-elf/4.2.1/../../../../arm-elf/lib/thumb/interwork/libg.a(lib_a-reallocr.o)
                0x00009088                _realloc_r
 .text          0x0000943c       0x24 /usr/local/arm-elf-gcc-4.2.1/lib/gcc/arm-elf/4.2.1/../../../../arm-elf/lib/thumb/interwork/libg.a(lib_a-s_isinfd.o)
                0x0000943c                __isinfd
 .text          0x00009460       0x1c /usr/local/arm-elf-gcc-4.2.1/lib/gcc/arm-elf/4.2.1/../../../../arm-elf/lib/thumb/interwork/libg.a(lib_a-s_isnand.o)
                0x00009460                __isnand
 .text          0x0000947c       0x28 /usr/local/arm-elf-gcc-4.2.1/lib/gcc/arm-elf/4.2.1/../../../../arm-elf/lib/thumb/interwork/libg.a(lib_a-sbrkr.o)
                0x0000947c                _sbrk_r
 .text          0x000094a4       0xd8 /usr/local/arm-elf-gcc-4.2.1/lib/gcc/arm-elf/4.2.1/../../../../arm-elf/lib/thumb/interwork/libg.a(lib_a-stdio.o)
                0x000094bc                __sseek
                0x00009544                __sread
                0x000094a4                __sclose
                0x000094fc                __swrite
 .text          0x0000957c       0x5c /usr/local/arm-elf-gcc-4.2.1/lib/gcc/arm-elf/4.2.1/../../../../arm-elf/lib/thumb/interwork/libg.a(lib_a-strcmp.o)
                0x0000957c                strcmp
 .text          0x000095d8      0x5b4 /usr/local/arm-elf-gcc-4.2.1/lib/gcc/arm-elf/4.2.1/../../../../arm-elf/lib/thumb/interwork/libg.a(lib_a-syscalls.o)
                0x00009634                _getpid
                0x000099d4                initialise_monitor_handles
                0x00009ae8                isatty
                0x000099b0                _fstat
                0x00009744                _open
                0x00009644                _sbrk
                0x00009640                _raise
                0x00009b0c                _times
                0x00009974                _stat
                0x000098f4                _lseek
                0x00009638                _link
                0x000097f0                _swiwrite
                0x00009a5c                _rename
                0x00009864                _swilseek
                0x000097a8                _swiclose
                0x000096a4                _swiopen
                0x00009b5c                _unlink
                0x00009818                _write
                0x000095f4                _kill
                0x00009b30                _gettimeofday
                0x0000992c                _read
                0x00009624                _exit
                0x00009a98                _system
                0x00009904                _swiread
                0x000097e0                _close
 .text          0x00009b8c       0x2c /usr/local/arm-elf-gcc-4.2.1/lib/gcc/arm-elf/4.2.1/../../../../arm-elf/lib/thumb/interwork/libg.a(lib_a-writer.o)
                0x00009b8c                _write_r
 .text          0x00009bb8       0x60 /usr/local/arm-elf-gcc-4.2.1/lib/gcc/arm-elf/4.2.1/../../../../arm-elf/lib/thumb/interwork/libg.a(lib_a-callocr.o)
                0x00009bb8                _calloc_r
 .text          0x00009c18       0x28 /usr/local/arm-elf-gcc-4.2.1/lib/gcc/arm-elf/4.2.1/../../../../arm-elf/lib/thumb/interwork/libg.a(lib_a-closer.o)
                0x00009c18                _close_r
 .text          0x00009c40        0xc /usr/local/arm-elf-gcc-4.2.1/lib/gcc/arm-elf/4.2.1/../../../../arm-elf/lib/thumb/interwork/libg.a(lib_a-errno.o)
                0x00009c40                __errno
 .text          0x00009c4c       0xc0 /usr/local/arm-elf-gcc-4.2.1/lib/gcc/arm-elf/4.2.1/../../../../arm-elf/lib/thumb/interwork/libg.a(lib_a-fclose.o)
                0x00009c4c                _fclose_r
                0x00009cf4                fclose
 .text          0x00009d0c       0x2c /usr/local/arm-elf-gcc-4.2.1/lib/gcc/arm-elf/4.2.1/../../../../arm-elf/lib/thumb/interwork/libg.a(lib_a-fstatr.o)
                0x00009d0c                _fstat_r
 .text          0x00009d38       0x2c /usr/local/arm-elf-gcc-4.2.1/lib/gcc/arm-elf/4.2.1/../../../../arm-elf/lib/thumb/interwork/libg.a(lib_a-lseekr.o)
                0x00009d38                _lseek_r
 .text          0x00009d64       0x2c /usr/local/arm-elf-gcc-4.2.1/lib/gcc/arm-elf/4.2.1/../../../../arm-elf/lib/thumb/interwork/libg.a(lib_a-readr.o)
                0x00009d64                _read_r
 .text          0x00009d90      0x110 /usr/local/arm-elf-gcc-4.2.1/lib/gcc/arm-elf/4.2.1/../../../../arm-elf/lib/thumb/interwork/libg.a(lib_a-reent.o)
                0x00009ddc                cleanup_glue
                0x00009dfc                _reclaim_reent
                0x00009d90                _wrapup_reent
 .text          0x00009ea0       0xc8 /usr/local/arm-elf-gcc-4.2.1/lib/gcc/arm-elf/4.2.1/thumb/interwork/libgcc.a(_umodsi3.o)
                0x00009ea0                __umodsi3
 .text          0x00009f68       0xd8 /usr/local/arm-elf-gcc-4.2.1/lib/gcc/arm-elf/4.2.1/thumb/interwork/libgcc.a(_modsi3.o)
                0x00009f68                __modsi3
 .text          0x0000a040      0x3cc /usr/local/arm-elf-gcc-4.2.1/lib/gcc/arm-elf/4.2.1/thumb/interwork/libgcc.a(_addsub_df.o)
                0x0000a3d4                __adddf3
                0x0000a394                __subdf3
 .text          0x0000a40c      0x2a8 /usr/local/arm-elf-gcc-4.2.1/lib/gcc/arm-elf/4.2.1/thumb/interwork/libgcc.a(_mul_df.o)
                0x0000a444                __muldf3
 .text          0x0000a6b4      0x1ac /usr/local/arm-elf-gcc-4.2.1/lib/gcc/arm-elf/4.2.1/thumb/interwork/libgcc.a(_div_df.o)
                0x0000a6ec                __divdf3
 .text          0x0000a860       0x58 /usr/local/arm-elf-gcc-4.2.1/lib/gcc/arm-elf/4.2.1/thumb/interwork/libgcc.a(_eq_df.o)
                0x0000a870                __eqdf2
 .text          0x0000a8b8       0x58 /usr/local/arm-elf-gcc-4.2.1/lib/gcc/arm-elf/4.2.1/thumb/interwork/libgcc.a(_ne_df.o)
                0x0000a8c8                __nedf2
 .text          0x0000a910       0x58 /usr/local/arm-elf-gcc-4.2.1/lib/gcc/arm-elf/4.2.1/thumb/interwork/libgcc.a(_gt_df.o)
                0x0000a920                __gtdf2
 .text          0x0000a968       0x58 /usr/local/arm-elf-gcc-4.2.1/lib/gcc/arm-elf/4.2.1/thumb/interwork/libgcc.a(_ge_df.o)
                0x0000a978                __gedf2
 .text          0x0000a9c0       0x58 /usr/local/arm-elf-gcc-4.2.1/lib/gcc/arm-elf/4.2.1/thumb/interwork/libgcc.a(_lt_df.o)
                0x0000a9d0                __ltdf2
 .text          0x0000aa18       0x90 /usr/local/arm-elf-gcc-4.2.1/lib/gcc/arm-elf/4.2.1/thumb/interwork/libgcc.a(_si_to_df.o)
                0x0000aa24                __floatsidf
 .text          0x0000aaa8       0xb4 /usr/local/arm-elf-gcc-4.2.1/lib/gcc/arm-elf/4.2.1/thumb/interwork/libgcc.a(_df_to_si.o)
                0x0000aad8                __fixdfsi
 .text          0x0000ab5c        0x0 /usr/local/arm-elf-gcc-4.2.1/lib/gcc/arm-elf/4.2.1/thumb/interwork/libgcc.a(_thenan_df.o)
 .text          0x0000ab5c      0x10c /usr/local/arm-elf-gcc-4.2.1/lib/gcc/arm-elf/4.2.1/thumb/interwork/libgcc.a(_usi_to_df.o)
                0x0000ab68                __floatunsidf
 .text          0x0000ac68       0x84 /usr/local/arm-elf-gcc-4.2.1/lib/gcc/arm-elf/4.2.1/thumb/interwork/libgcc.a(_muldi3.o)
                0x0000ac68                __muldi3
 .text          0x0000acec       0x3c /usr/local/arm-elf-gcc-4.2.1/lib/gcc/arm-elf/4.2.1/thumb/interwork/libgcc.a(_clzsi2.o)
                0x0000acec                __clzsi2
 .text          0x0000ad28      0x288 /usr/local/arm-elf-gcc-4.2.1/lib/gcc/arm-elf/4.2.1/thumb/interwork/libgcc.a(_pack_df.o)
                0x0000ad58                __pack_d
 .text          0x0000afb0       0xc4 /usr/local/arm-elf-gcc-4.2.1/lib/gcc/arm-elf/4.2.1/thumb/interwork/libgcc.a(_unpack_df.o)
                0x0000afb0                __unpack_d
 .text          0x0000b074       0xf8 /usr/local/arm-elf-gcc-4.2.1/lib/gcc/arm-elf/4.2.1/thumb/interwork/libgcc.a(_fpcmp_parts_df.o)
                0x0000b0a4                __fpcmp_parts_d
 .text          0x0000b16c        0x0 /usr/local/arm-elf-gcc-4.2.1/lib/gcc/arm-elf/4.2.1/thumb/interwork/libgcc.a(_clz.o)
 *(.rodata)
 .rodata        0x0000b16c      0x18c /usr/local/arm-elf-gcc-4.2.1/lib/gcc/arm-elf/4.2.1/../../../../arm-elf/lib/thumb/interwork/libg.a(lib_a-vfprintf.o)
 .rodata        0x0000b2f8       0x18 /usr/local/arm-elf-gcc-4.2.1/lib/gcc/arm-elf/4.2.1/../../../../arm-elf/lib/thumb/interwork/libg.a(lib_a-dtoa.o)
 .rodata        0x0000b310        0x4 /usr/local/arm-elf-gcc-4.2.1/lib/gcc/arm-elf/4.2.1/../../../../arm-elf/lib/thumb/interwork/libg.a(lib_a-impure.o)
                0x0000b310                _global_impure_ptr
 .rodata        0x0000b314       0x34 /usr/local/arm-elf-gcc-4.2.1/lib/gcc/arm-elf/4.2.1/../../../../arm-elf/lib/thumb/interwork/libg.a(lib_a-locale.o)
 .rodata        0x0000b348      0x124 /usr/local/arm-elf-gcc-4.2.1/lib/gcc/arm-elf/4.2.1/../../../../arm-elf/lib/thumb/interwork/libg.a(lib_a-mprec.o)
                0x0000b438                __mprec_tinytens
                0x0000b348                __mprec_tens
                0x0000b410                __mprec_bigtens
 .rodata        0x0000b46c       0x14 /usr/local/arm-elf-gcc-4.2.1/lib/gcc/arm-elf/4.2.1/thumb/interwork/libgcc.a(_thenan_df.o)
                0x0000b46c                __thenan_df
 .rodata        0x0000b480      0x100 /usr/local/arm-elf-gcc-4.2.1/lib/gcc/arm-elf/4.2.1/thumb/interwork/libgcc.a(_clz.o)
                0x0000b480                __clz_tab
 *(.rodata*)
 .rodata.str1.4
                0x0000b580       0x7d main.o
                                 0x80 (size before relaxing)
 *fill*         0x0000b5fd        0x3 00
 .rodata.str1.4
                0x0000b600       0x30 ../Common/Minimal/BlockQ.o
 .rodata.str1.4
                0x0000b630        0xf ../Common/Minimal/blocktim.o
                                 0x10 (size before relaxing)
 *fill*         0x0000b63f        0x1 00
 .rodata.str1.4
                0x0000b640        0x5 ../Common/Minimal/flash.o
                                  0x8 (size before relaxing)
 *fill*         0x0000b645        0x3 00
 .rodata.str1.4
                0x0000b648        0x8 ../Common/Minimal/integer.o
 .rodata.str1.4
                0x0000b650       0x1f ../Common/Minimal/GenQTest.o
                                 0x20 (size before relaxing)
 *fill*         0x0000b66f        0x1 00
 .rodata.str1.4
                0x0000b670       0x1f ../Common/Minimal/QPeek.o
                                 0x20 (size before relaxing)
 *fill*         0x0000b68f        0x1 00
 .rodata.str1.4
                0x0000b690       0x28 ../Common/Minimal/dynamic.o
 .rodata.str1.4
                0x0000b6b8       0x1d ../Source/tasks.o
                                 0x20 (size before relaxing)
 *fill*         0x0000b6d5        0x3 00
 .rodata.str1.4
                0x0000b6d8       0x63 /usr/local/arm-elf-gcc-4.2.1/lib/gcc/arm-elf/4.2.1/../../../../arm-elf/lib/thumb/interwork/libg.a(lib_a-vfprintf.o)
                                 0x64 (size before relaxing)
 *fill*         0x0000b73b        0x1 00
 .rodata.str1.4
                0x0000b73c       0x1e /usr/local/arm-elf-gcc-4.2.1/lib/gcc/arm-elf/4.2.1/../../../../arm-elf/lib/thumb/interwork/libg.a(lib_a-wctomb_r.o)
                                 0x20 (size before relaxing)
 *fill*         0x0000b75a        0x2 00
 .rodata.str1.4
                0x0000b75c       0x10 /usr/local/arm-elf-gcc-4.2.1/lib/gcc/arm-elf/4.2.1/../../../../arm-elf/lib/thumb/interwork/libg.a(lib_a-dtoa.o)
                                 0x14 (size before relaxing)
 .rodata.str1.4
                0x0000b76c        0x2 /usr/local/arm-elf-gcc-4.2.1/lib/gcc/arm-elf/4.2.1/../../../../arm-elf/lib/thumb/interwork/libg.a(lib_a-impure.o)
                                  0x4 (size before relaxing)
 *fill*         0x0000b76e        0x2 00
 .rodata.str1.4
                0x0000b770        0xb /usr/local/arm-elf-gcc-4.2.1/lib/gcc/arm-elf/4.2.1/../../../../arm-elf/lib/thumb/interwork/libg.a(lib_a-locale.o)
                                 0x18 (size before relaxing)
 *fill*         0x0000b77b        0x1 00
 .rodata.str1.4
                0x0000b77c        0x4 /usr/local/arm-elf-gcc-4.2.1/lib/gcc/arm-elf/4.2.1/../../../../arm-elf/lib/thumb/interwork/libg.a(lib_a-syscalls.o)
 *(.glue_7)
 .glue_7        0x0000b780        0x0 ../Common/drivers/LPC/serial/serial.o
 .glue_7        0x0000b780        0x0 ../Common/drivers/LPC/serial/serialISR.o
 .glue_7        0x0000b780        0x0 ../Source/portable/GCC/ARM7_LPC23xx/portISR.o
 .glue_7        0x0000b780        0x0 ../Common/drivers/LPC/usb/usbcontrol.o
 .glue_7        0x0000b780        0x0 ../Common/drivers/LPC/usb/usbhw_lpc.o
 .glue_7        0x0000b780        0x0 ../Common/drivers/LPC/usb/usbinit.o
 .glue_7        0x0000b780        0x0 ../Common/drivers/LPC/usb/usbstdreq.o
 .glue_7        0x0000b780        0x0 main.o
 .glue_7        0x0000b780        0x0 ./ParTest/ParTest.o
 .glue_7        0x0000b780        0x0 ../Common/Minimal/BlockQ.o
 .glue_7        0x0000b780        0x0 ../Common/Minimal/blocktim.o
 .glue_7        0x0000b780        0x0 ../Common/Minimal/flash.o
 .glue_7        0x0000b780        0x0 ../Common/Minimal/integer.o
 .glue_7        0x0000b780        0x0 ../Common/Minimal/GenQTest.o
 .glue_7        0x0000b780        0x0 ../Common/Minimal/QPeek.o
 .glue_7        0x0000b780        0x0 ../Common/Minimal/dynamic.o
 .glue_7        0x0000b780        0x0 ../Source/list.o
 .glue_7        0x0000b780        0x0 ../Source/queue.o
 .glue_7        0x0000b780        0x0 ../Source/tasks.o
 .glue_7        0x0000b780        0x0 ../Source/portable/GCC/ARM7_LPC23xx/port.o
 .glue_7        0x0000b780        0x0 ../Source/portable/MemMang/heap_2.o
 .glue_7        0x0000b780        0x0 /tmp/ccSVYLqz.o
 .glue_7        0x0000b780        0x0 /usr/local/arm-elf-gcc-4.2.1/lib/gcc/arm-elf/4.2.1/thumb/interwork/libgcc.a(_udivsi3.o)
 .glue_7        0x0000b780        0x0 /usr/local/arm-elf-gcc-4.2.1/lib/gcc/arm-elf/4.2.1/thumb/interwork/libgcc.a(_divsi3.o)
 .glue_7        0x0000b780        0x0 /usr/local/arm-elf-gcc-4.2.1/lib/gcc/arm-elf/4.2.1/thumb/interwork/libgcc.a(_dvmd_tls.o)
 .glue_7        0x0000b780        0x0 /usr/local/arm-elf-gcc-4.2.1/lib/gcc/arm-elf/4.2.1/../../../../arm-elf/lib/thumb/interwork/libg.a(lib_a-memcpy.o)
 .glue_7        0x0000b780        0x0 /usr/local/arm-elf-gcc-4.2.1/lib/gcc/arm-elf/4.2.1/../../../../arm-elf/lib/thumb/interwork/libg.a(lib_a-memset.o)
 .glue_7        0x0000b780        0x0 /usr/local/arm-elf-gcc-4.2.1/lib/gcc/arm-elf/4.2.1/../../../../arm-elf/lib/thumb/interwork/libg.a(lib_a-sprintf.o)
 .glue_7        0x0000b780        0x0 /usr/local/arm-elf-gcc-4.2.1/lib/gcc/arm-elf/4.2.1/../../../../arm-elf/lib/thumb/interwork/libg.a(lib_a-strcat.o)
 .glue_7        0x0000b780        0x0 /usr/local/arm-elf-gcc-4.2.1/lib/gcc/arm-elf/4.2.1/../../../../arm-elf/lib/thumb/interwork/libg.a(lib_a-strcpy.o)
 .glue_7        0x0000b780        0x0 /usr/local/arm-elf-gcc-4.2.1/lib/gcc/arm-elf/4.2.1/../../../../arm-elf/lib/thumb/interwork/libg.a(lib_a-strlen.o)
 .glue_7        0x0000b780        0x0 /usr/local/arm-elf-gcc-4.2.1/lib/gcc/arm-elf/4.2.1/../../../../arm-elf/lib/thumb/interwork/libg.a(lib_a-strncpy.o)
 .glue_7        0x0000b780        0x0 /usr/local/arm-elf-gcc-4.2.1/lib/gcc/arm-elf/4.2.1/../../../../arm-elf/lib/thumb/interwork/libg.a(lib_a-vfprintf.o)
 .glue_7        0x0000b780        0x0 /usr/local/arm-elf-gcc-4.2.1/lib/gcc/arm-elf/4.2.1/../../../../arm-elf/lib/thumb/interwork/libg.a(lib_a-wcrtomb.o)
 .glue_7        0x0000b780        0x0 /usr/local/arm-elf-gcc-4.2.1/lib/gcc/arm-elf/4.2.1/../../../../arm-elf/lib/thumb/interwork/libg.a(lib_a-wcsrtombs.o)
 .glue_7        0x0000b780        0x0 /usr/local/arm-elf-gcc-4.2.1/lib/gcc/arm-elf/4.2.1/../../../../arm-elf/lib/thumb/interwork/libg.a(lib_a-wctomb_r.o)
 .glue_7        0x0000b780        0x0 /usr/local/arm-elf-gcc-4.2.1/lib/gcc/arm-elf/4.2.1/../../../../arm-elf/lib/thumb/interwork/libg.a(lib_a-wsetup.o)
 .glue_7        0x0000b780        0x0 /usr/local/arm-elf-gcc-4.2.1/lib/gcc/arm-elf/4.2.1/../../../../arm-elf/lib/thumb/interwork/libg.a(lib_a-dtoa.o)
 .glue_7        0x0000b780        0x0 /usr/local/arm-elf-gcc-4.2.1/lib/gcc/arm-elf/4.2.1/../../../../arm-elf/lib/thumb/interwork/libg.a(lib_a-fflush.o)
 .glue_7        0x0000b780        0x0 /usr/local/arm-elf-gcc-4.2.1/lib/gcc/arm-elf/4.2.1/../../../../arm-elf/lib/thumb/interwork/libg.a(lib_a-findfp.o)
 .glue_7        0x0000b780        0x0 /usr/local/arm-elf-gcc-4.2.1/lib/gcc/arm-elf/4.2.1/../../../../arm-elf/lib/thumb/interwork/libg.a(lib_a-freer.o)
 .glue_7        0x0000b780        0x0 /usr/local/arm-elf-gcc-4.2.1/lib/gcc/arm-elf/4.2.1/../../../../arm-elf/lib/thumb/interwork/libg.a(lib_a-fvwrite.o)
 .glue_7        0x0000b780        0x0 /usr/local/arm-elf-gcc-4.2.1/lib/gcc/arm-elf/4.2.1/../../../../arm-elf/lib/thumb/interwork/libg.a(lib_a-fwalk.o)
 .glue_7        0x0000b780        0x0 /usr/local/arm-elf-gcc-4.2.1/lib/gcc/arm-elf/4.2.1/../../../../arm-elf/lib/thumb/interwork/libg.a(lib_a-impure.o)
 .glue_7        0x0000b780        0x0 /usr/local/arm-elf-gcc-4.2.1/lib/gcc/arm-elf/4.2.1/../../../../arm-elf/lib/thumb/interwork/libg.a(lib_a-locale.o)
 .glue_7        0x0000b780        0x0 /usr/local/arm-elf-gcc-4.2.1/lib/gcc/arm-elf/4.2.1/../../../../arm-elf/lib/thumb/interwork/libg.a(lib_a-makebuf.o)
 .glue_7        0x0000b780        0x0 /usr/local/arm-elf-gcc-4.2.1/lib/gcc/arm-elf/4.2.1/../../../../arm-elf/lib/thumb/interwork/libg.a(lib_a-mallocr.o)
 .glue_7        0x0000b780        0x0 /usr/local/arm-elf-gcc-4.2.1/lib/gcc/arm-elf/4.2.1/../../../../arm-elf/lib/thumb/interwork/libg.a(lib_a-memchr.o)
 .glue_7        0x0000b780        0x0 /usr/local/arm-elf-gcc-4.2.1/lib/gcc/arm-elf/4.2.1/../../../../arm-elf/lib/thumb/interwork/libg.a(lib_a-memmove.o)
 .glue_7        0x0000b780        0x0 /usr/local/arm-elf-gcc-4.2.1/lib/gcc/arm-elf/4.2.1/../../../../arm-elf/lib/thumb/interwork/libg.a(lib_a-mlock.o)
 .glue_7        0x0000b780        0x0 /usr/local/arm-elf-gcc-4.2.1/lib/gcc/arm-elf/4.2.1/../../../../arm-elf/lib/thumb/interwork/libg.a(lib_a-mprec.o)
 .glue_7        0x0000b780        0x0 /usr/local/arm-elf-gcc-4.2.1/lib/gcc/arm-elf/4.2.1/../../../../arm-elf/lib/thumb/interwork/libg.a(lib_a-reallocr.o)
 .glue_7        0x0000b780        0x0 /usr/local/arm-elf-gcc-4.2.1/lib/gcc/arm-elf/4.2.1/../../../../arm-elf/lib/thumb/interwork/libg.a(lib_a-s_isinfd.o)
 .glue_7        0x0000b780        0x0 /usr/local/arm-elf-gcc-4.2.1/lib/gcc/arm-elf/4.2.1/../../../../arm-elf/lib/thumb/interwork/libg.a(lib_a-s_isnand.o)
 .glue_7        0x0000b780        0x0 /usr/local/arm-elf-gcc-4.2.1/lib/gcc/arm-elf/4.2.1/../../../../arm-elf/lib/thumb/interwork/libg.a(lib_a-sbrkr.o)
 .glue_7        0x0000b780        0x0 /usr/local/arm-elf-gcc-4.2.1/lib/gcc/arm-elf/4.2.1/../../../../arm-elf/lib/thumb/interwork/libg.a(lib_a-stdio.o)
 .glue_7        0x0000b780        0x0 /usr/local/arm-elf-gcc-4.2.1/lib/gcc/arm-elf/4.2.1/../../../../arm-elf/lib/thumb/interwork/libg.a(lib_a-strcmp.o)
 .glue_7        0x0000b780        0x0 /usr/local/arm-elf-gcc-4.2.1/lib/gcc/arm-elf/4.2.1/../../../../arm-elf/lib/thumb/interwork/libg.a(lib_a-syscalls.o)
 .glue_7        0x0000b780        0x0 /usr/local/arm-elf-gcc-4.2.1/lib/gcc/arm-elf/4.2.1/../../../../arm-elf/lib/thumb/interwork/libg.a(lib_a-writer.o)
 .glue_7        0x0000b780        0x0 /usr/local/arm-elf-gcc-4.2.1/lib/gcc/arm-elf/4.2.1/../../../../arm-elf/lib/thumb/interwork/libg.a(lib_a-callocr.o)
 .glue_7        0x0000b780        0x0 /usr/local/arm-elf-gcc-4.2.1/lib/gcc/arm-elf/4.2.1/../../../../arm-elf/lib/thumb/interwork/libg.a(lib_a-closer.o)
 .glue_7        0x0000b780        0x0 /usr/local/arm-elf-gcc-4.2.1/lib/gcc/arm-elf/4.2.1/../../../../arm-elf/lib/thumb/interwork/libg.a(lib_a-errno.o)
 .glue_7        0x0000b780        0x0 /usr/local/arm-elf-gcc-4.2.1/lib/gcc/arm-elf/4.2.1/../../../../arm-elf/lib/thumb/interwork/libg.a(lib_a-fclose.o)
 .glue_7        0x0000b780        0x0 /usr/local/arm-elf-gcc-4.2.1/lib/gcc/arm-elf/4.2.1/../../../../arm-elf/lib/thumb/interwork/libg.a(lib_a-fstatr.o)
 .glue_7        0x0000b780        0x0 /usr/local/arm-elf-gcc-4.2.1/lib/gcc/arm-elf/4.2.1/../../../../arm-elf/lib/thumb/interwork/libg.a(lib_a-lseekr.o)
 .glue_7        0x0000b780        0x0 /usr/local/arm-elf-gcc-4.2.1/lib/gcc/arm-elf/4.2.1/../../../../arm-elf/lib/thumb/interwork/libg.a(lib_a-readr.o)
 .glue_7        0x0000b780        0x0 /usr/local/arm-elf-gcc-4.2.1/lib/gcc/arm-elf/4.2.1/../../../../arm-elf/lib/thumb/interwork/libg.a(lib_a-reent.o)
 .glue_7        0x0000b780        0x0 /usr/local/arm-elf-gcc-4.2.1/lib/gcc/arm-elf/4.2.1/thumb/interwork/libgcc.a(_umodsi3.o)
 .glue_7        0x0000b780        0x0 /usr/local/arm-elf-gcc-4.2.1/lib/gcc/arm-elf/4.2.1/thumb/interwork/libgcc.a(_modsi3.o)
 .glue_7        0x0000b780        0x0 /usr/local/arm-elf-gcc-4.2.1/lib/gcc/arm-elf/4.2.1/thumb/interwork/libgcc.a(_addsub_df.o)
 .glue_7        0x0000b780        0x0 /usr/local/arm-elf-gcc-4.2.1/lib/gcc/arm-elf/4.2.1/thumb/interwork/libgcc.a(_mul_df.o)
 .glue_7        0x0000b780        0x0 /usr/local/arm-elf-gcc-4.2.1/lib/gcc/arm-elf/4.2.1/thumb/interwork/libgcc.a(_div_df.o)
 .glue_7        0x0000b780        0x0 /usr/local/arm-elf-gcc-4.2.1/lib/gcc/arm-elf/4.2.1/thumb/interwork/libgcc.a(_eq_df.o)
 .glue_7        0x0000b780        0x0 /usr/local/arm-elf-gcc-4.2.1/lib/gcc/arm-elf/4.2.1/thumb/interwork/libgcc.a(_ne_df.o)
 .glue_7        0x0000b780        0x0 /usr/local/arm-elf-gcc-4.2.1/lib/gcc/arm-elf/4.2.1/thumb/interwork/libgcc.a(_gt_df.o)
 .glue_7        0x0000b780        0x0 /usr/local/arm-elf-gcc-4.2.1/lib/gcc/arm-elf/4.2.1/thumb/interwork/libgcc.a(_ge_df.o)
 .glue_7        0x0000b780        0x0 /usr/local/arm-elf-gcc-4.2.1/lib/gcc/arm-elf/4.2.1/thumb/interwork/libgcc.a(_lt_df.o)
 .glue_7        0x0000b780        0x0 /usr/local/arm-elf-gcc-4.2.1/lib/gcc/arm-elf/4.2.1/thumb/interwork/libgcc.a(_si_to_df.o)
 .glue_7        0x0000b780        0x0 /usr/local/arm-elf-gcc-4.2.1/lib/gcc/arm-elf/4.2.1/thumb/interwork/libgcc.a(_df_to_si.o)
 .glue_7        0x0000b780        0x0 /usr/local/arm-elf-gcc-4.2.1/lib/gcc/arm-elf/4.2.1/thumb/interwork/libgcc.a(_thenan_df.o)
 .glue_7        0x0000b780        0x0 /usr/local/arm-elf-gcc-4.2.1/lib/gcc/arm-elf/4.2.1/thumb/interwork/libgcc.a(_usi_to_df.o)
 .glue_7        0x0000b780        0x0 /usr/local/arm-elf-gcc-4.2.1/lib/gcc/arm-elf/4.2.1/thumb/interwork/libgcc.a(_muldi3.o)
 .glue_7        0x0000b780        0x0 /usr/local/arm-elf-gcc-4.2.1/lib/gcc/arm-elf/4.2.1/thumb/interwork/libgcc.a(_clzsi2.o)
 .glue_7        0x0000b780        0x0 /usr/local/arm-elf-gcc-4.2.1/lib/gcc/arm-elf/4.2.1/thumb/interwork/libgcc.a(_pack_df.o)
 .glue_7        0x0000b780        0x0 /usr/local/arm-elf-gcc-4.2.1/lib/gcc/arm-elf/4.2.1/thumb/interwork/libgcc.a(_unpack_df.o)
 .glue_7        0x0000b780        0x0 /usr/local/arm-elf-gcc-4.2.1/lib/gcc/arm-elf/4.2.1/thumb/interwork/libgcc.a(_fpcmp_parts_df.o)
 .glue_7        0x0000b780       0x6c /usr/local/arm-elf-gcc-4.2.1/lib/gcc/arm-elf/4.2.1/thumb/interwork/libgcc.a(_clz.o)
                0x0000b7e0                __main_from_arm
                0x0000b7b0                __xQueueGenericSendFromISR_from_arm
                0x0000b780                __xQueueGenericReceive_from_arm
                0x0000b798                ____udivsi3_from_arm
                0x0000b7bc                __xQueueCreate_from_arm
                0x0000b7c8                __vTaskIncrementTick_from_arm
                0x0000b7a4                __xQueueReceiveFromISR_from_arm
                0x0000b78c                __xQueueGenericSend_from_arm
                0x0000b7d4                __vTaskSwitchContext_from_arm
 *(.glue_7t)
 .glue_7t       0x0000b7ec        0x0 ../Common/drivers/LPC/serial/serial.o
 .glue_7t       0x0000b7ec        0x0 ../Common/drivers/LPC/serial/serialISR.o
 .glue_7t       0x0000b7ec        0x0 ../Source/portable/GCC/ARM7_LPC23xx/portISR.o
 .glue_7t       0x0000b7ec        0x0 ../Common/drivers/LPC/usb/usbcontrol.o
 .glue_7t       0x0000b7ec        0x0 ../Common/drivers/LPC/usb/usbhw_lpc.o
 .glue_7t       0x0000b7ec        0x0 ../Common/drivers/LPC/usb/usbinit.o
 .glue_7t       0x0000b7ec        0x0 ../Common/drivers/LPC/usb/usbstdreq.o
 .glue_7t       0x0000b7ec        0x0 main.o
 .glue_7t       0x0000b7ec        0x0 ./ParTest/ParTest.o
 .glue_7t       0x0000b7ec        0x0 ../Common/Minimal/BlockQ.o
 .glue_7t       0x0000b7ec        0x0 ../Common/Minimal/blocktim.o
 .glue_7t       0x0000b7ec        0x0 ../Common/Minimal/flash.o
 .glue_7t       0x0000b7ec        0x0 ../Common/Minimal/integer.o
 .glue_7t       0x0000b7ec        0x0 ../Common/Minimal/GenQTest.o
 .glue_7t       0x0000b7ec        0x0 ../Common/Minimal/QPeek.o
 .glue_7t       0x0000b7ec        0x0 ../Common/Minimal/dynamic.o
 .glue_7t       0x0000b7ec        0x0 ../Source/list.o
 .glue_7t       0x0000b7ec        0x0 ../Source/queue.o
 .glue_7t       0x0000b7ec        0x0 ../Source/tasks.o
 .glue_7t       0x0000b7ec        0x0 ../Source/portable/GCC/ARM7_LPC23xx/port.o
 .glue_7t       0x0000b7ec        0x0 ../Source/portable/MemMang/heap_2.o
 .glue_7t       0x0000b7ec        0x0 /tmp/ccSVYLqz.o
 .glue_7t       0x0000b7ec        0x0 /usr/local/arm-elf-gcc-4.2.1/lib/gcc/arm-elf/4.2.1/thumb/interwork/libgcc.a(_udivsi3.o)
 .glue_7t       0x0000b7ec        0x0 /usr/local/arm-elf-gcc-4.2.1/lib/gcc/arm-elf/4.2.1/thumb/interwork/libgcc.a(_divsi3.o)
 .glue_7t       0x0000b7ec        0x0 /usr/local/arm-elf-gcc-4.2.1/lib/gcc/arm-elf/4.2.1/thumb/interwork/libgcc.a(_dvmd_tls.o)
 .glue_7t       0x0000b7ec        0x0 /usr/local/arm-elf-gcc-4.2.1/lib/gcc/arm-elf/4.2.1/../../../../arm-elf/lib/thumb/interwork/libg.a(lib_a-memcpy.o)
 .glue_7t       0x0000b7ec        0x0 /usr/local/arm-elf-gcc-4.2.1/lib/gcc/arm-elf/4.2.1/../../../../arm-elf/lib/thumb/interwork/libg.a(lib_a-memset.o)
 .glue_7t       0x0000b7ec        0x0 /usr/local/arm-elf-gcc-4.2.1/lib/gcc/arm-elf/4.2.1/../../../../arm-elf/lib/thumb/interwork/libg.a(lib_a-sprintf.o)
 .glue_7t       0x0000b7ec        0x0 /usr/local/arm-elf-gcc-4.2.1/lib/gcc/arm-elf/4.2.1/../../../../arm-elf/lib/thumb/interwork/libg.a(lib_a-strcat.o)
 .glue_7t       0x0000b7ec        0x0 /usr/local/arm-elf-gcc-4.2.1/lib/gcc/arm-elf/4.2.1/../../../../arm-elf/lib/thumb/interwork/libg.a(lib_a-strcpy.o)
 .glue_7t       0x0000b7ec        0x0 /usr/local/arm-elf-gcc-4.2.1/lib/gcc/arm-elf/4.2.1/../../../../arm-elf/lib/thumb/interwork/libg.a(lib_a-strlen.o)
 .glue_7t       0x0000b7ec        0x0 /usr/local/arm-elf-gcc-4.2.1/lib/gcc/arm-elf/4.2.1/../../../../arm-elf/lib/thumb/interwork/libg.a(lib_a-strncpy.o)
 .glue_7t       0x0000b7ec        0x0 /usr/local/arm-elf-gcc-4.2.1/lib/gcc/arm-elf/4.2.1/../../../../arm-elf/lib/thumb/interwork/libg.a(lib_a-vfprintf.o)
 .glue_7t       0x0000b7ec        0x0 /usr/local/arm-elf-gcc-4.2.1/lib/gcc/arm-elf/4.2.1/../../../../arm-elf/lib/thumb/interwork/libg.a(lib_a-wcrtomb.o)
 .glue_7t       0x0000b7ec        0x0 /usr/local/arm-elf-gcc-4.2.1/lib/gcc/arm-elf/4.2.1/../../../../arm-elf/lib/thumb/interwork/libg.a(lib_a-wcsrtombs.o)
 .glue_7t       0x0000b7ec        0x0 /usr/local/arm-elf-gcc-4.2.1/lib/gcc/arm-elf/4.2.1/../../../../arm-elf/lib/thumb/interwork/libg.a(lib_a-wctomb_r.o)
 .glue_7t       0x0000b7ec        0x0 /usr/local/arm-elf-gcc-4.2.1/lib/gcc/arm-elf/4.2.1/../../../../arm-elf/lib/thumb/interwork/libg.a(lib_a-wsetup.o)
 .glue_7t       0x0000b7ec        0x0 /usr/local/arm-elf-gcc-4.2.1/lib/gcc/arm-elf/4.2.1/../../../../arm-elf/lib/thumb/interwork/libg.a(lib_a-dtoa.o)
 .glue_7t       0x0000b7ec        0x0 /usr/local/arm-elf-gcc-4.2.1/lib/gcc/arm-elf/4.2.1/../../../../arm-elf/lib/thumb/interwork/libg.a(lib_a-fflush.o)
 .glue_7t       0x0000b7ec        0x0 /usr/local/arm-elf-gcc-4.2.1/lib/gcc/arm-elf/4.2.1/../../../../arm-elf/lib/thumb/interwork/libg.a(lib_a-findfp.o)
 .glue_7t       0x0000b7ec        0x0 /usr/local/arm-elf-gcc-4.2.1/lib/gcc/arm-elf/4.2.1/../../../../arm-elf/lib/thumb/interwork/libg.a(lib_a-freer.o)
 .glue_7t       0x0000b7ec        0x0 /usr/local/arm-elf-gcc-4.2.1/lib/gcc/arm-elf/4.2.1/../../../../arm-elf/lib/thumb/interwork/libg.a(lib_a-fvwrite.o)
 .glue_7t       0x0000b7ec        0x0 /usr/local/arm-elf-gcc-4.2.1/lib/gcc/arm-elf/4.2.1/../../../../arm-elf/lib/thumb/interwork/libg.a(lib_a-fwalk.o)
 .glue_7t       0x0000b7ec        0x0 /usr/local/arm-elf-gcc-4.2.1/lib/gcc/arm-elf/4.2.1/../../../../arm-elf/lib/thumb/interwork/libg.a(lib_a-impure.o)
 .glue_7t       0x0000b7ec        0x0 /usr/local/arm-elf-gcc-4.2.1/lib/gcc/arm-elf/4.2.1/../../../../arm-elf/lib/thumb/interwork/libg.a(lib_a-locale.o)
 .glue_7t       0x0000b7ec        0x0 /usr/local/arm-elf-gcc-4.2.1/lib/gcc/arm-elf/4.2.1/../../../../arm-elf/lib/thumb/interwork/libg.a(lib_a-makebuf.o)
 .glue_7t       0x0000b7ec        0x0 /usr/local/arm-elf-gcc-4.2.1/lib/gcc/arm-elf/4.2.1/../../../../arm-elf/lib/thumb/interwork/libg.a(lib_a-mallocr.o)
 .glue_7t       0x0000b7ec        0x0 /usr/local/arm-elf-gcc-4.2.1/lib/gcc/arm-elf/4.2.1/../../../../arm-elf/lib/thumb/interwork/libg.a(lib_a-memchr.o)
 .glue_7t       0x0000b7ec        0x0 /usr/local/arm-elf-gcc-4.2.1/lib/gcc/arm-elf/4.2.1/../../../../arm-elf/lib/thumb/interwork/libg.a(lib_a-memmove.o)
 .glue_7t       0x0000b7ec        0x0 /usr/local/arm-elf-gcc-4.2.1/lib/gcc/arm-elf/4.2.1/../../../../arm-elf/lib/thumb/interwork/libg.a(lib_a-mlock.o)
 .glue_7t       0x0000b7ec        0x0 /usr/local/arm-elf-gcc-4.2.1/lib/gcc/arm-elf/4.2.1/../../../../arm-elf/lib/thumb/interwork/libg.a(lib_a-mprec.o)
 .glue_7t       0x0000b7ec        0x0 /usr/local/arm-elf-gcc-4.2.1/lib/gcc/arm-elf/4.2.1/../../../../arm-elf/lib/thumb/interwork/libg.a(lib_a-reallocr.o)
 .glue_7t       0x0000b7ec        0x0 /usr/local/arm-elf-gcc-4.2.1/lib/gcc/arm-elf/4.2.1/../../../../arm-elf/lib/thumb/interwork/libg.a(lib_a-s_isinfd.o)
 .glue_7t       0x0000b7ec        0x0 /usr/local/arm-elf-gcc-4.2.1/lib/gcc/arm-elf/4.2.1/../../../../arm-elf/lib/thumb/interwork/libg.a(lib_a-s_isnand.o)
 .glue_7t       0x0000b7ec        0x0 /usr/local/arm-elf-gcc-4.2.1/lib/gcc/arm-elf/4.2.1/../../../../arm-elf/lib/thumb/interwork/libg.a(lib_a-sbrkr.o)
 .glue_7t       0x0000b7ec        0x0 /usr/local/arm-elf-gcc-4.2.1/lib/gcc/arm-elf/4.2.1/../../../../arm-elf/lib/thumb/interwork/libg.a(lib_a-stdio.o)
 .glue_7t       0x0000b7ec        0x0 /usr/local/arm-elf-gcc-4.2.1/lib/gcc/arm-elf/4.2.1/../../../../arm-elf/lib/thumb/interwork/libg.a(lib_a-strcmp.o)
 .glue_7t       0x0000b7ec        0x0 /usr/local/arm-elf-gcc-4.2.1/lib/gcc/arm-elf/4.2.1/../../../../arm-elf/lib/thumb/interwork/libg.a(lib_a-syscalls.o)
 .glue_7t       0x0000b7ec        0x0 /usr/local/arm-elf-gcc-4.2.1/lib/gcc/arm-elf/4.2.1/../../../../arm-elf/lib/thumb/interwork/libg.a(lib_a-writer.o)
 .glue_7t       0x0000b7ec        0x0 /usr/local/arm-elf-gcc-4.2.1/lib/gcc/arm-elf/4.2.1/../../../../arm-elf/lib/thumb/interwork/libg.a(lib_a-callocr.o)
 .glue_7t       0x0000b7ec        0x0 /usr/local/arm-elf-gcc-4.2.1/lib/gcc/arm-elf/4.2.1/../../../../arm-elf/lib/thumb/interwork/libg.a(lib_a-closer.o)
 .glue_7t       0x0000b7ec        0x0 /usr/local/arm-elf-gcc-4.2.1/lib/gcc/arm-elf/4.2.1/../../../../arm-elf/lib/thumb/interwork/libg.a(lib_a-errno.o)
 .glue_7t       0x0000b7ec        0x0 /usr/local/arm-elf-gcc-4.2.1/lib/gcc/arm-elf/4.2.1/../../../../arm-elf/lib/thumb/interwork/libg.a(lib_a-fclose.o)
 .glue_7t       0x0000b7ec        0x0 /usr/local/arm-elf-gcc-4.2.1/lib/gcc/arm-elf/4.2.1/../../../../arm-elf/lib/thumb/interwork/libg.a(lib_a-fstatr.o)
 .glue_7t       0x0000b7ec        0x0 /usr/local/arm-elf-gcc-4.2.1/lib/gcc/arm-elf/4.2.1/../../../../arm-elf/lib/thumb/interwork/libg.a(lib_a-lseekr.o)
 .glue_7t       0x0000b7ec        0x0 /usr/local/arm-elf-gcc-4.2.1/lib/gcc/arm-elf/4.2.1/../../../../arm-elf/lib/thumb/interwork/libg.a(lib_a-readr.o)
 .glue_7t       0x0000b7ec        0x0 /usr/local/arm-elf-gcc-4.2.1/lib/gcc/arm-elf/4.2.1/../../../../arm-elf/lib/thumb/interwork/libg.a(lib_a-reent.o)
 .glue_7t       0x0000b7ec        0x0 /usr/local/arm-elf-gcc-4.2.1/lib/gcc/arm-elf/4.2.1/thumb/interwork/libgcc.a(_umodsi3.o)
 .glue_7t       0x0000b7ec        0x0 /usr/local/arm-elf-gcc-4.2.1/lib/gcc/arm-elf/4.2.1/thumb/interwork/libgcc.a(_modsi3.o)
 .glue_7t       0x0000b7ec        0x0 /usr/local/arm-elf-gcc-4.2.1/lib/gcc/arm-elf/4.2.1/thumb/interwork/libgcc.a(_addsub_df.o)
 .glue_7t       0x0000b7ec        0x0 /usr/local/arm-elf-gcc-4.2.1/lib/gcc/arm-elf/4.2.1/thumb/interwork/libgcc.a(_mul_df.o)
 .glue_7t       0x0000b7ec        0x0 /usr/local/arm-elf-gcc-4.2.1/lib/gcc/arm-elf/4.2.1/thumb/interwork/libgcc.a(_div_df.o)
 .glue_7t       0x0000b7ec        0x0 /usr/local/arm-elf-gcc-4.2.1/lib/gcc/arm-elf/4.2.1/thumb/interwork/libgcc.a(_eq_df.o)
 .glue_7t       0x0000b7ec        0x0 /usr/local/arm-elf-gcc-4.2.1/lib/gcc/arm-elf/4.2.1/thumb/interwork/libgcc.a(_ne_df.o)
 .glue_7t       0x0000b7ec        0x0 /usr/local/arm-elf-gcc-4.2.1/lib/gcc/arm-elf/4.2.1/thumb/interwork/libgcc.a(_gt_df.o)
 .glue_7t       0x0000b7ec        0x0 /usr/local/arm-elf-gcc-4.2.1/lib/gcc/arm-elf/4.2.1/thumb/interwork/libgcc.a(_ge_df.o)
 .glue_7t       0x0000b7ec        0x0 /usr/local/arm-elf-gcc-4.2.1/lib/gcc/arm-elf/4.2.1/thumb/interwork/libgcc.a(_lt_df.o)
 .glue_7t       0x0000b7ec        0x0 /usr/local/arm-elf-gcc-4.2.1/lib/gcc/arm-elf/4.2.1/thumb/interwork/libgcc.a(_si_to_df.o)
 .glue_7t       0x0000b7ec        0x0 /usr/local/arm-elf-gcc-4.2.1/lib/gcc/arm-elf/4.2.1/thumb/interwork/libgcc.a(_df_to_si.o)
 .glue_7t       0x0000b7ec        0x0 /usr/local/arm-elf-gcc-4.2.1/lib/gcc/arm-elf/4.2.1/thumb/interwork/libgcc.a(_thenan_df.o)
 .glue_7t       0x0000b7ec        0x0 /usr/local/arm-elf-gcc-4.2.1/lib/gcc/arm-elf/4.2.1/thumb/interwork/libgcc.a(_usi_to_df.o)
 .glue_7t       0x0000b7ec        0x0 /usr/local/arm-elf-gcc-4.2.1/lib/gcc/arm-elf/4.2.1/thumb/interwork/libgcc.a(_muldi3.o)
 .glue_7t       0x0000b7ec        0x0 /usr/local/arm-elf-gcc-4.2.1/lib/gcc/arm-elf/4.2.1/thumb/interwork/libgcc.a(_clzsi2.o)
 .glue_7t       0x0000b7ec        0x0 /usr/local/arm-elf-gcc-4.2.1/lib/gcc/arm-elf/4.2.1/thumb/interwork/libgcc.a(_pack_df.o)
 .glue_7t       0x0000b7ec        0x0 /usr/local/arm-elf-gcc-4.2.1/lib/gcc/arm-elf/4.2.1/thumb/interwork/libgcc.a(_unpack_df.o)
 .glue_7t       0x0000b7ec        0x0 /usr/local/arm-elf-gcc-4.2.1/lib/gcc/arm-elf/4.2.1/thumb/interwork/libgcc.a(_fpcmp_parts_df.o)
 .glue_7t       0x0000b7ec       0x40 /usr/local/arm-elf-gcc-4.2.1/lib/gcc/arm-elf/4.2.1/thumb/interwork/libgcc.a(_clz.o)
                0x0000b810                __vPortEnterCritical_change_to_arm
                0x0000b818                __vPortExitCritical_change_to_arm
                0x0000b824                __vPortISRStartFirstTask_from_thumb
                0x0000b7fc                __USBHwEPWrite_from_thumb
                0x0000b81c                __vPortDisableInterruptsFromThumb_from_thumb
                0x0000b814                __vPortExitCritical_from_thumb
                0x0000b7f0                __xSerialPortInitMinimal_change_to_arm
                0x0000b7ec                __xSerialPortInitMinimal_from_thumb
                0x0000b800                __USBHwEPWrite_change_to_arm
                0x0000b7f8                __vSerialPutString_change_to_arm
                0x0000b80c                __vPortEnterCritical_from_thumb
                0x0000b828                __vPortISRStartFirstTask_change_to_arm
                0x0000b7f4                __vSerialPutString_from_thumb
                0x0000b820                __vPortDisableInterruptsFromThumb_change_to_arm
                0x0000b808                __USBHwISOCEPRead_change_to_arm
                0x0000b804                __USBHwISOCEPRead_from_thumb
                0x0000b82c                __end_of_text__ = .

.data           0x40000000      0x834 load address 0x0000b82c
                0x40000000                __data_beg__ = .
                0x0000b82c                __data_beg_src__ = __end_of_text__
 *(.data)
 .data          0x40000000        0x0 ../Common/drivers/LPC/serial/serial.o
 .data          0x40000000        0x0 ../Common/drivers/LPC/serial/serialISR.o
 .data          0x40000000        0x4 ../Source/portable/GCC/ARM7_LPC23xx/portISR.o
                0x40000000                ulCriticalNesting
 .data          0x40000004        0x0 ../Common/drivers/LPC/usb/usbcontrol.o
 .data          0x40000004        0x0 ../Common/drivers/LPC/usb/usbhw_lpc.o
 .data          0x40000004        0x0 ../Common/drivers/LPC/usb/usbinit.o
 .data          0x40000004        0x0 ../Common/drivers/LPC/usb/usbstdreq.o
 .data          0x40000004        0x8 main.o
 .data          0x4000000c        0x0 ./ParTest/ParTest.o
 .data          0x4000000c        0x0 ../Common/Minimal/BlockQ.o
 .data          0x4000000c        0x0 ../Common/Minimal/blocktim.o
 .data          0x4000000c        0x0 ../Common/Minimal/flash.o
 .data          0x4000000c        0x0 ../Common/Minimal/integer.o
 .data          0x4000000c        0x0 ../Common/Minimal/GenQTest.o
 .data          0x4000000c        0x0 ../Common/Minimal/QPeek.o
 .data          0x4000000c        0x0 ../Common/Minimal/dynamic.o
 .data          0x4000000c        0x0 ../Source/list.o
 .data          0x4000000c        0x0 ../Source/queue.o
 .data          0x4000000c        0x4 ../Source/tasks.o
 .data          0x40000010        0x0 ../Source/portable/GCC/ARM7_LPC23xx/port.o
 .data          0x40000010        0x0 ../Source/portable/MemMang/heap_2.o
 .data          0x40000010        0x0 /tmp/ccSVYLqz.o
 .data          0x40000010        0x0 /usr/local/arm-elf-gcc-4.2.1/lib/gcc/arm-elf/4.2.1/thumb/interwork/libgcc.a(_udivsi3.o)
 .data          0x40000010        0x0 /usr/local/arm-elf-gcc-4.2.1/lib/gcc/arm-elf/4.2.1/thumb/interwork/libgcc.a(_divsi3.o)
 .data          0x40000010        0x0 /usr/local/arm-elf-gcc-4.2.1/lib/gcc/arm-elf/4.2.1/thumb/interwork/libgcc.a(_dvmd_tls.o)
 .data          0x40000010        0x0 /usr/local/arm-elf-gcc-4.2.1/lib/gcc/arm-elf/4.2.1/../../../../arm-elf/lib/thumb/interwork/libg.a(lib_a-memcpy.o)
 .data          0x40000010        0x0 /usr/local/arm-elf-gcc-4.2.1/lib/gcc/arm-elf/4.2.1/../../../../arm-elf/lib/thumb/interwork/libg.a(lib_a-memset.o)
 .data          0x40000010        0x0 /usr/local/arm-elf-gcc-4.2.1/lib/gcc/arm-elf/4.2.1/../../../../arm-elf/lib/thumb/interwork/libg.a(lib_a-sprintf.o)
 .data          0x40000010        0x0 /usr/local/arm-elf-gcc-4.2.1/lib/gcc/arm-elf/4.2.1/../../../../arm-elf/lib/thumb/interwork/libg.a(lib_a-strcat.o)
 .data          0x40000010        0x0 /usr/local/arm-elf-gcc-4.2.1/lib/gcc/arm-elf/4.2.1/../../../../arm-elf/lib/thumb/interwork/libg.a(lib_a-strcpy.o)
 .data          0x40000010        0x0 /usr/local/arm-elf-gcc-4.2.1/lib/gcc/arm-elf/4.2.1/../../../../arm-elf/lib/thumb/interwork/libg.a(lib_a-strlen.o)
 .data          0x40000010        0x0 /usr/local/arm-elf-gcc-4.2.1/lib/gcc/arm-elf/4.2.1/../../../../arm-elf/lib/thumb/interwork/libg.a(lib_a-strncpy.o)
 .data          0x40000010        0x0 /usr/local/arm-elf-gcc-4.2.1/lib/gcc/arm-elf/4.2.1/../../../../arm-elf/lib/thumb/interwork/libg.a(lib_a-vfprintf.o)
 .data          0x40000010        0x0 /usr/local/arm-elf-gcc-4.2.1/lib/gcc/arm-elf/4.2.1/../../../../arm-elf/lib/thumb/interwork/libg.a(lib_a-wcrtomb.o)
 .data          0x40000010        0x0 /usr/local/arm-elf-gcc-4.2.1/lib/gcc/arm-elf/4.2.1/../../../../arm-elf/lib/thumb/interwork/libg.a(lib_a-wcsrtombs.o)
 .data          0x40000010        0x0 /usr/local/arm-elf-gcc-4.2.1/lib/gcc/arm-elf/4.2.1/../../../../arm-elf/lib/thumb/interwork/libg.a(lib_a-wctomb_r.o)
 .data          0x40000010        0x0 /usr/local/arm-elf-gcc-4.2.1/lib/gcc/arm-elf/4.2.1/../../../../arm-elf/lib/thumb/interwork/libg.a(lib_a-wsetup.o)
 .data          0x40000010        0x0 /usr/local/arm-elf-gcc-4.2.1/lib/gcc/arm-elf/4.2.1/../../../../arm-elf/lib/thumb/interwork/libg.a(lib_a-dtoa.o)
 .data          0x40000010        0x0 /usr/local/arm-elf-gcc-4.2.1/lib/gcc/arm-elf/4.2.1/../../../../arm-elf/lib/thumb/interwork/libg.a(lib_a-fflush.o)
 .data          0x40000010        0x0 /usr/local/arm-elf-gcc-4.2.1/lib/gcc/arm-elf/4.2.1/../../../../arm-elf/lib/thumb/interwork/libg.a(lib_a-findfp.o)
 .data          0x40000010        0x0 /usr/local/arm-elf-gcc-4.2.1/lib/gcc/arm-elf/4.2.1/../../../../arm-elf/lib/thumb/interwork/libg.a(lib_a-freer.o)
 .data          0x40000010        0x0 /usr/local/arm-elf-gcc-4.2.1/lib/gcc/arm-elf/4.2.1/../../../../arm-elf/lib/thumb/interwork/libg.a(lib_a-fvwrite.o)
 .data          0x40000010        0x0 /usr/local/arm-elf-gcc-4.2.1/lib/gcc/arm-elf/4.2.1/../../../../arm-elf/lib/thumb/interwork/libg.a(lib_a-fwalk.o)
 .data          0x40000010      0x404 /usr/local/arm-elf-gcc-4.2.1/lib/gcc/arm-elf/4.2.1/../../../../arm-elf/lib/thumb/interwork/libg.a(lib_a-impure.o)
                0x40000010                _impure_ptr
 .data          0x40000414       0x10 /usr/local/arm-elf-gcc-4.2.1/lib/gcc/arm-elf/4.2.1/../../../../arm-elf/lib/thumb/interwork/libg.a(lib_a-locale.o)
                0x40000414                __mb_cur_max
                0x40000418                __lc_ctype
 .data          0x40000424        0x0 /usr/local/arm-elf-gcc-4.2.1/lib/gcc/arm-elf/4.2.1/../../../../arm-elf/lib/thumb/interwork/libg.a(lib_a-makebuf.o)
 .data          0x40000424      0x410 /usr/local/arm-elf-gcc-4.2.1/lib/gcc/arm-elf/4.2.1/../../../../arm-elf/lib/thumb/interwork/libg.a(lib_a-mallocr.o)
                0x40000830                __malloc_sbrk_base
                0x40000424                __malloc_av_
                0x4000082c                __malloc_trim_threshold
 .data          0x40000834        0x0 /usr/local/arm-elf-gcc-4.2.1/lib/gcc/arm-elf/4.2.1/../../../../arm-elf/lib/thumb/interwork/libg.a(lib_a-memchr.o)
 .data          0x40000834        0x0 /usr/local/arm-elf-gcc-4.2.1/lib/gcc/arm-elf/4.2.1/../../../../arm-elf/lib/thumb/interwork/libg.a(lib_a-memmove.o)
 .data          0x40000834        0x0 /usr/local/arm-elf-gcc-4.2.1/lib/gcc/arm-elf/4.2.1/../../../../arm-elf/lib/thumb/interwork/libg.a(lib_a-mlock.o)
 .data          0x40000834        0x0 /usr/local/arm-elf-gcc-4.2.1/lib/gcc/arm-elf/4.2.1/../../../../arm-elf/lib/thumb/interwork/libg.a(lib_a-mprec.o)
 .data          0x40000834        0x0 /usr/local/arm-elf-gcc-4.2.1/lib/gcc/arm-elf/4.2.1/../../../../arm-elf/lib/thumb/interwork/libg.a(lib_a-reallocr.o)
 .data          0x40000834        0x0 /usr/local/arm-elf-gcc-4.2.1/lib/gcc/arm-elf/4.2.1/../../../../arm-elf/lib/thumb/interwork/libg.a(lib_a-s_isinfd.o)
 .data          0x40000834        0x0 /usr/local/arm-elf-gcc-4.2.1/lib/gcc/arm-elf/4.2.1/../../../../arm-elf/lib/thumb/interwork/libg.a(lib_a-s_isnand.o)
 .data          0x40000834        0x0 /usr/local/arm-elf-gcc-4.2.1/lib/gcc/arm-elf/4.2.1/../../../../arm-elf/lib/thumb/interwork/libg.a(lib_a-sbrkr.o)
 .data          0x40000834        0x0 /usr/local/arm-elf-gcc-4.2.1/lib/gcc/arm-elf/4.2.1/../../../../arm-elf/lib/thumb/interwork/libg.a(lib_a-stdio.o)
 .data          0x40000834        0x0 /usr/local/arm-elf-gcc-4.2.1/lib/gcc/arm-elf/4.2.1/../../../../arm-elf/lib/thumb/interwork/libg.a(lib_a-strcmp.o)
 .data          0x40000834        0x0 /usr/local/arm-elf-gcc-4.2.1/lib/gcc/arm-elf/4.2.1/../../../../arm-elf/lib/thumb/interwork/libg.a(lib_a-syscalls.o)
 .data          0x40000834        0x0 /usr/local/arm-elf-gcc-4.2.1/lib/gcc/arm-elf/4.2.1/../../../../arm-elf/lib/thumb/interwork/libg.a(lib_a-writer.o)
 .data          0x40000834        0x0 /usr/local/arm-elf-gcc-4.2.1/lib/gcc/arm-elf/4.2.1/../../../../arm-elf/lib/thumb/interwork/libg.a(lib_a-callocr.o)
 .data          0x40000834        0x0 /usr/local/arm-elf-gcc-4.2.1/lib/gcc/arm-elf/4.2.1/../../../../arm-elf/lib/thumb/interwork/libg.a(lib_a-closer.o)
 .data          0x40000834        0x0 /usr/local/arm-elf-gcc-4.2.1/lib/gcc/arm-elf/4.2.1/../../../../arm-elf/lib/thumb/interwork/libg.a(lib_a-errno.o)
 .data          0x40000834        0x0 /usr/local/arm-elf-gcc-4.2.1/lib/gcc/arm-elf/4.2.1/../../../../arm-elf/lib/thumb/interwork/libg.a(lib_a-fclose.o)
 .data          0x40000834        0x0 /usr/local/arm-elf-gcc-4.2.1/lib/gcc/arm-elf/4.2.1/../../../../arm-elf/lib/thumb/interwork/libg.a(lib_a-fstatr.o)
 .data          0x40000834        0x0 /usr/local/arm-elf-gcc-4.2.1/lib/gcc/arm-elf/4.2.1/../../../../arm-elf/lib/thumb/interwork/libg.a(lib_a-lseekr.o)
 .data          0x40000834        0x0 /usr/local/arm-elf-gcc-4.2.1/lib/gcc/arm-elf/4.2.1/../../../../arm-elf/lib/thumb/interwork/libg.a(lib_a-readr.o)
 .data          0x40000834        0x0 /usr/local/arm-elf-gcc-4.2.1/lib/gcc/arm-elf/4.2.1/../../../../arm-elf/lib/thumb/interwork/libg.a(lib_a-reent.o)
 .data          0x40000834        0x0 /usr/local/arm-elf-gcc-4.2.1/lib/gcc/arm-elf/4.2.1/thumb/interwork/libgcc.a(_umodsi3.o)
 .data          0x40000834        0x0 /usr/local/arm-elf-gcc-4.2.1/lib/gcc/arm-elf/4.2.1/thumb/interwork/libgcc.a(_modsi3.o)
 .data          0x40000834        0x0 /usr/local/arm-elf-gcc-4.2.1/lib/gcc/arm-elf/4.2.1/thumb/interwork/libgcc.a(_addsub_df.o)
 .data          0x40000834        0x0 /usr/local/arm-elf-gcc-4.2.1/lib/gcc/arm-elf/4.2.1/thumb/interwork/libgcc.a(_mul_df.o)
 .data          0x40000834        0x0 /usr/local/arm-elf-gcc-4.2.1/lib/gcc/arm-elf/4.2.1/thumb/interwork/libgcc.a(_div_df.o)
 .data          0x40000834        0x0 /usr/local/arm-elf-gcc-4.2.1/lib/gcc/arm-elf/4.2.1/thumb/interwork/libgcc.a(_eq_df.o)
 .data          0x40000834        0x0 /usr/local/arm-elf-gcc-4.2.1/lib/gcc/arm-elf/4.2.1/thumb/interwork/libgcc.a(_ne_df.o)
 .data          0x40000834        0x0 /usr/local/arm-elf-gcc-4.2.1/lib/gcc/arm-elf/4.2.1/thumb/interwork/libgcc.a(_gt_df.o)
 .data          0x40000834        0x0 /usr/local/arm-elf-gcc-4.2.1/lib/gcc/arm-elf/4.2.1/thumb/interwork/libgcc.a(_ge_df.o)
 .data          0x40000834        0x0 /usr/local/arm-elf-gcc-4.2.1/lib/gcc/arm-elf/4.2.1/thumb/interwork/libgcc.a(_lt_df.o)
 .data          0x40000834        0x0 /usr/local/arm-elf-gcc-4.2.1/lib/gcc/arm-elf/4.2.1/thumb/interwork/libgcc.a(_si_to_df.o)
 .data          0x40000834        0x0 /usr/local/arm-elf-gcc-4.2.1/lib/gcc/arm-elf/4.2.1/thumb/interwork/libgcc.a(_df_to_si.o)
 .data          0x40000834        0x0 /usr/local/arm-elf-gcc-4.2.1/lib/gcc/arm-elf/4.2.1/thumb/interwork/libgcc.a(_thenan_df.o)
 .data          0x40000834        0x0 /usr/local/arm-elf-gcc-4.2.1/lib/gcc/arm-elf/4.2.1/thumb/interwork/libgcc.a(_usi_to_df.o)
 .data          0x40000834        0x0 /usr/local/arm-elf-gcc-4.2.1/lib/gcc/arm-elf/4.2.1/thumb/interwork/libgcc.a(_muldi3.o)
 .data          0x40000834        0x0 /usr/local/arm-elf-gcc-4.2.1/lib/gcc/arm-elf/4.2.1/thumb/interwork/libgcc.a(_clzsi2.o)
 .data          0x40000834        0x0 /usr/local/arm-elf-gcc-4.2.1/lib/gcc/arm-elf/4.2.1/thumb/interwork/libgcc.a(_pack_df.o)
 .data          0x40000834        0x0 /usr/local/arm-elf-gcc-4.2.1/lib/gcc/arm-elf/4.2.1/thumb/interwork/libgcc.a(_unpack_df.o)
 .data          0x40000834        0x0 /usr/local/arm-elf-gcc-4.2.1/lib/gcc/arm-elf/4.2.1/thumb/interwork/libgcc.a(_fpcmp_parts_df.o)
 .data          0x40000834        0x0 /usr/local/arm-elf-gcc-4.2.1/lib/gcc/arm-elf/4.2.1/thumb/interwork/libgcc.a(_clz.o)
                0x40000834                __data_end__ = .

.bss            0x40000834     0x4fbc
                0x40000834                __bss_beg__ = .
 *(.bss)
 .bss           0x40000834       0x18 ../Common/drivers/LPC/serial/serial.o
 .bss           0x4000084c       0x18 ../Common/drivers/LPC/serial/serialISR.o
 .bss           0x40000864        0x0 ../Source/portable/GCC/ARM7_LPC23xx/portISR.o
 .bss           0x40000864       0x34 ../Common/drivers/LPC/usb/usbcontrol.o
 .bss           0x40000898       0x48 ../Common/drivers/LPC/usb/usbhw_lpc.o
 .bss           0x400008e0        0x8 ../Common/drivers/LPC/usb/usbinit.o
 .bss           0x400008e8        0xc ../Common/drivers/LPC/usb/usbstdreq.o
 .bss           0x400008f4       0x14 main.o
                0x400008f4                isConnectedFlag
                0x400008f8                bDevStat
                0x400008fc                delay
 .bss           0x40000908        0x0 ./ParTest/ParTest.o
 .bss           0x40000908       0x18 ../Common/Minimal/BlockQ.o
 .bss           0x40000920       0x20 ../Common/Minimal/blocktim.o
 .bss           0x40000940        0x4 ../Common/Minimal/flash.o
 .bss           0x40000944        0x4 ../Common/Minimal/integer.o
 .bss           0x40000948       0x20 ../Common/Minimal/GenQTest.o
 .bss           0x40000968        0xc ../Common/Minimal/QPeek.o
 .bss           0x40000974       0x28 ../Common/Minimal/dynamic.o
 .bss           0x4000099c        0x0 ../Source/list.o
 .bss           0x4000099c        0x0 ../Source/queue.o
 .bss           0x4000099c      0x130 ../Source/tasks.o
                0x4000099c                pxCurrentTCB
 .bss           0x40000acc        0x0 ../Source/portable/GCC/ARM7_LPC23xx/port.o
 .bss           0x40000acc     0x4818 ../Source/portable/MemMang/heap_2.o
 .bss           0x400052e4        0x0 /tmp/ccSVYLqz.o
 .bss           0x400052e4        0x0 /usr/local/arm-elf-gcc-4.2.1/lib/gcc/arm-elf/4.2.1/thumb/interwork/libgcc.a(_udivsi3.o)
 .bss           0x400052e4        0x0 /usr/local/arm-elf-gcc-4.2.1/lib/gcc/arm-elf/4.2.1/thumb/interwork/libgcc.a(_divsi3.o)
 .bss           0x400052e4        0x0 /usr/local/arm-elf-gcc-4.2.1/lib/gcc/arm-elf/4.2.1/thumb/interwork/libgcc.a(_dvmd_tls.o)
 .bss           0x400052e4        0x0 /usr/local/arm-elf-gcc-4.2.1/lib/gcc/arm-elf/4.2.1/../../../../arm-elf/lib/thumb/interwork/libg.a(lib_a-memcpy.o)
 .bss           0x400052e4        0x0 /usr/local/arm-elf-gcc-4.2.1/lib/gcc/arm-elf/4.2.1/../../../../arm-elf/lib/thumb/interwork/libg.a(lib_a-memset.o)
 .bss           0x400052e4        0x0 /usr/local/arm-elf-gcc-4.2.1/lib/gcc/arm-elf/4.2.1/../../../../arm-elf/lib/thumb/interwork/libg.a(lib_a-sprintf.o)
 .bss           0x400052e4        0x0 /usr/local/arm-elf-gcc-4.2.1/lib/gcc/arm-elf/4.2.1/../../../../arm-elf/lib/thumb/interwork/libg.a(lib_a-strcat.o)
 .bss           0x400052e4        0x0 /usr/local/arm-elf-gcc-4.2.1/lib/gcc/arm-elf/4.2.1/../../../../arm-elf/lib/thumb/interwork/libg.a(lib_a-strcpy.o)
 .bss           0x400052e4        0x0 /usr/local/arm-elf-gcc-4.2.1/lib/gcc/arm-elf/4.2.1/../../../../arm-elf/lib/thumb/interwork/libg.a(lib_a-strlen.o)
 .bss           0x400052e4        0x0 /usr/local/arm-elf-gcc-4.2.1/lib/gcc/arm-elf/4.2.1/../../../../arm-elf/lib/thumb/interwork/libg.a(lib_a-strncpy.o)
 .bss           0x400052e4        0x0 /usr/local/arm-elf-gcc-4.2.1/lib/gcc/arm-elf/4.2.1/../../../../arm-elf/lib/thumb/interwork/libg.a(lib_a-vfprintf.o)
 .bss           0x400052e4        0x0 /usr/local/arm-elf-gcc-4.2.1/lib/gcc/arm-elf/4.2.1/../../../../arm-elf/lib/thumb/interwork/libg.a(lib_a-wcrtomb.o)
 .bss           0x400052e4        0x0 /usr/local/arm-elf-gcc-4.2.1/lib/gcc/arm-elf/4.2.1/../../../../arm-elf/lib/thumb/interwork/libg.a(lib_a-wcsrtombs.o)
 .bss           0x400052e4        0x0 /usr/local/arm-elf-gcc-4.2.1/lib/gcc/arm-elf/4.2.1/../../../../arm-elf/lib/thumb/interwork/libg.a(lib_a-wctomb_r.o)
 .bss           0x400052e4        0x0 /usr/local/arm-elf-gcc-4.2.1/lib/gcc/arm-elf/4.2.1/../../../../arm-elf/lib/thumb/interwork/libg.a(lib_a-wsetup.o)
 .bss           0x400052e4        0x0 /usr/local/arm-elf-gcc-4.2.1/lib/gcc/arm-elf/4.2.1/../../../../arm-elf/lib/thumb/interwork/libg.a(lib_a-dtoa.o)
 .bss           0x400052e4        0x0 /usr/local/arm-elf-gcc-4.2.1/lib/gcc/arm-elf/4.2.1/../../../../arm-elf/lib/thumb/interwork/libg.a(lib_a-fflush.o)
 .bss           0x400052e4        0x0 /usr/local/arm-elf-gcc-4.2.1/lib/gcc/arm-elf/4.2.1/../../../../arm-elf/lib/thumb/interwork/libg.a(lib_a-findfp.o)
 .bss           0x400052e4        0x0 /usr/local/arm-elf-gcc-4.2.1/lib/gcc/arm-elf/4.2.1/../../../../arm-elf/lib/thumb/interwork/libg.a(lib_a-freer.o)
 .bss           0x400052e4        0x0 /usr/local/arm-elf-gcc-4.2.1/lib/gcc/arm-elf/4.2.1/../../../../arm-elf/lib/thumb/interwork/libg.a(lib_a-fvwrite.o)
 .bss           0x400052e4        0x0 /usr/local/arm-elf-gcc-4.2.1/lib/gcc/arm-elf/4.2.1/../../../../arm-elf/lib/thumb/interwork/libg.a(lib_a-fwalk.o)
 .bss           0x400052e4        0x0 /usr/local/arm-elf-gcc-4.2.1/lib/gcc/arm-elf/4.2.1/../../../../arm-elf/lib/thumb/interwork/libg.a(lib_a-impure.o)
 .bss           0x400052e4        0xc /usr/local/arm-elf-gcc-4.2.1/lib/gcc/arm-elf/4.2.1/../../../../arm-elf/lib/thumb/interwork/libg.a(lib_a-locale.o)
                0x400052e4                __nlocale_changed
                0x400052e8                __mlocale_changed
                0x400052ec                _PathLocale
 .bss           0x400052f0        0x0 /usr/local/arm-elf-gcc-4.2.1/lib/gcc/arm-elf/4.2.1/../../../../arm-elf/lib/thumb/interwork/libg.a(lib_a-makebuf.o)
 .bss           0x400052f0       0x34 /usr/local/arm-elf-gcc-4.2.1/lib/gcc/arm-elf/4.2.1/../../../../arm-elf/lib/thumb/interwork/libg.a(lib_a-mallocr.o)
                0x400052f0                __malloc_top_pad
                0x400052f4                __malloc_max_sbrked_mem
                0x400052fc                __malloc_current_mallinfo
                0x400052f8                __malloc_max_total_mem
 .bss           0x40005324        0x0 /usr/local/arm-elf-gcc-4.2.1/lib/gcc/arm-elf/4.2.1/../../../../arm-elf/lib/thumb/interwork/libg.a(lib_a-memchr.o)
 .bss           0x40005324        0x0 /usr/local/arm-elf-gcc-4.2.1/lib/gcc/arm-elf/4.2.1/../../../../arm-elf/lib/thumb/interwork/libg.a(lib_a-memmove.o)
 .bss           0x40005324        0x0 /usr/local/arm-elf-gcc-4.2.1/lib/gcc/arm-elf/4.2.1/../../../../arm-elf/lib/thumb/interwork/libg.a(lib_a-mlock.o)
 .bss           0x40005324        0x0 /usr/local/arm-elf-gcc-4.2.1/lib/gcc/arm-elf/4.2.1/../../../../arm-elf/lib/thumb/interwork/libg.a(lib_a-mprec.o)
 .bss           0x40005324        0x0 /usr/local/arm-elf-gcc-4.2.1/lib/gcc/arm-elf/4.2.1/../../../../arm-elf/lib/thumb/interwork/libg.a(lib_a-reallocr.o)
 .bss           0x40005324        0x0 /usr/local/arm-elf-gcc-4.2.1/lib/gcc/arm-elf/4.2.1/../../../../arm-elf/lib/thumb/interwork/libg.a(lib_a-s_isinfd.o)
 .bss           0x40005324        0x0 /usr/local/arm-elf-gcc-4.2.1/lib/gcc/arm-elf/4.2.1/../../../../arm-elf/lib/thumb/interwork/libg.a(lib_a-s_isnand.o)
 .bss           0x40005324        0x0 /usr/local/arm-elf-gcc-4.2.1/lib/gcc/arm-elf/4.2.1/../../../../arm-elf/lib/thumb/interwork/libg.a(lib_a-sbrkr.o)
 .bss           0x40005324        0x0 /usr/local/arm-elf-gcc-4.2.1/lib/gcc/arm-elf/4.2.1/../../../../arm-elf/lib/thumb/interwork/libg.a(lib_a-stdio.o)
 .bss           0x40005324        0x0 /usr/local/arm-elf-gcc-4.2.1/lib/gcc/arm-elf/4.2.1/../../../../arm-elf/lib/thumb/interwork/libg.a(lib_a-strcmp.o)
 .bss           0x40005324       0xb0 /usr/local/arm-elf-gcc-4.2.1/lib/gcc/arm-elf/4.2.1/../../../../arm-elf/lib/thumb/interwork/libg.a(lib_a-syscalls.o)
 .bss           0x400053d4        0x0 /usr/local/arm-elf-gcc-4.2.1/lib/gcc/arm-elf/4.2.1/../../../../arm-elf/lib/thumb/interwork/libg.a(lib_a-writer.o)
 .bss           0x400053d4        0x0 /usr/local/arm-elf-gcc-4.2.1/lib/gcc/arm-elf/4.2.1/../../../../arm-elf/lib/thumb/interwork/libg.a(lib_a-callocr.o)
 .bss           0x400053d4        0x0 /usr/local/arm-elf-gcc-4.2.1/lib/gcc/arm-elf/4.2.1/../../../../arm-elf/lib/thumb/interwork/libg.a(lib_a-closer.o)
 .bss           0x400053d4        0x0 /usr/local/arm-elf-gcc-4.2.1/lib/gcc/arm-elf/4.2.1/../../../../arm-elf/lib/thumb/interwork/libg.a(lib_a-errno.o)
 .bss           0x400053d4        0x0 /usr/local/arm-elf-gcc-4.2.1/lib/gcc/arm-elf/4.2.1/../../../../arm-elf/lib/thumb/interwork/libg.a(lib_a-fclose.o)
 .bss           0x400053d4        0x0 /usr/local/arm-elf-gcc-4.2.1/lib/gcc/arm-elf/4.2.1/../../../../arm-elf/lib/thumb/interwork/libg.a(lib_a-fstatr.o)
 .bss           0x400053d4        0x0 /usr/local/arm-elf-gcc-4.2.1/lib/gcc/arm-elf/4.2.1/../../../../arm-elf/lib/thumb/interwork/libg.a(lib_a-lseekr.o)
 .bss           0x400053d4        0x0 /usr/local/arm-elf-gcc-4.2.1/lib/gcc/arm-elf/4.2.1/../../../../arm-elf/lib/thumb/interwork/libg.a(lib_a-readr.o)
 .bss           0x400053d4        0x0 /usr/local/arm-elf-gcc-4.2.1/lib/gcc/arm-elf/4.2.1/../../../../arm-elf/lib/thumb/interwork/libg.a(lib_a-reent.o)
 .bss           0x400053d4        0x0 /usr/local/arm-elf-gcc-4.2.1/lib/gcc/arm-elf/4.2.1/thumb/interwork/libgcc.a(_umodsi3.o)
 .bss           0x400053d4        0x0 /usr/local/arm-elf-gcc-4.2.1/lib/gcc/arm-elf/4.2.1/thumb/interwork/libgcc.a(_modsi3.o)
 .bss           0x400053d4        0x0 /usr/local/arm-elf-gcc-4.2.1/lib/gcc/arm-elf/4.2.1/thumb/interwork/libgcc.a(_addsub_df.o)
 .bss           0x400053d4        0x0 /usr/local/arm-elf-gcc-4.2.1/lib/gcc/arm-elf/4.2.1/thumb/interwork/libgcc.a(_mul_df.o)
 .bss           0x400053d4        0x0 /usr/local/arm-elf-gcc-4.2.1/lib/gcc/arm-elf/4.2.1/thumb/interwork/libgcc.a(_div_df.o)
 .bss           0x400053d4        0x0 /usr/local/arm-elf-gcc-4.2.1/lib/gcc/arm-elf/4.2.1/thumb/interwork/libgcc.a(_eq_df.o)
 .bss           0x400053d4        0x0 /usr/local/arm-elf-gcc-4.2.1/lib/gcc/arm-elf/4.2.1/thumb/interwork/libgcc.a(_ne_df.o)
 .bss           0x400053d4        0x0 /usr/local/arm-elf-gcc-4.2.1/lib/gcc/arm-elf/4.2.1/thumb/interwork/libgcc.a(_gt_df.o)
 .bss           0x400053d4        0x0 /usr/local/arm-elf-gcc-4.2.1/lib/gcc/arm-elf/4.2.1/thumb/interwork/libgcc.a(_ge_df.o)
 .bss           0x400053d4        0x0 /usr/local/arm-elf-gcc-4.2.1/lib/gcc/arm-elf/4.2.1/thumb/interwork/libgcc.a(_lt_df.o)
 .bss           0x400053d4        0x0 /usr/local/arm-elf-gcc-4.2.1/lib/gcc/arm-elf/4.2.1/thumb/interwork/libgcc.a(_si_to_df.o)
 .bss           0x400053d4        0x0 /usr/local/arm-elf-gcc-4.2.1/lib/gcc/arm-elf/4.2.1/thumb/interwork/libgcc.a(_df_to_si.o)
 .bss           0x400053d4        0x0 /usr/local/arm-elf-gcc-4.2.1/lib/gcc/arm-elf/4.2.1/thumb/interwork/libgcc.a(_thenan_df.o)
 .bss           0x400053d4        0x0 /usr/local/arm-elf-gcc-4.2.1/lib/gcc/arm-elf/4.2.1/thumb/interwork/libgcc.a(_usi_to_df.o)
 .bss           0x400053d4        0x0 /usr/local/arm-elf-gcc-4.2.1/lib/gcc/arm-elf/4.2.1/thumb/interwork/libgcc.a(_muldi3.o)
 .bss           0x400053d4        0x0 /usr/local/arm-elf-gcc-4.2.1/lib/gcc/arm-elf/4.2.1/thumb/interwork/libgcc.a(_clzsi2.o)
 .bss           0x400053d4        0x0 /usr/local/arm-elf-gcc-4.2.1/lib/gcc/arm-elf/4.2.1/thumb/interwork/libgcc.a(_pack_df.o)
 .bss           0x400053d4        0x0 /usr/local/arm-elf-gcc-4.2.1/lib/gcc/arm-elf/4.2.1/thumb/interwork/libgcc.a(_unpack_df.o)
 .bss           0x400053d4        0x0 /usr/local/arm-elf-gcc-4.2.1/lib/gcc/arm-elf/4.2.1/thumb/interwork/libgcc.a(_fpcmp_parts_df.o)
 .bss           0x400053d4        0x0 /usr/local/arm-elf-gcc-4.2.1/lib/gcc/arm-elf/4.2.1/thumb/interwork/libgcc.a(_clz.o)
 COMMON         0x400053d4      0x408 main.o
                0x400053d4                outputIsocDataBuffer
                0x400057d4                inputIsocDataBuffer
                0x400057d8                xLCDQueue
 COMMON         0x400057dc        0xc ../Common/Minimal/QPeek.o
                0x400057dc                xHighPriorityTask
                0x400057e0                xMediumPriorityTask
                0x400057e4                xHighestPriorityTask
 COMMON         0x400057e8        0x4 ../Common/Minimal/dynamic.o
                0x400057e8                xSuspendedTestQueue
 COMMON         0x400057ec        0x4 /usr/local/arm-elf-gcc-4.2.1/lib/gcc/arm-elf/4.2.1/../../../../arm-elf/lib/thumb/interwork/libg.a(lib_a-reent.o)
                0x400057ec                errno
                0x400057f0                . = ALIGN (0x4)
                0x400057f0                _bss_end__ = .
                0x400057f0                __bss_end__ = .
                0x400057f0                __end__ = .

.usbram         0x7fd00000        0x0
                0x7fd00000                __usbram_beg__ = .
 *(.dmaram)
                0x7fd00000                __usbram_end__ = .

.ethram         0x7fe00000        0x0
                0x7fe00000                __ethram_beg__ = .
 *(.ethram)
                0x7fe00000                __ethram_end__ = .
                0x7fe00000                . = ALIGN (0x4)
                0x7fe00000                _end = .
                0x7fe00000                PROVIDE (end, .)
OUTPUT(RTOSDemo.elf elf32-littlearm)

.debug_abbrev   0x00000000     0x7147
 .debug_abbrev  0x00000000       0xe6 ../Common/drivers/LPC/serial/serial.o
 .debug_abbrev  0x000000e6       0xe4 ../Common/drivers/LPC/serial/serialISR.o
 .debug_abbrev  0x000001ca       0x7f ../Source/portable/GCC/ARM7_LPC23xx/portISR.o
 .debug_abbrev  0x00000249      0x155 ../Common/drivers/LPC/usb/usbcontrol.o
 .debug_abbrev  0x0000039e      0x27a ../Common/drivers/LPC/usb/usbhw_lpc.o
 .debug_abbrev  0x00000618       0xa9 ../Common/drivers/LPC/usb/usbinit.o
 .debug_abbrev  0x000006c1      0x202 ../Common/drivers/LPC/usb/usbstdreq.o
 .debug_abbrev  0x000008c3      0x178 main.o
 .debug_abbrev  0x00000a3b       0xb0 ./ParTest/ParTest.o
 .debug_abbrev  0x00000aeb      0x12b ../Common/Minimal/BlockQ.o
 .debug_abbrev  0x00000c16      0x100 ../Common/Minimal/blocktim.o
 .debug_abbrev  0x00000d16       0xa7 ../Common/Minimal/flash.o
 .debug_abbrev  0x00000dbd       0xcc ../Common/Minimal/integer.o
 .debug_abbrev  0x00000e89      0x10d ../Common/Minimal/GenQTest.o
 .debug_abbrev  0x00000f96      0x12d ../Common/Minimal/QPeek.o
 .debug_abbrev  0x000010c3      0x11a ../Common/Minimal/dynamic.o
 .debug_abbrev  0x000011dd       0xfd ../Source/list.o
 .debug_abbrev  0x000012da      0x1aa ../Source/queue.o
 .debug_abbrev  0x00001484      0x237 ../Source/tasks.o
 .debug_abbrev  0x000016bb       0xf1 ../Source/portable/GCC/ARM7_LPC23xx/port.o
 .debug_abbrev  0x000017ac      0x13f ../Source/portable/MemMang/heap_2.o
 .debug_abbrev  0x000018eb       0x10 /tmp/ccSVYLqz.o
 .debug_abbrev  0x000018fb       0x14 /usr/local/arm-elf-gcc-4.2.1/lib/gcc/arm-elf/4.2.1/thumb/interwork/libgcc.a(_udivsi3.o)
 .debug_abbrev  0x0000190f       0x14 /usr/local/arm-elf-gcc-4.2.1/lib/gcc/arm-elf/4.2.1/thumb/interwork/libgcc.a(_divsi3.o)
 .debug_abbrev  0x00001923       0x14 /usr/local/arm-elf-gcc-4.2.1/lib/gcc/arm-elf/4.2.1/thumb/interwork/libgcc.a(_dvmd_tls.o)
 .debug_abbrev  0x00001937       0xa8 /usr/local/arm-elf-gcc-4.2.1/lib/gcc/arm-elf/4.2.1/../../../../arm-elf/lib/thumb/interwork/libg.a(lib_a-memcpy.o)
 .debug_abbrev  0x000019df       0xa3 /usr/local/arm-elf-gcc-4.2.1/lib/gcc/arm-elf/4.2.1/../../../../arm-elf/lib/thumb/interwork/libg.a(lib_a-memset.o)
 .debug_abbrev  0x00001a82      0x196 /usr/local/arm-elf-gcc-4.2.1/lib/gcc/arm-elf/4.2.1/../../../../arm-elf/lib/thumb/interwork/libg.a(lib_a-sprintf.o)
 .debug_abbrev  0x00001c18       0x90 /usr/local/arm-elf-gcc-4.2.1/lib/gcc/arm-elf/4.2.1/../../../../arm-elf/lib/thumb/interwork/libg.a(lib_a-strcat.o)
 .debug_abbrev  0x00001ca8       0x89 /usr/local/arm-elf-gcc-4.2.1/lib/gcc/arm-elf/4.2.1/../../../../arm-elf/lib/thumb/interwork/libg.a(lib_a-strcpy.o)
 .debug_abbrev  0x00001d31       0x94 /usr/local/arm-elf-gcc-4.2.1/lib/gcc/arm-elf/4.2.1/../../../../arm-elf/lib/thumb/interwork/libg.a(lib_a-strlen.o)
 .debug_abbrev  0x00001dc5       0x96 /usr/local/arm-elf-gcc-4.2.1/lib/gcc/arm-elf/4.2.1/../../../../arm-elf/lib/thumb/interwork/libg.a(lib_a-strncpy.o)
 .debug_abbrev  0x00001e5b      0x379 /usr/local/arm-elf-gcc-4.2.1/lib/gcc/arm-elf/4.2.1/../../../../arm-elf/lib/thumb/interwork/libg.a(lib_a-vfprintf.o)
 .debug_abbrev  0x000021d4      0x197 /usr/local/arm-elf-gcc-4.2.1/lib/gcc/arm-elf/4.2.1/../../../../arm-elf/lib/thumb/interwork/libg.a(lib_a-wcrtomb.o)
 .debug_abbrev  0x0000236b      0x1ba /usr/local/arm-elf-gcc-4.2.1/lib/gcc/arm-elf/4.2.1/../../../../arm-elf/lib/thumb/interwork/libg.a(lib_a-wcsrtombs.o)
 .debug_abbrev  0x00002525      0x1b4 /usr/local/arm-elf-gcc-4.2.1/lib/gcc/arm-elf/4.2.1/../../../../arm-elf/lib/thumb/interwork/libg.a(lib_a-wctomb_r.o)
 .debug_abbrev  0x000026d9      0x179 /usr/local/arm-elf-gcc-4.2.1/lib/gcc/arm-elf/4.2.1/../../../../arm-elf/lib/thumb/interwork/libg.a(lib_a-wsetup.o)
 .debug_abbrev  0x00002852      0x22c /usr/local/arm-elf-gcc-4.2.1/lib/gcc/arm-elf/4.2.1/../../../../arm-elf/lib/thumb/interwork/libg.a(lib_a-dtoa.o)
 .debug_abbrev  0x00002a7e      0x19e /usr/local/arm-elf-gcc-4.2.1/lib/gcc/arm-elf/4.2.1/../../../../arm-elf/lib/thumb/interwork/libg.a(lib_a-fflush.o)
 .debug_abbrev  0x00002c1c      0x279 /usr/local/arm-elf-gcc-4.2.1/lib/gcc/arm-elf/4.2.1/../../../../arm-elf/lib/thumb/interwork/libg.a(lib_a-findfp.o)
 .debug_abbrev  0x00002e95      0x1e2 /usr/local/arm-elf-gcc-4.2.1/lib/gcc/arm-elf/4.2.1/../../../../arm-elf/lib/thumb/interwork/libg.a(lib_a-freer.o)
 .debug_abbrev  0x00003077      0x1bd /usr/local/arm-elf-gcc-4.2.1/lib/gcc/arm-elf/4.2.1/../../../../arm-elf/lib/thumb/interwork/libg.a(lib_a-fvwrite.o)
 .debug_abbrev  0x00003234      0x1ec /usr/local/arm-elf-gcc-4.2.1/lib/gcc/arm-elf/4.2.1/../../../../arm-elf/lib/thumb/interwork/libg.a(lib_a-fwalk.o)
 .debug_abbrev  0x00003420      0x160 /usr/local/arm-elf-gcc-4.2.1/lib/gcc/arm-elf/4.2.1/../../../../arm-elf/lib/thumb/interwork/libg.a(lib_a-impure.o)
 .debug_abbrev  0x00003580      0x220 /usr/local/arm-elf-gcc-4.2.1/lib/gcc/arm-elf/4.2.1/../../../../arm-elf/lib/thumb/interwork/libg.a(lib_a-locale.o)
 .debug_abbrev  0x000037a0      0x1a4 /usr/local/arm-elf-gcc-4.2.1/lib/gcc/arm-elf/4.2.1/../../../../arm-elf/lib/thumb/interwork/libg.a(lib_a-makebuf.o)
 .debug_abbrev  0x00003944      0x21f /usr/local/arm-elf-gcc-4.2.1/lib/gcc/arm-elf/4.2.1/../../../../arm-elf/lib/thumb/interwork/libg.a(lib_a-mallocr.o)
 .debug_abbrev  0x00003b63       0xbe /usr/local/arm-elf-gcc-4.2.1/lib/gcc/arm-elf/4.2.1/../../../../arm-elf/lib/thumb/interwork/libg.a(lib_a-memchr.o)
 .debug_abbrev  0x00003c21       0xa2 /usr/local/arm-elf-gcc-4.2.1/lib/gcc/arm-elf/4.2.1/../../../../arm-elf/lib/thumb/interwork/libg.a(lib_a-memmove.o)
 .debug_abbrev  0x00003cc3      0x173 /usr/local/arm-elf-gcc-4.2.1/lib/gcc/arm-elf/4.2.1/../../../../arm-elf/lib/thumb/interwork/libg.a(lib_a-mlock.o)
 .debug_abbrev  0x00003e36      0x291 /usr/local/arm-elf-gcc-4.2.1/lib/gcc/arm-elf/4.2.1/../../../../arm-elf/lib/thumb/interwork/libg.a(lib_a-mprec.o)
 .debug_abbrev  0x000040c7      0x1d9 /usr/local/arm-elf-gcc-4.2.1/lib/gcc/arm-elf/4.2.1/../../../../arm-elf/lib/thumb/interwork/libg.a(lib_a-reallocr.o)
 .debug_abbrev  0x000042a0       0x82 /usr/local/arm-elf-gcc-4.2.1/lib/gcc/arm-elf/4.2.1/../../../../arm-elf/lib/thumb/interwork/libg.a(lib_a-s_isinfd.o)
 .debug_abbrev  0x00004322       0x82 /usr/local/arm-elf-gcc-4.2.1/lib/gcc/arm-elf/4.2.1/../../../../arm-elf/lib/thumb/interwork/libg.a(lib_a-s_isnand.o)
 .debug_abbrev  0x000043a4      0x195 /usr/local/arm-elf-gcc-4.2.1/lib/gcc/arm-elf/4.2.1/../../../../arm-elf/lib/thumb/interwork/libg.a(lib_a-sbrkr.o)
 .debug_abbrev  0x00004539      0x1b3 /usr/local/arm-elf-gcc-4.2.1/lib/gcc/arm-elf/4.2.1/../../../../arm-elf/lib/thumb/interwork/libg.a(lib_a-stdio.o)
 .debug_abbrev  0x000046ec       0x7a /usr/local/arm-elf-gcc-4.2.1/lib/gcc/arm-elf/4.2.1/../../../../arm-elf/lib/thumb/interwork/libg.a(lib_a-strcmp.o)
 .debug_abbrev  0x00004766      0x401 /usr/local/arm-elf-gcc-4.2.1/lib/gcc/arm-elf/4.2.1/../../../../arm-elf/lib/thumb/interwork/libg.a(lib_a-syscalls.o)
 .debug_abbrev  0x00004b67      0x18d /usr/local/arm-elf-gcc-4.2.1/lib/gcc/arm-elf/4.2.1/../../../../arm-elf/lib/thumb/interwork/libg.a(lib_a-writer.o)
 .debug_abbrev  0x00004cf4      0x1b8 /usr/local/arm-elf-gcc-4.2.1/lib/gcc/arm-elf/4.2.1/../../../../arm-elf/lib/thumb/interwork/libg.a(lib_a-callocr.o)
 .debug_abbrev  0x00004eac      0x188 /usr/local/arm-elf-gcc-4.2.1/lib/gcc/arm-elf/4.2.1/../../../../arm-elf/lib/thumb/interwork/libg.a(lib_a-closer.o)
 .debug_abbrev  0x00005034      0x168 /usr/local/arm-elf-gcc-4.2.1/lib/gcc/arm-elf/4.2.1/../../../../arm-elf/lib/thumb/interwork/libg.a(lib_a-errno.o)
 .debug_abbrev  0x0000519c      0x197 /usr/local/arm-elf-gcc-4.2.1/lib/gcc/arm-elf/4.2.1/../../../../arm-elf/lib/thumb/interwork/libg.a(lib_a-fclose.o)
 .debug_abbrev  0x00005333      0x197 /usr/local/arm-elf-gcc-4.2.1/lib/gcc/arm-elf/4.2.1/../../../../arm-elf/lib/thumb/interwork/libg.a(lib_a-fstatr.o)
 .debug_abbrev  0x000054ca      0x195 /usr/local/arm-elf-gcc-4.2.1/lib/gcc/arm-elf/4.2.1/../../../../arm-elf/lib/thumb/interwork/libg.a(lib_a-lseekr.o)
 .debug_abbrev  0x0000565f      0x188 /usr/local/arm-elf-gcc-4.2.1/lib/gcc/arm-elf/4.2.1/../../../../arm-elf/lib/thumb/interwork/libg.a(lib_a-readr.o)
 .debug_abbrev  0x000057e7      0x1e3 /usr/local/arm-elf-gcc-4.2.1/lib/gcc/arm-elf/4.2.1/../../../../arm-elf/lib/thumb/interwork/libg.a(lib_a-reent.o)
 .debug_abbrev  0x000059ca       0x14 /usr/local/arm-elf-gcc-4.2.1/lib/gcc/arm-elf/4.2.1/thumb/interwork/libgcc.a(_umodsi3.o)
 .debug_abbrev  0x000059de       0x14 /usr/local/arm-elf-gcc-4.2.1/lib/gcc/arm-elf/4.2.1/thumb/interwork/libgcc.a(_modsi3.o)
 .debug_abbrev  0x000059f2      0x1be /usr/local/arm-elf-gcc-4.2.1/lib/gcc/arm-elf/4.2.1/thumb/interwork/libgcc.a(_addsub_df.o)
 .debug_abbrev  0x00005bb0      0x1ee /usr/local/arm-elf-gcc-4.2.1/lib/gcc/arm-elf/4.2.1/thumb/interwork/libgcc.a(_mul_df.o)
 .debug_abbrev  0x00005d9e      0x1e2 /usr/local/arm-elf-gcc-4.2.1/lib/gcc/arm-elf/4.2.1/thumb/interwork/libgcc.a(_div_df.o)
 .debug_abbrev  0x00005f80      0x160 /usr/local/arm-elf-gcc-4.2.1/lib/gcc/arm-elf/4.2.1/thumb/interwork/libgcc.a(_eq_df.o)
 .debug_abbrev  0x000060e0      0x160 /usr/local/arm-elf-gcc-4.2.1/lib/gcc/arm-elf/4.2.1/thumb/interwork/libgcc.a(_ne_df.o)
 .debug_abbrev  0x00006240      0x160 /usr/local/arm-elf-gcc-4.2.1/lib/gcc/arm-elf/4.2.1/thumb/interwork/libgcc.a(_gt_df.o)
 .debug_abbrev  0x000063a0      0x160 /usr/local/arm-elf-gcc-4.2.1/lib/gcc/arm-elf/4.2.1/thumb/interwork/libgcc.a(_ge_df.o)
 .debug_abbrev  0x00006500      0x160 /usr/local/arm-elf-gcc-4.2.1/lib/gcc/arm-elf/4.2.1/thumb/interwork/libgcc.a(_lt_df.o)
 .debug_abbrev  0x00006660      0x138 /usr/local/arm-elf-gcc-4.2.1/lib/gcc/arm-elf/4.2.1/thumb/interwork/libgcc.a(_si_to_df.o)
 .debug_abbrev  0x00006798      0x16f /usr/local/arm-elf-gcc-4.2.1/lib/gcc/arm-elf/4.2.1/thumb/interwork/libgcc.a(_df_to_si.o)
 .debug_abbrev  0x00006907       0xc3 /usr/local/arm-elf-gcc-4.2.1/lib/gcc/arm-elf/4.2.1/thumb/interwork/libgcc.a(_thenan_df.o)
 .debug_abbrev  0x000069ca      0x14c /usr/local/arm-elf-gcc-4.2.1/lib/gcc/arm-elf/4.2.1/thumb/interwork/libgcc.a(_usi_to_df.o)
 .debug_abbrev  0x00006b16       0xf5 /usr/local/arm-elf-gcc-4.2.1/lib/gcc/arm-elf/4.2.1/thumb/interwork/libgcc.a(_muldi3.o)
 .debug_abbrev  0x00006c0b       0xb3 /usr/local/arm-elf-gcc-4.2.1/lib/gcc/arm-elf/4.2.1/thumb/interwork/libgcc.a(_clzsi2.o)
 .debug_abbrev  0x00006cbe      0x1b1 /usr/local/arm-elf-gcc-4.2.1/lib/gcc/arm-elf/4.2.1/thumb/interwork/libgcc.a(_pack_df.o)
 .debug_abbrev  0x00006e6f      0x154 /usr/local/arm-elf-gcc-4.2.1/lib/gcc/arm-elf/4.2.1/thumb/interwork/libgcc.a(_unpack_df.o)
 .debug_abbrev  0x00006fc3      0x11a /usr/local/arm-elf-gcc-4.2.1/lib/gcc/arm-elf/4.2.1/thumb/interwork/libgcc.a(_fpcmp_parts_df.o)
 .debug_abbrev  0x000070dd       0x6a /usr/local/arm-elf-gcc-4.2.1/lib/gcc/arm-elf/4.2.1/thumb/interwork/libgcc.a(_clz.o)

.debug_info     0x00000000    0x1df08
 .debug_info    0x00000000      0x2f8 ../Common/drivers/LPC/serial/serial.o
 .debug_info    0x000002f8      0x20f ../Common/drivers/LPC/serial/serialISR.o
 .debug_info    0x00000507      0x12b ../Source/portable/GCC/ARM7_LPC23xx/portISR.o
 .debug_info    0x00000632      0x2de ../Common/drivers/LPC/usb/usbcontrol.o
 .debug_info    0x00000910      0x85f ../Common/drivers/LPC/usb/usbhw_lpc.o
 .debug_info    0x0000116f       0xb8 ../Common/drivers/LPC/usb/usbinit.o
 .debug_info    0x00001227      0x468 ../Common/drivers/LPC/usb/usbstdreq.o
 .debug_info    0x0000168f      0x2ba main.o
 .debug_info    0x00001949      0x12c ./ParTest/ParTest.o
 .debug_info    0x00001a75      0x2e9 ../Common/Minimal/BlockQ.o
 .debug_info    0x00001d5e      0x237 ../Common/Minimal/blocktim.o
 .debug_info    0x00001f95      0x121 ../Common/Minimal/flash.o
 .debug_info    0x000020b6      0x15f ../Common/Minimal/integer.o
 .debug_info    0x00002215      0x273 ../Common/Minimal/GenQTest.o
 .debug_info    0x00002488      0x257 ../Common/Minimal/QPeek.o
 .debug_info    0x000026df      0x2ca ../Common/Minimal/dynamic.o
 .debug_info    0x000029a9      0x2a0 ../Source/list.o
 .debug_info    0x00002c49      0x78c ../Source/queue.o
 .debug_info    0x000033d5      0xef2 ../Source/tasks.o
 .debug_info    0x000042c7      0x156 ../Source/portable/GCC/ARM7_LPC23xx/port.o
 .debug_info    0x0000441d      0x271 ../Source/portable/MemMang/heap_2.o
 .debug_info    0x0000468e       0x68 /tmp/ccSVYLqz.o
 .debug_info    0x000046f6       0x7e /usr/local/arm-elf-gcc-4.2.1/lib/gcc/arm-elf/4.2.1/thumb/interwork/libgcc.a(_udivsi3.o)
 .debug_info    0x00004774       0x7e /usr/local/arm-elf-gcc-4.2.1/lib/gcc/arm-elf/4.2.1/thumb/interwork/libgcc.a(_divsi3.o)
 .debug_info    0x000047f2       0x7e /usr/local/arm-elf-gcc-4.2.1/lib/gcc/arm-elf/4.2.1/thumb/interwork/libgcc.a(_dvmd_tls.o)
 .debug_info    0x00004870      0x10c /usr/local/arm-elf-gcc-4.2.1/lib/gcc/arm-elf/4.2.1/../../../../arm-elf/lib/thumb/interwork/libg.a(lib_a-memcpy.o)
 .debug_info    0x0000497c      0x10e /usr/local/arm-elf-gcc-4.2.1/lib/gcc/arm-elf/4.2.1/../../../../arm-elf/lib/thumb/interwork/libg.a(lib_a-memset.o)
 .debug_info    0x00004a8a      0xa04 /usr/local/arm-elf-gcc-4.2.1/lib/gcc/arm-elf/4.2.1/../../../../arm-elf/lib/thumb/interwork/libg.a(lib_a-sprintf.o)
 .debug_info    0x0000548e       0xe2 /usr/local/arm-elf-gcc-4.2.1/lib/gcc/arm-elf/4.2.1/../../../../arm-elf/lib/thumb/interwork/libg.a(lib_a-strcat.o)
 .debug_info    0x00005570      0x109 /usr/local/arm-elf-gcc-4.2.1/lib/gcc/arm-elf/4.2.1/../../../../arm-elf/lib/thumb/interwork/libg.a(lib_a-strcpy.o)
 .debug_info    0x00005679       0xd2 /usr/local/arm-elf-gcc-4.2.1/lib/gcc/arm-elf/4.2.1/../../../../arm-elf/lib/thumb/interwork/libg.a(lib_a-strlen.o)
 .debug_info    0x0000574b      0x123 /usr/local/arm-elf-gcc-4.2.1/lib/gcc/arm-elf/4.2.1/../../../../arm-elf/lib/thumb/interwork/libg.a(lib_a-strncpy.o)
 .debug_info    0x0000586e     0x112e /usr/local/arm-elf-gcc-4.2.1/lib/gcc/arm-elf/4.2.1/../../../../arm-elf/lib/thumb/interwork/libg.a(lib_a-vfprintf.o)
 .debug_info    0x0000699c      0x9eb /usr/local/arm-elf-gcc-4.2.1/lib/gcc/arm-elf/4.2.1/../../../../arm-elf/lib/thumb/interwork/libg.a(lib_a-wcrtomb.o)
 .debug_info    0x00007387      0xa7c /usr/local/arm-elf-gcc-4.2.1/lib/gcc/arm-elf/4.2.1/../../../../arm-elf/lib/thumb/interwork/libg.a(lib_a-wcsrtombs.o)
 .debug_info    0x00007e03      0x9f3 /usr/local/arm-elf-gcc-4.2.1/lib/gcc/arm-elf/4.2.1/../../../../arm-elf/lib/thumb/interwork/libg.a(lib_a-wctomb_r.o)
 .debug_info    0x000087f6      0x936 /usr/local/arm-elf-gcc-4.2.1/lib/gcc/arm-elf/4.2.1/../../../../arm-elf/lib/thumb/interwork/libg.a(lib_a-wsetup.o)
 .debug_info    0x0000912c      0xd55 /usr/local/arm-elf-gcc-4.2.1/lib/gcc/arm-elf/4.2.1/../../../../arm-elf/lib/thumb/interwork/libg.a(lib_a-dtoa.o)
 .debug_info    0x00009e81      0x99a /usr/local/arm-elf-gcc-4.2.1/lib/gcc/arm-elf/4.2.1/../../../../arm-elf/lib/thumb/interwork/libg.a(lib_a-fflush.o)
 .debug_info    0x0000a81b      0xb65 /usr/local/arm-elf-gcc-4.2.1/lib/gcc/arm-elf/4.2.1/../../../../arm-elf/lib/thumb/interwork/libg.a(lib_a-findfp.o)
 .debug_info    0x0000b380      0xbb1 /usr/local/arm-elf-gcc-4.2.1/lib/gcc/arm-elf/4.2.1/../../../../arm-elf/lib/thumb/interwork/libg.a(lib_a-freer.o)
 .debug_info    0x0000bf31      0xa75 /usr/local/arm-elf-gcc-4.2.1/lib/gcc/arm-elf/4.2.1/../../../../arm-elf/lib/thumb/interwork/libg.a(lib_a-fvwrite.o)
 .debug_info    0x0000c9a6      0xad5 /usr/local/arm-elf-gcc-4.2.1/lib/gcc/arm-elf/4.2.1/../../../../arm-elf/lib/thumb/interwork/libg.a(lib_a-fwalk.o)
 .debug_info    0x0000d47b      0x91e /usr/local/arm-elf-gcc-4.2.1/lib/gcc/arm-elf/4.2.1/../../../../arm-elf/lib/thumb/interwork/libg.a(lib_a-impure.o)
 .debug_info    0x0000dd99      0xb82 /usr/local/arm-elf-gcc-4.2.1/lib/gcc/arm-elf/4.2.1/../../../../arm-elf/lib/thumb/interwork/libg.a(lib_a-locale.o)
 .debug_info    0x0000e91b      0xad9 /usr/local/arm-elf-gcc-4.2.1/lib/gcc/arm-elf/4.2.1/../../../../arm-elf/lib/thumb/interwork/libg.a(lib_a-makebuf.o)