Archive member included because of file (symbol)

/usr/local/arm-elf-gcc-4.2.1/lib/gcc/arm-elf/4.2.1/thumb/interwork/libgcc.a(_udivsi3.o)
                              ./LCD/portlcd.o (__udivsi3)
/usr/local/arm-elf-gcc-4.2.1/lib/gcc/arm-elf/4.2.1/thumb/interwork/libgcc.a(_divsi3.o)
                              ../../Common/Minimal/integer.o (__divsi3)
/usr/local/arm-elf-gcc-4.2.1/lib/gcc/arm-elf/4.2.1/thumb/interwork/libgcc.a(_dvmd_tls.o)
                              /usr/local/arm-elf-gcc-4.2.1/lib/gcc/arm-elf/4.2.1/thumb/interwork/libgcc.a(_udivsi3.o) (__div0)
/usr/local/arm-elf-gcc-4.2.1/lib/gcc/arm-elf/4.2.1/../../../../arm-elf/lib/thumb/interwork/libg.a(lib_a-memcpy.o)
                              ./webserver/httpd.o (memcpy)
/usr/local/arm-elf-gcc-4.2.1/lib/gcc/arm-elf/4.2.1/../../../../arm-elf/lib/thumb/interwork/libg.a(lib_a-memset.o)
                              ../../Common/ethernet/uIP/uip-1.0/uip/uip_arp.o (memset)
/usr/local/arm-elf-gcc-4.2.1/lib/gcc/arm-elf/4.2.1/../../../../arm-elf/lib/thumb/interwork/libg.a(lib_a-puts.o)
                              ../../Common/ethernet/uIP/uip-1.0/uip/psock.o (puts)
/usr/local/arm-elf-gcc-4.2.1/lib/gcc/arm-elf/4.2.1/../../../../arm-elf/lib/thumb/interwork/libg.a(lib_a-snprintf.o)
                              ./webserver/httpd-cgi.o (snprintf)
/usr/local/arm-elf-gcc-4.2.1/lib/gcc/arm-elf/4.2.1/../../../../arm-elf/lib/thumb/interwork/libg.a(lib_a-sprintf.o)
                              ./webserver/httpd-cgi.o (sprintf)
/usr/local/arm-elf-gcc-4.2.1/lib/gcc/arm-elf/4.2.1/../../../../arm-elf/lib/thumb/interwork/libg.a(lib_a-strcat.o)
                              ./webserver/httpd-cgi.o (strcat)
/usr/local/arm-elf-gcc-4.2.1/lib/gcc/arm-elf/4.2.1/../../../../arm-elf/lib/thumb/interwork/libg.a(lib_a-strchr.o)
                              ./webserver/uIP_Task.o (strchr)
/usr/local/arm-elf-gcc-4.2.1/lib/gcc/arm-elf/4.2.1/../../../../arm-elf/lib/thumb/interwork/libg.a(lib_a-strcpy.o)
                              ./webserver/uIP_Task.o (strcpy)
/usr/local/arm-elf-gcc-4.2.1/lib/gcc/arm-elf/4.2.1/../../../../arm-elf/lib/thumb/interwork/libg.a(lib_a-strlen.o)
                              ./webserver/httpd.o (strlen)
/usr/local/arm-elf-gcc-4.2.1/lib/gcc/arm-elf/4.2.1/../../../../arm-elf/lib/thumb/interwork/libg.a(lib_a-strncmp.o)
                              ./webserver/httpd.o (strncmp)
/usr/local/arm-elf-gcc-4.2.1/lib/gcc/arm-elf/4.2.1/../../../../arm-elf/lib/thumb/interwork/libg.a(lib_a-strncpy.o)
                              ./webserver/httpd.o (strncpy)
/usr/local/arm-elf-gcc-4.2.1/lib/gcc/arm-elf/4.2.1/../../../../arm-elf/lib/thumb/interwork/libg.a(lib_a-strrchr.o)
                              ./webserver/httpd.o (strrchr)
/usr/local/arm-elf-gcc-4.2.1/lib/gcc/arm-elf/4.2.1/../../../../arm-elf/lib/thumb/interwork/libg.a(lib_a-strstr.o)
                              ./webserver/uIP_Task.o (strstr)
/usr/local/arm-elf-gcc-4.2.1/lib/gcc/arm-elf/4.2.1/../../../../arm-elf/lib/thumb/interwork/libg.a(lib_a-vfprintf.o)
                              /usr/local/arm-elf-gcc-4.2.1/lib/gcc/arm-elf/4.2.1/../../../../arm-elf/lib/thumb/interwork/libg.a(lib_a-snprintf.o) (_vfprintf_r)
/usr/local/arm-elf-gcc-4.2.1/lib/gcc/arm-elf/4.2.1/../../../../arm-elf/lib/thumb/interwork/libg.a(lib_a-wcrtomb.o)
                              /usr/local/arm-elf-gcc-4.2.1/lib/gcc/arm-elf/4.2.1/../../../../arm-elf/lib/thumb/interwork/libg.a(lib_a-vfprintf.o) (_wcrtomb_r)
/usr/local/arm-elf-gcc-4.2.1/lib/gcc/arm-elf/4.2.1/../../../../arm-elf/lib/thumb/interwork/libg.a(lib_a-wcsrtombs.o)
                              /usr/local/arm-elf-gcc-4.2.1/lib/gcc/arm-elf/4.2.1/../../../../arm-elf/lib/thumb/interwork/libg.a(lib_a-vfprintf.o) (_wcsrtombs_r)
/usr/local/arm-elf-gcc-4.2.1/lib/gcc/arm-elf/4.2.1/../../../../arm-elf/lib/thumb/interwork/libg.a(lib_a-wctomb_r.o)
                              /usr/local/arm-elf-gcc-4.2.1/lib/gcc/arm-elf/4.2.1/../../../../arm-elf/lib/thumb/interwork/libg.a(lib_a-wcrtomb.o) (_wctomb_r)
/usr/local/arm-elf-gcc-4.2.1/lib/gcc/arm-elf/4.2.1/../../../../arm-elf/lib/thumb/interwork/libg.a(lib_a-wsetup.o)
                              /usr/local/arm-elf-gcc-4.2.1/lib/gcc/arm-elf/4.2.1/../../../../arm-elf/lib/thumb/interwork/libg.a(lib_a-vfprintf.o) (__swsetup)
/usr/local/arm-elf-gcc-4.2.1/lib/gcc/arm-elf/4.2.1/../../../../arm-elf/lib/thumb/interwork/libg.a(lib_a-dtoa.o)
                              /usr/local/arm-elf-gcc-4.2.1/lib/gcc/arm-elf/4.2.1/../../../../arm-elf/lib/thumb/interwork/libg.a(lib_a-vfprintf.o) (_dtoa_r)
/usr/local/arm-elf-gcc-4.2.1/lib/gcc/arm-elf/4.2.1/../../../../arm-elf/lib/thumb/interwork/libg.a(lib_a-fflush.o)
                              /usr/local/arm-elf-gcc-4.2.1/lib/gcc/arm-elf/4.2.1/../../../../arm-elf/lib/thumb/interwork/libg.a(lib_a-vfprintf.o) (fflush)
/usr/local/arm-elf-gcc-4.2.1/lib/gcc/arm-elf/4.2.1/../../../../arm-elf/lib/thumb/interwork/libg.a(lib_a-findfp.o)
[...]
Memory Configuration

Name             Origin             Length             Attributes
flash            0x00000000         0x0007d000
ram              0x40000000         0x00008000
usbram           0x7fd00000         0x00002000
ethram           0x7fe00000         0x00004000
*default*        0x00000000         0xffffffff

Linker script and memory map

LOAD ../../../Source/portable/GCC/ARM7_LPC23xx/portISR.o
LOAD ./webserver/EMAC_ISR.o
LOAD main.o
LOAD ./ParTest/ParTest.o
LOAD ./LCD/portlcd.o
LOAD ../../Common/Minimal/BlockQ.o
LOAD ../../Common/Minimal/blocktim.o
LOAD ../../Common/Minimal/flash.o
LOAD ../../Common/Minimal/integer.o
LOAD ../../Common/Minimal/GenQTest.o
LOAD ../../Common/Minimal/QPeek.o
LOAD ../../Common/Minimal/dynamic.o
LOAD ./webserver/uIP_Task.o
LOAD ./webserver/emac.o
LOAD ./webserver/httpd.o
LOAD ./webserver/httpd-cgi.o
LOAD ./webserver/httpd-fs.o
LOAD ./webserver/http-strings.o
LOAD ../../Common/ethernet/uIP/uip-1.0/uip/uip_arp.o
LOAD ../../Common/ethernet/uIP/uip-1.0/uip/psock.o
LOAD ../../Common/ethernet/uIP/uip-1.0/uip/timer.o
LOAD ../../Common/ethernet/uIP/uip-1.0/uip/uip.o
LOAD ../../../Source/list.o
LOAD ../../../Source/queue.o
LOAD ../../../Source/tasks.o
LOAD ../../../Source/portable/GCC/ARM7_LPC23xx/port.o
LOAD ../../../Source/portable/MemMang/heap_2.o
LOAD /tmp/ccDVEdIQ.o
START GROUP
LOAD /usr/local/arm-elf-gcc-4.2.1/lib/gcc/arm-elf/4.2.1/thumb/interwork/libgcc.a
LOAD /usr/local/arm-elf-gcc-4.2.1/lib/gcc/arm-elf/4.2.1/../../../../arm-elf/lib/thumb/interwork/libg.a
LOAD /usr/local/arm-elf-gcc-4.2.1/lib/gcc/arm-elf/4.2.1/../../../../arm-elf/lib/thumb/interwork/libc.a
END GROUP
                0x40007ffc                __stack_end__ = 0x40007ffc
                0x00000000                . = 0x0

startup         0x00000000       0x44
 *(.startup)
 .startup       0x00000000       0x44 /tmp/ccDVEdIQ.o

prog            0x00000044     0xe840
 *(.text)
 .text          0x00000044      0x258 ../../../Source/portable/GCC/ARM7_LPC23xx/portISR.o
                0x00000130                vPreemptiveTick
                0x000000ec                vPortExitCritical
                0x000001f0                vPortYieldProcessor
                0x00000090                vPortDisableInterruptsFromThumb
                0x00000044                vPortISRStartFirstTask
                0x000000a8                vPortEnableInterruptsFromThumb
                0x000000c0                vPortEnterCritical
 .text          0x0000029c      0x10c ./webserver/EMAC_ISR.o
                0x00000300                vEMAC_ISR_Wrapper
                0x0000029c                vEMAC_ISR_Handler
 .text          0x000003a8      0x1f0 main.o
                0x000003a8                vApplicationTickHook
                0x00000448                main
 .text          0x00000598       0x9c ./ParTest/ParTest.o
                0x000005f4                vParTestToggleLED
                0x000005d0                vParTestSetLED
                0x00000620                uxParTextGetLED
                0x00000598                vParTestInitialise
 .text          0x00000634      0x2bc ./LCD/portlcd.o
                0x0000087c                LCD_init
                0x00000854                LCD_load
                0x000007dc                LCD_puts
                0x00000788                LCD_bargraph
                0x000007f8                LCD_on
                0x0000075c                LCD_putc
                0x00000810                LCD_gotoxy
                0x00000804                LCD_cur_off
                0x00000840                LCD_cls
 .text          0x000008f0      0x23c ../../Common/Minimal/BlockQ.o
                0x00000954                vStartBlockingQueueTasks
                0x000008f0                xAreBlockingQueuesStillRunning
 .text          0x00000b2c      0x3e0 ../../Common/Minimal/blocktim.o
                0x00000b2c                xAreBlockTimeTestTasksStillRunning
                0x00000b84                vCreateBlockTimeTasks
 .text          0x00000f0c       0x80 ../../Common/Minimal/flash.o
                0x00000f0c                vStartLEDFlashTasks
 .text          0x00000f8c       0x98 ../../Common/Minimal/integer.o
                0x00000fac                vStartIntegerMathTasks
                0x00000f8c                xAreIntegerMathsTaskStillRunning
 .text          0x00001024      0x4a0 ../../Common/Minimal/GenQTest.o
                0x00001024                xAreGenericQueueTasksStillRunning
                0x0000107c                vStartGenericQueueTasks
 .text          0x000014c4      0x358 ../../Common/Minimal/QPeek.o
                0x000014c4                xAreQueuePeekTasksStillRunning
                0x000014f8                vStartQueuePeekTasks
 .text          0x0000181c      0x284 ../../Common/Minimal/dynamic.o
                0x00001868                vStartDynamicPriorityTasks
                0x0000181c                xAreDynamicPriorityTasksStillRunning
 .text          0x00001aa0      0x2b4 ./webserver/uIP_Task.o
                0x00001aa0                clock_init
                0x00001aa4                vApplicationProcessFormInput
                0x00001bb4                vuIP_Task
                0x00001d48                clock_time
 .text          0x00001d54      0x4d0 ./webserver/emac.o
                0x00001f98                WriteFrame_EMAC
                0x00001ed8                StartReadFrame
                0x00001e5c                ReadFrame_EMAC
                0x00001f40                uiGetEMACRxData
                0x00001d54                write_PHY
                0x00001e88                CopyFromFrame_EMAC
                0x00001d80                read_PHY
                0x00001f10                EndReadFrame
                0x00001e6c                ReadFrameBE_EMAC
                0x00001f94                Rdy4Tx
                0x00001dc4                rx_descr_init
                0x00001eb8                DummyReadFrame_EMAC
                0x00001fa8                CopyToFrame_EMAC
                0x00001e0c                tx_descr_init
                0x00001fd0                DoSend_EMAC
                0x00001ffc                Init_EMAC
                0x00001f28                CheckFrameReceived
                0x00001f74                RequestSend
 .text          0x00002224      0x670 ./webserver/httpd.o
                0x00002224                httpd_init
                0x000027c0                httpd_appcall
 .text          0x00002894      0x3a8 ./webserver/httpd-cgi.o
                0x0000289c                httpd_cgi
 .text          0x00002c3c       0xf0 ./webserver/httpd-fs.o
                0x00002cd8                httpd_fs_init
                0x00002c80                httpd_fs_open
                0x00002cf0                httpd_fs_count
 .text          0x00002d2c        0x0 ./webserver/http-strings.o
 .text          0x00002d2c      0x470 ../../Common/ethernet/uIP/uip-1.0/uip/uip_arp.o
                0x00002fa8                uip_arp_out
                0x00002e3c                uip_arp_arpin
                0x0000311c                uip_arp_timer
                0x0000316c                uip_arp_init
                0x00002f50                uip_arp_ipin
 .text          0x0000319c      0x38c ../../Common/ethernet/uIP/uip-1.0/uip/psock.o
                0x00003454                psock_generator_send
                0x00003200                psock_newdata
                0x000031f0                psock_datalen
                0x000034cc                psock_send
                0x00003318                psock_readbuf
                0x000032f4                psock_init
                0x00003228                psock_readto
 .text          0x00003528       0x50 ../../Common/ethernet/uIP/uip-1.0/uip/timer.o
                0x00003534                timer_expired
                0x00003564                timer_set
                0x00003554                timer_restart
                0x00003528                timer_reset
 .text          0x00003578      0xfc8 ../../Common/ethernet/uIP/uip-1.0/uip/uip.o
                0x00003694                uip_unlisten
                0x00003584                uip_add32
                0x00003954                uip_process
                0x000038ec                uip_ipchksum
                0x000036d8                uip_listen
                0x000038e0                uip_tcpchksum
                0x00003764                uip_connect
                0x00003910                uip_chksum
                0x00003754                htons
                0x00003648                uip_init
                0x00003578                uip_setipid
                0x000038d4                uip_udpchksum
                0x00003928                uip_send
 .text          0x00004540       0x9c ../../../Source/list.o
                0x00004560                vListInsertEnd
                0x000045bc                vListRemove
                0x00004558                vListInitialiseItem
                0x00004540                vListInitialise
                0x0000457c                vListInsert
 .text          0x000045dc      0x4c8 ../../../Source/queue.o
                0x000048b4                xQueueGenericSendFromISR
                0x00004a38                xQueueCreate
                0x000045fc                vQueueDelete
                0x00004900                xQueueGenericSend
                0x00004658                xQueueReceiveFromISR
                0x000045ec                xQueueIsQueueFullFromISR
                0x00004614                uxQueueMessagesWaiting
                0x00004728                xQueueGenericReceive
                0x000045dc                uxQueueMessagesWaitingFromISR
                0x000045e0                xQueueIsQueueEmptyFromISR
                0x000049f0                xQueueCreateMutex
 .text          0x00004aa4      0xcfc ../../../Source/tasks.o
                0x0000504c                uxTaskPriorityGet
                0x00004fa0                vTaskPrioritySet
                0x00005534                vTaskEndScheduler
                0x000050e4                vTaskPlaceOnEventList
                0x00004aa4                xTaskIsTaskSuspended
                0x00004d28                xTaskResumeFromISR
                0x00004e24                ulTaskEndTrace
                0x00004ea8                xTaskGetTickCount
                0x00004cac                xTaskRemoveFromEventList
                0x00004e50                vTaskStartTrace
                0x00005074                vTaskDelete
                0x00004dc8                xTaskCheckForTimeOut
                0x00004ec4                vTaskSuspendAll
                0x00004bf0                vTaskPriorityDisinherit
                0x00004c3c                vTaskPriorityInherit
                0x00004ee0                vTaskResume
                0x00004acc                vTaskSwitchContext
                0x00004f48                vTaskSuspend
                0x00004e8c                uxTaskGetNumberOfTasks
                0x00005154                vTaskIncrementTick
                0x00005480                vTaskList
                0x0000536c                vTaskDelayUntil
                0x00004dac                xTaskGetCurrentTaskHandle
                0x00004bd0                usTaskCheckFreeStackSpace
                0x00005234                xTaskResumeAll
                0x0000575c                vTaskStartScheduler
                0x00004bc4                vTaskMissedYield
                0x000055c0                xTaskCreate
                0x00005308                vTaskDelay
                0x00004bac                vTaskSetTimeOutState
 .text          0x000057a0      0x114 ../../../Source/portable/GCC/ARM7_LPC23xx/port.o
                0x00005848                xPortStartScheduler
                0x00005844                vPortEndScheduler
                0x000057a0                pxPortInitialiseStack
 .text          0x000058b4       0xe4 ../../../Source/portable/MemMang/heap_2.o
                0x000058b4                vPortFree
                0x000058e4                pvPortMalloc
 .text          0x00005998       0xb8 /tmp/ccDVEdIQ.o
                0x00005998                start
                0x00005a34                endless_loop
 .text          0x00005a50       0x8c /usr/local/arm-elf-gcc-4.2.1/lib/gcc/arm-elf/4.2.1/thumb/interwork/libgcc.a(_udivsi3.o)
                0x00005a50                __udivsi3
                0x00005a50                __aeabi_uidiv
                0x00005acc                __aeabi_uidivmod
 .text          0x00005adc       0xa4 /usr/local/arm-elf-gcc-4.2.1/lib/gcc/arm-elf/4.2.1/thumb/interwork/libgcc.a(_divsi3.o)
                0x00005adc                __aeabi_idiv
                0x00005adc                __divsi3
                0x00005b70                __aeabi_idivmod
 .text          0x00005b80        0x4 /usr/local/arm-elf-gcc-4.2.1/lib/gcc/arm-elf/4.2.1/thumb/interwork/libgcc.a(_dvmd_tls.o)
                0x00005b80                __aeabi_ldiv0
                0x00005b80                __div0
                0x00005b80                __aeabi_idiv0
 .text          0x00005b84       0x58 /usr/local/arm-elf-gcc-4.2.1/lib/gcc/arm-elf/4.2.1/../../../../arm-elf/lib/thumb/interwork/libg.a(lib_a-memcpy.o)
                0x00005b84                memcpy
 .text          0x00005bdc       0x58 /usr/local/arm-elf-gcc-4.2.1/lib/gcc/arm-elf/4.2.1/../../../../arm-elf/lib/thumb/interwork/libg.a(lib_a-memset.o)
                0x00005bdc                memset
 .text          0x00005c34       0x5c /usr/local/arm-elf-gcc-4.2.1/lib/gcc/arm-elf/4.2.1/../../../../arm-elf/lib/thumb/interwork/libg.a(lib_a-puts.o)
                0x00005c34                _puts_r
                0x00005c7c                puts
 .text          0x00005c90       0xbc /usr/local/arm-elf-gcc-4.2.1/lib/gcc/arm-elf/4.2.1/../../../../arm-elf/lib/thumb/interwork/libg.a(lib_a-snprintf.o)
                0x00005c90                snprintf
                0x00005cf4                _snprintf_r
 .text          0x00005d4c       0x8c /usr/local/arm-elf-gcc-4.2.1/lib/gcc/arm-elf/4.2.1/../../../../arm-elf/lib/thumb/interwork/libg.a(lib_a-sprintf.o)
                0x00005d94                _sprintf_r
                0x00005d4c                sprintf
 .text          0x00005dd8       0x40 /usr/local/arm-elf-gcc-4.2.1/lib/gcc/arm-elf/4.2.1/../../../../arm-elf/lib/thumb/interwork/libg.a(lib_a-strcat.o)
                0x00005dd8                strcat
 .text          0x00005e18       0x7c /usr/local/arm-elf-gcc-4.2.1/lib/gcc/arm-elf/4.2.1/../../../../arm-elf/lib/thumb/interwork/libg.a(lib_a-strchr.o)
                0x00005e18                strchr
 .text          0x00005e94       0x48 /usr/local/arm-elf-gcc-4.2.1/lib/gcc/arm-elf/4.2.1/../../../../arm-elf/lib/thumb/interwork/libg.a(lib_a-strcpy.o)
                0x00005e94                strcpy
 .text          0x00005edc       0x38 /usr/local/arm-elf-gcc-4.2.1/lib/gcc/arm-elf/4.2.1/../../../../arm-elf/lib/thumb/interwork/libg.a(lib_a-strlen.o)
                0x00005edc                strlen
 .text          0x00005f14       0x84 /usr/local/arm-elf-gcc-4.2.1/lib/gcc/arm-elf/4.2.1/../../../../arm-elf/lib/thumb/interwork/libg.a(lib_a-strncmp.o)
                0x00005f14                strncmp
 .text          0x00005f98       0x7c /usr/local/arm-elf-gcc-4.2.1/lib/gcc/arm-elf/4.2.1/../../../../arm-elf/lib/thumb/interwork/libg.a(lib_a-strncpy.o)
                0x00005f98                strncpy
 .text          0x00006014       0x30 /usr/local/arm-elf-gcc-4.2.1/lib/gcc/arm-elf/4.2.1/../../../../arm-elf/lib/thumb/interwork/libg.a(lib_a-strrchr.o)
                0x00006014                strrchr
 .text          0x00006044       0x3c /usr/local/arm-elf-gcc-4.2.1/lib/gcc/arm-elf/4.2.1/../../../../arm-elf/lib/thumb/interwork/libg.a(lib_a-strstr.o)
                0x00006044                strstr
 .text          0x00006080     0x1be8 /usr/local/arm-elf-gcc-4.2.1/lib/gcc/arm-elf/4.2.1/../../../../arm-elf/lib/thumb/interwork/libg.a(lib_a-vfprintf.o)
                0x000060a0                _vfprintf_r
                0x00007c48                vfprintf
 .text          0x00007c68       0x54 /usr/local/arm-elf-gcc-4.2.1/lib/gcc/arm-elf/4.2.1/../../../../arm-elf/lib/thumb/interwork/libg.a(lib_a-wcrtomb.o)
                0x00007c68                _wcrtomb_r
                0x00007c9c                wcrtomb
 .text          0x00007cbc      0x104 /usr/local/arm-elf-gcc-4.2.1/lib/gcc/arm-elf/4.2.1/../../../../arm-elf/lib/thumb/interwork/libg.a(lib_a-wcsrtombs.o)
                0x00007cbc                _wcsrtombs_r
                0x00007d98                wcsrtombs
 .text          0x00007dc0      0x2c0 /usr/local/arm-elf-gcc-4.2.1/lib/gcc/arm-elf/4.2.1/../../../../arm-elf/lib/thumb/interwork/libg.a(lib_a-wctomb_r.o)
                0x00007dc0                _wctomb_r
 .text          0x00008080       0xb8 /usr/local/arm-elf-gcc-4.2.1/lib/gcc/arm-elf/4.2.1/../../../../arm-elf/lib/thumb/interwork/libg.a(lib_a-wsetup.o)
                0x00008080                __swsetup
 .text          0x00008138      0xf10 /usr/local/arm-elf-gcc-4.2.1/lib/gcc/arm-elf/4.2.1/../../../../arm-elf/lib/thumb/interwork/libg.a(lib_a-dtoa.o)
                0x000082b8                _dtoa_r
 .text          0x00009048      0x108 /usr/local/arm-elf-gcc-4.2.1/lib/gcc/arm-elf/4.2.1/../../../../arm-elf/lib/thumb/interwork/libg.a(lib_a-fflush.o)
                0x00009048                fflush
 .text          0x00009150      0x1b8 /usr/local/arm-elf-gcc-4.2.1/lib/gcc/arm-elf/4.2.1/../../../../arm-elf/lib/thumb/interwork/libg.a(lib_a-findfp.o)
                0x00009198                __sinit
                0x00009250                __sfmoreglue
                0x0000923c                _cleanup
                0x0000922c                _cleanup_r
                0x00009214                __fp_lock_all
                0x00009188                __sfp_lock_acquire
                0x00009288                __sfp
                0x00009194                __sinit_lock_release
                0x000091fc                __fp_unlock_all
                0x0000918c                __sfp_lock_release
                0x00009190                __sinit_lock_acquire
 .text          0x00009308      0x280 /usr/local/arm-elf-gcc-4.2.1/lib/gcc/arm-elf/4.2.1/../../../../arm-elf/lib/thumb/interwork/libg.a(lib_a-freer.o)
                0x000093ac                _free_r
                0x00009308                _malloc_trim_r
 .text          0x00009588      0x2bc /usr/local/arm-elf-gcc-4.2.1/lib/gcc/arm-elf/4.2.1/../../../../arm-elf/lib/thumb/interwork/libg.a(lib_a-fvwrite.o)
                0x00009588                __sfvwrite_r
 .text          0x00009844       0xdc /usr/local/arm-elf-gcc-4.2.1/lib/gcc/arm-elf/4.2.1/../../../../arm-elf/lib/thumb/interwork/libg.a(lib_a-fwalk.o)
                0x000098b4                _fwalk
                0x00009844                _fwalk_reent
 .text          0x00009920        0x0 /usr/local/arm-elf-gcc-4.2.1/lib/gcc/arm-elf/4.2.1/../../../../arm-elf/lib/thumb/interwork/libg.a(lib_a-impure.o)
 .text          0x00009920       0x88 /usr/local/arm-elf-gcc-4.2.1/lib/gcc/arm-elf/4.2.1/../../../../arm-elf/lib/thumb/interwork/libg.a(lib_a-locale.o)
                0x00009948                _setlocale_r
                0x00009920                __locale_charset
                0x0000992c                _localeconv_r
                0x0000998c                setlocale
                0x00009934                localeconv
 .text          0x000099a8       0xec /usr/local/arm-elf-gcc-4.2.1/lib/gcc/arm-elf/4.2.1/../../../../arm-elf/lib/thumb/interwork/libg.a(lib_a-makebuf.o)
                0x000099a8                __smakebuf
 .text          0x00009a94      0x55c /usr/local/arm-elf-gcc-4.2.1/lib/gcc/arm-elf/4.2.1/../../../../arm-elf/lib/thumb/interwork/libg.a(lib_a-mallocr.o)
                0x00009a94                _malloc_r
 .text          0x00009ff0       0x88 /usr/local/arm-elf-gcc-4.2.1/lib/gcc/arm-elf/4.2.1/../../../../arm-elf/lib/thumb/interwork/libg.a(lib_a-memchr.o)
                0x00009ff0                memchr
 .text          0x0000a078       0x7c /usr/local/arm-elf-gcc-4.2.1/lib/gcc/arm-elf/4.2.1/../../../../arm-elf/lib/thumb/interwork/libg.a(lib_a-memmove.o)
                0x0000a078                memmove
 .text          0x0000a0f4        0x8 /usr/local/arm-elf-gcc-4.2.1/lib/gcc/arm-elf/4.2.1/../../../../arm-elf/lib/thumb/interwork/libg.a(lib_a-mlock.o)
                0x0000a0f8                __malloc_unlock
                0x0000a0f4                __malloc_lock
 .text          0x0000a0fc      0x964 /usr/local/arm-elf-gcc-4.2.1/lib/gcc/arm-elf/4.2.1/../../../../arm-elf/lib/thumb/interwork/libg.a(lib_a-mprec.o)
                0x0000a36c                _mprec_log10
                0x0000a3e8                __any_on
                0x0000a43c                _Balloc
                0x0000a318                __ratio
                0x0000a86c                __i2b
                0x0000a254                __b2d
                0x0000a9c8                __s2b
                0x0000a1c0                __mcmp
                0x0000a114                __hi0bits
                0x0000a928                __pow5mult
                0x0000a65c                __lshift
                0x0000a710                __multiply
                0x0000a498                __d2b
                0x0000a3b0                __copybits
                0x0000a200                __ulp
                0x0000a574                __mdiff
                0x0000a15c                __lo0bits
                0x0000a884                __multadd
                0x0000a0fc                _Bfree
 .text          0x0000aa60      0x3b4 /usr/local/arm-elf-gcc-4.2.1/lib/gcc/arm-elf/4.2.1/../../../../arm-elf/lib/thumb/interwork/libg.a(lib_a-reallocr.o)
                0x0000aa60                _realloc_r
 .text          0x0000ae14       0x24 /usr/local/arm-elf-gcc-4.2.1/lib/gcc/arm-elf/4.2.1/../../../../arm-elf/lib/thumb/interwork/libg.a(lib_a-s_isinfd.o)
                0x0000ae14                __isinfd
 .text          0x0000ae38       0x1c /usr/local/arm-elf-gcc-4.2.1/lib/gcc/arm-elf/4.2.1/../../../../arm-elf/lib/thumb/interwork/libg.a(lib_a-s_isnand.o)
                0x0000ae38                __isnand
 .text          0x0000ae54       0x28 /usr/local/arm-elf-gcc-4.2.1/lib/gcc/arm-elf/4.2.1/../../../../arm-elf/lib/thumb/interwork/libg.a(lib_a-sbrkr.o)
                0x0000ae54                _sbrk_r
 .text          0x0000ae7c       0xd8 /usr/local/arm-elf-gcc-4.2.1/lib/gcc/arm-elf/4.2.1/../../../../arm-elf/lib/thumb/interwork/libg.a(lib_a-stdio.o)
                0x0000ae94                __sseek
                0x0000af1c                __sread
                0x0000ae7c                __sclose
                0x0000aed4                __swrite
 .text          0x0000af54       0x5c /usr/local/arm-elf-gcc-4.2.1/lib/gcc/arm-elf/4.2.1/../../../../arm-elf/lib/thumb/interwork/libg.a(lib_a-strcmp.o)
                0x0000af54                strcmp
 .text          0x0000afb0      0x5b4 /usr/local/arm-elf-gcc-4.2.1/lib/gcc/arm-elf/4.2.1/../../../../arm-elf/lib/thumb/interwork/libg.a(lib_a-syscalls.o)
                0x0000b00c                _getpid
                0x0000b3ac                initialise_monitor_handles
                0x0000b4c0                isatty
                0x0000b388                _fstat
                0x0000b11c                _open
                0x0000b01c                _sbrk
                0x0000b018                _raise
                0x0000b4e4                _times
                0x0000b34c                _stat
                0x0000b2cc                _lseek
                0x0000b010                _link
                0x0000b1c8                _swiwrite
                0x0000b434                _rename
                0x0000b23c                _swilseek
                0x0000b180                _swiclose
                0x0000b07c                _swiopen
                0x0000b534                _unlink
                0x0000b1f0                _write
                0x0000afcc                _kill
                0x0000b508                _gettimeofday
                0x0000b304                _read
                0x0000affc                _exit
                0x0000b470                _system
                0x0000b2dc                _swiread
                0x0000b1b8                _close
 .text          0x0000b564       0x2c /usr/local/arm-elf-gcc-4.2.1/lib/gcc/arm-elf/4.2.1/../../../../arm-elf/lib/thumb/interwork/libg.a(lib_a-writer.o)
                0x0000b564                _write_r
 .text          0x0000b590       0x60 /usr/local/arm-elf-gcc-4.2.1/lib/gcc/arm-elf/4.2.1/../../../../arm-elf/lib/thumb/interwork/libg.a(lib_a-callocr.o)
                0x0000b590                _calloc_r
 .text          0x0000b5f0       0x28 /usr/local/arm-elf-gcc-4.2.1/lib/gcc/arm-elf/4.2.1/../../../../arm-elf/lib/thumb/interwork/libg.a(lib_a-closer.o)
                0x0000b5f0                _close_r
 .text          0x0000b618        0xc /usr/local/arm-elf-gcc-4.2.1/lib/gcc/arm-elf/4.2.1/../../../../arm-elf/lib/thumb/interwork/libg.a(lib_a-errno.o)
                0x0000b618                __errno
 .text          0x0000b624       0xc0 /usr/local/arm-elf-gcc-4.2.1/lib/gcc/arm-elf/4.2.1/../../../../arm-elf/lib/thumb/interwork/libg.a(lib_a-fclose.o)
                0x0000b624                _fclose_r
                0x0000b6cc                fclose
 .text          0x0000b6e4       0x2c /usr/local/arm-elf-gcc-4.2.1/lib/gcc/arm-elf/4.2.1/../../../../arm-elf/lib/thumb/interwork/libg.a(lib_a-fstatr.o)
                0x0000b6e4                _fstat_r
 .text          0x0000b710       0x2c /usr/local/arm-elf-gcc-4.2.1/lib/gcc/arm-elf/4.2.1/../../../../arm-elf/lib/thumb/interwork/libg.a(lib_a-lseekr.o)
                0x0000b710                _lseek_r
 .text          0x0000b73c       0x2c /usr/local/arm-elf-gcc-4.2.1/lib/gcc/arm-elf/4.2.1/../../../../arm-elf/lib/thumb/interwork/libg.a(lib_a-readr.o)
                0x0000b73c                _read_r
 .text          0x0000b768      0x110 /usr/local/arm-elf-gcc-4.2.1/lib/gcc/arm-elf/4.2.1/../../../../arm-elf/lib/thumb/interwork/libg.a(lib_a-reent.o)
                0x0000b7b4                cleanup_glue
                0x0000b7d4                _reclaim_reent
                0x0000b768                _wrapup_reent
 .text          0x0000b878       0xc8 /usr/local/arm-elf-gcc-4.2.1/lib/gcc/arm-elf/4.2.1/thumb/interwork/libgcc.a(_umodsi3.o)
                0x0000b878                __umodsi3
 .text          0x0000b940       0xd8 /usr/local/arm-elf-gcc-4.2.1/lib/gcc/arm-elf/4.2.1/thumb/interwork/libgcc.a(_modsi3.o)
                0x0000b940                __modsi3
 .text          0x0000ba18      0x3cc /usr/local/arm-elf-gcc-4.2.1/lib/gcc/arm-elf/4.2.1/thumb/interwork/libgcc.a(_addsub_df.o)
                0x0000bdac                __adddf3
                0x0000bd6c                __subdf3
 .text          0x0000bde4      0x2a8 /usr/local/arm-elf-gcc-4.2.1/lib/gcc/arm-elf/4.2.1/thumb/interwork/libgcc.a(_mul_df.o)
                0x0000be1c                __muldf3
 .text          0x0000c08c      0x1ac /usr/local/arm-elf-gcc-4.2.1/lib/gcc/arm-elf/4.2.1/thumb/interwork/libgcc.a(_div_df.o)
                0x0000c0c4                __divdf3
 .text          0x0000c238       0x58 /usr/local/arm-elf-gcc-4.2.1/lib/gcc/arm-elf/4.2.1/thumb/interwork/libgcc.a(_eq_df.o)
                0x0000c248                __eqdf2
 .text          0x0000c290       0x58 /usr/local/arm-elf-gcc-4.2.1/lib/gcc/arm-elf/4.2.1/thumb/interwork/libgcc.a(_ne_df.o)
                0x0000c2a0                __nedf2
 .text          0x0000c2e8       0x58 /usr/local/arm-elf-gcc-4.2.1/lib/gcc/arm-elf/4.2.1/thumb/interwork/libgcc.a(_gt_df.o)
                0x0000c2f8                __gtdf2
 .text          0x0000c340       0x58 /usr/local/arm-elf-gcc-4.2.1/lib/gcc/arm-elf/4.2.1/thumb/interwork/libgcc.a(_ge_df.o)
                0x0000c350                __gedf2
 .text          0x0000c398       0x58 /usr/local/arm-elf-gcc-4.2.1/lib/gcc/arm-elf/4.2.1/thumb/interwork/libgcc.a(_lt_df.o)
                0x0000c3a8                __ltdf2
 .text          0x0000c3f0       0x90 /usr/local/arm-elf-gcc-4.2.1/lib/gcc/arm-elf/4.2.1/thumb/interwork/libgcc.a(_si_to_df.o)
                0x0000c3fc                __floatsidf
 .text          0x0000c480       0xb4 /usr/local/arm-elf-gcc-4.2.1/lib/gcc/arm-elf/4.2.1/thumb/interwork/libgcc.a(_df_to_si.o)
                0x0000c4b0                __fixdfsi
 .text          0x0000c534        0x0 /usr/local/arm-elf-gcc-4.2.1/lib/gcc/arm-elf/4.2.1/thumb/interwork/libgcc.a(_thenan_df.o)
 .text          0x0000c534      0x10c /usr/local/arm-elf-gcc-4.2.1/lib/gcc/arm-elf/4.2.1/thumb/interwork/libgcc.a(_usi_to_df.o)
                0x0000c540                __floatunsidf
 .text          0x0000c640       0x84 /usr/local/arm-elf-gcc-4.2.1/lib/gcc/arm-elf/4.2.1/thumb/interwork/libgcc.a(_muldi3.o)
                0x0000c640                __muldi3
 .text          0x0000c6c4       0x3c /usr/local/arm-elf-gcc-4.2.1/lib/gcc/arm-elf/4.2.1/thumb/interwork/libgcc.a(_clzsi2.o)
                0x0000c6c4                __clzsi2
 .text          0x0000c700      0x288 /usr/local/arm-elf-gcc-4.2.1/lib/gcc/arm-elf/4.2.1/thumb/interwork/libgcc.a(_pack_df.o)
                0x0000c730                __pack_d
 .text          0x0000c988       0xc4 /usr/local/arm-elf-gcc-4.2.1/lib/gcc/arm-elf/4.2.1/thumb/interwork/libgcc.a(_unpack_df.o)
                0x0000c988                __unpack_d
 .text          0x0000ca4c       0xf8 /usr/local/arm-elf-gcc-4.2.1/lib/gcc/arm-elf/4.2.1/thumb/interwork/libgcc.a(_fpcmp_parts_df.o)
                0x0000ca7c                __fpcmp_parts_d
 .text          0x0000cb44        0x0 /usr/local/arm-elf-gcc-4.2.1/lib/gcc/arm-elf/4.2.1/thumb/interwork/libgcc.a(_clz.o)
 *(.rodata)
 .rodata        0x0000cb44       0x40 ./LCD/portlcd.o
 .rodata        0x0000cb84       0xa4 ./webserver/httpd-cgi.o
 .rodata        0x0000cc28     0x117c ./webserver/httpd-fs.o
                0x0000cc3c                file_index_html
                0x0000cc78                file_stats_shtml
                0x0000cc28                file_404_html
                0x0000cc64                file_io_shtml
                0x0000cc8c                file_tcp_shtml
                0x0000cc50                file_index_shtml
 .rodata        0x0000dda4      0x24a ./webserver/http-strings.o
                0x0000dfc4                http_shtml
                0x0000dda4                http_http
                0x0000ddc0                http_10
                0x0000df3e                http_content_type_png
                0x0000df07                http_content_type_css
                0x0000de16                http_referer
                0x0000de73                http_header_404
                0x0000ddb1                http_301
                0x0000dece                http_content_type_plain
                0x0000dfe4                http_text
                0x0000deeb                http_content_type_html
                0x0000dde1                http_texthtml
                0x0000ddf6                http_host
                0x0000df5a                http_content_type_gif
                0x0000ddfd                http_crnl
                0x0000ddbb                http_get
                0x0000ddeb                http_location
                0x0000dfdf                http_jpg
                0x0000dfd0                http_css
                0x0000ddc9                http_11
                0x0000df22                http_content_type_text
                0x0000ddb6                http_302
                0x0000ddd2                http_content_type
                0x0000de1f                http_header_200
                0x0000dfe9                http_txt
                0x0000df76                http_content_type_jpg
                0x0000dfbe                http_html
                0x0000de00                http_index_html
                0x0000dfd5                http_png
                0x0000ddac                http_200
                0x0000de0c                http_404_html
                0x0000dfda                http_gif
                0x0000df93                http_content_type_binary
                0x0000dfcb                http_htm
 .rodata        0x0000dfee        0x6 ../../Common/ethernet/uIP/uip-1.0/uip/uip_arp.o
 .rodata        0x0000dff4       0x48 ../../Common/ethernet/uIP/uip-1.0/uip/uip.o
 .rodata        0x0000e03c      0x18c /usr/local/arm-elf-gcc-4.2.1/lib/gcc/arm-elf/4.2.1/../../../../arm-elf/lib/thumb/interwork/libg.a(lib_a-vfprintf.o)
 .rodata        0x0000e1c8       0x18 /usr/local/arm-elf-gcc-4.2.1/lib/gcc/arm-elf/4.2.1/../../../../arm-elf/lib/thumb/interwork/libg.a(lib_a-dtoa.o)
 .rodata        0x0000e1e0        0x4 /usr/local/arm-elf-gcc-4.2.1/lib/gcc/arm-elf/4.2.1/../../../../arm-elf/lib/thumb/interwork/libg.a(lib_a-impure.o)
                0x0000e1e0                _global_impure_ptr
 .rodata        0x0000e1e4       0x34 /usr/local/arm-elf-gcc-4.2.1/lib/gcc/arm-elf/4.2.1/../../../../arm-elf/lib/thumb/interwork/libg.a(lib_a-locale.o)
 .rodata        0x0000e218      0x124 /usr/local/arm-elf-gcc-4.2.1/lib/gcc/arm-elf/4.2.1/../../../../arm-elf/lib/thumb/interwork/libg.a(lib_a-mprec.o)
                0x0000e308                __mprec_tinytens
                0x0000e218                __mprec_tens
                0x0000e2e0                __mprec_bigtens
 .rodata        0x0000e33c       0x14 /usr/local/arm-elf-gcc-4.2.1/lib/gcc/arm-elf/4.2.1/thumb/interwork/libgcc.a(_thenan_df.o)
                0x0000e33c                __thenan_df
 .rodata        0x0000e350      0x100 /usr/local/arm-elf-gcc-4.2.1/lib/gcc/arm-elf/4.2.1/thumb/interwork/libgcc.a(_clz.o)
                0x0000e350                __clz_tab
 *(.rodata*)
 .rodata.str1.4
                0x0000e450       0x75 main.o
                                 0x78 (size before relaxing)
 *fill*         0x0000e4c5        0x3 00
 .rodata.str1.4
                0x0000e4c8       0x30 ../../Common/Minimal/BlockQ.o
 .rodata.str1.4
                0x0000e4f8        0xf ../../Common/Minimal/blocktim.o
                                 0x10 (size before relaxing)
 *fill*         0x0000e507        0x1 00
 .rodata.str1.4
                0x0000e508        0x5 ../../Common/Minimal/flash.o
                                  0x8 (size before relaxing)
 *fill*         0x0000e50d        0x3 00
 .rodata.str1.4
                0x0000e510        0x8 ../../Common/Minimal/integer.o
 .rodata.str1.4
                0x0000e518       0x1f ../../Common/Minimal/GenQTest.o
                                 0x20 (size before relaxing)
 *fill*         0x0000e537        0x1 00
 .rodata.str1.4
                0x0000e538       0x1f ../../Common/Minimal/QPeek.o
                                 0x20 (size before relaxing)
 *fill*         0x0000e557        0x1 00
 .rodata.str1.4
                0x0000e558       0x28 ../../Common/Minimal/dynamic.o
 .rodata.str1.4
                0x0000e580       0x1d ./webserver/uIP_Task.o
                                 0x20 (size before relaxing)
 *fill*         0x0000e59d        0x3 00
 .rodata.str1.4
                0x0000e5a0      0x1b7 ./webserver/httpd-cgi.o
                                0x1bc (size before relaxing)
 *fill*         0x0000e757        0x1 00
 .rodata.str1.4
                0x0000e758       0x13 ../../Common/ethernet/uIP/uip-1.0/uip/psock.o
                                 0x14 (size before relaxing)
 *fill*         0x0000e76b        0x1 00
 .rodata.str1.4
                0x0000e76c       0x1d ../../../Source/tasks.o
                                 0x20 (size before relaxing)
 .rodata.str1.4
                0x00000000       0x1d /usr/local/arm-elf-gcc-4.2.1/lib/gcc/arm-elf/4.2.1/../../../../arm-elf/lib/thumb/interwork/libg.a(lib_a-puts.o)
                                  0x4 (size before relaxing)
 *fill*         0x0000e789        0x3 00
 .rodata.str1.4
                0x0000e78c       0x63 /usr/local/arm-elf-gcc-4.2.1/lib/gcc/arm-elf/4.2.1/../../../../arm-elf/lib/thumb/interwork/libg.a(lib_a-vfprintf.o)
                                 0x64 (size before relaxing)
 *fill*         0x0000e7ef        0x1 00
 .rodata.str1.4
                0x0000e7f0       0x1e /usr/local/arm-elf-gcc-4.2.1/lib/gcc/arm-elf/4.2.1/../../../../arm-elf/lib/thumb/interwork/libg.a(lib_a-wctomb_r.o)
                                 0x20 (size before relaxing)
 *fill*         0x0000e80e        0x2 00
 .rodata.str1.4
                0x0000e810       0x10 /usr/local/arm-elf-gcc-4.2.1/lib/gcc/arm-elf/4.2.1/../../../../arm-elf/lib/thumb/interwork/libg.a(lib_a-dtoa.o)
                                 0x14 (size before relaxing)
 .rodata.str1.4
                0x0000e820        0x2 /usr/local/arm-elf-gcc-4.2.1/lib/gcc/arm-elf/4.2.1/../../../../arm-elf/lib/thumb/interwork/libg.a(lib_a-impure.o)
                                  0x4 (size before relaxing)
 *fill*         0x0000e822        0x2 00
 .rodata.str1.4
                0x0000e824        0xb /usr/local/arm-elf-gcc-4.2.1/lib/gcc/arm-elf/4.2.1/../../../../arm-elf/lib/thumb/interwork/libg.a(lib_a-locale.o)
                                 0x18 (size before relaxing)
 *fill*         0x0000e82f        0x1 00
 .rodata.str1.4
                0x0000e830        0x4 /usr/local/arm-elf-gcc-4.2.1/lib/gcc/arm-elf/4.2.1/../../../../arm-elf/lib/thumb/interwork/libg.a(lib_a-syscalls.o)
 *(.glue_7)
 .glue_7        0x0000e834        0x0 ../../../Source/portable/GCC/ARM7_LPC23xx/portISR.o
 .glue_7        0x0000e834        0x0 ./webserver/EMAC_ISR.o
 .glue_7        0x0000e834        0x0 main.o
 .glue_7        0x0000e834        0x0 ./ParTest/ParTest.o
 .glue_7        0x0000e834        0x0 ./LCD/portlcd.o
 .glue_7        0x0000e834        0x0 ../../Common/Minimal/BlockQ.o
 .glue_7        0x0000e834        0x0 ../../Common/Minimal/blocktim.o
 .glue_7        0x0000e834        0x0 ../../Common/Minimal/flash.o
 .glue_7        0x0000e834        0x0 ../../Common/Minimal/integer.o
 .glue_7        0x0000e834        0x0 ../../Common/Minimal/GenQTest.o
 .glue_7        0x0000e834        0x0 ../../Common/Minimal/QPeek.o
 .glue_7        0x0000e834        0x0 ../../Common/Minimal/dynamic.o
 .glue_7        0x0000e834        0x0 ./webserver/uIP_Task.o
 .glue_7        0x0000e834        0x0 ./webserver/emac.o
 .glue_7        0x0000e834        0x0 ./webserver/httpd.o
 .glue_7        0x0000e834        0x0 ./webserver/httpd-cgi.o
 .glue_7        0x0000e834        0x0 ./webserver/httpd-fs.o
 .glue_7        0x0000e834        0x0 ./webserver/http-strings.o
 .glue_7        0x0000e834        0x0 ../../Common/ethernet/uIP/uip-1.0/uip/uip_arp.o
 .glue_7        0x0000e834        0x0 ../../Common/ethernet/uIP/uip-1.0/uip/psock.o
 .glue_7        0x0000e834        0x0 ../../Common/ethernet/uIP/uip-1.0/uip/timer.o
 .glue_7        0x0000e834        0x0 ../../Common/ethernet/uIP/uip-1.0/uip/uip.o
 .glue_7        0x0000e834        0x0 ../../../Source/list.o
 .glue_7        0x0000e834        0x0 ../../../Source/queue.o
 .glue_7        0x0000e834        0x0 ../../../Source/tasks.o
 .glue_7        0x0000e834        0x0 ../../../Source/portable/GCC/ARM7_LPC23xx/port.o
 .glue_7        0x0000e834        0x0 ../../../Source/portable/MemMang/heap_2.o
 .glue_7        0x0000e834        0x0 /tmp/ccDVEdIQ.o
 .glue_7        0x0000e834        0x0 /usr/local/arm-elf-gcc-4.2.1/lib/gcc/arm-elf/4.2.1/thumb/interwork/libgcc.a(_udivsi3.o)
 .glue_7        0x0000e834        0x0 /usr/local/arm-elf-gcc-4.2.1/lib/gcc/arm-elf/4.2.1/thumb/interwork/libgcc.a(_divsi3.o)
 .glue_7        0x0000e834        0x0 /usr/local/arm-elf-gcc-4.2.1/lib/gcc/arm-elf/4.2.1/thumb/interwork/libgcc.a(_dvmd_tls.o)
 .glue_7        0x0000e834        0x0 /usr/local/arm-elf-gcc-4.2.1/lib/gcc/arm-elf/4.2.1/../../../../arm-elf/lib/thumb/interwork/libg.a(lib_a-memcpy.o)
 .glue_7        0x0000e834        0x0 /usr/local/arm-elf-gcc-4.2.1/lib/gcc/arm-elf/4.2.1/../../../../arm-elf/lib/thumb/interwork/libg.a(lib_a-memset.o)
 .glue_7        0x0000e834        0x0 /usr/local/arm-elf-gcc-4.2.1/lib/gcc/arm-elf/4.2.1/../../../../arm-elf/lib/thumb/interwork/libg.a(lib_a-puts.o)
 .glue_7        0x0000e834        0x0 /usr/local/arm-elf-gcc-4.2.1/lib/gcc/arm-elf/4.2.1/../../../../arm-elf/lib/thumb/interwork/libg.a(lib_a-snprintf.o)
 .glue_7        0x0000e834        0x0 /usr/local/arm-elf-gcc-4.2.1/lib/gcc/arm-elf/4.2.1/../../../../arm-elf/lib/thumb/interwork/libg.a(lib_a-sprintf.o)
 .glue_7        0x0000e834        0x0 /usr/local/arm-elf-gcc-4.2.1/lib/gcc/arm-elf/4.2.1/../../../../arm-elf/lib/thumb/interwork/libg.a(lib_a-strcat.o)
 .glue_7        0x0000e834        0x0 /usr/local/arm-elf-gcc-4.2.1/lib/gcc/arm-elf/4.2.1/../../../../arm-elf/lib/thumb/interwork/libg.a(lib_a-strchr.o)
 .glue_7        0x0000e834        0x0 /usr/local/arm-elf-gcc-4.2.1/lib/gcc/arm-elf/4.2.1/../../../../arm-elf/lib/thumb/interwork/libg.a(lib_a-strcpy.o)
 .glue_7        0x0000e834        0x0 /usr/local/arm-elf-gcc-4.2.1/lib/gcc/arm-elf/4.2.1/../../../../arm-elf/lib/thumb/interwork/libg.a(lib_a-strlen.o)
 .glue_7        0x0000e834        0x0 /usr/local/arm-elf-gcc-4.2.1/lib/gcc/arm-elf/4.2.1/../../../../arm-elf/lib/thumb/interwork/libg.a(lib_a-strncmp.o)
 .glue_7        0x0000e834        0x0 /usr/local/arm-elf-gcc-4.2.1/lib/gcc/arm-elf/4.2.1/../../../../arm-elf/lib/thumb/interwork/libg.a(lib_a-strncpy.o)
 .glue_7        0x0000e834        0x0 /usr/local/arm-elf-gcc-4.2.1/lib/gcc/arm-elf/4.2.1/../../../../arm-elf/lib/thumb/interwork/libg.a(lib_a-strrchr.o)
 .glue_7        0x0000e834        0x0 /usr/local/arm-elf-gcc-4.2.1/lib/gcc/arm-elf/4.2.1/../../../../arm-elf/lib/thumb/interwork/libg.a(lib_a-strstr.o)
 .glue_7        0x0000e834        0x0 /usr/local/arm-elf-gcc-4.2.1/lib/gcc/arm-elf/4.2.1/../../../../arm-elf/lib/thumb/interwork/libg.a(lib_a-vfprintf.o)
 .glue_7        0x0000e834        0x0 /usr/local/arm-elf-gcc-4.2.1/lib/gcc/arm-elf/4.2.1/../../../../arm-elf/lib/thumb/interwork/libg.a(lib_a-wcrtomb.o)
 .glue_7        0x0000e834        0x0 /usr/local/arm-elf-gcc-4.2.1/lib/gcc/arm-elf/4.2.1/../../../../arm-elf/lib/thumb/interwork/libg.a(lib_a-wcsrtombs.o)
 .glue_7        0x0000e834        0x0 /usr/local/arm-elf-gcc-4.2.1/lib/gcc/arm-elf/4.2.1/../../../../arm-elf/lib/thumb/interwork/libg.a(lib_a-wctomb_r.o)
 .glue_7        0x0000e834        0x0 /usr/local/arm-elf-gcc-4.2.1/lib/gcc/arm-elf/4.2.1/../../../../arm-elf/lib/thumb/interwork/libg.a(lib_a-wsetup.o)
 .glue_7        0x0000e834        0x0 /usr/local/arm-elf-gcc-4.2.1/lib/gcc/arm-elf/4.2.1/../../../../arm-elf/lib/thumb/interwork/libg.a(lib_a-dtoa.o)
 .glue_7        0x0000e834        0x0 /usr/local/arm-elf-gcc-4.2.1/lib/gcc/arm-elf/4.2.1/../../../../arm-elf/lib/thumb/interwork/libg.a(lib_a-fflush.o)
 .glue_7        0x0000e834        0x0 /usr/local/arm-elf-gcc-4.2.1/lib/gcc/arm-elf/4.2.1/../../../../arm-elf/lib/thumb/interwork/libg.a(lib_a-findfp.o)
 .glue_7        0x0000e834        0x0 /usr/local/arm-elf-gcc-4.2.1/lib/gcc/arm-elf/4.2.1/../../../../arm-elf/lib/thumb/interwork/libg.a(lib_a-freer.o)
 .glue_7        0x0000e834        0x0 /usr/local/arm-elf-gcc-4.2.1/lib/gcc/arm-elf/4.2.1/../../../../arm-elf/lib/thumb/interwork/libg.a(lib_a-fvwrite.o)
 .glue_7        0x0000e834        0x0 /usr/local/arm-elf-gcc-4.2.1/lib/gcc/arm-elf/4.2.1/../../../../arm-elf/lib/thumb/interwork/libg.a(lib_a-fwalk.o)
 .glue_7        0x0000e834        0x0 /usr/local/arm-elf-gcc-4.2.1/lib/gcc/arm-elf/4.2.1/../../../../arm-elf/lib/thumb/interwork/libg.a(lib_a-impure.o)
 .glue_7        0x0000e834        0x0 /usr/local/arm-elf-gcc-4.2.1/lib/gcc/arm-elf/4.2.1/../../../../arm-elf/lib/thumb/interwork/libg.a(lib_a-locale.o)
 .glue_7        0x0000e834        0x0 /usr/local/arm-elf-gcc-4.2.1/lib/gcc/arm-elf/4.2.1/../../../../arm-elf/lib/thumb/interwork/libg.a(lib_a-makebuf.o)
 .glue_7        0x0000e834        0x0 /usr/local/arm-elf-gcc-4.2.1/lib/gcc/arm-elf/4.2.1/../../../../arm-elf/lib/thumb/interwork/libg.a(lib_a-mallocr.o)
 .glue_7        0x0000e834        0x0 /usr/local/arm-elf-gcc-4.2.1/lib/gcc/arm-elf/4.2.1/../../../../arm-elf/lib/thumb/interwork/libg.a(lib_a-memchr.o)
 .glue_7        0x0000e834        0x0 /usr/local/arm-elf-gcc-4.2.1/lib/gcc/arm-elf/4.2.1/../../../../arm-elf/lib/thumb/interwork/libg.a(lib_a-memmove.o)
 .glue_7        0x0000e834        0x0 /usr/local/arm-elf-gcc-4.2.1/lib/gcc/arm-elf/4.2.1/../../../../arm-elf/lib/thumb/interwork/libg.a(lib_a-mlock.o)
 .glue_7        0x0000e834        0x0 /usr/local/arm-elf-gcc-4.2.1/lib/gcc/arm-elf/4.2.1/../../../../arm-elf/lib/thumb/interwork/libg.a(lib_a-mprec.o)
 .glue_7        0x0000e834        0x0 /usr/local/arm-elf-gcc-4.2.1/lib/gcc/arm-elf/4.2.1/../../../../arm-elf/lib/thumb/interwork/libg.a(lib_a-reallocr.o)
 .glue_7        0x0000e834        0x0 /usr/local/arm-elf-gcc-4.2.1/lib/gcc/arm-elf/4.2.1/../../../../arm-elf/lib/thumb/interwork/libg.a(lib_a-s_isinfd.o)
 .glue_7        0x0000e834        0x0 /usr/local/arm-elf-gcc-4.2.1/lib/gcc/arm-elf/4.2.1/../../../../arm-elf/lib/thumb/interwork/libg.a(lib_a-s_isnand.o)
 .glue_7        0x0000e834        0x0 /usr/local/arm-elf-gcc-4.2.1/lib/gcc/arm-elf/4.2.1/../../../../arm-elf/lib/thumb/interwork/libg.a(lib_a-sbrkr.o)
 .glue_7        0x0000e834        0x0 /usr/local/arm-elf-gcc-4.2.1/lib/gcc/arm-elf/4.2.1/../../../../arm-elf/lib/thumb/interwork/libg.a(lib_a-stdio.o)
 .glue_7        0x0000e834        0x0 /usr/local/arm-elf-gcc-4.2.1/lib/gcc/arm-elf/4.2.1/../../../../arm-elf/lib/thumb/interwork/libg.a(lib_a-strcmp.o)
 .glue_7        0x0000e834        0x0 /usr/local/arm-elf-gcc-4.2.1/lib/gcc/arm-elf/4.2.1/../../../../arm-elf/lib/thumb/interwork/libg.a(lib_a-syscalls.o)
 .glue_7        0x0000e834        0x0 /usr/local/arm-elf-gcc-4.2.1/lib/gcc/arm-elf/4.2.1/../../../../arm-elf/lib/thumb/interwork/libg.a(lib_a-writer.o)
 .glue_7        0x0000e834        0x0 /usr/local/arm-elf-gcc-4.2.1/lib/gcc/arm-elf/4.2.1/../../../../arm-elf/lib/thumb/interwork/libg.a(lib_a-callocr.o)
 .glue_7        0x0000e834        0x0 /usr/local/arm-elf-gcc-4.2.1/lib/gcc/arm-elf/4.2.1/../../../../arm-elf/lib/thumb/interwork/libg.a(lib_a-closer.o)
 .glue_7        0x0000e834        0x0 /usr/local/arm-elf-gcc-4.2.1/lib/gcc/arm-elf/4.2.1/../../../../arm-elf/lib/thumb/interwork/libg.a(lib_a-errno.o)
 .glue_7        0x0000e834        0x0 /usr/local/arm-elf-gcc-4.2.1/lib/gcc/arm-elf/4.2.1/../../../../arm-elf/lib/thumb/interwork/libg.a(lib_a-fclose.o)
 .glue_7        0x0000e834        0x0 /usr/local/arm-elf-gcc-4.2.1/lib/gcc/arm-elf/4.2.1/../../../../arm-elf/lib/thumb/interwork/libg.a(lib_a-fstatr.o)
 .glue_7        0x0000e834        0x0 /usr/local/arm-elf-gcc-4.2.1/lib/gcc/arm-elf/4.2.1/../../../../arm-elf/lib/thumb/interwork/libg.a(lib_a-lseekr.o)
 .glue_7        0x0000e834        0x0 /usr/local/arm-elf-gcc-4.2.1/lib/gcc/arm-elf/4.2.1/../../../../arm-elf/lib/thumb/interwork/libg.a(lib_a-readr.o)
 .glue_7        0x0000e834        0x0 /usr/local/arm-elf-gcc-4.2.1/lib/gcc/arm-elf/4.2.1/../../../../arm-elf/lib/thumb/interwork/libg.a(lib_a-reent.o)
 .glue_7        0x0000e834        0x0 /usr/local/arm-elf-gcc-4.2.1/lib/gcc/arm-elf/4.2.1/thumb/interwork/libgcc.a(_umodsi3.o)
 .glue_7        0x0000e834        0x0 /usr/local/arm-elf-gcc-4.2.1/lib/gcc/arm-elf/4.2.1/thumb/interwork/libgcc.a(_modsi3.o)
 .glue_7        0x0000e834        0x0 /usr/local/arm-elf-gcc-4.2.1/lib/gcc/arm-elf/4.2.1/thumb/interwork/libgcc.a(_addsub_df.o)
 .glue_7        0x0000e834        0x0 /usr/local/arm-elf-gcc-4.2.1/lib/gcc/arm-elf/4.2.1/thumb/interwork/libgcc.a(_mul_df.o)
 .glue_7        0x0000e834        0x0 /usr/local/arm-elf-gcc-4.2.1/lib/gcc/arm-elf/4.2.1/thumb/interwork/libgcc.a(_div_df.o)
 .glue_7        0x0000e834        0x0 /usr/local/arm-elf-gcc-4.2.1/lib/gcc/arm-elf/4.2.1/thumb/interwork/libgcc.a(_eq_df.o)
 .glue_7        0x0000e834        0x0 /usr/local/arm-elf-gcc-4.2.1/lib/gcc/arm-elf/4.2.1/thumb/interwork/libgcc.a(_ne_df.o)
 .glue_7        0x0000e834        0x0 /usr/local/arm-elf-gcc-4.2.1/lib/gcc/arm-elf/4.2.1/thumb/interwork/libgcc.a(_gt_df.o)
 .glue_7        0x0000e834        0x0 /usr/local/arm-elf-gcc-4.2.1/lib/gcc/arm-elf/4.2.1/thumb/interwork/libgcc.a(_ge_df.o)
 .glue_7        0x0000e834        0x0 /usr/local/arm-elf-gcc-4.2.1/lib/gcc/arm-elf/4.2.1/thumb/interwork/libgcc.a(_lt_df.o)
 .glue_7        0x0000e834        0x0 /usr/local/arm-elf-gcc-4.2.1/lib/gcc/arm-elf/4.2.1/thumb/interwork/libgcc.a(_si_to_df.o)
 .glue_7        0x0000e834        0x0 /usr/local/arm-elf-gcc-4.2.1/lib/gcc/arm-elf/4.2.1/thumb/interwork/libgcc.a(_df_to_si.o)
 .glue_7        0x0000e834        0x0 /usr/local/arm-elf-gcc-4.2.1/lib/gcc/arm-elf/4.2.1/thumb/interwork/libgcc.a(_thenan_df.o)
 .glue_7        0x0000e834        0x0 /usr/local/arm-elf-gcc-4.2.1/lib/gcc/arm-elf/4.2.1/thumb/interwork/libgcc.a(_usi_to_df.o)
 .glue_7        0x0000e834        0x0 /usr/local/arm-elf-gcc-4.2.1/lib/gcc/arm-elf/4.2.1/thumb/interwork/libgcc.a(_muldi3.o)
 .glue_7        0x0000e834        0x0 /usr/local/arm-elf-gcc-4.2.1/lib/gcc/arm-elf/4.2.1/thumb/interwork/libgcc.a(_clzsi2.o)
 .glue_7        0x0000e834        0x0 /usr/local/arm-elf-gcc-4.2.1/lib/gcc/arm-elf/4.2.1/thumb/interwork/libgcc.a(_pack_df.o)
 .glue_7        0x0000e834        0x0 /usr/local/arm-elf-gcc-4.2.1/lib/gcc/arm-elf/4.2.1/thumb/interwork/libgcc.a(_unpack_df.o)
 .glue_7        0x0000e834        0x0 /usr/local/arm-elf-gcc-4.2.1/lib/gcc/arm-elf/4.2.1/thumb/interwork/libgcc.a(_fpcmp_parts_df.o)
 .glue_7        0x0000e834       0x30 /usr/local/arm-elf-gcc-4.2.1/lib/gcc/arm-elf/4.2.1/thumb/interwork/libgcc.a(_clz.o)
                0x0000e858                __main_from_arm
                0x0000e84c                __xQueueGenericSendFromISR_from_arm
                0x0000e834                __vTaskIncrementTick_from_arm
                0x0000e840                __vTaskSwitchContext_from_arm
 *(.glue_7t)
 .glue_7t       0x0000e864        0x0 ../../../Source/portable/GCC/ARM7_LPC23xx/portISR.o
 .glue_7t       0x0000e864        0x0 ./webserver/EMAC_ISR.o
 .glue_7t       0x0000e864        0x0 main.o
 .glue_7t       0x0000e864        0x0 ./ParTest/ParTest.o
 .glue_7t       0x0000e864        0x0 ./LCD/portlcd.o
 .glue_7t       0x0000e864        0x0 ../../Common/Minimal/BlockQ.o
 .glue_7t       0x0000e864        0x0 ../../Common/Minimal/blocktim.o
 .glue_7t       0x0000e864        0x0 ../../Common/Minimal/flash.o
 .glue_7t       0x0000e864        0x0 ../../Common/Minimal/integer.o
 .glue_7t       0x0000e864        0x0 ../../Common/Minimal/GenQTest.o
 .glue_7t       0x0000e864        0x0 ../../Common/Minimal/QPeek.o
 .glue_7t       0x0000e864        0x0 ../../Common/Minimal/dynamic.o
 .glue_7t       0x0000e864        0x0 ./webserver/uIP_Task.o
 .glue_7t       0x0000e864        0x0 ./webserver/emac.o
 .glue_7t       0x0000e864        0x0 ./webserver/httpd.o
 .glue_7t       0x0000e864        0x0 ./webserver/httpd-cgi.o
 .glue_7t       0x0000e864        0x0 ./webserver/httpd-fs.o
 .glue_7t       0x0000e864        0x0 ./webserver/http-strings.o
 .glue_7t       0x0000e864        0x0 ../../Common/ethernet/uIP/uip-1.0/uip/uip_arp.o
 .glue_7t       0x0000e864        0x0 ../../Common/ethernet/uIP/uip-1.0/uip/psock.o
 .glue_7t       0x0000e864        0x0 ../../Common/ethernet/uIP/uip-1.0/uip/timer.o
 .glue_7t       0x0000e864        0x0 ../../Common/ethernet/uIP/uip-1.0/uip/uip.o
 .glue_7t       0x0000e864        0x0 ../../../Source/list.o
 .glue_7t       0x0000e864        0x0 ../../../Source/queue.o
 .glue_7t       0x0000e864        0x0 ../../../Source/tasks.o
 .glue_7t       0x0000e864        0x0 ../../../Source/portable/GCC/ARM7_LPC23xx/port.o
 .glue_7t       0x0000e864        0x0 ../../../Source/portable/MemMang/heap_2.o
 .glue_7t       0x0000e864        0x0 /tmp/ccDVEdIQ.o
 .glue_7t       0x0000e864        0x0 /usr/local/arm-elf-gcc-4.2.1/lib/gcc/arm-elf/4.2.1/thumb/interwork/libgcc.a(_udivsi3.o)
 .glue_7t       0x0000e864        0x0 /usr/local/arm-elf-gcc-4.2.1/lib/gcc/arm-elf/4.2.1/thumb/interwork/libgcc.a(_divsi3.o)
 .glue_7t       0x0000e864        0x0 /usr/local/arm-elf-gcc-4.2.1/lib/gcc/arm-elf/4.2.1/thumb/interwork/libgcc.a(_dvmd_tls.o)
 .glue_7t       0x0000e864        0x0 /usr/local/arm-elf-gcc-4.2.1/lib/gcc/arm-elf/4.2.1/../../../../arm-elf/lib/thumb/interwork/libg.a(lib_a-memcpy.o)
 .glue_7t       0x0000e864        0x0 /usr/local/arm-elf-gcc-4.2.1/lib/gcc/arm-elf/4.2.1/../../../../arm-elf/lib/thumb/interwork/libg.a(lib_a-memset.o)
 .glue_7t       0x0000e864        0x0 /usr/local/arm-elf-gcc-4.2.1/lib/gcc/arm-elf/4.2.1/../../../../arm-elf/lib/thumb/interwork/libg.a(lib_a-puts.o)
 .glue_7t       0x0000e864        0x0 /usr/local/arm-elf-gcc-4.2.1/lib/gcc/arm-elf/4.2.1/../../../../arm-elf/lib/thumb/interwork/libg.a(lib_a-snprintf.o)
 .glue_7t       0x0000e864        0x0 /usr/local/arm-elf-gcc-4.2.1/lib/gcc/arm-elf/4.2.1/../../../../arm-elf/lib/thumb/interwork/libg.a(lib_a-sprintf.o)
 .glue_7t       0x0000e864        0x0 /usr/local/arm-elf-gcc-4.2.1/lib/gcc/arm-elf/4.2.1/../../../../arm-elf/lib/thumb/interwork/libg.a(lib_a-strcat.o)
 .glue_7t       0x0000e864        0x0 /usr/local/arm-elf-gcc-4.2.1/lib/gcc/arm-elf/4.2.1/../../../../arm-elf/lib/thumb/interwork/libg.a(lib_a-strchr.o)
 .glue_7t       0x0000e864        0x0 /usr/local/arm-elf-gcc-4.2.1/lib/gcc/arm-elf/4.2.1/../../../../arm-elf/lib/thumb/interwork/libg.a(lib_a-strcpy.o)
 .glue_7t       0x0000e864        0x0 /usr/local/arm-elf-gcc-4.2.1/lib/gcc/arm-elf/4.2.1/../../../../arm-elf/lib/thumb/interwork/libg.a(lib_a-strlen.o)
 .glue_7t       0x0000e864        0x0 /usr/local/arm-elf-gcc-4.2.1/lib/gcc/arm-elf/4.2.1/../../../../arm-elf/lib/thumb/interwork/libg.a(lib_a-strncmp.o)
 .glue_7t       0x0000e864        0x0 /usr/local/arm-elf-gcc-4.2.1/lib/gcc/arm-elf/4.2.1/../../../../arm-elf/lib/thumb/interwork/libg.a(lib_a-strncpy.o)
 .glue_7t       0x0000e864        0x0 /usr/local/arm-elf-gcc-4.2.1/lib/gcc/arm-elf/4.2.1/../../../../arm-elf/lib/thumb/interwork/libg.a(lib_a-strrchr.o)
 .glue_7t       0x0000e864        0x0 /usr/local/arm-elf-gcc-4.2.1/lib/gcc/arm-elf/4.2.1/../../../../arm-elf/lib/thumb/interwork/libg.a(lib_a-strstr.o)
 .glue_7t       0x0000e864        0x0 /usr/local/arm-elf-gcc-4.2.1/lib/gcc/arm-elf/4.2.1/../../../../arm-elf/lib/thumb/interwork/libg.a(lib_a-vfprintf.o)
 .glue_7t       0x0000e864        0x0 /usr/local/arm-elf-gcc-4.2.1/lib/gcc/arm-elf/4.2.1/../../../../arm-elf/lib/thumb/interwork/libg.a(lib_a-wcrtomb.o)
 .glue_7t       0x0000e864        0x0 /usr/local/arm-elf-gcc-4.2.1/lib/gcc/arm-elf/4.2.1/../../../../arm-elf/lib/thumb/interwork/libg.a(lib_a-wcsrtombs.o)
 .glue_7t       0x0000e864        0x0 /usr/local/arm-elf-gcc-4.2.1/lib/gcc/arm-elf/4.2.1/../../../../arm-elf/lib/thumb/interwork/libg.a(lib_a-wctomb_r.o)
 .glue_7t       0x0000e864        0x0 /usr/local/arm-elf-gcc-4.2.1/lib/gcc/arm-elf/4.2.1/../../../../arm-elf/lib/thumb/interwork/libg.a(lib_a-wsetup.o)
 .glue_7t       0x0000e864        0x0 /usr/local/arm-elf-gcc-4.2.1/lib/gcc/arm-elf/4.2.1/../../../../arm-elf/lib/thumb/interwork/libg.a(lib_a-dtoa.o)
 .glue_7t       0x0000e864        0x0 /usr/local/arm-elf-gcc-4.2.1/lib/gcc/arm-elf/4.2.1/../../../../arm-elf/lib/thumb/interwork/libg.a(lib_a-fflush.o)
 .glue_7t       0x0000e864        0x0 /usr/local/arm-elf-gcc-4.2.1/lib/gcc/arm-elf/4.2.1/../../../../arm-elf/lib/thumb/interwork/libg.a(lib_a-findfp.o)
 .glue_7t       0x0000e864        0x0 /usr/local/arm-elf-gcc-4.2.1/lib/gcc/arm-elf/4.2.1/../../../../arm-elf/lib/thumb/interwork/libg.a(lib_a-freer.o)
 .glue_7t       0x0000e864        0x0 /usr/local/arm-elf-gcc-4.2.1/lib/gcc/arm-elf/4.2.1/../../../../arm-elf/lib/thumb/interwork/libg.a(lib_a-fvwrite.o)
 .glue_7t       0x0000e864        0x0 /usr/local/arm-elf-gcc-4.2.1/lib/gcc/arm-elf/4.2.1/../../../../arm-elf/lib/thumb/interwork/libg.a(lib_a-fwalk.o)
 .glue_7t       0x0000e864        0x0 /usr/local/arm-elf-gcc-4.2.1/lib/gcc/arm-elf/4.2.1/../../../../arm-elf/lib/thumb/interwork/libg.a(lib_a-impure.o)
 .glue_7t       0x0000e864        0x0 /usr/local/arm-elf-gcc-4.2.1/lib/gcc/arm-elf/4.2.1/../../../../arm-elf/lib/thumb/interwork/libg.a(lib_a-locale.o)
 .glue_7t       0x0000e864        0x0 /usr/local/arm-elf-gcc-4.2.1/lib/gcc/arm-elf/4.2.1/../../../../arm-elf/lib/thumb/interwork/libg.a(lib_a-makebuf.o)
 .glue_7t       0x0000e864        0x0 /usr/local/arm-elf-gcc-4.2.1/lib/gcc/arm-elf/4.2.1/../../../../arm-elf/lib/thumb/interwork/libg.a(lib_a-mallocr.o)
 .glue_7t       0x0000e864        0x0 /usr/local/arm-elf-gcc-4.2.1/lib/gcc/arm-elf/4.2.1/../../../../arm-elf/lib/thumb/interwork/libg.a(lib_a-memchr.o)
 .glue_7t       0x0000e864        0x0 /usr/local/arm-elf-gcc-4.2.1/lib/gcc/arm-elf/4.2.1/../../../../arm-elf/lib/thumb/interwork/libg.a(lib_a-memmove.o)
 .glue_7t       0x0000e864        0x0 /usr/local/arm-elf-gcc-4.2.1/lib/gcc/arm-elf/4.2.1/../../../../arm-elf/lib/thumb/interwork/libg.a(lib_a-mlock.o)
 .glue_7t       0x0000e864        0x0 /usr/local/arm-elf-gcc-4.2.1/lib/gcc/arm-elf/4.2.1/../../../../arm-elf/lib/thumb/interwork/libg.a(lib_a-mprec.o)
 .glue_7t       0x0000e864        0x0 /usr/local/arm-elf-gcc-4.2.1/lib/gcc/arm-elf/4.2.1/../../../../arm-elf/lib/thumb/interwork/libg.a(lib_a-reallocr.o)
 .glue_7t       0x0000e864        0x0 /usr/local/arm-elf-gcc-4.2.1/lib/gcc/arm-elf/4.2.1/../../../../arm-elf/lib/thumb/interwork/libg.a(lib_a-s_isinfd.o)
 .glue_7t       0x0000e864        0x0 /usr/local/arm-elf-gcc-4.2.1/lib/gcc/arm-elf/4.2.1/../../../../arm-elf/lib/thumb/interwork/libg.a(lib_a-s_isnand.o)
 .glue_7t       0x0000e864        0x0 /usr/local/arm-elf-gcc-4.2.1/lib/gcc/arm-elf/4.2.1/../../../../arm-elf/lib/thumb/interwork/libg.a(lib_a-sbrkr.o)
 .glue_7t       0x0000e864        0x0 /usr/local/arm-elf-gcc-4.2.1/lib/gcc/arm-elf/4.2.1/../../../../arm-elf/lib/thumb/interwork/libg.a(lib_a-stdio.o)
 .glue_7t       0x0000e864        0x0 /usr/local/arm-elf-gcc-4.2.1/lib/gcc/arm-elf/4.2.1/../../../../arm-elf/lib/thumb/interwork/libg.a(lib_a-strcmp.o)
 .glue_7t       0x0000e864        0x0 /usr/local/arm-elf-gcc-4.2.1/lib/gcc/arm-elf/4.2.1/../../../../arm-elf/lib/thumb/interwork/libg.a(lib_a-syscalls.o)
 .glue_7t       0x0000e864        0x0 /usr/local/arm-elf-gcc-4.2.1/lib/gcc/arm-elf/4.2.1/../../../../arm-elf/lib/thumb/interwork/libg.a(lib_a-writer.o)
 .glue_7t       0x0000e864        0x0 /usr/local/arm-elf-gcc-4.2.1/lib/gcc/arm-elf/4.2.1/../../../../arm-elf/lib/thumb/interwork/libg.a(lib_a-callocr.o)
 .glue_7t       0x0000e864        0x0 /usr/local/arm-elf-gcc-4.2.1/lib/gcc/arm-elf/4.2.1/../../../../arm-elf/lib/thumb/interwork/libg.a(lib_a-closer.o)
 .glue_7t       0x0000e864        0x0 /usr/local/arm-elf-gcc-4.2.1/lib/gcc/arm-elf/4.2.1/../../../../arm-elf/lib/thumb/interwork/libg.a(lib_a-errno.o)
 .glue_7t       0x0000e864        0x0 /usr/local/arm-elf-gcc-4.2.1/lib/gcc/arm-elf/4.2.1/../../../../arm-elf/lib/thumb/interwork/libg.a(lib_a-fclose.o)
 .glue_7t       0x0000e864        0x0 /usr/local/arm-elf-gcc-4.2.1/lib/gcc/arm-elf/4.2.1/../../../../arm-elf/lib/thumb/interwork/libg.a(lib_a-fstatr.o)
 .glue_7t       0x0000e864        0x0 /usr/local/arm-elf-gcc-4.2.1/lib/gcc/arm-elf/4.2.1/../../../../arm-elf/lib/thumb/interwork/libg.a(lib_a-lseekr.o)
 .glue_7t       0x0000e864        0x0 /usr/local/arm-elf-gcc-4.2.1/lib/gcc/arm-elf/4.2.1/../../../../arm-elf/lib/thumb/interwork/libg.a(lib_a-readr.o)
 .glue_7t       0x0000e864        0x0 /usr/local/arm-elf-gcc-4.2.1/lib/gcc/arm-elf/4.2.1/../../../../arm-elf/lib/thumb/interwork/libg.a(lib_a-reent.o)
 .glue_7t       0x0000e864        0x0 /usr/local/arm-elf-gcc-4.2.1/lib/gcc/arm-elf/4.2.1/thumb/interwork/libgcc.a(_umodsi3.o)
 .glue_7t       0x0000e864        0x0 /usr/local/arm-elf-gcc-4.2.1/lib/gcc/arm-elf/4.2.1/thumb/interwork/libgcc.a(_modsi3.o)
 .glue_7t       0x0000e864        0x0 /usr/local/arm-elf-gcc-4.2.1/lib/gcc/arm-elf/4.2.1/thumb/interwork/libgcc.a(_addsub_df.o)
 .glue_7t       0x0000e864        0x0 /usr/local/arm-elf-gcc-4.2.1/lib/gcc/arm-elf/4.2.1/thumb/interwork/libgcc.a(_mul_df.o)
 .glue_7t       0x0000e864        0x0 /usr/local/arm-elf-gcc-4.2.1/lib/gcc/arm-elf/4.2.1/thumb/interwork/libgcc.a(_div_df.o)
 .glue_7t       0x0000e864        0x0 /usr/local/arm-elf-gcc-4.2.1/lib/gcc/arm-elf/4.2.1/thumb/interwork/libgcc.a(_eq_df.o)
 .glue_7t       0x0000e864        0x0 /usr/local/arm-elf-gcc-4.2.1/lib/gcc/arm-elf/4.2.1/thumb/interwork/libgcc.a(_ne_df.o)
 .glue_7t       0x0000e864        0x0 /usr/local/arm-elf-gcc-4.2.1/lib/gcc/arm-elf/4.2.1/thumb/interwork/libgcc.a(_gt_df.o)
 .glue_7t       0x0000e864        0x0 /usr/local/arm-elf-gcc-4.2.1/lib/gcc/arm-elf/4.2.1/thumb/interwork/libgcc.a(_ge_df.o)
 .glue_7t       0x0000e864        0x0 /usr/local/arm-elf-gcc-4.2.1/lib/gcc/arm-elf/4.2.1/thumb/interwork/libgcc.a(_lt_df.o)
 .glue_7t       0x0000e864        0x0 /usr/local/arm-elf-gcc-4.2.1/lib/gcc/arm-elf/4.2.1/thumb/interwork/libgcc.a(_si_to_df.o)
 .glue_7t       0x0000e864        0x0 /usr/local/arm-elf-gcc-4.2.1/lib/gcc/arm-elf/4.2.1/thumb/interwork/libgcc.a(_df_to_si.o)
 .glue_7t       0x0000e864        0x0 /usr/local/arm-elf-gcc-4.2.1/lib/gcc/arm-elf/4.2.1/thumb/interwork/libgcc.a(_thenan_df.o)
 .glue_7t       0x0000e864        0x0 /usr/local/arm-elf-gcc-4.2.1/lib/gcc/arm-elf/4.2.1/thumb/interwork/libgcc.a(_usi_to_df.o)
 .glue_7t       0x0000e864        0x0 /usr/local/arm-elf-gcc-4.2.1/lib/gcc/arm-elf/4.2.1/thumb/interwork/libgcc.a(_muldi3.o)
 .glue_7t       0x0000e864        0x0 /usr/local/arm-elf-gcc-4.2.1/lib/gcc/arm-elf/4.2.1/thumb/interwork/libgcc.a(_clzsi2.o)
 .glue_7t       0x0000e864        0x0 /usr/local/arm-elf-gcc-4.2.1/lib/gcc/arm-elf/4.2.1/thumb/interwork/libgcc.a(_pack_df.o)
 .glue_7t       0x0000e864        0x0 /usr/local/arm-elf-gcc-4.2.1/lib/gcc/arm-elf/4.2.1/thumb/interwork/libgcc.a(_unpack_df.o)
 .glue_7t       0x0000e864        0x0 /usr/local/arm-elf-gcc-4.2.1/lib/gcc/arm-elf/4.2.1/thumb/interwork/libgcc.a(_fpcmp_parts_df.o)
 .glue_7t       0x0000e864       0x20 /usr/local/arm-elf-gcc-4.2.1/lib/gcc/arm-elf/4.2.1/thumb/interwork/libgcc.a(_clz.o)
                0x0000e868                __vPortEnterCritical_change_to_arm
                0x0000e870                __vPortExitCritical_change_to_arm
                0x0000e87c                __vPortISRStartFirstTask_from_thumb
                0x0000e874                __vPortDisableInterruptsFromThumb_from_thumb
                0x0000e86c                __vPortExitCritical_from_thumb
                0x0000e864                __vPortEnterCritical_from_thumb
                0x0000e880                __vPortISRStartFirstTask_change_to_arm
                0x0000e878                __vPortDisableInterruptsFromThumb_change_to_arm
                0x0000e884                __end_of_text__ = .

.data           0x40000000      0x84c load address 0x0000e884
                0x40000000                __data_beg__ = .
                0x0000e884                __data_beg_src__ = __end_of_text__
 *(.data)
 .data          0x40000000        0x4 ../../../Source/portable/GCC/ARM7_LPC23xx/portISR.o
                0x40000000                ulCriticalNesting
 .data          0x40000004        0x0 ./webserver/EMAC_ISR.o
 .data          0x40000004        0x8 main.o
 .data          0x4000000c        0x0 ./ParTest/ParTest.o
 .data          0x4000000c        0x0 ./LCD/portlcd.o
 .data          0x4000000c        0x0 ../../Common/Minimal/BlockQ.o
 .data          0x4000000c        0x0 ../../Common/Minimal/blocktim.o
 .data          0x4000000c        0x0 ../../Common/Minimal/flash.o
 .data          0x4000000c        0x0 ../../Common/Minimal/integer.o
 .data          0x4000000c        0x0 ../../Common/Minimal/GenQTest.o
 .data          0x4000000c        0x0 ../../Common/Minimal/QPeek.o
 .data          0x4000000c        0x0 ../../Common/Minimal/dynamic.o
 .data          0x4000000c        0x0 ./webserver/uIP_Task.o
 .data          0x4000000c        0x0 ./webserver/emac.o
 .data          0x4000000c        0x0 ./webserver/httpd.o
 .data          0x4000000c       0x18 ./webserver/httpd-cgi.o
 .data          0x40000024        0x0 ./webserver/httpd-fs.o
 .data          0x40000024        0x0 ./webserver/http-strings.o
 .data          0x40000024        0x0 ../../Common/ethernet/uIP/uip-1.0/uip/uip_arp.o
 .data          0x40000024        0x0 ../../Common/ethernet/uIP/uip-1.0/uip/psock.o
 .data          0x40000024        0x0 ../../Common/ethernet/uIP/uip-1.0/uip/timer.o
 .data          0x40000024        0x0 ../../Common/ethernet/uIP/uip-1.0/uip/uip.o
 .data          0x40000024        0x0 ../../../Source/list.o
 .data          0x40000024        0x0 ../../../Source/queue.o
 .data          0x40000024        0x4 ../../../Source/tasks.o
 .data          0x40000028        0x0 ../../../Source/portable/GCC/ARM7_LPC23xx/port.o
 .data          0x40000028        0x0 ../../../Source/portable/MemMang/heap_2.o
 .data          0x40000028        0x0 /tmp/ccDVEdIQ.o
 .data          0x40000028        0x0 /usr/local/arm-elf-gcc-4.2.1/lib/gcc/arm-elf/4.2.1/thumb/interwork/libgcc.a(_udivsi3.o)
 .data          0x40000028        0x0 /usr/local/arm-elf-gcc-4.2.1/lib/gcc/arm-elf/4.2.1/thumb/interwork/libgcc.a(_divsi3.o)
 .data          0x40000028        0x0 /usr/local/arm-elf-gcc-4.2.1/lib/gcc/arm-elf/4.2.1/thumb/interwork/libgcc.a(_dvmd_tls.o)
 .data          0x40000028        0x0 /usr/local/arm-elf-gcc-4.2.1/lib/gcc/arm-elf/4.2.1/../../../../arm-elf/lib/thumb/interwork/libg.a(lib_a-memcpy.o)
 .data          0x40000028        0x0 /usr/local/arm-elf-gcc-4.2.1/lib/gcc/arm-elf/4.2.1/../../../../arm-elf/lib/thumb/interwork/libg.a(lib_a-memset.o)
 .data          0x40000028        0x0 /usr/local/arm-elf-gcc-4.2.1/lib/gcc/arm-elf/4.2.1/../../../../arm-elf/lib/thumb/interwork/libg.a(lib_a-puts.o)
 .data          0x40000028        0x0 /usr/local/arm-elf-gcc-4.2.1/lib/gcc/arm-elf/4.2.1/../../../../arm-elf/lib/thumb/interwork/libg.a(lib_a-snprintf.o)
 .data          0x40000028        0x0 /usr/local/arm-elf-gcc-4.2.1/lib/gcc/arm-elf/4.2.1/../../../../arm-elf/lib/thumb/interwork/libg.a(lib_a-sprintf.o)
 .data          0x40000028        0x0 /usr/local/arm-elf-gcc-4.2.1/lib/gcc/arm-elf/4.2.1/../../../../arm-elf/lib/thumb/interwork/libg.a(lib_a-strcat.o)
 .data          0x40000028        0x0 /usr/local/arm-elf-gcc-4.2.1/lib/gcc/arm-elf/4.2.1/../../../../arm-elf/lib/thumb/interwork/libg.a(lib_a-strchr.o)
 .data          0x40000028        0x0 /usr/local/arm-elf-gcc-4.2.1/lib/gcc/arm-elf/4.2.1/../../../../arm-elf/lib/thumb/interwork/libg.a(lib_a-strcpy.o)
 .data          0x40000028        0x0 /usr/local/arm-elf-gcc-4.2.1/lib/gcc/arm-elf/4.2.1/../../../../arm-elf/lib/thumb/interwork/libg.a(lib_a-strlen.o)
 .data          0x40000028        0x0 /usr/local/arm-elf-gcc-4.2.1/lib/gcc/arm-elf/4.2.1/../../../../arm-elf/lib/thumb/interwork/libg.a(lib_a-strncmp.o)
 .data          0x40000028        0x0 /usr/local/arm-elf-gcc-4.2.1/lib/gcc/arm-elf/4.2.1/../../../../arm-elf/lib/thumb/interwork/libg.a(lib_a-strncpy.o)
 .data          0x40000028        0x0 /usr/local/arm-elf-gcc-4.2.1/lib/gcc/arm-elf/4.2.1/../../../../arm-elf/lib/thumb/interwork/libg.a(lib_a-strrchr.o)
 .data          0x40000028        0x0 /usr/local/arm-elf-gcc-4.2.1/lib/gcc/arm-elf/4.2.1/../../../../arm-elf/lib/thumb/interwork/libg.a(lib_a-strstr.o)
 .data          0x40000028        0x0 /usr/local/arm-elf-gcc-4.2.1/lib/gcc/arm-elf/4.2.1/../../../../arm-elf/lib/thumb/interwork/libg.a(lib_a-vfprintf.o)
 .data          0x40000028        0x0 /usr/local/arm-elf-gcc-4.2.1/lib/gcc/arm-elf/4.2.1/../../../../arm-elf/lib/thumb/interwork/libg.a(lib_a-wcrtomb.o)
 .data          0x40000028        0x0 /usr/local/arm-elf-gcc-4.2.1/lib/gcc/arm-elf/4.2.1/../../../../arm-elf/lib/thumb/interwork/libg.a(lib_a-wcsrtombs.o)
 .data          0x40000028        0x0 /usr/local/arm-elf-gcc-4.2.1/lib/gcc/arm-elf/4.2.1/../../../../arm-elf/lib/thumb/interwork/libg.a(lib_a-wctomb_r.o)
 .data          0x40000028        0x0 /usr/local/arm-elf-gcc-4.2.1/lib/gcc/arm-elf/4.2.1/../../../../arm-elf/lib/thumb/interwork/libg.a(lib_a-wsetup.o)
 .data          0x40000028        0x0 /usr/local/arm-elf-gcc-4.2.1/lib/gcc/arm-elf/4.2.1/../../../../arm-elf/lib/thumb/interwork/libg.a(lib_a-dtoa.o)
 .data          0x40000028        0x0 /usr/local/arm-elf-gcc-4.2.1/lib/gcc/arm-elf/4.2.1/../../../../arm-elf/lib/thumb/interwork/libg.a(lib_a-fflush.o)
 .data          0x40000028        0x0 /usr/local/arm-elf-gcc-4.2.1/lib/gcc/arm-elf/4.2.1/../../../../arm-elf/lib/thumb/interwork/libg.a(lib_a-findfp.o)
 .data          0x40000028        0x0 /usr/local/arm-elf-gcc-4.2.1/lib/gcc/arm-elf/4.2.1/../../../../arm-elf/lib/thumb/interwork/libg.a(lib_a-freer.o)
 .data          0x40000028        0x0 /usr/local/arm-elf-gcc-4.2.1/lib/gcc/arm-elf/4.2.1/../../../../arm-elf/lib/thumb/interwork/libg.a(lib_a-fvwrite.o)
 .data          0x40000028        0x0 /usr/local/arm-elf-gcc-4.2.1/lib/gcc/arm-elf/4.2.1/../../../../arm-elf/lib/thumb/interwork/libg.a(lib_a-fwalk.o)
 .data          0x40000028      0x404 /usr/local/arm-elf-gcc-4.2.1/lib/gcc/arm-elf/4.2.1/../../../../arm-elf/lib/thumb/interwork/libg.a(lib_a-impure.o)
                0x40000028                _impure_ptr
 .data          0x4000042c       0x10 /usr/local/arm-elf-gcc-4.2.1/lib/gcc/arm-elf/4.2.1/../../../../arm-elf/lib/thumb/interwork/libg.a(lib_a-locale.o)
                0x4000042c                __mb_cur_max
                0x40000430                __lc_ctype
 .data          0x4000043c        0x0 /usr/local/arm-elf-gcc-4.2.1/lib/gcc/arm-elf/4.2.1/../../../../arm-elf/lib/thumb/interwork/libg.a(lib_a-makebuf.o)
 .data          0x4000043c      0x410 /usr/local/arm-elf-gcc-4.2.1/lib/gcc/arm-elf/4.2.1/../../../../arm-elf/lib/thumb/interwork/libg.a(lib_a-mallocr.o)
                0x40000848                __malloc_sbrk_base
                0x4000043c                __malloc_av_
                0x40000844                __malloc_trim_threshold
 .data          0x4000084c        0x0 /usr/local/arm-elf-gcc-4.2.1/lib/gcc/arm-elf/4.2.1/../../../../arm-elf/lib/thumb/interwork/libg.a(lib_a-memchr.o)
 .data          0x4000084c        0x0 /usr/local/arm-elf-gcc-4.2.1/lib/gcc/arm-elf/4.2.1/../../../../arm-elf/lib/thumb/interwork/libg.a(lib_a-memmove.o)
 .data          0x4000084c        0x0 /usr/local/arm-elf-gcc-4.2.1/lib/gcc/arm-elf/4.2.1/../../../../arm-elf/lib/thumb/interwork/libg.a(lib_a-mlock.o)
 .data          0x4000084c        0x0 /usr/local/arm-elf-gcc-4.2.1/lib/gcc/arm-elf/4.2.1/../../../../arm-elf/lib/thumb/interwork/libg.a(lib_a-mprec.o)
 .data          0x4000084c        0x0 /usr/local/arm-elf-gcc-4.2.1/lib/gcc/arm-elf/4.2.1/../../../../arm-elf/lib/thumb/interwork/libg.a(lib_a-reallocr.o)
 .data          0x4000084c        0x0 /usr/local/arm-elf-gcc-4.2.1/lib/gcc/arm-elf/4.2.1/../../../../arm-elf/lib/thumb/interwork/libg.a(lib_a-s_isinfd.o)
 .data          0x4000084c        0x0 /usr/local/arm-elf-gcc-4.2.1/lib/gcc/arm-elf/4.2.1/../../../../arm-elf/lib/thumb/interwork/libg.a(lib_a-s_isnand.o)
 .data          0x4000084c        0x0 /usr/local/arm-elf-gcc-4.2.1/lib/gcc/arm-elf/4.2.1/../../../../arm-elf/lib/thumb/interwork/libg.a(lib_a-sbrkr.o)
 .data          0x4000084c        0x0 /usr/local/arm-elf-gcc-4.2.1/lib/gcc/arm-elf/4.2.1/../../../../arm-elf/lib/thumb/interwork/libg.a(lib_a-stdio.o)
 .data          0x4000084c        0x0 /usr/local/arm-elf-gcc-4.2.1/lib/gcc/arm-elf/4.2.1/../../../../arm-elf/lib/thumb/interwork/libg.a(lib_a-strcmp.o)
 .data          0x4000084c        0x0 /usr/local/arm-elf-gcc-4.2.1/lib/gcc/arm-elf/4.2.1/../../../../arm-elf/lib/thumb/interwork/libg.a(lib_a-syscalls.o)
 .data          0x4000084c        0x0 /usr/local/arm-elf-gcc-4.2.1/lib/gcc/arm-elf/4.2.1/../../../../arm-elf/lib/thumb/interwork/libg.a(lib_a-writer.o)
 .data          0x4000084c        0x0 /usr/local/arm-elf-gcc-4.2.1/lib/gcc/arm-elf/4.2.1/../../../../arm-elf/lib/thumb/interwork/libg.a(lib_a-callocr.o)
 .data          0x4000084c        0x0 /usr/local/arm-elf-gcc-4.2.1/lib/gcc/arm-elf/4.2.1/../../../../arm-elf/lib/thumb/interwork/libg.a(lib_a-closer.o)
 .data          0x4000084c        0x0 /usr/local/arm-elf-gcc-4.2.1/lib/gcc/arm-elf/4.2.1/../../../../arm-elf/lib/thumb/interwork/libg.a(lib_a-errno.o)
 .data          0x4000084c        0x0 /usr/local/arm-elf-gcc-4.2.1/lib/gcc/arm-elf/4.2.1/../../../../arm-elf/lib/thumb/interwork/libg.a(lib_a-fclose.o)
 .data          0x4000084c        0x0 /usr/local/arm-elf-gcc-4.2.1/lib/gcc/arm-elf/4.2.1/../../../../arm-elf/lib/thumb/interwork/libg.a(lib_a-fstatr.o)
 .data          0x4000084c        0x0 /usr/local/arm-elf-gcc-4.2.1/lib/gcc/arm-elf/4.2.1/../../../../arm-elf/lib/thumb/interwork/libg.a(lib_a-lseekr.o)
 .data          0x4000084c        0x0 /usr/local/arm-elf-gcc-4.2.1/lib/gcc/arm-elf/4.2.1/../../../../arm-elf/lib/thumb/interwork/libg.a(lib_a-readr.o)
 .data          0x4000084c        0x0 /usr/local/arm-elf-gcc-4.2.1/lib/gcc/arm-elf/4.2.1/../../../../arm-elf/lib/thumb/interwork/libg.a(lib_a-reent.o)
 .data          0x4000084c        0x0 /usr/local/arm-elf-gcc-4.2.1/lib/gcc/arm-elf/4.2.1/thumb/interwork/libgcc.a(_umodsi3.o)
 .data          0x4000084c        0x0 /usr/local/arm-elf-gcc-4.2.1/lib/gcc/arm-elf/4.2.1/thumb/interwork/libgcc.a(_modsi3.o)
 .data          0x4000084c        0x0 /usr/local/arm-elf-gcc-4.2.1/lib/gcc/arm-elf/4.2.1/thumb/interwork/libgcc.a(_addsub_df.o)
 .data          0x4000084c        0x0 /usr/local/arm-elf-gcc-4.2.1/lib/gcc/arm-elf/4.2.1/thumb/interwork/libgcc.a(_mul_df.o)
 .data          0x4000084c        0x0 /usr/local/arm-elf-gcc-4.2.1/lib/gcc/arm-elf/4.2.1/thumb/interwork/libgcc.a(_div_df.o)
 .data          0x4000084c        0x0 /usr/local/arm-elf-gcc-4.2.1/lib/gcc/arm-elf/4.2.1/thumb/interwork/libgcc.a(_eq_df.o)
 .data          0x4000084c        0x0 /usr/local/arm-elf-gcc-4.2.1/lib/gcc/arm-elf/4.2.1/thumb/interwork/libgcc.a(_ne_df.o)
 .data          0x4000084c        0x0 /usr/local/arm-elf-gcc-4.2.1/lib/gcc/arm-elf/4.2.1/thumb/interwork/libgcc.a(_gt_df.o)
 .data          0x4000084c        0x0 /usr/local/arm-elf-gcc-4.2.1/lib/gcc/arm-elf/4.2.1/thumb/interwork/libgcc.a(_ge_df.o)
 .data          0x4000084c        0x0 /usr/local/arm-elf-gcc-4.2.1/lib/gcc/arm-elf/4.2.1/thumb/interwork/libgcc.a(_lt_df.o)
 .data          0x4000084c        0x0 /usr/local/arm-elf-gcc-4.2.1/lib/gcc/arm-elf/4.2.1/thumb/interwork/libgcc.a(_si_to_df.o)
 .data          0x4000084c        0x0 /usr/local/arm-elf-gcc-4.2.1/lib/gcc/arm-elf/4.2.1/thumb/interwork/libgcc.a(_df_to_si.o)
 .data          0x4000084c        0x0 /usr/local/arm-elf-gcc-4.2.1/lib/gcc/arm-elf/4.2.1/thumb/interwork/libgcc.a(_thenan_df.o)
 .data          0x4000084c        0x0 /usr/local/arm-elf-gcc-4.2.1/lib/gcc/arm-elf/4.2.1/thumb/interwork/libgcc.a(_usi_to_df.o)
 .data          0x4000084c        0x0 /usr/local/arm-elf-gcc-4.2.1/lib/gcc/arm-elf/4.2.1/thumb/interwork/libgcc.a(_muldi3.o)
 .data          0x4000084c        0x0 /usr/local/arm-elf-gcc-4.2.1/lib/gcc/arm-elf/4.2.1/thumb/interwork/libgcc.a(_clzsi2.o)
 .data          0x4000084c        0x0 /usr/local/arm-elf-gcc-4.2.1/lib/gcc/arm-elf/4.2.1/thumb/interwork/libgcc.a(_pack_df.o)
 .data          0x4000084c        0x0 /usr/local/arm-elf-gcc-4.2.1/lib/gcc/arm-elf/4.2.1/thumb/interwork/libgcc.a(_unpack_df.o)
 .data          0x4000084c        0x0 /usr/local/arm-elf-gcc-4.2.1/lib/gcc/arm-elf/4.2.1/thumb/interwork/libgcc.a(_fpcmp_parts_df.o)
 .data          0x4000084c        0x0 /usr/local/arm-elf-gcc-4.2.1/lib/gcc/arm-elf/4.2.1/thumb/interwork/libgcc.a(_clz.o)
                0x4000084c                __data_end__ = .

.bss            0x4000084c     0x7408
                0x4000084c                __bss_beg__ = .
 *(.bss)
 .bss           0x4000084c        0x0 ../../../Source/portable/GCC/ARM7_LPC23xx/portISR.o
 .bss           0x4000084c        0x0 ./webserver/EMAC_ISR.o
 .bss           0x4000084c        0x8 main.o
 .bss           0x40000854        0x0 ./ParTest/ParTest.o
 .bss           0x40000854        0x4 ./LCD/portlcd.o
 .bss           0x40000858       0x18 ../../Common/Minimal/BlockQ.o
 .bss           0x40000870       0x20 ../../Common/Minimal/blocktim.o
 .bss           0x40000890        0x4 ../../Common/Minimal/flash.o
 .bss           0x40000894        0x4 ../../Common/Minimal/integer.o
 .bss           0x40000898       0x20 ../../Common/Minimal/GenQTest.o
 .bss           0x400008b8        0xc ../../Common/Minimal/QPeek.o
 .bss           0x400008c4       0x28 ../../Common/Minimal/dynamic.o
 .bss           0x400008ec       0x20 ./webserver/uIP_Task.o
 .bss           0x4000090c        0xc ./webserver/emac.o
                0x4000090c                xEMACSemaphore
 .bss           0x40000918        0x0 ./webserver/httpd.o
 .bss           0x40000918       0x24 ./webserver/httpd-cgi.o
                0x40000918                lRefreshCount
 .bss           0x4000093c        0xc ./webserver/httpd-fs.o
 .bss           0x40000948        0x0 ./webserver/http-strings.o
 .bss           0x40000948       0x68 ../../Common/ethernet/uIP/uip-1.0/uip/uip_arp.o
 .bss           0x400009b0        0x0 ../../Common/ethernet/uIP/uip-1.0/uip/psock.o
 .bss           0x400009b0        0x0 ../../Common/ethernet/uIP/uip-1.0/uip/timer.o
 .bss           0x400009b0       0x12 ../../Common/ethernet/uIP/uip-1.0/uip/uip.o
                0x400009b0                uip_ethaddr
 .bss           0x400009c2        0x0 ../../../Source/list.o
 .bss           0x400009c2        0x0 ../../../Source/queue.o
 *fill*         0x400009c2        0x2 00
 .bss           0x400009c4      0x130 ../../../Source/tasks.o
                0x400009c4                pxCurrentTCB
 .bss           0x40000af4        0x0 ../../../Source/portable/GCC/ARM7_LPC23xx/port.o
 .bss           0x40000af4     0x4818 ../../../Source/portable/MemMang/heap_2.o
 .bss           0x4000530c        0x0 /tmp/ccDVEdIQ.o
 .bss           0x4000530c        0x0 /usr/local/arm-elf-gcc-4.2.1/lib/gcc/arm-elf/4.2.1/thumb/interwork/libgcc.a(_udivsi3.o)
 .bss           0x4000530c        0x0 /usr/local/arm-elf-gcc-4.2.1/lib/gcc/arm-elf/4.2.1/thumb/interwork/libgcc.a(_divsi3.o)
 .bss           0x4000530c        0x0 /usr/local/arm-elf-gcc-4.2.1/lib/gcc/arm-elf/4.2.1/thumb/interwork/libgcc.a(_dvmd_tls.o)
 .bss           0x4000530c        0x0 /usr/local/arm-elf-gcc-4.2.1/lib/gcc/arm-elf/4.2.1/../../../../arm-elf/lib/thumb/interwork/libg.a(lib_a-memcpy.o)
 .bss           0x4000530c        0x0 /usr/local/arm-elf-gcc-4.2.1/lib/gcc/arm-elf/4.2.1/../../../../arm-elf/lib/thumb/interwork/libg.a(lib_a-memset.o)
 .bss           0x4000530c        0x0 /usr/local/arm-elf-gcc-4.2.1/lib/gcc/arm-elf/4.2.1/../../../../arm-elf/lib/thumb/interwork/libg.a(lib_a-puts.o)
 .bss           0x4000530c        0x0 /usr/local/arm-elf-gcc-4.2.1/lib/gcc/arm-elf/4.2.1/../../../../arm-elf/lib/thumb/interwork/libg.a(lib_a-snprintf.o)
 .bss           0x4000530c        0x0 /usr/local/arm-elf-gcc-4.2.1/lib/gcc/arm-elf/4.2.1/../../../../arm-elf/lib/thumb/interwork/libg.a(lib_a-sprintf.o)
 .bss           0x4000530c        0x0 /usr/local/arm-elf-gcc-4.2.1/lib/gcc/arm-elf/4.2.1/../../../../arm-elf/lib/thumb/interwork/libg.a(lib_a-strcat.o)
 .bss           0x4000530c        0x0 /usr/local/arm-elf-gcc-4.2.1/lib/gcc/arm-elf/4.2.1/../../../../arm-elf/lib/thumb/interwork/libg.a(lib_a-strchr.o)
 .bss           0x4000530c        0x0 /usr/local/arm-elf-gcc-4.2.1/lib/gcc/arm-elf/4.2.1/../../../../arm-elf/lib/thumb/interwork/libg.a(lib_a-strcpy.o)
 .bss           0x4000530c        0x0 /usr/local/arm-elf-gcc-4.2.1/lib/gcc/arm-elf/4.2.1/../../../../arm-elf/lib/thumb/interwork/libg.a(lib_a-strlen.o)
 .bss           0x4000530c        0x0 /usr/local/arm-elf-gcc-4.2.1/lib/gcc/arm-elf/4.2.1/../../../../arm-elf/lib/thumb/interwork/libg.a(lib_a-strncmp.o)
 .bss           0x4000530c        0x0 /usr/local/arm-elf-gcc-4.2.1/lib/gcc/arm-elf/4.2.1/../../../../arm-elf/lib/thumb/interwork/libg.a(lib_a-strncpy.o)
 .bss           0x4000530c        0x0 /usr/local/arm-elf-gcc-4.2.1/lib/gcc/arm-elf/4.2.1/../../../../arm-elf/lib/thumb/interwork/libg.a(lib_a-strrchr.o)
 .bss           0x4000530c        0x0 /usr/local/arm-elf-gcc-4.2.1/lib/gcc/arm-elf/4.2.1/../../../../arm-elf/lib/thumb/interwork/libg.a(lib_a-strstr.o)
 .bss           0x4000530c        0x0 /usr/local/arm-elf-gcc-4.2.1/lib/gcc/arm-elf/4.2.1/../../../../arm-elf/lib/thumb/interwork/libg.a(lib_a-vfprintf.o)
 .bss           0x4000530c        0x0 /usr/local/arm-elf-gcc-4.2.1/lib/gcc/arm-elf/4.2.1/../../../../arm-elf/lib/thumb/interwork/libg.a(lib_a-wcrtomb.o)
 .bss           0x4000530c        0x0 /usr/local/arm-elf-gcc-4.2.1/lib/gcc/arm-elf/4.2.1/../../../../arm-elf/lib/thumb/interwork/libg.a(lib_a-wcsrtombs.o)
 .bss           0x4000530c        0x0 /usr/local/arm-elf-gcc-4.2.1/lib/gcc/arm-elf/4.2.1/../../../../arm-elf/lib/thumb/interwork/libg.a(lib_a-wctomb_r.o)
 .bss           0x4000530c        0x0 /usr/local/arm-elf-gcc-4.2.1/lib/gcc/arm-elf/4.2.1/../../../../arm-elf/lib/thumb/interwork/libg.a(lib_a-wsetup.o)
 .bss           0x4000530c        0x0 /usr/local/arm-elf-gcc-4.2.1/lib/gcc/arm-elf/4.2.1/../../../../arm-elf/lib/thumb/interwork/libg.a(lib_a-dtoa.o)
 .bss           0x4000530c        0x0 /usr/local/arm-elf-gcc-4.2.1/lib/gcc/arm-elf/4.2.1/../../../../arm-elf/lib/thumb/interwork/libg.a(lib_a-fflush.o)
 .bss           0x4000530c        0x0 /usr/local/arm-elf-gcc-4.2.1/lib/gcc/arm-elf/4.2.1/../../../../arm-elf/lib/thumb/interwork/libg.a(lib_a-findfp.o)
 .bss           0x4000530c        0x0 /usr/local/arm-elf-gcc-4.2.1/lib/gcc/arm-elf/4.2.1/../../../../arm-elf/lib/thumb/interwork/libg.a(lib_a-freer.o)
 .bss           0x4000530c        0x0 /usr/local/arm-elf-gcc-4.2.1/lib/gcc/arm-elf/4.2.1/../../../../arm-elf/lib/thumb/interwork/libg.a(lib_a-fvwrite.o)
 .bss           0x4000530c        0x0 /usr/local/arm-elf-gcc-4.2.1/lib/gcc/arm-elf/4.2.1/../../../../arm-elf/lib/thumb/interwork/libg.a(lib_a-fwalk.o)
 .bss           0x4000530c        0x0 /usr/local/arm-elf-gcc-4.2.1/lib/gcc/arm-elf/4.2.1/../../../../arm-elf/lib/thumb/interwork/libg.a(lib_a-impure.o)
 .bss           0x4000530c        0xc /usr/local/arm-elf-gcc-4.2.1/lib/gcc/arm-elf/4.2.1/../../../../arm-elf/lib/thumb/interwork/libg.a(lib_a-locale.o)
                0x4000530c                __nlocale_changed
                0x40005310                __mlocale_changed
                0x40005314                _PathLocale
 .bss           0x40005318        0x0 /usr/local/arm-elf-gcc-4.2.1/lib/gcc/arm-elf/4.2.1/../../../../arm-elf/lib/thumb/interwork/libg.a(lib_a-makebuf.o)
 .bss           0x40005318       0x34 /usr/local/arm-elf-gcc-4.2.1/lib/gcc/arm-elf/4.2.1/../../../../arm-elf/lib/thumb/interwork/libg.a(lib_a-mallocr.o)
                0x40005318                __malloc_top_pad
                0x4000531c                __malloc_max_sbrked_mem
                0x40005324                __malloc_current_mallinfo
                0x40005320                __malloc_max_total_mem
 .bss           0x4000534c        0x0 /usr/local/arm-elf-gcc-4.2.1/lib/gcc/arm-elf/4.2.1/../../../../arm-elf/lib/thumb/interwork/libg.a(lib_a-memchr.o)
 .bss           0x4000534c        0x0 /usr/local/arm-elf-gcc-4.2.1/lib/gcc/arm-elf/4.2.1/../../../../arm-elf/lib/thumb/interwork/libg.a(lib_a-memmove.o)
 .bss           0x4000534c        0x0 /usr/local/arm-elf-gcc-4.2.1/lib/gcc/arm-elf/4.2.1/../../../../arm-elf/lib/thumb/interwork/libg.a(lib_a-mlock.o)
 .bss           0x4000534c        0x0 /usr/local/arm-elf-gcc-4.2.1/lib/gcc/arm-elf/4.2.1/../../../../arm-elf/lib/thumb/interwork/libg.a(lib_a-mprec.o)
 .bss           0x4000534c        0x0 /usr/local/arm-elf-gcc-4.2.1/lib/gcc/arm-elf/4.2.1/../../../../arm-elf/lib/thumb/interwork/libg.a(lib_a-reallocr.o)
 .bss           0x4000534c        0x0 /usr/local/arm-elf-gcc-4.2.1/lib/gcc/arm-elf/4.2.1/../../../../arm-elf/lib/thumb/interwork/libg.a(lib_a-s_isinfd.o)
 .bss           0x4000534c        0x0 /usr/local/arm-elf-gcc-4.2.1/lib/gcc/arm-elf/4.2.1/../../../../arm-elf/lib/thumb/interwork/libg.a(lib_a-s_isnand.o)
 .bss           0x4000534c        0x0 /usr/local/arm-elf-gcc-4.2.1/lib/gcc/arm-elf/4.2.1/../../../../arm-elf/lib/thumb/interwork/libg.a(lib_a-sbrkr.o)
 .bss           0x4000534c        0x0 /usr/local/arm-elf-gcc-4.2.1/lib/gcc/arm-elf/4.2.1/../../../../arm-elf/lib/thumb/interwork/libg.a(lib_a-stdio.o)
 .bss           0x4000534c        0x0 /usr/local/arm-elf-gcc-4.2.1/lib/gcc/arm-elf/4.2.1/../../../../arm-elf/lib/thumb/interwork/libg.a(lib_a-strcmp.o)
 .bss           0x4000534c       0xb0 /usr/local/arm-elf-gcc-4.2.1/lib/gcc/arm-elf/4.2.1/../../../../arm-elf/lib/thumb/interwork/libg.a(lib_a-syscalls.o)
 .bss           0x400053fc        0x0 /usr/local/arm-elf-gcc-4.2.1/lib/gcc/arm-elf/4.2.1/../../../../arm-elf/lib/thumb/interwork/libg.a(lib_a-writer.o)
 .bss           0x400053fc        0x0 /usr/local/arm-elf-gcc-4.2.1/lib/gcc/arm-elf/4.2.1/../../../../arm-elf/lib/thumb/interwork/libg.a(lib_a-callocr.o)
 .bss           0x400053fc        0x0 /usr/local/arm-elf-gcc-4.2.1/lib/gcc/arm-elf/4.2.1/../../../../arm-elf/lib/thumb/interwork/libg.a(lib_a-closer.o)
 .bss           0x400053fc        0x0 /usr/local/arm-elf-gcc-4.2.1/lib/gcc/arm-elf/4.2.1/../../../../arm-elf/lib/thumb/interwork/libg.a(lib_a-errno.o)
 .bss           0x400053fc        0x0 /usr/local/arm-elf-gcc-4.2.1/lib/gcc/arm-elf/4.2.1/../../../../arm-elf/lib/thumb/interwork/libg.a(lib_a-fclose.o)
 .bss           0x400053fc        0x0 /usr/local/arm-elf-gcc-4.2.1/lib/gcc/arm-elf/4.2.1/../../../../arm-elf/lib/thumb/interwork/libg.a(lib_a-fstatr.o)
 .bss           0x400053fc        0x0 /usr/local/arm-elf-gcc-4.2.1/lib/gcc/arm-elf/4.2.1/../../../../arm-elf/lib/thumb/interwork/libg.a(lib_a-lseekr.o)
 .bss           0x400053fc        0x0 /usr/local/arm-elf-gcc-4.2.1/lib/gcc/arm-elf/4.2.1/../../../../arm-elf/lib/thumb/interwork/libg.a(lib_a-readr.o)
 .bss           0x400053fc        0x0 /usr/local/arm-elf-gcc-4.2.1/lib/gcc/arm-elf/4.2.1/../../../../arm-elf/lib/thumb/interwork/libg.a(lib_a-reent.o)
 .bss           0x400053fc        0x0 /usr/local/arm-elf-gcc-4.2.1/lib/gcc/arm-elf/4.2.1/thumb/interwork/libgcc.a(_umodsi3.o)
 .bss           0x400053fc        0x0 /usr/local/arm-elf-gcc-4.2.1/lib/gcc/arm-elf/4.2.1/thumb/interwork/libgcc.a(_modsi3.o)
 .bss           0x400053fc        0x0 /usr/local/arm-elf-gcc-4.2.1/lib/gcc/arm-elf/4.2.1/thumb/interwork/libgcc.a(_addsub_df.o)
 .bss           0x400053fc        0x0 /usr/local/arm-elf-gcc-4.2.1/lib/gcc/arm-elf/4.2.1/thumb/interwork/libgcc.a(_mul_df.o)
 .bss           0x400053fc        0x0 /usr/local/arm-elf-gcc-4.2.1/lib/gcc/arm-elf/4.2.1/thumb/interwork/libgcc.a(_div_df.o)
 .bss           0x400053fc        0x0 /usr/local/arm-elf-gcc-4.2.1/lib/gcc/arm-elf/4.2.1/thumb/interwork/libgcc.a(_eq_df.o)
 .bss           0x400053fc        0x0 /usr/local/arm-elf-gcc-4.2.1/lib/gcc/arm-elf/4.2.1/thumb/interwork/libgcc.a(_ne_df.o)
 .bss           0x400053fc        0x0 /usr/local/arm-elf-gcc-4.2.1/lib/gcc/arm-elf/4.2.1/thumb/interwork/libgcc.a(_gt_df.o)
 .bss           0x400053fc        0x0 /usr/local/arm-elf-gcc-4.2.1/lib/gcc/arm-elf/4.2.1/thumb/interwork/libgcc.a(_ge_df.o)
 .bss           0x400053fc        0x0 /usr/local/arm-elf-gcc-4.2.1/lib/gcc/arm-elf/4.2.1/thumb/interwork/libgcc.a(_lt_df.o)
 .bss           0x400053fc        0x0 /usr/local/arm-elf-gcc-4.2.1/lib/gcc/arm-elf/4.2.1/thumb/interwork/libgcc.a(_si_to_df.o)
 .bss           0x400053fc        0x0 /usr/local/arm-elf-gcc-4.2.1/lib/gcc/arm-elf/4.2.1/thumb/interwork/libgcc.a(_df_to_si.o)
 .bss           0x400053fc        0x0 /usr/local/arm-elf-gcc-4.2.1/lib/gcc/arm-elf/4.2.1/thumb/interwork/libgcc.a(_thenan_df.o)
 .bss           0x400053fc        0x0 /usr/local/arm-elf-gcc-4.2.1/lib/gcc/arm-elf/4.2.1/thumb/interwork/libgcc.a(_usi_to_df.o)
 .bss           0x400053fc        0x0 /usr/local/arm-elf-gcc-4.2.1/lib/gcc/arm-elf/4.2.1/thumb/interwork/libgcc.a(_muldi3.o)
 .bss           0x400053fc        0x0 /usr/local/arm-elf-gcc-4.2.1/lib/gcc/arm-elf/4.2.1/thumb/interwork/libgcc.a(_clzsi2.o)
 .bss           0x400053fc        0x0 /usr/local/arm-elf-gcc-4.2.1/lib/gcc/arm-elf/4.2.1/thumb/interwork/libgcc.a(_pack_df.o)
 .bss           0x400053fc        0x0 /usr/local/arm-elf-gcc-4.2.1/lib/gcc/arm-elf/4.2.1/thumb/interwork/libgcc.a(_unpack_df.o)
 .bss           0x400053fc        0x0 /usr/local/arm-elf-gcc-4.2.1/lib/gcc/arm-elf/4.2.1/thumb/interwork/libgcc.a(_fpcmp_parts_df.o)
 .bss           0x400053fc        0x0 /usr/local/arm-elf-gcc-4.2.1/lib/gcc/arm-elf/4.2.1/thumb/interwork/libgcc.a(_clz.o)
 COMMON         0x400053fc        0x4 main.o
                0x400053fc                xLCDQueue
 COMMON         0x40005400        0xc ../../Common/Minimal/QPeek.o
                0x40005400                xHighPriorityTask
                0x40005404                xMediumPriorityTask
                0x40005408                xHighestPriorityTask
 COMMON         0x4000540c        0x4 ../../Common/Minimal/dynamic.o
                0x4000540c                xSuspendedTestQueue
 COMMON         0x40005410       0x10 ./webserver/httpd-cgi.o
                0x40005410                ulString
                0x40005414                pcStatus
 COMMON         0x40005420     0x2830 ../../Common/ethernet/uIP/uip-1.0/uip/uip.o
                0x40005420                uip_len
                0x40005424                uip_sappdata
                0x40005428                uip_acc32
                0x4000542c                uip_flags
                0x40005430                uip_appdata
                0x40005434                uip_conn
                0x40005438                uip_conns
                0x400075f8                uip_listenports
                0x40007648                uip_draddr
                0x4000764c                uip_stat
                0x4000767c                uip_netmask
                0x40007680                uip_hostaddr
                0x40007684                uip_buf
                0x40007c4e                uip_slen
 COMMON         0x40007c50        0x4 /usr/local/arm-elf-gcc-4.2.1/lib/gcc/arm-elf/4.2.1/../../../../arm-elf/lib/thumb/interwork/libg.a(lib_a-reent.o)
                0x40007c50                errno
                0x40007c54                . = ALIGN (0x4)
                0x40007c54                _bss_end__ = .
                0x40007c54                __bss_end__ = .
                0x40007c54                __end__ = .

.usbram         0x7fd00000        0x0
                0x7fd00000                __usbram_beg__ = .
 *(.dmaram)
                0x7fd00000                __usbram_end__ = .

.ethram         0x7fe00000        0x0
                0x7fe00000                __ethram_beg__ = .
 *(.ethram)
                0x7fe00000                __ethram_end__ = .
                0x7fe00000                . = ALIGN (0x4)
                0x7fe00000                _end = .
                0x7fe00000                PROVIDE (end, .)
OUTPUT(RTOSDemo.elf elf32-littlearm)

.debug_abbrev   0x00000000     0x81ba
 .debug_abbrev  0x00000000       0x7f ../../../Source/portable/GCC/ARM7_LPC23xx/portISR.o
 .debug_abbrev  0x0000007f       0xa8 ./webserver/EMAC_ISR.o
 .debug_abbrev  0x00000127      0x10b main.o
 .debug_abbrev  0x00000232       0xbf ./ParTest/ParTest.o
 .debug_abbrev  0x000002f1      0x15b ./LCD/portlcd.o
 .debug_abbrev  0x0000044c      0x12b ../../Common/Minimal/BlockQ.o
 .debug_abbrev  0x00000577      0x100 ../../Common/Minimal/blocktim.o
 .debug_abbrev  0x00000677       0xa7 ../../Common/Minimal/flash.o
 .debug_abbrev  0x0000071e       0xcc ../../Common/Minimal/integer.o
 .debug_abbrev  0x000007ea      0x10d ../../Common/Minimal/GenQTest.o
 .debug_abbrev  0x000008f7      0x12d ../../Common/Minimal/QPeek.o
 .debug_abbrev  0x00000a24      0x11a ../../Common/Minimal/dynamic.o
 .debug_abbrev  0x00000b3e      0x1f5 ./webserver/uIP_Task.o
 .debug_abbrev  0x00000d33      0x200 ./webserver/emac.o
 .debug_abbrev  0x00000f33      0x24e ./webserver/httpd.o
 .debug_abbrev  0x00001181      0x222 ./webserver/httpd-cgi.o
 .debug_abbrev  0x000013a3      0x15e ./webserver/httpd-fs.o
 .debug_abbrev  0x00001501       0x52 ./webserver/http-strings.o
 .debug_abbrev  0x00001553      0x1c2 ../../Common/ethernet/uIP/uip-1.0/uip/uip_arp.o
 .debug_abbrev  0x00001715      0x270 ../../Common/ethernet/uIP/uip-1.0/uip/psock.o
 .debug_abbrev  0x00001985       0xf0 ../../Common/ethernet/uIP/uip-1.0/uip/timer.o
 .debug_abbrev  0x00001a75      0x277 ../../Common/ethernet/uIP/uip-1.0/uip/uip.o
 .debug_abbrev  0x00001cec       0xfd ../../../Source/list.o
 .debug_abbrev  0x00001de9      0x1aa ../../../Source/queue.o
 .debug_abbrev  0x00001f93      0x237 ../../../Source/tasks.o
 .debug_abbrev  0x000021ca       0xf1 ../../../Source/portable/GCC/ARM7_LPC23xx/port.o
 .debug_abbrev  0x000022bb      0x13f ../../../Source/portable/MemMang/heap_2.o
 .debug_abbrev  0x000023fa       0x10 /tmp/ccDVEdIQ.o
 .debug_abbrev  0x0000240a       0x14 /usr/local/arm-elf-gcc-4.2.1/lib/gcc/arm-elf/4.2.1/thumb/interwork/libgcc.a(_udivsi3.o)
 .debug_abbrev  0x0000241e       0x14 /usr/local/arm-elf-gcc-4.2.1/lib/gcc/arm-elf/4.2.1/thumb/interwork/libgcc.a(_divsi3.o)
 .debug_abbrev  0x00002432       0x14 /usr/local/arm-elf-gcc-4.2.1/lib/gcc/arm-elf/4.2.1/thumb/interwork/libgcc.a(_dvmd_tls.o)
 .debug_abbrev  0x00002446       0xa8 /usr/local/arm-elf-gcc-4.2.1/lib/gcc/arm-elf/4.2.1/../../../../arm-elf/lib/thumb/interwork/libg.a(lib_a-memcpy.o)
 .debug_abbrev  0x000024ee       0xa3 /usr/local/arm-elf-gcc-4.2.1/lib/gcc/arm-elf/4.2.1/../../../../arm-elf/lib/thumb/interwork/libg.a(lib_a-memset.o)
 .debug_abbrev  0x00002591      0x19c /usr/local/arm-elf-gcc-4.2.1/lib/gcc/arm-elf/4.2.1/../../../../arm-elf/lib/thumb/interwork/libg.a(lib_a-puts.o)
 .debug_abbrev  0x0000272d      0x1b4 /usr/local/arm-elf-gcc-4.2.1/lib/gcc/arm-elf/4.2.1/../../../../arm-elf/lib/thumb/interwork/libg.a(lib_a-snprintf.o)
 .debug_abbrev  0x000028e1      0x196 /usr/local/arm-elf-gcc-4.2.1/lib/gcc/arm-elf/4.2.1/../../../../arm-elf/lib/thumb/interwork/libg.a(lib_a-sprintf.o)
 .debug_abbrev  0x00002a77       0x90 /usr/local/arm-elf-gcc-4.2.1/lib/gcc/arm-elf/4.2.1/../../../../arm-elf/lib/thumb/interwork/libg.a(lib_a-strcat.o)
 .debug_abbrev  0x00002b07       0x89 /usr/local/arm-elf-gcc-4.2.1/lib/gcc/arm-elf/4.2.1/../../../../arm-elf/lib/thumb/interwork/libg.a(lib_a-strchr.o)
 .debug_abbrev  0x00002b90       0x89 /usr/local/arm-elf-gcc-4.2.1/lib/gcc/arm-elf/4.2.1/../../../../arm-elf/lib/thumb/interwork/libg.a(lib_a-strcpy.o)
 .debug_abbrev  0x00002c19       0x94 /usr/local/arm-elf-gcc-4.2.1/lib/gcc/arm-elf/4.2.1/../../../../arm-elf/lib/thumb/interwork/libg.a(lib_a-strlen.o)
 .debug_abbrev  0x00002cad       0x87 /usr/local/arm-elf-gcc-4.2.1/lib/gcc/arm-elf/4.2.1/../../../../arm-elf/lib/thumb/interwork/libg.a(lib_a-strncmp.o)