Archive member included because of file (symbol)

/opt/cross/lib/gcc/arm-elf/4.2.1/thumb/interwork/libgcc.a(_udivsi3.o)
                              ../Common/drivers/LPC/serial/serial.o (__udivsi3)
/opt/cross/lib/gcc/arm-elf/4.2.1/thumb/interwork/libgcc.a(_divsi3.o)
                              ../Common/Minimal/integer.o (__divsi3)
/opt/cross/lib/gcc/arm-elf/4.2.1/thumb/interwork/libgcc.a(_dvmd_tls.o)
                              /opt/cross/lib/gcc/arm-elf/4.2.1/thumb/interwork/libgcc.a(_udivsi3.o) (__div0)
/opt/cross/lib/gcc/arm-elf/4.2.1/../../../../arm-elf/lib/thumb/interwork/libg.a(lib_a-memcpy.o)
                              ../Source/queue.o (memcpy)
/opt/cross/lib/gcc/arm-elf/4.2.1/../../../../arm-elf/lib/thumb/interwork/libg.a(lib_a-memset.o)
                              ../Source/tasks.o (memset)
/opt/cross/lib/gcc/arm-elf/4.2.1/../../../../arm-elf/lib/thumb/interwork/libg.a(lib_a-sprintf.o)
                              ../Source/tasks.o (sprintf)
/opt/cross/lib/gcc/arm-elf/4.2.1/../../../../arm-elf/lib/thumb/interwork/libg.a(lib_a-strcat.o)
                              ../Source/tasks.o (strcat)
/opt/cross/lib/gcc/arm-elf/4.2.1/../../../../arm-elf/lib/thumb/interwork/libg.a(lib_a-strcpy.o)
                              /opt/cross/lib/gcc/arm-elf/4.2.1/../../../../arm-elf/lib/thumb/interwork/libg.a(lib_a-strcat.o) (strcpy)
/opt/cross/lib/gcc/arm-elf/4.2.1/../../../../arm-elf/lib/thumb/interwork/libg.a(lib_a-strlen.o)
                              ../Source/tasks.o (strlen)
/opt/cross/lib/gcc/arm-elf/4.2.1/../../../../arm-elf/lib/thumb/interwork/libg.a(lib_a-strncpy.o)
                              ../Source/tasks.o (strncpy)
/opt/cross/lib/gcc/arm-elf/4.2.1/../../../../arm-elf/lib/thumb/interwork/libg.a(lib_a-svfprintf.o)
                              /opt/cross/lib/gcc/arm-elf/4.2.1/../../../../arm-elf/lib/thumb/interwork/libg.a(lib_a-sprintf.o) (_svfprintf_r)
/opt/cross/lib/gcc/arm-elf/4.2.1/../../../../arm-elf/lib/thumb/interwork/libg.a(lib_a-dtoa.o)
                              /opt/cross/lib/gcc/arm-elf/4.2.1/../../../../arm-elf/lib/thumb/interwork/libg.a(lib_a-svfprintf.o) (_dtoa_r)
/opt/cross/lib/gcc/arm-elf/4.2.1/../../../../arm-elf/lib/thumb/interwork/libg.a(lib_a-freer.o)
                              /opt/cross/lib/gcc/arm-elf/4.2.1/../../../../arm-elf/lib/thumb/interwork/libg.a(lib_a-svfprintf.o) (_free_r)
/opt/cross/lib/gcc/arm-elf/4.2.1/../../../../arm-elf/lib/thumb/interwork/libg.a(lib_a-impure.o)
                              /opt/cross/lib/gcc/arm-elf/4.2.1/../../../../arm-elf/lib/thumb/interwork/libg.a(lib_a-sprintf.o) (_impure_ptr)
/opt/cross/lib/gcc/arm-elf/4.2.1/../../../../arm-elf/lib/thumb/interwork/libg.a(lib_a-locale.o)
                              /opt/cross/lib/gcc/arm-elf/4.2.1/../../../../arm-elf/lib/thumb/interwork/libg.a(lib_a-svfprintf.o) (_localeconv_r)
/opt/cross/lib/gcc/arm-elf/4.2.1/../../../../arm-elf/lib/thumb/interwork/libg.a(lib_a-mallocr.o)
                              /opt/cross/lib/gcc/arm-elf/4.2.1/../../../../arm-elf/lib/thumb/interwork/libg.a(lib_a-svfprintf.o) (_malloc_r)
/opt/cross/lib/gcc/arm-elf/4.2.1/../../../../arm-elf/lib/thumb/interwork/libg.a(lib_a-memchr.o)
                              /opt/cross/lib/gcc/arm-elf/4.2.1/../../../../arm-elf/lib/thumb/interwork/libg.a(lib_a-svfprintf.o) (memchr)
/opt/cross/lib/gcc/arm-elf/4.2.1/../../../../arm-elf/lib/thumb/interwork/libg.a(lib_a-memmove.o)
                              /opt/cross/lib/gcc/arm-elf/4.2.1/../../../../arm-elf/lib/thumb/interwork/libg.a(lib_a-svfprintf.o) (memmove)
/opt/cross/lib/gcc/arm-elf/4.2.1/../../../../arm-elf/lib/thumb/interwork/libg.a(lib_a-mlock.o)
                              /opt/cross/lib/gcc/arm-elf/4.2.1/../../../../arm-elf/lib/thumb/interwork/libg.a(lib_a-freer.o) (__malloc_lock)
/opt/cross/lib/gcc/arm-elf/4.2.1/../../../../arm-elf/lib/thumb/interwork/libg.a(lib_a-mprec.o)
                              /opt/cross/lib/gcc/arm-elf/4.2.1/../../../../arm-elf/lib/thumb/interwork/libg.a(lib_a-dtoa.o) (_Bfree)
/opt/cross/lib/gcc/arm-elf/4.2.1/../../../../arm-elf/lib/thumb/interwork/libg.a(lib_a-reallocr.o)
                              /opt/cross/lib/gcc/arm-elf/4.2.1/../../../../arm-elf/lib/thumb/interwork/libg.a(lib_a-svfprintf.o) (_realloc_r)
/opt/cross/lib/gcc/arm-elf/4.2.1/../../../../arm-elf/lib/thumb/interwork/libg.a(lib_a-sbrkr.o)
                              /opt/cross/lib/gcc/arm-elf/4.2.1/../../../../arm-elf/lib/thumb/interwork/libg.a(lib_a-freer.o) (_sbrk_r)
/opt/cross/lib/gcc/arm-elf/4.2.1/../../../../arm-elf/lib/thumb/interwork/libg.a(lib_a-s_isinfd.o)
                              /opt/cross/lib/gcc/arm-elf/4.2.1/../../../../arm-elf/lib/thumb/interwork/libg.a(lib_a-svfprintf.o) (__isinfd)
/opt/cross/lib/gcc/arm-elf/4.2.1/../../../../arm-elf/lib/thumb/interwork/libg.a(lib_a-s_isnand.o)
                              /opt/cross/lib/gcc/arm-elf/4.2.1/../../../../arm-elf/lib/thumb/interwork/libg.a(lib_a-svfprintf.o) (__isnand)
[...]
Memory Configuration

Name             Origin             Length             Attributes
flash            0x00000000         0x0007d000
ram              0x40000000         0x00008000
usbram           0x7fd00000         0x00002000
ethram           0x7fe00000         0x00004000
*default*        0x00000000         0xffffffff

Linker script and memory map

LOAD ../Common/drivers/LPC/peripherals/pwm.o
LOAD ../Common/drivers/LPC/serial/serial.o
LOAD ../Common/drivers/LPC/serial/serialISR.o
LOAD ../Common/drivers/LPC/printf/uart0PutChar2.o
LOAD ../Common/drivers/LPC/printf/printf2.o
LOAD ../Common/drivers/LPC/printf/printfHelpers.o
LOAD ../Common/drivers/LPC/i2c/i2c.o
LOAD ../Source/portable/GCC/ARM7_LPC23xx/portISR.o
LOAD main.o
LOAD ../Common/Minimal/BlockQ.o
LOAD ../Common/Minimal/blocktim.o
LOAD ../Common/Minimal/integer.o
LOAD ../Common/Minimal/GenQTest.o
LOAD ../Common/Minimal/QPeek.o
LOAD ../Common/Minimal/dynamic.o
LOAD ../Source/list.o
LOAD ../Source/queue.o
LOAD ../Source/tasks.o
LOAD ../Source/portable/GCC/ARM7_LPC23xx/port.o
LOAD ../Source/portable/MemMang/heap_2.o
LOAD /tmp/ccyCmckx.o
START GROUP
LOAD /opt/cross/lib/gcc/arm-elf/4.2.1/thumb/interwork/libgcc.a
LOAD /opt/cross/lib/gcc/arm-elf/4.2.1/../../../../arm-elf/lib/thumb/interwork/libg.a
LOAD /opt/cross/lib/gcc/arm-elf/4.2.1/../../../../arm-elf/lib/thumb/interwork/libc.a
END GROUP
                0x40007ffc                __stack_end__ = 0x40007ffc
                0x00000000                . = 0x0

startup         0x00000000       0x44
 *(.startup)
 .startup       0x00000000       0x44 /tmp/ccyCmckx.o

prog            0x00000048     0xaaf4
 *(.text)
 .text.stub     0x00000048       0x60 linker stubs
 .text          0x000000a8      0x404 ../Common/drivers/LPC/peripherals/pwm.o
                0x00000194                setupPWMChannel
                0x000000a8                setPWMDutyCycle
                0x00000304                setPWMMatchReg
                0x000003d4                PWMinit
 .text          0x000004ac      0x474 ../Common/drivers/LPC/serial/serial.o
                0x000006e8                vSerialPutString
                0x0000050c                xSerialPutChar
                0x000004ac                xSerialGetChar
                0x000006a8                vSerialPutBinary
                0x00000730                xSerialPortInitMinimal
 .text          0x00000920      0x3e0 ../Common/drivers/LPC/serial/serialISR.o
                0x00000aa0                vUART_ISR
                0x00000c20                vSerialISRCreateQueues
                0x00000920                vUART_ISR1
 .text          0x00000d00       0x2c ../Common/drivers/LPC/printf/uart0PutChar2.o
                0x00000d00                putchar2
 .text          0x00000d2c      0x228 ../Common/drivers/LPC/printf/printf2.o
                0x00000da4                print
                0x00000f28                printf2
                0x00000d2c                printSignedInt
                0x00000d68                printUnsignedInt
 .text          0x00000f54      0x280 ../Common/drivers/LPC/printf/printfHelpers.o
                0x00001094                toString2U
                0x00001178                toBinaryString
                0x00000f7c                max
                0x00000f8c                toString2
                0x00001168                toString
                0x00000f54                hexch
 .text          0x000011d4      0x89c ../Common/drivers/LPC/i2c/i2c.o
                0x000012dc                i2c0_isr
                0x00001820                I2Cinit
                0x000011dc                I2C0MasterTX
                0x000011d4                i2c1_isr
                0x000011d8                i2c2_isr
                0x0000125c                I2C1MasterRX
 .text          0x00001a70      0x258 ../Source/portable/GCC/ARM7_LPC23xx/portISR.o
                0x00001b5c                vPreemptiveTick
                0x00001b18                vPortExitCritical
                0x00001c1c                vPortYieldProcessor
                0x00001abc                vPortDisableInterruptsFromThumb
                0x00001a70                vPortISRStartFirstTask
                0x00001ad4                vPortEnableInterruptsFromThumb
                0x00001aec                vPortEnterCritical
 .text          0x00001cc8      0x250 main.o
                0x00001ce0                enableSerial0
                0x00001d08                vApplicationTickHook
                0x00001cc8                microsecondsToCPUTicks
                0x00001d98                main
                0x00001cd4                milisecondsToCPUTicks
 .text          0x00001f18      0x23c ../Common/Minimal/BlockQ.o
                0x00001f7c                vStartBlockingQueueTasks
                0x00001f18                xAreBlockingQueuesStillRunning
 .text          0x00002154      0x3e0 ../Common/Minimal/blocktim.o
                0x00002154                xAreBlockTimeTestTasksStillRunning
                0x000021ac                vCreateBlockTimeTasks
 .text          0x00002534       0x98 ../Common/Minimal/integer.o
                0x00002554                vStartIntegerMathTasks
                0x00002534                xAreIntegerMathsTaskStillRunning
 .text          0x000025cc      0x4a0 ../Common/Minimal/GenQTest.o
                0x000025cc                xAreGenericQueueTasksStillRunning
                0x00002624                vStartGenericQueueTasks
 .text          0x00002a6c      0x358 ../Common/Minimal/QPeek.o
                0x00002a6c                xAreQueuePeekTasksStillRunning
                0x00002aa0                vStartQueuePeekTasks
 .text          0x00002dc4      0x284 ../Common/Minimal/dynamic.o
                0x00002e10                vStartDynamicPriorityTasks
                0x00002dc4                xAreDynamicPriorityTasksStillRunning
 .text          0x00003048       0x9c ../Source/list.o
                0x00003068                vListInsertEnd
                0x000030c4                vListRemove
                0x00003060                vListInitialiseItem
                0x00003048                vListInitialise
                0x00003084                vListInsert
 .text          0x000030e4      0x4c8 ../Source/queue.o
                0x000033bc                xQueueGenericSendFromISR
                0x00003540                xQueueCreate
                0x00003104                vQueueDelete
                0x00003408                xQueueGenericSend
                0x00003160                xQueueReceiveFromISR
                0x000030f4                xQueueIsQueueFullFromISR
                0x0000311c                uxQueueMessagesWaiting
                0x00003230                xQueueGenericReceive
                0x000030e4                uxQueueMessagesWaitingFromISR
                0x000030e8                xQueueIsQueueEmptyFromISR
                0x000034f8                xQueueCreateMutex
 .text          0x000035ac      0xcfc ../Source/tasks.o
                0x00003b54                uxTaskPriorityGet
                0x00003aa8                vTaskPrioritySet
                0x0000403c                vTaskEndScheduler
                0x00003bec                vTaskPlaceOnEventList
                0x000035ac                xTaskIsTaskSuspended
                0x00003830                xTaskResumeFromISR
                0x0000392c                ulTaskEndTrace
                0x000039b0                xTaskGetTickCount
                0x000037b4                xTaskRemoveFromEventList
                0x00003958                vTaskStartTrace
                0x00003b7c                vTaskDelete
                0x000038d0                xTaskCheckForTimeOut
                0x000039cc                vTaskSuspendAll
                0x000036f8                vTaskPriorityDisinherit
                0x00003744                vTaskPriorityInherit
                0x000039e8                vTaskResume
                0x000035d4                vTaskSwitchContext
                0x00003a50                vTaskSuspend
                0x00003994                uxTaskGetNumberOfTasks
                0x00003c5c                vTaskIncrementTick
                0x00003f88                vTaskList
                0x00003e74                vTaskDelayUntil
                0x000038b4                xTaskGetCurrentTaskHandle
                0x000036d8                usTaskCheckFreeStackSpace
                0x00003d3c                xTaskResumeAll
                0x00004264                vTaskStartScheduler
                0x000036cc                vTaskMissedYield
                0x000040c8                xTaskCreate
                0x00003e10                vTaskDelay
                0x000036b4                vTaskSetTimeOutState
 .text          0x000042a8      0x114 ../Source/portable/GCC/ARM7_LPC23xx/port.o
                0x00004350                xPortStartScheduler
                0x0000434c                vPortEndScheduler
                0x000042a8                pxPortInitialiseStack
 .text          0x000043bc       0xe4 ../Source/portable/MemMang/heap_2.o
                0x000043bc                vPortFree
                0x000043ec                pvPortMalloc
 .text          0x000044a0       0xb8 /tmp/ccyCmckx.o
                0x000044a0                start
                0x0000453c                endless_loop
 .text          0x00004558       0x8c /opt/cross/lib/gcc/arm-elf/4.2.1/thumb/interwork/libgcc.a(_udivsi3.o)
                0x00004558                __udivsi3
                0x00004558                __aeabi_uidiv
                0x000045d4                __aeabi_uidivmod
 .text          0x000045e4       0xa4 /opt/cross/lib/gcc/arm-elf/4.2.1/thumb/interwork/libgcc.a(_divsi3.o)
                0x000045e4                __aeabi_idiv
                0x000045e4                __divsi3
                0x00004678                __aeabi_idivmod
 .text          0x00004688        0x4 /opt/cross/lib/gcc/arm-elf/4.2.1/thumb/interwork/libgcc.a(_dvmd_tls.o)
                0x00004688                __aeabi_ldiv0
                0x00004688                __div0
                0x00004688                __aeabi_idiv0
 .text          0x0000468c       0x58 /opt/cross/lib/gcc/arm-elf/4.2.1/../../../../arm-elf/lib/thumb/interwork/libg.a(lib_a-memcpy.o)
                0x0000468c                memcpy
 .text          0x000046e4       0x70 /opt/cross/lib/gcc/arm-elf/4.2.1/../../../../arm-elf/lib/thumb/interwork/libg.a(lib_a-memset.o)
                0x000046e4                memset
 .text          0x00004754       0x8c /opt/cross/lib/gcc/arm-elf/4.2.1/../../../../arm-elf/lib/thumb/interwork/libg.a(lib_a-sprintf.o)
                0x0000479c                _sprintf_r
                0x00004754                sprintf
 .text          0x000047e0       0x40 /opt/cross/lib/gcc/arm-elf/4.2.1/../../../../arm-elf/lib/thumb/interwork/libg.a(lib_a-strcat.o)
                0x000047e0                strcat
 .text          0x00004820       0x48 /opt/cross/lib/gcc/arm-elf/4.2.1/../../../../arm-elf/lib/thumb/interwork/libg.a(lib_a-strcpy.o)
                0x00004820                strcpy
 .text          0x00004868       0x50 /opt/cross/lib/gcc/arm-elf/4.2.1/../../../../arm-elf/lib/thumb/interwork/libg.a(lib_a-strlen.o)
                0x00004868                strlen
 .text          0x000048b8       0x7c /opt/cross/lib/gcc/arm-elf/4.2.1/../../../../arm-elf/lib/thumb/interwork/libg.a(lib_a-strncpy.o)
                0x000048b8                strncpy
 .text          0x00004934     0x13a4 /opt/cross/lib/gcc/arm-elf/4.2.1/../../../../arm-elf/lib/thumb/interwork/libg.a(lib_a-svfprintf.o)
                0x00004a54                _svfprintf_r
 .text          0x00005cd8      0xf08 /opt/cross/lib/gcc/arm-elf/4.2.1/../../../../arm-elf/lib/thumb/interwork/libg.a(lib_a-dtoa.o)
                0x00005e50                _dtoa_r
 .text          0x00006be0      0x280 /opt/cross/lib/gcc/arm-elf/4.2.1/../../../../arm-elf/lib/thumb/interwork/libg.a(lib_a-freer.o)
                0x00006c84                _free_r
                0x00006be0                _malloc_trim_r
 .text          0x00006e60        0x0 /opt/cross/lib/gcc/arm-elf/4.2.1/../../../../arm-elf/lib/thumb/interwork/libg.a(lib_a-impure.o)
 .text          0x00006e60       0x88 /opt/cross/lib/gcc/arm-elf/4.2.1/../../../../arm-elf/lib/thumb/interwork/libg.a(lib_a-locale.o)
                0x00006e88                _setlocale_r
                0x00006e60                __locale_charset
                0x00006e6c                _localeconv_r
                0x00006ecc                setlocale
                0x00006e74                localeconv
 .text          0x00006ee8      0x55c /opt/cross/lib/gcc/arm-elf/4.2.1/../../../../arm-elf/lib/thumb/interwork/libg.a(lib_a-mallocr.o)
                0x00006ee8                _malloc_r
 .text          0x00007444       0x6c /opt/cross/lib/gcc/arm-elf/4.2.1/../../../../arm-elf/lib/thumb/interwork/libg.a(lib_a-memchr.o)
                0x00007444                memchr
 .text          0x000074b0       0x7c /opt/cross/lib/gcc/arm-elf/4.2.1/../../../../arm-elf/lib/thumb/interwork/libg.a(lib_a-memmove.o)
                0x000074b0                memmove
 .text          0x0000752c        0x8 /opt/cross/lib/gcc/arm-elf/4.2.1/../../../../arm-elf/lib/thumb/interwork/libg.a(lib_a-mlock.o)
                0x00007530                __malloc_unlock
                0x0000752c                __malloc_lock
 .text          0x00007534      0x970 /opt/cross/lib/gcc/arm-elf/4.2.1/../../../../arm-elf/lib/thumb/interwork/libg.a(lib_a-mprec.o)
                0x000077a4                _mprec_log10
                0x00007820                __any_on
                0x00007874                _Balloc
                0x00007750                __ratio
                0x00007cb0                __i2b
                0x0000768c                __b2d
                0x00007e0c                __s2b
                0x000075f8                __mcmp
                0x0000754c                __hi0bits
                0x00007d6c                __pow5mult
                0x00007aa4                __lshift
                0x00007b58                __multiply
                0x000078d0                __d2b
                0x000077e8                __copybits
                0x00007638                __ulp
                0x000079ac                __mdiff
                0x00007594                __lo0bits
                0x00007cc8                __multadd
                0x00007534                _Bfree
 .text          0x00007ea4      0x3b4 /opt/cross/lib/gcc/arm-elf/4.2.1/../../../../arm-elf/lib/thumb/interwork/libg.a(lib_a-reallocr.o)
                0x00007ea4                _realloc_r
 .text          0x00008258       0x28 /opt/cross/lib/gcc/arm-elf/4.2.1/../../../../arm-elf/lib/thumb/interwork/libg.a(lib_a-sbrkr.o)
                0x00008258                _sbrk_r
 .text          0x00008280       0x24 /opt/cross/lib/gcc/arm-elf/4.2.1/../../../../arm-elf/lib/thumb/interwork/libg.a(lib_a-s_isinfd.o)
                0x00008280                __isinfd
 .text          0x000082a4       0x1c /opt/cross/lib/gcc/arm-elf/4.2.1/../../../../arm-elf/lib/thumb/interwork/libg.a(lib_a-s_isnand.o)
                0x000082a4                __isnand
 .text          0x000082c0       0x5c /opt/cross/lib/gcc/arm-elf/4.2.1/../../../../arm-elf/lib/thumb/interwork/libg.a(lib_a-strcmp.o)
                0x000082c0                strcmp
 .text          0x0000831c      0x5b8 /opt/cross/lib/gcc/arm-elf/4.2.1/../../../../arm-elf/lib/thumb/interwork/libg.a(lib_a-syscalls.o)
                0x00008378                _getpid
                0x0000871c                initialise_monitor_handles
                0x000086f8                _fstat
                0x00008830                _isatty
                0x0000848c                _open
                0x00008388                _sbrk
                0x00008384                _raise
                0x00008854                _times
                0x000086bc                _stat
                0x0000863c                _lseek
                0x0000837c                _link
                0x00008538                _swiwrite
                0x000087a4                _rename
                0x000085ac                _swilseek
                0x000084f0                _swiclose
                0x000083e8                _swiopen
                0x000088a4                _unlink
                0x00008560                _write
                0x00008338                _kill
                0x00008878                _gettimeofday
                0x00008674                _read
                0x00008368                _exit
                0x000087e0                _system
                0x0000864c                _swiread
                0x00008528                _close
 .text          0x000088d4       0x60 /opt/cross/lib/gcc/arm-elf/4.2.1/../../../../arm-elf/lib/thumb/interwork/libg.a(lib_a-callocr.o)
                0x000088d4                _calloc_r
 .text          0x00008934        0xc /opt/cross/lib/gcc/arm-elf/4.2.1/../../../../arm-elf/lib/thumb/interwork/libg.a(lib_a-errno.o)
                0x00008934                __errno
 .text          0x00008940      0x1dc /opt/cross/lib/gcc/arm-elf/4.2.1/../../../../arm-elf/lib/thumb/interwork/libg.a(lib_a-findfp.o)
                0x000089f8                __sinit
                0x00008a54                __sfmoreglue
                0x00008998                _cleanup
                0x00008988                _cleanup_r
                0x00008970                __fp_lock_all
                0x00008940                __sfp_lock_acquire
                0x00008a8c                __sfp
                0x0000894c                __sinit_lock_release
                0x00008958                __fp_unlock_all
                0x00008944                __sfp_lock_release
                0x00008948                __sinit_lock_acquire
 .text          0x00008b1c       0xdc /opt/cross/lib/gcc/arm-elf/4.2.1/../../../../arm-elf/lib/thumb/interwork/libg.a(lib_a-fwalk.o)
                0x00008b8c                _fwalk
                0x00008b1c                _fwalk_reent
 .text          0x00008bf8      0x110 /opt/cross/lib/gcc/arm-elf/4.2.1/../../../../arm-elf/lib/thumb/interwork/libg.a(lib_a-reent.o)
                0x00008c44                cleanup_glue
                0x00008c64                _reclaim_reent
                0x00008bf8                _wrapup_reent
 .text          0x00008d08       0xa8 /opt/cross/lib/gcc/arm-elf/4.2.1/../../../../arm-elf/lib/thumb/interwork/libg.a(lib_a-stdio.o)
                0x00008d18                __sseek
                0x00008d84                __sread
                0x00008d08                __sclose
                0x00008d48                __swrite
 .text          0x00008db0       0x2c /opt/cross/lib/gcc/arm-elf/4.2.1/../../../../arm-elf/lib/thumb/interwork/libg.a(lib_a-writer.o)
                0x00008db0                _write_r
 .text          0x00008ddc       0x28 /opt/cross/lib/gcc/arm-elf/4.2.1/../../../../arm-elf/lib/thumb/interwork/libg.a(lib_a-closer.o)
                0x00008ddc                _close_r
 .text          0x00008e04       0xbc /opt/cross/lib/gcc/arm-elf/4.2.1/../../../../arm-elf/lib/thumb/interwork/libg.a(lib_a-fclose.o)
                0x00008e04                _fclose_r
                0x00008ea8                fclose
 .text          0x00008ec0      0x144 /opt/cross/lib/gcc/arm-elf/4.2.1/../../../../arm-elf/lib/thumb/interwork/libg.a(lib_a-fflush.o)
                0x00008fd4                fflush
                0x00008ec0                _fflush_r
 .text          0x00009004       0x2c /opt/cross/lib/gcc/arm-elf/4.2.1/../../../../arm-elf/lib/thumb/interwork/libg.a(lib_a-lseekr.o)
                0x00009004                _lseek_r
 .text          0x00009030       0x2c /opt/cross/lib/gcc/arm-elf/4.2.1/../../../../arm-elf/lib/thumb/interwork/libg.a(lib_a-readr.o)
                0x00009030                _read_r
 .text          0x0000905c       0xc8 /opt/cross/lib/gcc/arm-elf/4.2.1/thumb/interwork/libgcc.a(_umodsi3.o)
                0x0000905c                __umodsi3
 .text          0x00009124       0xd8 /opt/cross/lib/gcc/arm-elf/4.2.1/thumb/interwork/libgcc.a(_modsi3.o)
                0x00009124                __modsi3
 .text          0x000091fc      0x3cc /opt/cross/lib/gcc/arm-elf/4.2.1/thumb/interwork/libgcc.a(_addsub_df.o)
                0x00009590                __adddf3
                0x00009550                __subdf3
 .text          0x000095c8      0x2a8 /opt/cross/lib/gcc/arm-elf/4.2.1/thumb/interwork/libgcc.a(_mul_df.o)
                0x00009600                __muldf3
 .text          0x00009870      0x1ac /opt/cross/lib/gcc/arm-elf/4.2.1/thumb/interwork/libgcc.a(_div_df.o)
                0x000098a8                __divdf3
 .text          0x00009a1c       0x58 /opt/cross/lib/gcc/arm-elf/4.2.1/thumb/interwork/libgcc.a(_eq_df.o)
                0x00009a2c                __eqdf2
 .text          0x00009a74       0x58 /opt/cross/lib/gcc/arm-elf/4.2.1/thumb/interwork/libgcc.a(_ne_df.o)
                0x00009a84                __nedf2
 .text          0x00009acc       0x58 /opt/cross/lib/gcc/arm-elf/4.2.1/thumb/interwork/libgcc.a(_gt_df.o)
                0x00009adc                __gtdf2
 .text          0x00009b24       0x58 /opt/cross/lib/gcc/arm-elf/4.2.1/thumb/interwork/libgcc.a(_ge_df.o)
                0x00009b34                __gedf2
 .text          0x00009b7c       0x58 /opt/cross/lib/gcc/arm-elf/4.2.1/thumb/interwork/libgcc.a(_lt_df.o)
                0x00009b8c                __ltdf2
 .text          0x00009bd4       0x90 /opt/cross/lib/gcc/arm-elf/4.2.1/thumb/interwork/libgcc.a(_si_to_df.o)
                0x00009be0                __floatsidf
 .text          0x00009c64       0xb4 /opt/cross/lib/gcc/arm-elf/4.2.1/thumb/interwork/libgcc.a(_df_to_si.o)
                0x00009c94                __fixdfsi
 .text          0x00009d18        0x0 /opt/cross/lib/gcc/arm-elf/4.2.1/thumb/interwork/libgcc.a(_thenan_df.o)
 .text          0x00009d18      0x10c /opt/cross/lib/gcc/arm-elf/4.2.1/thumb/interwork/libgcc.a(_usi_to_df.o)
                0x00009d24                __floatunsidf
 .text          0x00009e24       0x84 /opt/cross/lib/gcc/arm-elf/4.2.1/thumb/interwork/libgcc.a(_muldi3.o)
                0x00009e24                __muldi3
 .text          0x00009ea8       0x3c /opt/cross/lib/gcc/arm-elf/4.2.1/thumb/interwork/libgcc.a(_clzsi2.o)
                0x00009ea8                __clzsi2
 .text          0x00009ee4      0x288 /opt/cross/lib/gcc/arm-elf/4.2.1/thumb/interwork/libgcc.a(_pack_df.o)
                0x00009f14                __pack_d
 .text          0x0000a16c       0xc4 /opt/cross/lib/gcc/arm-elf/4.2.1/thumb/interwork/libgcc.a(_unpack_df.o)
                0x0000a16c                __unpack_d
 .text          0x0000a230       0xf8 /opt/cross/lib/gcc/arm-elf/4.2.1/thumb/interwork/libgcc.a(_fpcmp_parts_df.o)
                0x0000a260                __fpcmp_parts_d
 .text          0x0000a328        0x0 /opt/cross/lib/gcc/arm-elf/4.2.1/thumb/interwork/libgcc.a(_clz.o)
 *(.rodata)
 .rodata        0x0000a328      0x184 /opt/cross/lib/gcc/arm-elf/4.2.1/../../../../arm-elf/lib/thumb/interwork/libg.a(lib_a-svfprintf.o)
 .rodata        0x0000a4ac       0x18 /opt/cross/lib/gcc/arm-elf/4.2.1/../../../../arm-elf/lib/thumb/interwork/libg.a(lib_a-dtoa.o)
 .rodata        0x0000a4c4        0x4 /opt/cross/lib/gcc/arm-elf/4.2.1/../../../../arm-elf/lib/thumb/interwork/libg.a(lib_a-impure.o)
                0x0000a4c4                _global_impure_ptr
 .rodata        0x0000a4c8       0x34 /opt/cross/lib/gcc/arm-elf/4.2.1/../../../../arm-elf/lib/thumb/interwork/libg.a(lib_a-locale.o)
 .rodata        0x0000a4fc      0x124 /opt/cross/lib/gcc/arm-elf/4.2.1/../../../../arm-elf/lib/thumb/interwork/libg.a(lib_a-mprec.o)
                0x0000a5ec                __mprec_tinytens
                0x0000a4fc                __mprec_tens
                0x0000a5c4                __mprec_bigtens
 .rodata        0x0000a620       0x14 /opt/cross/lib/gcc/arm-elf/4.2.1/thumb/interwork/libgcc.a(_thenan_df.o)
                0x0000a620                __thenan_df
 .rodata        0x0000a634      0x100 /opt/cross/lib/gcc/arm-elf/4.2.1/thumb/interwork/libgcc.a(_clz.o)
                0x0000a634                __clz_tab
 *(.rodata*)
 .rodata.str1.4
                0x0000a734      0x181 ../Common/drivers/LPC/i2c/i2c.o
                                0x184 (size before relaxing)
 *fill*         0x0000a8b5        0x3 00
 .rodata.str1.4
                0x0000a8b8       0xbd main.o
                                 0xc0 (size before relaxing)
 *fill*         0x0000a975        0x3 00
 .rodata.str1.4
                0x0000a978       0x30 ../Common/Minimal/BlockQ.o
 .rodata.str1.4
                0x0000a9a8        0xf ../Common/Minimal/blocktim.o
                                 0x10 (size before relaxing)
 *fill*         0x0000a9b7        0x1 00
 .rodata.str1.4
                0x0000a9b8        0x8 ../Common/Minimal/integer.o
 .rodata.str1.4
                0x0000a9c0       0x1f ../Common/Minimal/GenQTest.o
                                 0x20 (size before relaxing)
 *fill*         0x0000a9df        0x1 00
 .rodata.str1.4
                0x0000a9e0       0x1f ../Common/Minimal/QPeek.o
                                 0x20 (size before relaxing)
 *fill*         0x0000a9ff        0x1 00
 .rodata.str1.4
                0x0000aa00       0x28 ../Common/Minimal/dynamic.o
 .rodata.str1.4
                0x0000aa28       0x1d ../Source/tasks.o
                                 0x20 (size before relaxing)
 *fill*         0x0000aa45        0x3 00
 .rodata.str1.4
                0x0000aa48       0x5e /opt/cross/lib/gcc/arm-elf/4.2.1/../../../../arm-elf/lib/thumb/interwork/libg.a(lib_a-svfprintf.o)
                                 0x60 (size before relaxing)
 *fill*         0x0000aaa6        0x2 00
 .rodata.str1.4
                0x0000aaa8       0x10 /opt/cross/lib/gcc/arm-elf/4.2.1/../../../../arm-elf/lib/thumb/interwork/libg.a(lib_a-dtoa.o)
                                 0x14 (size before relaxing)
 .rodata.str1.4
                0x0000aab8        0x2 /opt/cross/lib/gcc/arm-elf/4.2.1/../../../../arm-elf/lib/thumb/interwork/libg.a(lib_a-impure.o)
                                  0x4 (size before relaxing)
 *fill*         0x0000aaba        0x2 00
 .rodata.str1.4
                0x0000aabc        0xf /opt/cross/lib/gcc/arm-elf/4.2.1/../../../../arm-elf/lib/thumb/interwork/libg.a(lib_a-locale.o)
                                 0x18 (size before relaxing)
 *fill*         0x0000aacb        0x1 00
 .rodata.str1.4
                0x0000aacc        0x4 /opt/cross/lib/gcc/arm-elf/4.2.1/../../../../arm-elf/lib/thumb/interwork/libg.a(lib_a-syscalls.o)
 *(.glue_7)
 .glue_7        0x0000aad0        0x0 ../Common/drivers/LPC/peripherals/pwm.o
 .glue_7        0x0000aad0        0x0 ../Common/drivers/LPC/serial/serial.o
 .glue_7        0x0000aad0        0x0 ../Common/drivers/LPC/serial/serialISR.o
 .glue_7        0x0000aad0        0x0 ../Common/drivers/LPC/printf/uart0PutChar2.o
 .glue_7        0x0000aad0        0x0 ../Common/drivers/LPC/printf/printf2.o
 .glue_7        0x0000aad0        0x0 ../Common/drivers/LPC/printf/printfHelpers.o
 .glue_7        0x0000aad0        0x0 ../Common/drivers/LPC/i2c/i2c.o
 .glue_7        0x0000aad0        0x0 ../Source/portable/GCC/ARM7_LPC23xx/portISR.o
 .glue_7        0x0000aad0        0x0 main.o
 .glue_7        0x0000aad0        0x0 ../Common/Minimal/BlockQ.o
 .glue_7        0x0000aad0        0x0 ../Common/Minimal/blocktim.o
 .glue_7        0x0000aad0        0x0 ../Common/Minimal/integer.o
 .glue_7        0x0000aad0        0x0 ../Common/Minimal/GenQTest.o
 .glue_7        0x0000aad0        0x0 ../Common/Minimal/QPeek.o
 .glue_7        0x0000aad0        0x0 ../Common/Minimal/dynamic.o
 .glue_7        0x0000aad0        0x0 ../Source/list.o
 .glue_7        0x0000aad0        0x0 ../Source/queue.o
 .glue_7        0x0000aad0        0x0 ../Source/tasks.o
 .glue_7        0x0000aad0        0x0 ../Source/portable/GCC/ARM7_LPC23xx/port.o
 .glue_7        0x0000aad0        0x0 ../Source/portable/MemMang/heap_2.o
 .glue_7        0x0000aad0        0x0 /tmp/ccyCmckx.o
 .glue_7        0x0000aad0        0x0 /opt/cross/lib/gcc/arm-elf/4.2.1/thumb/interwork/libgcc.a(_udivsi3.o)
 .glue_7        0x0000aad0        0x0 /opt/cross/lib/gcc/arm-elf/4.2.1/thumb/interwork/libgcc.a(_divsi3.o)
 .glue_7        0x0000aad0        0x0 /opt/cross/lib/gcc/arm-elf/4.2.1/thumb/interwork/libgcc.a(_dvmd_tls.o)
 .glue_7        0x0000aad0        0x0 /opt/cross/lib/gcc/arm-elf/4.2.1/../../../../arm-elf/lib/thumb/interwork/libg.a(lib_a-memcpy.o)
 .glue_7        0x0000aad0        0x0 /opt/cross/lib/gcc/arm-elf/4.2.1/../../../../arm-elf/lib/thumb/interwork/libg.a(lib_a-memset.o)
 .glue_7        0x0000aad0        0x0 /opt/cross/lib/gcc/arm-elf/4.2.1/../../../../arm-elf/lib/thumb/interwork/libg.a(lib_a-sprintf.o)
 .glue_7        0x0000aad0        0x0 /opt/cross/lib/gcc/arm-elf/4.2.1/../../../../arm-elf/lib/thumb/interwork/libg.a(lib_a-strcat.o)
 .glue_7        0x0000aad0        0x0 /opt/cross/lib/gcc/arm-elf/4.2.1/../../../../arm-elf/lib/thumb/interwork/libg.a(lib_a-strcpy.o)
 .glue_7        0x0000aad0        0x0 /opt/cross/lib/gcc/arm-elf/4.2.1/../../../../arm-elf/lib/thumb/interwork/libg.a(lib_a-strlen.o)
 .glue_7        0x0000aad0        0x0 /opt/cross/lib/gcc/arm-elf/4.2.1/../../../../arm-elf/lib/thumb/interwork/libg.a(lib_a-strncpy.o)
 .glue_7        0x0000aad0        0x0 /opt/cross/lib/gcc/arm-elf/4.2.1/../../../../arm-elf/lib/thumb/interwork/libg.a(lib_a-svfprintf.o)
 .glue_7        0x0000aad0        0x0 /opt/cross/lib/gcc/arm-elf/4.2.1/../../../../arm-elf/lib/thumb/interwork/libg.a(lib_a-dtoa.o)
 .glue_7        0x0000aad0        0x0 /opt/cross/lib/gcc/arm-elf/4.2.1/../../../../arm-elf/lib/thumb/interwork/libg.a(lib_a-freer.o)
 .glue_7        0x0000aad0        0x0 /opt/cross/lib/gcc/arm-elf/4.2.1/../../../../arm-elf/lib/thumb/interwork/libg.a(lib_a-impure.o)
 .glue_7        0x0000aad0        0x0 /opt/cross/lib/gcc/arm-elf/4.2.1/../../../../arm-elf/lib/thumb/interwork/libg.a(lib_a-locale.o)
 .glue_7        0x0000aad0        0x0 /opt/cross/lib/gcc/arm-elf/4.2.1/../../../../arm-elf/lib/thumb/interwork/libg.a(lib_a-mallocr.o)
 .glue_7        0x0000aad0        0x0 /opt/cross/lib/gcc/arm-elf/4.2.1/../../../../arm-elf/lib/thumb/interwork/libg.a(lib_a-memchr.o)
 .glue_7        0x0000aad0        0x0 /opt/cross/lib/gcc/arm-elf/4.2.1/../../../../arm-elf/lib/thumb/interwork/libg.a(lib_a-memmove.o)
 .glue_7        0x0000aad0        0x0 /opt/cross/lib/gcc/arm-elf/4.2.1/../../../../arm-elf/lib/thumb/interwork/libg.a(lib_a-mlock.o)
 .glue_7        0x0000aad0        0x0 /opt/cross/lib/gcc/arm-elf/4.2.1/../../../../arm-elf/lib/thumb/interwork/libg.a(lib_a-mprec.o)
 .glue_7        0x0000aad0        0x0 /opt/cross/lib/gcc/arm-elf/4.2.1/../../../../arm-elf/lib/thumb/interwork/libg.a(lib_a-reallocr.o)
 .glue_7        0x0000aad0        0x0 /opt/cross/lib/gcc/arm-elf/4.2.1/../../../../arm-elf/lib/thumb/interwork/libg.a(lib_a-sbrkr.o)
 .glue_7        0x0000aad0        0x0 /opt/cross/lib/gcc/arm-elf/4.2.1/../../../../arm-elf/lib/thumb/interwork/libg.a(lib_a-s_isinfd.o)
 .glue_7        0x0000aad0        0x0 /opt/cross/lib/gcc/arm-elf/4.2.1/../../../../arm-elf/lib/thumb/interwork/libg.a(lib_a-s_isnand.o)
 .glue_7        0x0000aad0        0x0 /opt/cross/lib/gcc/arm-elf/4.2.1/../../../../arm-elf/lib/thumb/interwork/libg.a(lib_a-strcmp.o)
 .glue_7        0x0000aad0        0x0 /opt/cross/lib/gcc/arm-elf/4.2.1/../../../../arm-elf/lib/thumb/interwork/libg.a(lib_a-syscalls.o)
 .glue_7        0x0000aad0        0x0 /opt/cross/lib/gcc/arm-elf/4.2.1/../../../../arm-elf/lib/thumb/interwork/libg.a(lib_a-callocr.o)
 .glue_7        0x0000aad0        0x0 /opt/cross/lib/gcc/arm-elf/4.2.1/../../../../arm-elf/lib/thumb/interwork/libg.a(lib_a-errno.o)
 .glue_7        0x0000aad0        0x0 /opt/cross/lib/gcc/arm-elf/4.2.1/../../../../arm-elf/lib/thumb/interwork/libg.a(lib_a-findfp.o)
 .glue_7        0x0000aad0        0x0 /opt/cross/lib/gcc/arm-elf/4.2.1/../../../../arm-elf/lib/thumb/interwork/libg.a(lib_a-fwalk.o)
 .glue_7        0x0000aad0        0x0 /opt/cross/lib/gcc/arm-elf/4.2.1/../../../../arm-elf/lib/thumb/interwork/libg.a(lib_a-reent.o)
 .glue_7        0x0000aad0        0x0 /opt/cross/lib/gcc/arm-elf/4.2.1/../../../../arm-elf/lib/thumb/interwork/libg.a(lib_a-stdio.o)
 .glue_7        0x0000aad0        0x0 /opt/cross/lib/gcc/arm-elf/4.2.1/../../../../arm-elf/lib/thumb/interwork/libg.a(lib_a-writer.o)
 .glue_7        0x0000aad0        0x0 /opt/cross/lib/gcc/arm-elf/4.2.1/../../../../arm-elf/lib/thumb/interwork/libg.a(lib_a-closer.o)
 .glue_7        0x0000aad0        0x0 /opt/cross/lib/gcc/arm-elf/4.2.1/../../../../arm-elf/lib/thumb/interwork/libg.a(lib_a-fclose.o)
 .glue_7        0x0000aad0        0x0 /opt/cross/lib/gcc/arm-elf/4.2.1/../../../../arm-elf/lib/thumb/interwork/libg.a(lib_a-fflush.o)
 .glue_7        0x0000aad0        0x0 /opt/cross/lib/gcc/arm-elf/4.2.1/../../../../arm-elf/lib/thumb/interwork/libg.a(lib_a-lseekr.o)
 .glue_7        0x0000aad0        0x0 /opt/cross/lib/gcc/arm-elf/4.2.1/../../../../arm-elf/lib/thumb/interwork/libg.a(lib_a-readr.o)
 .glue_7        0x0000aad0        0x0 /opt/cross/lib/gcc/arm-elf/4.2.1/thumb/interwork/libgcc.a(_umodsi3.o)
 .glue_7        0x0000aad0        0x0 /opt/cross/lib/gcc/arm-elf/4.2.1/thumb/interwork/libgcc.a(_modsi3.o)
 .glue_7        0x0000aad0        0x0 /opt/cross/lib/gcc/arm-elf/4.2.1/thumb/interwork/libgcc.a(_addsub_df.o)
 .glue_7        0x0000aad0        0x0 /opt/cross/lib/gcc/arm-elf/4.2.1/thumb/interwork/libgcc.a(_mul_df.o)
 .glue_7        0x0000aad0        0x0 /opt/cross/lib/gcc/arm-elf/4.2.1/thumb/interwork/libgcc.a(_div_df.o)
 .glue_7        0x0000aad0        0x0 /opt/cross/lib/gcc/arm-elf/4.2.1/thumb/interwork/libgcc.a(_eq_df.o)
 .glue_7        0x0000aad0        0x0 /opt/cross/lib/gcc/arm-elf/4.2.1/thumb/interwork/libgcc.a(_ne_df.o)
 .glue_7        0x0000aad0        0x0 /opt/cross/lib/gcc/arm-elf/4.2.1/thumb/interwork/libgcc.a(_gt_df.o)
 .glue_7        0x0000aad0        0x0 /opt/cross/lib/gcc/arm-elf/4.2.1/thumb/interwork/libgcc.a(_ge_df.o)
 .glue_7        0x0000aad0        0x0 /opt/cross/lib/gcc/arm-elf/4.2.1/thumb/interwork/libgcc.a(_lt_df.o)
 .glue_7        0x0000aad0        0x0 /opt/cross/lib/gcc/arm-elf/4.2.1/thumb/interwork/libgcc.a(_si_to_df.o)
 .glue_7        0x0000aad0        0x0 /opt/cross/lib/gcc/arm-elf/4.2.1/thumb/interwork/libgcc.a(_df_to_si.o)
 .glue_7        0x0000aad0        0x0 /opt/cross/lib/gcc/arm-elf/4.2.1/thumb/interwork/libgcc.a(_thenan_df.o)
 .glue_7        0x0000aad0        0x0 /opt/cross/lib/gcc/arm-elf/4.2.1/thumb/interwork/libgcc.a(_usi_to_df.o)
 .glue_7        0x0000aad0        0x0 /opt/cross/lib/gcc/arm-elf/4.2.1/thumb/interwork/libgcc.a(_muldi3.o)
 .glue_7        0x0000aad0        0x0 /opt/cross/lib/gcc/arm-elf/4.2.1/thumb/interwork/libgcc.a(_clzsi2.o)
 .glue_7        0x0000aad0       0x6c /opt/cross/lib/gcc/arm-elf/4.2.1/thumb/interwork/libgcc.a(_pack_df.o)
                0x0000ab30                __main_from_arm
                0x0000ab00                __xQueueGenericSendFromISR_from_arm
                0x0000aad0                __xQueueGenericReceive_from_arm
                0x0000aae8                ____udivsi3_from_arm
                0x0000ab0c                __xQueueCreate_from_arm
                0x0000ab18                __vTaskIncrementTick_from_arm
                0x0000aaf4                __xQueueReceiveFromISR_from_arm
                0x0000aadc                __xQueueGenericSend_from_arm
                0x0000ab24                __vTaskSwitchContext_from_arm
 .glue_7        0x0000ab3c        0x0 /opt/cross/lib/gcc/arm-elf/4.2.1/thumb/interwork/libgcc.a(_unpack_df.o)
 .glue_7        0x0000ab3c        0x0 /opt/cross/lib/gcc/arm-elf/4.2.1/thumb/interwork/libgcc.a(_fpcmp_parts_df.o)
 .glue_7        0x0000ab3c        0x0 /opt/cross/lib/gcc/arm-elf/4.2.1/thumb/interwork/libgcc.a(_clz.o)
 *(.glue_7t)
 .glue_7t       0x0000ab3c        0x0 ../Common/drivers/LPC/peripherals/pwm.o
 .glue_7t       0x0000ab3c        0x0 ../Common/drivers/LPC/serial/serial.o
 .glue_7t       0x0000ab3c        0x0 ../Common/drivers/LPC/serial/serialISR.o
 .glue_7t       0x0000ab3c        0x0 ../Common/drivers/LPC/printf/uart0PutChar2.o
 .glue_7t       0x0000ab3c        0x0 ../Common/drivers/LPC/printf/printf2.o
 .glue_7t       0x0000ab3c        0x0 ../Common/drivers/LPC/printf/printfHelpers.o
 .glue_7t       0x0000ab3c        0x0 ../Common/drivers/LPC/i2c/i2c.o
 .glue_7t       0x0000ab3c        0x0 ../Source/portable/GCC/ARM7_LPC23xx/portISR.o
 .glue_7t       0x0000ab3c        0x0 main.o
 .glue_7t       0x0000ab3c        0x0 ../Common/Minimal/BlockQ.o
 .glue_7t       0x0000ab3c        0x0 ../Common/Minimal/blocktim.o
 .glue_7t       0x0000ab3c        0x0 ../Common/Minimal/integer.o
 .glue_7t       0x0000ab3c        0x0 ../Common/Minimal/GenQTest.o
 .glue_7t       0x0000ab3c        0x0 ../Common/Minimal/QPeek.o
 .glue_7t       0x0000ab3c        0x0 ../Common/Minimal/dynamic.o
 .glue_7t       0x0000ab3c        0x0 ../Source/list.o
 .glue_7t       0x0000ab3c        0x0 ../Source/queue.o
 .glue_7t       0x0000ab3c        0x0 ../Source/tasks.o
 .glue_7t       0x0000ab3c        0x0 ../Source/portable/GCC/ARM7_LPC23xx/port.o
 .glue_7t       0x0000ab3c        0x0 ../Source/portable/MemMang/heap_2.o
 .glue_7t       0x0000ab3c        0x0 /tmp/ccyCmckx.o
 .glue_7t       0x0000ab3c        0x0 /opt/cross/lib/gcc/arm-elf/4.2.1/thumb/interwork/libgcc.a(_udivsi3.o)
 .glue_7t       0x0000ab3c        0x0 /opt/cross/lib/gcc/arm-elf/4.2.1/thumb/interwork/libgcc.a(_divsi3.o)
 .glue_7t       0x0000ab3c        0x0 /opt/cross/lib/gcc/arm-elf/4.2.1/thumb/interwork/libgcc.a(_dvmd_tls.o)
 .glue_7t       0x0000ab3c        0x0 /opt/cross/lib/gcc/arm-elf/4.2.1/../../../../arm-elf/lib/thumb/interwork/libg.a(lib_a-memcpy.o)
 .glue_7t       0x0000ab3c        0x0 /opt/cross/lib/gcc/arm-elf/4.2.1/../../../../arm-elf/lib/thumb/interwork/libg.a(lib_a-memset.o)
 .glue_7t       0x0000ab3c        0x0 /opt/cross/lib/gcc/arm-elf/4.2.1/../../../../arm-elf/lib/thumb/interwork/libg.a(lib_a-sprintf.o)
 .glue_7t       0x0000ab3c        0x0 /opt/cross/lib/gcc/arm-elf/4.2.1/../../../../arm-elf/lib/thumb/interwork/libg.a(lib_a-strcat.o)
 .glue_7t       0x0000ab3c        0x0 /opt/cross/lib/gcc/arm-elf/4.2.1/../../../../arm-elf/lib/thumb/interwork/libg.a(lib_a-strcpy.o)
 .glue_7t       0x0000ab3c        0x0 /opt/cross/lib/gcc/arm-elf/4.2.1/../../../../arm-elf/lib/thumb/interwork/libg.a(lib_a-strlen.o)
 .glue_7t       0x0000ab3c        0x0 /opt/cross/lib/gcc/arm-elf/4.2.1/../../../../arm-elf/lib/thumb/interwork/libg.a(lib_a-strncpy.o)
 .glue_7t       0x0000ab3c        0x0 /opt/cross/lib/gcc/arm-elf/4.2.1/../../../../arm-elf/lib/thumb/interwork/libg.a(lib_a-svfprintf.o)
 .glue_7t       0x0000ab3c        0x0 /opt/cross/lib/gcc/arm-elf/4.2.1/../../../../arm-elf/lib/thumb/interwork/libg.a(lib_a-dtoa.o)
 .glue_7t       0x0000ab3c        0x0 /opt/cross/lib/gcc/arm-elf/4.2.1/../../../../arm-elf/lib/thumb/interwork/libg.a(lib_a-freer.o)
 .glue_7t       0x0000ab3c        0x0 /opt/cross/lib/gcc/arm-elf/4.2.1/../../../../arm-elf/lib/thumb/interwork/libg.a(lib_a-impure.o)
 .glue_7t       0x0000ab3c        0x0 /opt/cross/lib/gcc/arm-elf/4.2.1/../../../../arm-elf/lib/thumb/interwork/libg.a(lib_a-locale.o)
 .glue_7t       0x0000ab3c        0x0 /opt/cross/lib/gcc/arm-elf/4.2.1/../../../../arm-elf/lib/thumb/interwork/libg.a(lib_a-mallocr.o)
 .glue_7t       0x0000ab3c        0x0 /opt/cross/lib/gcc/arm-elf/4.2.1/../../../../arm-elf/lib/thumb/interwork/libg.a(lib_a-memchr.o)
 .glue_7t       0x0000ab3c        0x0 /opt/cross/lib/gcc/arm-elf/4.2.1/../../../../arm-elf/lib/thumb/interwork/libg.a(lib_a-memmove.o)
 .glue_7t       0x0000ab3c        0x0 /opt/cross/lib/gcc/arm-elf/4.2.1/../../../../arm-elf/lib/thumb/interwork/libg.a(lib_a-mlock.o)
 .glue_7t       0x0000ab3c        0x0 /opt/cross/lib/gcc/arm-elf/4.2.1/../../../../arm-elf/lib/thumb/interwork/libg.a(lib_a-mprec.o)
 .glue_7t       0x0000ab3c        0x0 /opt/cross/lib/gcc/arm-elf/4.2.1/../../../../arm-elf/lib/thumb/interwork/libg.a(lib_a-reallocr.o)
 .glue_7t       0x0000ab3c        0x0 /opt/cross/lib/gcc/arm-elf/4.2.1/../../../../arm-elf/lib/thumb/interwork/libg.a(lib_a-sbrkr.o)
 .glue_7t       0x0000ab3c        0x0 /opt/cross/lib/gcc/arm-elf/4.2.1/../../../../arm-elf/lib/thumb/interwork/libg.a(lib_a-s_isinfd.o)
 .glue_7t       0x0000ab3c        0x0 /opt/cross/lib/gcc/arm-elf/4.2.1/../../../../arm-elf/lib/thumb/interwork/libg.a(lib_a-s_isnand.o)
 .glue_7t       0x0000ab3c        0x0 /opt/cross/lib/gcc/arm-elf/4.2.1/../../../../arm-elf/lib/thumb/interwork/libg.a(lib_a-strcmp.o)
 .glue_7t       0x0000ab3c        0x0 /opt/cross/lib/gcc/arm-elf/4.2.1/../../../../arm-elf/lib/thumb/interwork/libg.a(lib_a-syscalls.o)
 .glue_7t       0x0000ab3c        0x0 /opt/cross/lib/gcc/arm-elf/4.2.1/../../../../arm-elf/lib/thumb/interwork/libg.a(lib_a-callocr.o)
 .glue_7t       0x0000ab3c        0x0 /opt/cross/lib/gcc/arm-elf/4.2.1/../../../../arm-elf/lib/thumb/interwork/libg.a(lib_a-errno.o)
 .glue_7t       0x0000ab3c        0x0 /opt/cross/lib/gcc/arm-elf/4.2.1/../../../../arm-elf/lib/thumb/interwork/libg.a(lib_a-findfp.o)
 .glue_7t       0x0000ab3c        0x0 /opt/cross/lib/gcc/arm-elf/4.2.1/../../../../arm-elf/lib/thumb/interwork/libg.a(lib_a-fwalk.o)
 .glue_7t       0x0000ab3c        0x0 /opt/cross/lib/gcc/arm-elf/4.2.1/../../../../arm-elf/lib/thumb/interwork/libg.a(lib_a-reent.o)
 .glue_7t       0x0000ab3c        0x0 /opt/cross/lib/gcc/arm-elf/4.2.1/../../../../arm-elf/lib/thumb/interwork/libg.a(lib_a-stdio.o)
 .glue_7t       0x0000ab3c        0x0 /opt/cross/lib/gcc/arm-elf/4.2.1/../../../../arm-elf/lib/thumb/interwork/libg.a(lib_a-writer.o)
 .glue_7t       0x0000ab3c        0x0 /opt/cross/lib/gcc/arm-elf/4.2.1/../../../../arm-elf/lib/thumb/interwork/libg.a(lib_a-closer.o)
 .glue_7t       0x0000ab3c        0x0 /opt/cross/lib/gcc/arm-elf/4.2.1/../../../../arm-elf/lib/thumb/interwork/libg.a(lib_a-fclose.o)
 .glue_7t       0x0000ab3c        0x0 /opt/cross/lib/gcc/arm-elf/4.2.1/../../../../arm-elf/lib/thumb/interwork/libg.a(lib_a-fflush.o)
 .glue_7t       0x0000ab3c        0x0 /opt/cross/lib/gcc/arm-elf/4.2.1/../../../../arm-elf/lib/thumb/interwork/libg.a(lib_a-lseekr.o)
 .glue_7t       0x0000ab3c        0x0 /opt/cross/lib/gcc/arm-elf/4.2.1/../../../../arm-elf/lib/thumb/interwork/libg.a(lib_a-readr.o)
 .glue_7t       0x0000ab3c        0x0 /opt/cross/lib/gcc/arm-elf/4.2.1/thumb/interwork/libgcc.a(_umodsi3.o)
 .glue_7t       0x0000ab3c        0x0 /opt/cross/lib/gcc/arm-elf/4.2.1/thumb/interwork/libgcc.a(_modsi3.o)
 .glue_7t       0x0000ab3c        0x0 /opt/cross/lib/gcc/arm-elf/4.2.1/thumb/interwork/libgcc.a(_addsub_df.o)
 .glue_7t       0x0000ab3c        0x0 /opt/cross/lib/gcc/arm-elf/4.2.1/thumb/interwork/libgcc.a(_mul_df.o)
 .glue_7t       0x0000ab3c        0x0 /opt/cross/lib/gcc/arm-elf/4.2.1/thumb/interwork/libgcc.a(_div_df.o)
 .glue_7t       0x0000ab3c        0x0 /opt/cross/lib/gcc/arm-elf/4.2.1/thumb/interwork/libgcc.a(_eq_df.o)
 .glue_7t       0x0000ab3c        0x0 /opt/cross/lib/gcc/arm-elf/4.2.1/thumb/interwork/libgcc.a(_ne_df.o)
 .glue_7t       0x0000ab3c        0x0 /opt/cross/lib/gcc/arm-elf/4.2.1/thumb/interwork/libgcc.a(_gt_df.o)
 .glue_7t       0x0000ab3c        0x0 /opt/cross/lib/gcc/arm-elf/4.2.1/thumb/interwork/libgcc.a(_ge_df.o)
 .glue_7t       0x0000ab3c        0x0 /opt/cross/lib/gcc/arm-elf/4.2.1/thumb/interwork/libgcc.a(_lt_df.o)
 .glue_7t       0x0000ab3c        0x0 /opt/cross/lib/gcc/arm-elf/4.2.1/thumb/interwork/libgcc.a(_si_to_df.o)
 .glue_7t       0x0000ab3c        0x0 /opt/cross/lib/gcc/arm-elf/4.2.1/thumb/interwork/libgcc.a(_df_to_si.o)
 .glue_7t       0x0000ab3c        0x0 /opt/cross/lib/gcc/arm-elf/4.2.1/thumb/interwork/libgcc.a(_thenan_df.o)
 .glue_7t       0x0000ab3c        0x0 /opt/cross/lib/gcc/arm-elf/4.2.1/thumb/interwork/libgcc.a(_usi_to_df.o)
 .glue_7t       0x0000ab3c        0x0 /opt/cross/lib/gcc/arm-elf/4.2.1/thumb/interwork/libgcc.a(_muldi3.o)
 .glue_7t       0x0000ab3c        0x0 /opt/cross/lib/gcc/arm-elf/4.2.1/thumb/interwork/libgcc.a(_clzsi2.o)
 .glue_7t       0x0000ab3c        0x0 /opt/cross/lib/gcc/arm-elf/4.2.1/thumb/interwork/libgcc.a(_pack_df.o)
 .glue_7t       0x0000ab3c        0x0 /opt/cross/lib/gcc/arm-elf/4.2.1/thumb/interwork/libgcc.a(_unpack_df.o)
 .glue_7t       0x0000ab3c        0x0 /opt/cross/lib/gcc/arm-elf/4.2.1/thumb/interwork/libgcc.a(_fpcmp_parts_df.o)
 .glue_7t       0x0000ab3c        0x0 /opt/cross/lib/gcc/arm-elf/4.2.1/thumb/interwork/libgcc.a(_clz.o)
                0x0000ab3c                __end_of_text__ = .

.vfp11_veneer   0x0000ab3c        0x0
 .vfp11_veneer  0x0000ab3c        0x0 ../Common/drivers/LPC/peripherals/pwm.o
 .vfp11_veneer  0x0000ab3c        0x0 ../Common/drivers/LPC/serial/serial.o
 .vfp11_veneer  0x0000ab3c        0x0 ../Common/drivers/LPC/serial/serialISR.o
 .vfp11_veneer  0x0000ab3c        0x0 ../Common/drivers/LPC/printf/uart0PutChar2.o
 .vfp11_veneer  0x0000ab3c        0x0 ../Common/drivers/LPC/printf/printf2.o
 .vfp11_veneer  0x0000ab3c        0x0 ../Common/drivers/LPC/printf/printfHelpers.o
 .vfp11_veneer  0x0000ab3c        0x0 ../Common/drivers/LPC/i2c/i2c.o
 .vfp11_veneer  0x0000ab3c        0x0 ../Source/portable/GCC/ARM7_LPC23xx/portISR.o
 .vfp11_veneer  0x0000ab3c        0x0 main.o
 .vfp11_veneer  0x0000ab3c        0x0 ../Common/Minimal/BlockQ.o
 .vfp11_veneer  0x0000ab3c        0x0 ../Common/Minimal/blocktim.o
 .vfp11_veneer  0x0000ab3c        0x0 ../Common/Minimal/integer.o
 .vfp11_veneer  0x0000ab3c        0x0 ../Common/Minimal/GenQTest.o
 .vfp11_veneer  0x0000ab3c        0x0 ../Common/Minimal/QPeek.o
 .vfp11_veneer  0x0000ab3c        0x0 ../Common/Minimal/dynamic.o
 .vfp11_veneer  0x0000ab3c        0x0 ../Source/list.o
 .vfp11_veneer  0x0000ab3c        0x0 ../Source/queue.o
 .vfp11_veneer  0x0000ab3c        0x0 ../Source/tasks.o
 .vfp11_veneer  0x0000ab3c        0x0 ../Source/portable/GCC/ARM7_LPC23xx/port.o
 .vfp11_veneer  0x0000ab3c        0x0 ../Source/portable/MemMang/heap_2.o
 .vfp11_veneer  0x0000ab3c        0x0 /tmp/ccyCmckx.o
 .vfp11_veneer  0x0000ab3c        0x0 /opt/cross/lib/gcc/arm-elf/4.2.1/thumb/interwork/libgcc.a(_udivsi3.o)
 .vfp11_veneer  0x0000ab3c        0x0 /opt/cross/lib/gcc/arm-elf/4.2.1/thumb/interwork/libgcc.a(_divsi3.o)
 .vfp11_veneer  0x0000ab3c        0x0 /opt/cross/lib/gcc/arm-elf/4.2.1/thumb/interwork/libgcc.a(_dvmd_tls.o)
 .vfp11_veneer  0x0000ab3c        0x0 /opt/cross/lib/gcc/arm-elf/4.2.1/../../../../arm-elf/lib/thumb/interwork/libg.a(lib_a-memcpy.o)
 .vfp11_veneer  0x0000ab3c        0x0 /opt/cross/lib/gcc/arm-elf/4.2.1/../../../../arm-elf/lib/thumb/interwork/libg.a(lib_a-memset.o)
 .vfp11_veneer  0x0000ab3c        0x0 /opt/cross/lib/gcc/arm-elf/4.2.1/../../../../arm-elf/lib/thumb/interwork/libg.a(lib_a-sprintf.o)
 .vfp11_veneer  0x0000ab3c        0x0 /opt/cross/lib/gcc/arm-elf/4.2.1/../../../../arm-elf/lib/thumb/interwork/libg.a(lib_a-strcat.o)
 .vfp11_veneer  0x0000ab3c        0x0 /opt/cross/lib/gcc/arm-elf/4.2.1/../../../../arm-elf/lib/thumb/interwork/libg.a(lib_a-strcpy.o)
 .vfp11_veneer  0x0000ab3c        0x0 /opt/cross/lib/gcc/arm-elf/4.2.1/../../../../arm-elf/lib/thumb/interwork/libg.a(lib_a-strlen.o)
 .vfp11_veneer  0x0000ab3c        0x0 /opt/cross/lib/gcc/arm-elf/4.2.1/../../../../arm-elf/lib/thumb/interwork/libg.a(lib_a-strncpy.o)
 .vfp11_veneer  0x0000ab3c        0x0 /opt/cross/lib/gcc/arm-elf/4.2.1/../../../../arm-elf/lib/thumb/interwork/libg.a(lib_a-svfprintf.o)
 .vfp11_veneer  0x0000ab3c        0x0 /opt/cross/lib/gcc/arm-elf/4.2.1/../../../../arm-elf/lib/thumb/interwork/libg.a(lib_a-dtoa.o)
 .vfp11_veneer  0x0000ab3c        0x0 /opt/cross/lib/gcc/arm-elf/4.2.1/../../../../arm-elf/lib/thumb/interwork/libg.a(lib_a-freer.o)
 .vfp11_veneer  0x0000ab3c        0x0 /opt/cross/lib/gcc/arm-elf/4.2.1/../../../../arm-elf/lib/thumb/interwork/libg.a(lib_a-impure.o)
 .vfp11_veneer  0x0000ab3c        0x0 /opt/cross/lib/gcc/arm-elf/4.2.1/../../../../arm-elf/lib/thumb/interwork/libg.a(lib_a-locale.o)
 .vfp11_veneer  0x0000ab3c        0x0 /opt/cross/lib/gcc/arm-elf/4.2.1/../../../../arm-elf/lib/thumb/interwork/libg.a(lib_a-mallocr.o)
 .vfp11_veneer  0x0000ab3c        0x0 /opt/cross/lib/gcc/arm-elf/4.2.1/../../../../arm-elf/lib/thumb/interwork/libg.a(lib_a-memchr.o)
 .vfp11_veneer  0x0000ab3c        0x0 /opt/cross/lib/gcc/arm-elf/4.2.1/../../../../arm-elf/lib/thumb/interwork/libg.a(lib_a-memmove.o)
 .vfp11_veneer  0x0000ab3c        0x0 /opt/cross/lib/gcc/arm-elf/4.2.1/../../../../arm-elf/lib/thumb/interwork/libg.a(lib_a-mlock.o)
 .vfp11_veneer  0x0000ab3c        0x0 /opt/cross/lib/gcc/arm-elf/4.2.1/../../../../arm-elf/lib/thumb/interwork/libg.a(lib_a-mprec.o)
 .vfp11_veneer  0x0000ab3c        0x0 /opt/cross/lib/gcc/arm-elf/4.2.1/../../../../arm-elf/lib/thumb/interwork/libg.a(lib_a-reallocr.o)
 .vfp11_veneer  0x0000ab3c        0x0 /opt/cross/lib/gcc/arm-elf/4.2.1/../../../../arm-elf/lib/thumb/interwork/libg.a(lib_a-sbrkr.o)
 .vfp11_veneer  0x0000ab3c        0x0 /opt/cross/lib/gcc/arm-elf/4.2.1/../../../../arm-elf/lib/thumb/interwork/libg.a(lib_a-s_isinfd.o)
 .vfp11_veneer  0x0000ab3c        0x0 /opt/cross/lib/gcc/arm-elf/4.2.1/../../../../arm-elf/lib/thumb/interwork/libg.a(lib_a-s_isnand.o)
 .vfp11_veneer  0x0000ab3c        0x0 /opt/cross/lib/gcc/arm-elf/4.2.1/../../../../arm-elf/lib/thumb/interwork/libg.a(lib_a-strcmp.o)
 .vfp11_veneer  0x0000ab3c        0x0 /opt/cross/lib/gcc/arm-elf/4.2.1/../../../../arm-elf/lib/thumb/interwork/libg.a(lib_a-syscalls.o)
 .vfp11_veneer  0x0000ab3c        0x0 /opt/cross/lib/gcc/arm-elf/4.2.1/../../../../arm-elf/lib/thumb/interwork/libg.a(lib_a-callocr.o)
 .vfp11_veneer  0x0000ab3c        0x0 /opt/cross/lib/gcc/arm-elf/4.2.1/../../../../arm-elf/lib/thumb/interwork/libg.a(lib_a-errno.o)
 .vfp11_veneer  0x0000ab3c        0x0 /opt/cross/lib/gcc/arm-elf/4.2.1/../../../../arm-elf/lib/thumb/interwork/libg.a(lib_a-findfp.o)
 .vfp11_veneer  0x0000ab3c        0x0 /opt/cross/lib/gcc/arm-elf/4.2.1/../../../../arm-elf/lib/thumb/interwork/libg.a(lib_a-fwalk.o)
 .vfp11_veneer  0x0000ab3c        0x0 /opt/cross/lib/gcc/arm-elf/4.2.1/../../../../arm-elf/lib/thumb/interwork/libg.a(lib_a-reent.o)
 .vfp11_veneer  0x0000ab3c        0x0 /opt/cross/lib/gcc/arm-elf/4.2.1/../../../../arm-elf/lib/thumb/interwork/libg.a(lib_a-stdio.o)
 .vfp11_veneer  0x0000ab3c        0x0 /opt/cross/lib/gcc/arm-elf/4.2.1/../../../../arm-elf/lib/thumb/interwork/libg.a(lib_a-writer.o)
 .vfp11_veneer  0x0000ab3c        0x0 /opt/cross/lib/gcc/arm-elf/4.2.1/../../../../arm-elf/lib/thumb/interwork/libg.a(lib_a-closer.o)
 .vfp11_veneer  0x0000ab3c        0x0 /opt/cross/lib/gcc/arm-elf/4.2.1/../../../../arm-elf/lib/thumb/interwork/libg.a(lib_a-fclose.o)
 .vfp11_veneer  0x0000ab3c        0x0 /opt/cross/lib/gcc/arm-elf/4.2.1/../../../../arm-elf/lib/thumb/interwork/libg.a(lib_a-fflush.o)
 .vfp11_veneer  0x0000ab3c        0x0 /opt/cross/lib/gcc/arm-elf/4.2.1/../../../../arm-elf/lib/thumb/interwork/libg.a(lib_a-lseekr.o)
 .vfp11_veneer  0x0000ab3c        0x0 /opt/cross/lib/gcc/arm-elf/4.2.1/../../../../arm-elf/lib/thumb/interwork/libg.a(lib_a-readr.o)
 .vfp11_veneer  0x0000ab3c        0x0 /opt/cross/lib/gcc/arm-elf/4.2.1/thumb/interwork/libgcc.a(_umodsi3.o)
 .vfp11_veneer  0x0000ab3c        0x0 /opt/cross/lib/gcc/arm-elf/4.2.1/thumb/interwork/libgcc.a(_modsi3.o)
 .vfp11_veneer  0x0000ab3c        0x0 /opt/cross/lib/gcc/arm-elf/4.2.1/thumb/interwork/libgcc.a(_addsub_df.o)
 .vfp11_veneer  0x0000ab3c        0x0 /opt/cross/lib/gcc/arm-elf/4.2.1/thumb/interwork/libgcc.a(_mul_df.o)
 .vfp11_veneer  0x0000ab3c        0x0 /opt/cross/lib/gcc/arm-elf/4.2.1/thumb/interwork/libgcc.a(_div_df.o)
 .vfp11_veneer  0x0000ab3c        0x0 /opt/cross/lib/gcc/arm-elf/4.2.1/thumb/interwork/libgcc.a(_eq_df.o)
 .vfp11_veneer  0x0000ab3c        0x0 /opt/cross/lib/gcc/arm-elf/4.2.1/thumb/interwork/libgcc.a(_ne_df.o)
 .vfp11_veneer  0x0000ab3c        0x0 /opt/cross/lib/gcc/arm-elf/4.2.1/thumb/interwork/libgcc.a(_gt_df.o)
 .vfp11_veneer  0x0000ab3c        0x0 /opt/cross/lib/gcc/arm-elf/4.2.1/thumb/interwork/libgcc.a(_ge_df.o)
 .vfp11_veneer  0x0000ab3c        0x0 /opt/cross/lib/gcc/arm-elf/4.2.1/thumb/interwork/libgcc.a(_lt_df.o)
 .vfp11_veneer  0x0000ab3c        0x0 /opt/cross/lib/gcc/arm-elf/4.2.1/thumb/interwork/libgcc.a(_si_to_df.o)
 .vfp11_veneer  0x0000ab3c        0x0 /opt/cross/lib/gcc/arm-elf/4.2.1/thumb/interwork/libgcc.a(_df_to_si.o)
 .vfp11_veneer  0x0000ab3c        0x0 /opt/cross/lib/gcc/arm-elf/4.2.1/thumb/interwork/libgcc.a(_thenan_df.o)
 .vfp11_veneer  0x0000ab3c        0x0 /opt/cross/lib/gcc/arm-elf/4.2.1/thumb/interwork/libgcc.a(_usi_to_df.o)
 .vfp11_veneer  0x0000ab3c        0x0 /opt/cross/lib/gcc/arm-elf/4.2.1/thumb/interwork/libgcc.a(_muldi3.o)
 .vfp11_veneer  0x0000ab3c        0x0 /opt/cross/lib/gcc/arm-elf/4.2.1/thumb/interwork/libgcc.a(_clzsi2.o)
 .vfp11_veneer  0x0000ab3c        0x0 /opt/cross/lib/gcc/arm-elf/4.2.1/thumb/interwork/libgcc.a(_pack_df.o)
 .vfp11_veneer  0x0000ab3c        0x0 /opt/cross/lib/gcc/arm-elf/4.2.1/thumb/interwork/libgcc.a(_unpack_df.o)
 .vfp11_veneer  0x0000ab3c        0x0 /opt/cross/lib/gcc/arm-elf/4.2.1/thumb/interwork/libgcc.a(_fpcmp_parts_df.o)
 .vfp11_veneer  0x0000ab3c        0x0 /opt/cross/lib/gcc/arm-elf/4.2.1/thumb/interwork/libgcc.a(_clz.o)

.v4_bx          0x0000ab3c        0x0
 .v4_bx         0x0000ab3c        0x0 ../Common/drivers/LPC/peripherals/pwm.o
 .v4_bx         0x0000ab3c        0x0 ../Common/drivers/LPC/serial/serial.o
 .v4_bx         0x0000ab3c        0x0 ../Common/drivers/LPC/serial/serialISR.o
 .v4_bx         0x0000ab3c        0x0 ../Common/drivers/LPC/printf/uart0PutChar2.o
 .v4_bx         0x0000ab3c        0x0 ../Common/drivers/LPC/printf/printf2.o
 .v4_bx         0x0000ab3c        0x0 ../Common/drivers/LPC/printf/printfHelpers.o
 .v4_bx         0x0000ab3c        0x0 ../Common/drivers/LPC/i2c/i2c.o
 .v4_bx         0x0000ab3c        0x0 ../Source/portable/GCC/ARM7_LPC23xx/portISR.o
 .v4_bx         0x0000ab3c        0x0 main.o
 .v4_bx         0x0000ab3c        0x0 ../Common/Minimal/BlockQ.o
 .v4_bx         0x0000ab3c        0x0 ../Common/Minimal/blocktim.o
 .v4_bx         0x0000ab3c        0x0 ../Common/Minimal/integer.o
 .v4_bx         0x0000ab3c        0x0 ../Common/Minimal/GenQTest.o
 .v4_bx         0x0000ab3c        0x0 ../Common/Minimal/QPeek.o
 .v4_bx         0x0000ab3c        0x0 ../Common/Minimal/dynamic.o
 .v4_bx         0x0000ab3c        0x0 ../Source/list.o
 .v4_bx         0x0000ab3c        0x0 ../Source/queue.o
 .v4_bx         0x0000ab3c        0x0 ../Source/tasks.o
 .v4_bx         0x0000ab3c        0x0 ../Source/portable/GCC/ARM7_LPC23xx/port.o
 .v4_bx         0x0000ab3c        0x0 ../Source/portable/MemMang/heap_2.o
 .v4_bx         0x0000ab3c        0x0 /tmp/ccyCmckx.o
 .v4_bx         0x0000ab3c        0x0 /opt/cross/lib/gcc/arm-elf/4.2.1/thumb/interwork/libgcc.a(_udivsi3.o)
 .v4_bx         0x0000ab3c        0x0 /opt/cross/lib/gcc/arm-elf/4.2.1/thumb/interwork/libgcc.a(_divsi3.o)
 .v4_bx         0x0000ab3c        0x0 /opt/cross/lib/gcc/arm-elf/4.2.1/thumb/interwork/libgcc.a(_dvmd_tls.o)
 .v4_bx         0x0000ab3c        0x0 /opt/cross/lib/gcc/arm-elf/4.2.1/../../../../arm-elf/lib/thumb/interwork/libg.a(lib_a-memcpy.o)
 .v4_bx         0x0000ab3c        0x0 /opt/cross/lib/gcc/arm-elf/4.2.1/../../../../arm-elf/lib/thumb/interwork/libg.a(lib_a-memset.o)
 .v4_bx         0x0000ab3c        0x0 /opt/cross/lib/gcc/arm-elf/4.2.1/../../../../arm-elf/lib/thumb/interwork/libg.a(lib_a-sprintf.o)
 .v4_bx         0x0000ab3c        0x0 /opt/cross/lib/gcc/arm-elf/4.2.1/../../../../arm-elf/lib/thumb/interwork/libg.a(lib_a-strcat.o)
 .v4_bx         0x0000ab3c        0x0 /opt/cross/lib/gcc/arm-elf/4.2.1/../../../../arm-elf/lib/thumb/interwork/libg.a(lib_a-strcpy.o)
 .v4_bx         0x0000ab3c        0x0 /opt/cross/lib/gcc/arm-elf/4.2.1/../../../../arm-elf/lib/thumb/interwork/libg.a(lib_a-strlen.o)
 .v4_bx         0x0000ab3c        0x0 /opt/cross/lib/gcc/arm-elf/4.2.1/../../../../arm-elf/lib/thumb/interwork/libg.a(lib_a-strncpy.o)
 .v4_bx         0x0000ab3c        0x0 /opt/cross/lib/gcc/arm-elf/4.2.1/../../../../arm-elf/lib/thumb/interwork/libg.a(lib_a-svfprintf.o)
 .v4_bx         0x0000ab3c        0x0 /opt/cross/lib/gcc/arm-elf/4.2.1/../../../../arm-elf/lib/thumb/interwork/libg.a(lib_a-dtoa.o)
 .v4_bx         0x0000ab3c        0x0 /opt/cross/lib/gcc/arm-elf/4.2.1/../../../../arm-elf/lib/thumb/interwork/libg.a(lib_a-freer.o)
 .v4_bx         0x0000ab3c        0x0 /opt/cross/lib/gcc/arm-elf/4.2.1/../../../../arm-elf/lib/thumb/interwork/libg.a(lib_a-impure.o)
 .v4_bx         0x0000ab3c        0x0 /opt/cross/lib/gcc/arm-elf/4.2.1/../../../../arm-elf/lib/thumb/interwork/libg.a(lib_a-locale.o)
 .v4_bx         0x0000ab3c        0x0 /opt/cross/lib/gcc/arm-elf/4.2.1/../../../../arm-elf/lib/thumb/interwork/libg.a(lib_a-mallocr.o)
 .v4_bx         0x0000ab3c        0x0 /opt/cross/lib/gcc/arm-elf/4.2.1/../../../../arm-elf/lib/thumb/interwork/libg.a(lib_a-memchr.o)
 .v4_bx         0x0000ab3c        0x0 /opt/cross/lib/gcc/arm-elf/4.2.1/../../../../arm-elf/lib/thumb/interwork/libg.a(lib_a-memmove.o)
 .v4_bx         0x0000ab3c        0x0 /opt/cross/lib/gcc/arm-elf/4.2.1/../../../../arm-elf/lib/thumb/interwork/libg.a(lib_a-mlock.o)
 .v4_bx         0x0000ab3c        0x0 /opt/cross/lib/gcc/arm-elf/4.2.1/../../../../arm-elf/lib/thumb/interwork/libg.a(lib_a-mprec.o)
 .v4_bx         0x0000ab3c        0x0 /opt/cross/lib/gcc/arm-elf/4.2.1/../../../../arm-elf/lib/thumb/interwork/libg.a(lib_a-reallocr.o)
 .v4_bx         0x0000ab3c        0x0 /opt/cross/lib/gcc/arm-elf/4.2.1/../../../../arm-elf/lib/thumb/interwork/libg.a(lib_a-sbrkr.o)
 .v4_bx         0x0000ab3c        0x0 /opt/cross/lib/gcc/arm-elf/4.2.1/../../../../arm-elf/lib/thumb/interwork/libg.a(lib_a-s_isinfd.o)
 .v4_bx         0x0000ab3c        0x0 /opt/cross/lib/gcc/arm-elf/4.2.1/../../../../arm-elf/lib/thumb/interwork/libg.a(lib_a-s_isnand.o)
 .v4_bx         0x0000ab3c        0x0 /opt/cross/lib/gcc/arm-elf/4.2.1/../../../../arm-elf/lib/thumb/interwork/libg.a(lib_a-strcmp.o)
 .v4_bx         0x0000ab3c        0x0 /opt/cross/lib/gcc/arm-elf/4.2.1/../../../../arm-elf/lib/thumb/interwork/libg.a(lib_a-syscalls.o)
 .v4_bx         0x0000ab3c        0x0 /opt/cross/lib/gcc/arm-elf/4.2.1/../../../../arm-elf/lib/thumb/interwork/libg.a(lib_a-callocr.o)
 .v4_bx         0x0000ab3c        0x0 /opt/cross/lib/gcc/arm-elf/4.2.1/../../../../arm-elf/lib/thumb/interwork/libg.a(lib_a-errno.o)
 .v4_bx         0x0000ab3c        0x0 /opt/cross/lib/gcc/arm-elf/4.2.1/../../../../arm-elf/lib/thumb/interwork/libg.a(lib_a-findfp.o)
 .v4_bx         0x0000ab3c        0x0 /opt/cross/lib/gcc/arm-elf/4.2.1/../../../../arm-elf/lib/thumb/interwork/libg.a(lib_a-fwalk.o)
 .v4_bx         0x0000ab3c        0x0 /opt/cross/lib/gcc/arm-elf/4.2.1/../../../../arm-elf/lib/thumb/interwork/libg.a(lib_a-reent.o)
 .v4_bx         0x0000ab3c        0x0 /opt/cross/lib/gcc/arm-elf/4.2.1/../../../../arm-elf/lib/thumb/interwork/libg.a(lib_a-stdio.o)
 .v4_bx         0x0000ab3c        0x0 /opt/cross/lib/gcc/arm-elf/4.2.1/../../../../arm-elf/lib/thumb/interwork/libg.a(lib_a-writer.o)
 .v4_bx         0x0000ab3c        0x0 /opt/cross/lib/gcc/arm-elf/4.2.1/../../../../arm-elf/lib/thumb/interwork/libg.a(lib_a-closer.o)
 .v4_bx         0x0000ab3c        0x0 /opt/cross/lib/gcc/arm-elf/4.2.1/../../../../arm-elf/lib/thumb/interwork/libg.a(lib_a-fclose.o)
 .v4_bx         0x0000ab3c        0x0 /opt/cross/lib/gcc/arm-elf/4.2.1/../../../../arm-elf/lib/thumb/interwork/libg.a(lib_a-fflush.o)
 .v4_bx         0x0000ab3c        0x0 /opt/cross/lib/gcc/arm-elf/4.2.1/../../../../arm-elf/lib/thumb/interwork/libg.a(lib_a-lseekr.o)
 .v4_bx         0x0000ab3c        0x0 /opt/cross/lib/gcc/arm-elf/4.2.1/../../../../arm-elf/lib/thumb/interwork/libg.a(lib_a-readr.o)
 .v4_bx         0x0000ab3c        0x0 /opt/cross/lib/gcc/arm-elf/4.2.1/thumb/interwork/libgcc.a(_umodsi3.o)
 .v4_bx         0x0000ab3c        0x0 /opt/cross/lib/gcc/arm-elf/4.2.1/thumb/interwork/libgcc.a(_modsi3.o)
 .v4_bx         0x0000ab3c        0x0 /opt/cross/lib/gcc/arm-elf/4.2.1/thumb/interwork/libgcc.a(_addsub_df.o)
 .v4_bx         0x0000ab3c        0x0 /opt/cross/lib/gcc/arm-elf/4.2.1/thumb/interwork/libgcc.a(_mul_df.o)
 .v4_bx         0x0000ab3c        0x0 /opt/cross/lib/gcc/arm-elf/4.2.1/thumb/interwork/libgcc.a(_div_df.o)
 .v4_bx         0x0000ab3c        0x0 /opt/cross/lib/gcc/arm-elf/4.2.1/thumb/interwork/libgcc.a(_eq_df.o)
 .v4_bx         0x0000ab3c        0x0 /opt/cross/lib/gcc/arm-elf/4.2.1/thumb/interwork/libgcc.a(_ne_df.o)
 .v4_bx         0x0000ab3c        0x0 /opt/cross/lib/gcc/arm-elf/4.2.1/thumb/interwork/libgcc.a(_gt_df.o)
 .v4_bx         0x0000ab3c        0x0 /opt/cross/lib/gcc/arm-elf/4.2.1/thumb/interwork/libgcc.a(_ge_df.o)
 .v4_bx         0x0000ab3c        0x0 /opt/cross/lib/gcc/arm-elf/4.2.1/thumb/interwork/libgcc.a(_lt_df.o)
 .v4_bx         0x0000ab3c        0x0 /opt/cross/lib/gcc/arm-elf/4.2.1/thumb/interwork/libgcc.a(_si_to_df.o)
 .v4_bx         0x0000ab3c        0x0 /opt/cross/lib/gcc/arm-elf/4.2.1/thumb/interwork/libgcc.a(_df_to_si.o)
 .v4_bx         0x0000ab3c        0x0 /opt/cross/lib/gcc/arm-elf/4.2.1/thumb/interwork/libgcc.a(_thenan_df.o)
 .v4_bx         0x0000ab3c        0x0 /opt/cross/lib/gcc/arm-elf/4.2.1/thumb/interwork/libgcc.a(_usi_to_df.o)
 .v4_bx         0x0000ab3c        0x0 /opt/cross/lib/gcc/arm-elf/4.2.1/thumb/interwork/libgcc.a(_muldi3.o)
 .v4_bx         0x0000ab3c        0x0 /opt/cross/lib/gcc/arm-elf/4.2.1/thumb/interwork/libgcc.a(_clzsi2.o)
 .v4_bx         0x0000ab3c        0x0 /opt/cross/lib/gcc/arm-elf/4.2.1/thumb/interwork/libgcc.a(_pack_df.o)
 .v4_bx         0x0000ab3c        0x0 /opt/cross/lib/gcc/arm-elf/4.2.1/thumb/interwork/libgcc.a(_unpack_df.o)
 .v4_bx         0x0000ab3c        0x0 /opt/cross/lib/gcc/arm-elf/4.2.1/thumb/interwork/libgcc.a(_fpcmp_parts_df.o)
 .v4_bx         0x0000ab3c        0x0 /opt/cross/lib/gcc/arm-elf/4.2.1/thumb/interwork/libgcc.a(_clz.o)

.data           0x40000000      0x858 load address 0x0000ab3c
                0x40000000                __data_beg__ = .
                0x0000ab3c                __data_beg_src__ = __end_of_text__
 *(.data)
 .data          0x40000000        0x0 ../Common/drivers/LPC/peripherals/pwm.o
 .data          0x40000000        0x0 ../Common/drivers/LPC/serial/serial.o
 .data          0x40000000        0x0 ../Common/drivers/LPC/serial/serialISR.o
 .data          0x40000000        0x0 ../Common/drivers/LPC/printf/uart0PutChar2.o
 .data          0x40000000        0x0 ../Common/drivers/LPC/printf/printf2.o
 .data          0x40000000        0x0 ../Common/drivers/LPC/printf/printfHelpers.o
 .data          0x40000000        0x0 ../Common/drivers/LPC/i2c/i2c.o
 .data          0x40000000        0x4 ../Source/portable/GCC/ARM7_LPC23xx/portISR.o
                0x40000000                ulCriticalNesting
 .data          0x40000004        0x8 main.o
 .data          0x4000000c        0x0 ../Common/Minimal/BlockQ.o
 .data          0x4000000c        0x0 ../Common/Minimal/blocktim.o
 .data          0x4000000c        0x0 ../Common/Minimal/integer.o
 .data          0x4000000c        0x0 ../Common/Minimal/GenQTest.o
 .data          0x4000000c        0x0 ../Common/Minimal/QPeek.o
 .data          0x4000000c        0x0 ../Common/Minimal/dynamic.o
 .data          0x4000000c        0x0 ../Source/list.o
 .data          0x4000000c        0x0 ../Source/queue.o
 .data          0x4000000c        0x4 ../Source/tasks.o
 .data          0x40000010        0x0 ../Source/portable/GCC/ARM7_LPC23xx/port.o
 .data          0x40000010        0x0 ../Source/portable/MemMang/heap_2.o
 .data          0x40000010        0x0 /tmp/ccyCmckx.o
 .data          0x40000010        0x0 /opt/cross/lib/gcc/arm-elf/4.2.1/thumb/interwork/libgcc.a(_udivsi3.o)
 .data          0x40000010        0x0 /opt/cross/lib/gcc/arm-elf/4.2.1/thumb/interwork/libgcc.a(_divsi3.o)
 .data          0x40000010        0x0 /opt/cross/lib/gcc/arm-elf/4.2.1/thumb/interwork/libgcc.a(_dvmd_tls.o)
 .data          0x40000010        0x0 /opt/cross/lib/gcc/arm-elf/4.2.1/../../../../arm-elf/lib/thumb/interwork/libg.a(lib_a-memcpy.o)
 .data          0x40000010        0x0 /opt/cross/lib/gcc/arm-elf/4.2.1/../../../../arm-elf/lib/thumb/interwork/libg.a(lib_a-memset.o)
 .data          0x40000010        0x0 /opt/cross/lib/gcc/arm-elf/4.2.1/../../../../arm-elf/lib/thumb/interwork/libg.a(lib_a-sprintf.o)
 .data          0x40000010        0x0 /opt/cross/lib/gcc/arm-elf/4.2.1/../../../../arm-elf/lib/thumb/interwork/libg.a(lib_a-strcat.o)
 .data          0x40000010        0x0 /opt/cross/lib/gcc/arm-elf/4.2.1/../../../../arm-elf/lib/thumb/interwork/libg.a(lib_a-strcpy.o)
 .data          0x40000010        0x0 /opt/cross/lib/gcc/arm-elf/4.2.1/../../../../arm-elf/lib/thumb/interwork/libg.a(lib_a-strlen.o)
 .data          0x40000010        0x0 /opt/cross/lib/gcc/arm-elf/4.2.1/../../../../arm-elf/lib/thumb/interwork/libg.a(lib_a-strncpy.o)
 .data          0x40000010        0x0 /opt/cross/lib/gcc/arm-elf/4.2.1/../../../../arm-elf/lib/thumb/interwork/libg.a(lib_a-svfprintf.o)
 .data          0x40000010        0x0 /opt/cross/lib/gcc/arm-elf/4.2.1/../../../../arm-elf/lib/thumb/interwork/libg.a(lib_a-dtoa.o)
 .data          0x40000010        0x0 /opt/cross/lib/gcc/arm-elf/4.2.1/../../../../arm-elf/lib/thumb/interwork/libg.a(lib_a-freer.o)
 .data          0x40000010      0x428 /opt/cross/lib/gcc/arm-elf/4.2.1/../../../../arm-elf/lib/thumb/interwork/libg.a(lib_a-impure.o)
                0x40000010                _impure_ptr
 .data          0x40000438       0x10 /opt/cross/lib/gcc/arm-elf/4.2.1/../../../../arm-elf/lib/thumb/interwork/libg.a(lib_a-locale.o)
                0x40000438                __mb_cur_max
                0x4000043c                __lc_ctype
 .data          0x40000448      0x410 /opt/cross/lib/gcc/arm-elf/4.2.1/../../../../arm-elf/lib/thumb/interwork/libg.a(lib_a-mallocr.o)
                0x40000854                __malloc_sbrk_base
                0x40000448                __malloc_av_
                0x40000850                __malloc_trim_threshold
 .data          0x40000858        0x0 /opt/cross/lib/gcc/arm-elf/4.2.1/../../../../arm-elf/lib/thumb/interwork/libg.a(lib_a-memchr.o)
 .data          0x40000858        0x0 /opt/cross/lib/gcc/arm-elf/4.2.1/../../../../arm-elf/lib/thumb/interwork/libg.a(lib_a-memmove.o)
 .data          0x40000858        0x0 /opt/cross/lib/gcc/arm-elf/4.2.1/../../../../arm-elf/lib/thumb/interwork/libg.a(lib_a-mlock.o)
 .data          0x40000858        0x0 /opt/cross/lib/gcc/arm-elf/4.2.1/../../../../arm-elf/lib/thumb/interwork/libg.a(lib_a-mprec.o)
 .data          0x40000858        0x0 /opt/cross/lib/gcc/arm-elf/4.2.1/../../../../arm-elf/lib/thumb/interwork/libg.a(lib_a-reallocr.o)
 .data          0x40000858        0x0 /opt/cross/lib/gcc/arm-elf/4.2.1/../../../../arm-elf/lib/thumb/interwork/libg.a(lib_a-sbrkr.o)
 .data          0x40000858        0x0 /opt/cross/lib/gcc/arm-elf/4.2.1/../../../../arm-elf/lib/thumb/interwork/libg.a(lib_a-s_isinfd.o)
 .data          0x40000858        0x0 /opt/cross/lib/gcc/arm-elf/4.2.1/../../../../arm-elf/lib/thumb/interwork/libg.a(lib_a-s_isnand.o)
 .data          0x40000858        0x0 /opt/cross/lib/gcc/arm-elf/4.2.1/../../../../arm-elf/lib/thumb/interwork/libg.a(lib_a-strcmp.o)
 .data          0x40000858        0x0 /opt/cross/lib/gcc/arm-elf/4.2.1/../../../../arm-elf/lib/thumb/interwork/libg.a(lib_a-syscalls.o)
 .data          0x40000858        0x0 /opt/cross/lib/gcc/arm-elf/4.2.1/../../../../arm-elf/lib/thumb/interwork/libg.a(lib_a-callocr.o)
 .data          0x40000858        0x0 /opt/cross/lib/gcc/arm-elf/4.2.1/../../../../arm-elf/lib/thumb/interwork/libg.a(lib_a-errno.o)
 .data          0x40000858        0x0 /opt/cross/lib/gcc/arm-elf/4.2.1/../../../../arm-elf/lib/thumb/interwork/libg.a(lib_a-findfp.o)
 .data          0x40000858        0x0 /opt/cross/lib/gcc/arm-elf/4.2.1/../../../../arm-elf/lib/thumb/interwork/libg.a(lib_a-fwalk.o)
 .data          0x40000858        0x0 /opt/cross/lib/gcc/arm-elf/4.2.1/../../../../arm-elf/lib/thumb/interwork/libg.a(lib_a-reent.o)
 .data          0x40000858        0x0 /opt/cross/lib/gcc/arm-elf/4.2.1/../../../../arm-elf/lib/thumb/interwork/libg.a(lib_a-stdio.o)
 .data          0x40000858        0x0 /opt/cross/lib/gcc/arm-elf/4.2.1/../../../../arm-elf/lib/thumb/interwork/libg.a(lib_a-writer.o)
 .data          0x40000858        0x0 /opt/cross/lib/gcc/arm-elf/4.2.1/../../../../arm-elf/lib/thumb/interwork/libg.a(lib_a-closer.o)
 .data          0x40000858        0x0 /opt/cross/lib/gcc/arm-elf/4.2.1/../../../../arm-elf/lib/thumb/interwork/libg.a(lib_a-fclose.o)
 .data          0x40000858        0x0 /opt/cross/lib/gcc/arm-elf/4.2.1/../../../../arm-elf/lib/thumb/interwork/libg.a(lib_a-fflush.o)
 .data          0x40000858        0x0 /opt/cross/lib/gcc/arm-elf/4.2.1/../../../../arm-elf/lib/thumb/interwork/libg.a(lib_a-lseekr.o)
 .data          0x40000858        0x0 /opt/cross/lib/gcc/arm-elf/4.2.1/../../../../arm-elf/lib/thumb/interwork/libg.a(lib_a-readr.o)
 .data          0x40000858        0x0 /opt/cross/lib/gcc/arm-elf/4.2.1/thumb/interwork/libgcc.a(_umodsi3.o)
 .data          0x40000858        0x0 /opt/cross/lib/gcc/arm-elf/4.2.1/thumb/interwork/libgcc.a(_modsi3.o)
 .data          0x40000858        0x0 /opt/cross/lib/gcc/arm-elf/4.2.1/thumb/interwork/libgcc.a(_addsub_df.o)
 .data          0x40000858        0x0 /opt/cross/lib/gcc/arm-elf/4.2.1/thumb/interwork/libgcc.a(_mul_df.o)
 .data          0x40000858        0x0 /opt/cross/lib/gcc/arm-elf/4.2.1/thumb/interwork/libgcc.a(_div_df.o)
 .data          0x40000858        0x0 /opt/cross/lib/gcc/arm-elf/4.2.1/thumb/interwork/libgcc.a(_eq_df.o)
 .data          0x40000858        0x0 /opt/cross/lib/gcc/arm-elf/4.2.1/thumb/interwork/libgcc.a(_ne_df.o)
 .data          0x40000858        0x0 /opt/cross/lib/gcc/arm-elf/4.2.1/thumb/interwork/libgcc.a(_gt_df.o)
 .data          0x40000858        0x0 /opt/cross/lib/gcc/arm-elf/4.2.1/thumb/interwork/libgcc.a(_ge_df.o)
 .data          0x40000858        0x0 /opt/cross/lib/gcc/arm-elf/4.2.1/thumb/interwork/libgcc.a(_lt_df.o)
 .data          0x40000858        0x0 /opt/cross/lib/gcc/arm-elf/4.2.1/thumb/interwork/libgcc.a(_si_to_df.o)
 .data          0x40000858        0x0 /opt/cross/lib/gcc/arm-elf/4.2.1/thumb/interwork/libgcc.a(_df_to_si.o)
 .data          0x40000858        0x0 /opt/cross/lib/gcc/arm-elf/4.2.1/thumb/interwork/libgcc.a(_thenan_df.o)
 .data          0x40000858        0x0 /opt/cross/lib/gcc/arm-elf/4.2.1/thumb/interwork/libgcc.a(_usi_to_df.o)
 .data          0x40000858        0x0 /opt/cross/lib/gcc/arm-elf/4.2.1/thumb/interwork/libgcc.a(_muldi3.o)
 .data          0x40000858        0x0 /opt/cross/lib/gcc/arm-elf/4.2.1/thumb/interwork/libgcc.a(_clzsi2.o)
 .data          0x40000858        0x0 /opt/cross/lib/gcc/arm-elf/4.2.1/thumb/interwork/libgcc.a(_pack_df.o)
 .data          0x40000858        0x0 /opt/cross/lib/gcc/arm-elf/4.2.1/thumb/interwork/libgcc.a(_unpack_df.o)
 .data          0x40000858        0x0 /opt/cross/lib/gcc/arm-elf/4.2.1/thumb/interwork/libgcc.a(_fpcmp_parts_df.o)
 .data          0x40000858        0x0 /opt/cross/lib/gcc/arm-elf/4.2.1/thumb/interwork/libgcc.a(_clz.o)
                0x40000858                __data_end__ = .

.bss            0x40000858     0x4cf8
                0x40000858                __bss_beg__ = .
 *(.bss)
 .bss           0x40000858        0x0 ../Common/drivers/LPC/peripherals/pwm.o
 .bss           0x40000858       0x18 ../Common/drivers/LPC/serial/serial.o
 .bss           0x40000870       0x18 ../Common/drivers/LPC/serial/serialISR.o
 .bss           0x40000888        0x0 ../Common/drivers/LPC/printf/uart0PutChar2.o
 .bss           0x40000888        0x0 ../Common/drivers/LPC/printf/printf2.o
 .bss           0x40000888        0x0 ../Common/drivers/LPC/printf/printfHelpers.o
 .bss           0x40000888       0x24 ../Common/drivers/LPC/i2c/i2c.o
                0x4000089c                I2C1DataLength
                0x400008a8                I2C2DataLength
                0x40000894                I2C1ExtSlaveAddress
                0x40000898                I2C1DataCounter
                0x400008a0                I2C2ExtSlaveAddress
                0x40000888                I2C0ExtSlaveAddress
                0x40000890                I2C0DataLength
                0x4000088c                I2C0DataCounter
                0x400008a4                I2C2DataCounter
 .bss           0x400008ac        0x0 ../Source/portable/GCC/ARM7_LPC23xx/portISR.o
 .bss           0x400008ac        0x8 main.o
 .bss           0x400008b4       0x18 ../Common/Minimal/BlockQ.o
 .bss           0x400008cc       0x20 ../Common/Minimal/blocktim.o
 .bss           0x400008ec        0x4 ../Common/Minimal/integer.o
 .bss           0x400008f0       0x20 ../Common/Minimal/GenQTest.o
 .bss           0x40000910        0xc ../Common/Minimal/QPeek.o
 .bss           0x4000091c       0x28 ../Common/Minimal/dynamic.o
 .bss           0x40000944        0x0 ../Source/list.o
 .bss           0x40000944        0x0 ../Source/queue.o
 .bss           0x40000944      0x130 ../Source/tasks.o
                0x40000944                pxCurrentTCB
 .bss           0x40000a74        0x0 ../Source/portable/GCC/ARM7_LPC23xx/port.o
 .bss           0x40000a74     0x4818 ../Source/portable/MemMang/heap_2.o
 .bss           0x4000528c        0x0 /tmp/ccyCmckx.o
 .bss           0x4000528c        0x0 /opt/cross/lib/gcc/arm-elf/4.2.1/thumb/interwork/libgcc.a(_udivsi3.o)
 .bss           0x4000528c        0x0 /opt/cross/lib/gcc/arm-elf/4.2.1/thumb/interwork/libgcc.a(_divsi3.o)
 .bss           0x4000528c        0x0 /opt/cross/lib/gcc/arm-elf/4.2.1/thumb/interwork/libgcc.a(_dvmd_tls.o)
 .bss           0x4000528c        0x0 /opt/cross/lib/gcc/arm-elf/4.2.1/../../../../arm-elf/lib/thumb/interwork/libg.a(lib_a-memcpy.o)
 .bss           0x4000528c        0x0 /opt/cross/lib/gcc/arm-elf/4.2.1/../../../../arm-elf/lib/thumb/interwork/libg.a(lib_a-memset.o)
 .bss           0x4000528c        0x0 /opt/cross/lib/gcc/arm-elf/4.2.1/../../../../arm-elf/lib/thumb/interwork/libg.a(lib_a-sprintf.o)
 .bss           0x4000528c        0x0 /opt/cross/lib/gcc/arm-elf/4.2.1/../../../../arm-elf/lib/thumb/interwork/libg.a(lib_a-strcat.o)
 .bss           0x4000528c        0x0 /opt/cross/lib/gcc/arm-elf/4.2.1/../../../../arm-elf/lib/thumb/interwork/libg.a(lib_a-strcpy.o)
 .bss           0x4000528c        0x0 /opt/cross/lib/gcc/arm-elf/4.2.1/../../../../arm-elf/lib/thumb/interwork/libg.a(lib_a-strlen.o)
 .bss           0x4000528c        0x0 /opt/cross/lib/gcc/arm-elf/4.2.1/../../../../arm-elf/lib/thumb/interwork/libg.a(lib_a-strncpy.o)
 .bss           0x4000528c        0x0 /opt/cross/lib/gcc/arm-elf/4.2.1/../../../../arm-elf/lib/thumb/interwork/libg.a(lib_a-svfprintf.o)
 .bss           0x4000528c        0x0 /opt/cross/lib/gcc/arm-elf/4.2.1/../../../../arm-elf/lib/thumb/interwork/libg.a(lib_a-dtoa.o)
 .bss           0x4000528c        0x0 /opt/cross/lib/gcc/arm-elf/4.2.1/../../../../arm-elf/lib/thumb/interwork/libg.a(lib_a-freer.o)
 .bss           0x4000528c        0x0 /opt/cross/lib/gcc/arm-elf/4.2.1/../../../../arm-elf/lib/thumb/interwork/libg.a(lib_a-impure.o)
 .bss           0x4000528c        0xc /opt/cross/lib/gcc/arm-elf/4.2.1/../../../../arm-elf/lib/thumb/interwork/libg.a(lib_a-locale.o)
                0x4000528c                __nlocale_changed
                0x40005290                __mlocale_changed
                0x40005294                _PathLocale
 .bss           0x40005298       0x34 /opt/cross/lib/gcc/arm-elf/4.2.1/../../../../arm-elf/lib/thumb/interwork/libg.a(lib_a-mallocr.o)
                0x40005298                __malloc_top_pad
                0x4000529c                __malloc_max_sbrked_mem
                0x400052a4                __malloc_current_mallinfo
                0x400052a0                __malloc_max_total_mem
 .bss           0x400052cc        0x0 /opt/cross/lib/gcc/arm-elf/4.2.1/../../../../arm-elf/lib/thumb/interwork/libg.a(lib_a-memchr.o)
 .bss           0x400052cc        0x0 /opt/cross/lib/gcc/arm-elf/4.2.1/../../../../arm-elf/lib/thumb/interwork/libg.a(lib_a-memmove.o)
 .bss           0x400052cc        0x0 /opt/cross/lib/gcc/arm-elf/4.2.1/../../../../arm-elf/lib/thumb/interwork/libg.a(lib_a-mlock.o)
 .bss           0x400052cc        0x0 /opt/cross/lib/gcc/arm-elf/4.2.1/../../../../arm-elf/lib/thumb/interwork/libg.a(lib_a-mprec.o)
 .bss           0x400052cc        0x0 /opt/cross/lib/gcc/arm-elf/4.2.1/../../../../arm-elf/lib/thumb/interwork/libg.a(lib_a-reallocr.o)
 .bss           0x400052cc        0x0 /opt/cross/lib/gcc/arm-elf/4.2.1/../../../../arm-elf/lib/thumb/interwork/libg.a(lib_a-sbrkr.o)
 .bss           0x400052cc        0x0 /opt/cross/lib/gcc/arm-elf/4.2.1/../../../../arm-elf/lib/thumb/interwork/libg.a(lib_a-s_isinfd.o)
 .bss           0x400052cc        0x0 /opt/cross/lib/gcc/arm-elf/4.2.1/../../../../arm-elf/lib/thumb/interwork/libg.a(lib_a-s_isnand.o)
 .bss           0x400052cc        0x0 /opt/cross/lib/gcc/arm-elf/4.2.1/../../../../arm-elf/lib/thumb/interwork/libg.a(lib_a-strcmp.o)
 .bss           0x400052cc       0xb0 /opt/cross/lib/gcc/arm-elf/4.2.1/../../../../arm-elf/lib/thumb/interwork/libg.a(lib_a-syscalls.o)
 .bss           0x4000537c        0x0 /opt/cross/lib/gcc/arm-elf/4.2.1/../../../../arm-elf/lib/thumb/interwork/libg.a(lib_a-callocr.o)
 .bss           0x4000537c        0x0 /opt/cross/lib/gcc/arm-elf/4.2.1/../../../../arm-elf/lib/thumb/interwork/libg.a(lib_a-errno.o)
 .bss           0x4000537c        0x0 /opt/cross/lib/gcc/arm-elf/4.2.1/../../../../arm-elf/lib/thumb/interwork/libg.a(lib_a-findfp.o)
 .bss           0x4000537c        0x0 /opt/cross/lib/gcc/arm-elf/4.2.1/../../../../arm-elf/lib/thumb/interwork/libg.a(lib_a-fwalk.o)
 .bss           0x4000537c        0x0 /opt/cross/lib/gcc/arm-elf/4.2.1/../../../../arm-elf/lib/thumb/interwork/libg.a(lib_a-reent.o)
 .bss           0x4000537c        0x0 /opt/cross/lib/gcc/arm-elf/4.2.1/../../../../arm-elf/lib/thumb/interwork/libg.a(lib_a-stdio.o)
 .bss           0x4000537c        0x0 /opt/cross/lib/gcc/arm-elf/4.2.1/../../../../arm-elf/lib/thumb/interwork/libg.a(lib_a-writer.o)
 .bss           0x4000537c        0x0 /opt/cross/lib/gcc/arm-elf/4.2.1/../../../../arm-elf/lib/thumb/interwork/libg.a(lib_a-closer.o)
 .bss           0x4000537c        0x0 /opt/cross/lib/gcc/arm-elf/4.2.1/../../../../arm-elf/lib/thumb/interwork/libg.a(lib_a-fclose.o)
 .bss           0x4000537c        0x0 /opt/cross/lib/gcc/arm-elf/4.2.1/../../../../arm-elf/lib/thumb/interwork/libg.a(lib_a-fflush.o)
 .bss           0x4000537c        0x0 /opt/cross/lib/gcc/arm-elf/4.2.1/../../../../arm-elf/lib/thumb/interwork/libg.a(lib_a-lseekr.o)
 .bss           0x4000537c        0x0 /opt/cross/lib/gcc/arm-elf/4.2.1/../../../../arm-elf/lib/thumb/interwork/libg.a(lib_a-readr.o)
 .bss           0x4000537c        0x0 /opt/cross/lib/gcc/arm-elf/4.2.1/thumb/interwork/libgcc.a(_umodsi3.o)
 .bss           0x4000537c        0x0 /opt/cross/lib/gcc/arm-elf/4.2.1/thumb/interwork/libgcc.a(_modsi3.o)
 .bss           0x4000537c        0x0 /opt/cross/lib/gcc/arm-elf/4.2.1/thumb/interwork/libgcc.a(_addsub_df.o)
 .bss           0x4000537c        0x0 /opt/cross/lib/gcc/arm-elf/4.2.1/thumb/interwork/libgcc.a(_mul_df.o)
 .bss           0x4000537c        0x0 /opt/cross/lib/gcc/arm-elf/4.2.1/thumb/interwork/libgcc.a(_div_df.o)
 .bss           0x4000537c        0x0 /opt/cross/lib/gcc/arm-elf/4.2.1/thumb/interwork/libgcc.a(_eq_df.o)
 .bss           0x4000537c        0x0 /opt/cross/lib/gcc/arm-elf/4.2.1/thumb/interwork/libgcc.a(_ne_df.o)
 .bss           0x4000537c        0x0 /opt/cross/lib/gcc/arm-elf/4.2.1/thumb/interwork/libgcc.a(_gt_df.o)
 .bss           0x4000537c        0x0 /opt/cross/lib/gcc/arm-elf/4.2.1/thumb/interwork/libgcc.a(_ge_df.o)
 .bss           0x4000537c        0x0 /opt/cross/lib/gcc/arm-elf/4.2.1/thumb/interwork/libgcc.a(_lt_df.o)
 .bss           0x4000537c        0x0 /opt/cross/lib/gcc/arm-elf/4.2.1/thumb/interwork/libgcc.a(_si_to_df.o)
 .bss           0x4000537c        0x0 /opt/cross/lib/gcc/arm-elf/4.2.1/thumb/interwork/libgcc.a(_df_to_si.o)
 .bss           0x4000537c        0x0 /opt/cross/lib/gcc/arm-elf/4.2.1/thumb/interwork/libgcc.a(_thenan_df.o)
 .bss           0x4000537c        0x0 /opt/cross/lib/gcc/arm-elf/4.2.1/thumb/interwork/libgcc.a(_usi_to_df.o)
 .bss           0x4000537c        0x0 /opt/cross/lib/gcc/arm-elf/4.2.1/thumb/interwork/libgcc.a(_muldi3.o)
 .bss           0x4000537c        0x0 /opt/cross/lib/gcc/arm-elf/4.2.1/thumb/interwork/libgcc.a(_clzsi2.o)
 .bss           0x4000537c        0x0 /opt/cross/lib/gcc/arm-elf/4.2.1/thumb/interwork/libgcc.a(_pack_df.o)
 .bss           0x4000537c        0x0 /opt/cross/lib/gcc/arm-elf/4.2.1/thumb/interwork/libgcc.a(_unpack_df.o)
 .bss           0x4000537c        0x0 /opt/cross/lib/gcc/arm-elf/4.2.1/thumb/interwork/libgcc.a(_fpcmp_parts_df.o)
 .bss           0x4000537c        0x0 /opt/cross/lib/gcc/arm-elf/4.2.1/thumb/interwork/libgcc.a(_clz.o)
 COMMON         0x4000537c       0x40 ../Common/drivers/LPC/printf/printfHelpers.o
                0x4000537c                buffer
 COMMON         0x400053bc      0x180 ../Common/drivers/LPC/i2c/i2c.o
                0x400053bc                I2C1ReceiveData
                0x400053fc                I2C0ReceiveData
                0x4000543c                I2C2TransmitData
                0x4000547c                I2C0TransmitData
                0x400054bc                I2C1TransmitData
                0x400054fc                I2C2ReceiveData
 COMMON         0x4000553c        0xc ../Common/Minimal/QPeek.o
                0x4000553c                xHighPriorityTask
                0x40005540                xMediumPriorityTask
                0x40005544                xHighestPriorityTask
 COMMON         0x40005548        0x4 ../Common/Minimal/dynamic.o
                0x40005548                xSuspendedTestQueue
 COMMON         0x4000554c        0x4 /opt/cross/lib/gcc/arm-elf/4.2.1/../../../../arm-elf/lib/thumb/interwork/libg.a(lib_a-reent.o)
                0x4000554c                errno
                0x40005550                . = ALIGN (0x4)
                0x40005550                _bss_end__ = .
                0x40005550                __bss_end__ = .
                0x40005550                __end__ = .

.usbram         0x7fd00000        0x0
                0x7fd00000                __usbram_beg__ = .
 *(.dmaram)
                0x7fd00000                __usbram_end__ = .

.ethram         0x7fe00000        0x0
                0x7fe00000                __ethram_beg__ = .
 *(.ethram)
                0x7fe00000                __ethram_end__ = .
                0x7fe00000                . = ALIGN (0x4)
                0x7fe00000                _end = .
                0x7fe00000                PROVIDE (end, .)
OUTPUT(i2cTesting.elf elf32-littlearm)

.debug_abbrev   0x00000000     0x6295
 .debug_abbrev  0x00000000       0xe7 ../Common/drivers/LPC/peripherals/pwm.o
 .debug_abbrev  0x000000e7       0xe6 ../Common/drivers/LPC/serial/serial.o
 .debug_abbrev  0x000001cd       0xe4 ../Common/drivers/LPC/serial/serialISR.o
 .debug_abbrev  0x000002b1       0x7f ../Common/drivers/LPC/printf/uart0PutChar2.o
 .debug_abbrev  0x00000330      0x137 ../Common/drivers/LPC/printf/printf2.o
 .debug_abbrev  0x00000467      0x159 ../Common/drivers/LPC/printf/printfHelpers.o
 .debug_abbrev  0x000005c0      0x10e ../Common/drivers/LPC/i2c/i2c.o
 .debug_abbrev  0x000006ce       0x7f ../Source/portable/GCC/ARM7_LPC23xx/portISR.o
 .debug_abbrev  0x0000074d      0x19b main.o
 .debug_abbrev  0x000008e8      0x12b ../Common/Minimal/BlockQ.o
 .debug_abbrev  0x00000a13      0x100 ../Common/Minimal/blocktim.o
 .debug_abbrev  0x00000b13       0xcc ../Common/Minimal/integer.o
 .debug_abbrev  0x00000bdf      0x10d ../Common/Minimal/GenQTest.o
 .debug_abbrev  0x00000cec      0x12d ../Common/Minimal/QPeek.o
 .debug_abbrev  0x00000e19      0x11a ../Common/Minimal/dynamic.o
 .debug_abbrev  0x00000f33       0xfd ../Source/list.o
 .debug_abbrev  0x00001030      0x1aa ../Source/queue.o
 .debug_abbrev  0x000011da      0x237 ../Source/tasks.o
 .debug_abbrev  0x00001411       0xf1 ../Source/portable/GCC/ARM7_LPC23xx/port.o
 .debug_abbrev  0x00001502      0x13f ../Source/portable/MemMang/heap_2.o
 .debug_abbrev  0x00001641       0x12 /tmp/ccyCmckx.o
 .debug_abbrev  0x00001653       0x14 /opt/cross/lib/gcc/arm-elf/4.2.1/thumb/interwork/libgcc.a(_udivsi3.o)
 .debug_abbrev  0x00001667       0x14 /opt/cross/lib/gcc/arm-elf/4.2.1/thumb/interwork/libgcc.a(_divsi3.o)
 .debug_abbrev  0x0000167b       0x14 /opt/cross/lib/gcc/arm-elf/4.2.1/thumb/interwork/libgcc.a(_dvmd_tls.o)
 .debug_abbrev  0x0000168f       0xaf /opt/cross/lib/gcc/arm-elf/4.2.1/../../../../arm-elf/lib/thumb/interwork/libg.a(lib_a-memcpy.o)
 .debug_abbrev  0x0000173e       0xa1 /opt/cross/lib/gcc/arm-elf/4.2.1/../../../../arm-elf/lib/thumb/interwork/libg.a(lib_a-memset.o)
 .debug_abbrev  0x000017df      0x194 /opt/cross/lib/gcc/arm-elf/4.2.1/../../../../arm-elf/lib/thumb/interwork/libg.a(lib_a-sprintf.o)
 .debug_abbrev  0x00001973       0x8e /opt/cross/lib/gcc/arm-elf/4.2.1/../../../../arm-elf/lib/thumb/interwork/libg.a(lib_a-strcat.o)
 .debug_abbrev  0x00001a01       0x87 /opt/cross/lib/gcc/arm-elf/4.2.1/../../../../arm-elf/lib/thumb/interwork/libg.a(lib_a-strcpy.o)
 .debug_abbrev  0x00001a88       0x92 /opt/cross/lib/gcc/arm-elf/4.2.1/../../../../arm-elf/lib/thumb/interwork/libg.a(lib_a-strlen.o)
 .debug_abbrev  0x00001b1a       0x94 /opt/cross/lib/gcc/arm-elf/4.2.1/../../../../arm-elf/lib/thumb/interwork/libg.a(lib_a-strncpy.o)
 .debug_abbrev  0x00001bae      0x314 /opt/cross/lib/gcc/arm-elf/4.2.1/../../../../arm-elf/lib/thumb/interwork/libg.a(lib_a-svfprintf.o)
 .debug_abbrev  0x00001ec2      0x22a /opt/cross/lib/gcc/arm-elf/4.2.1/../../../../arm-elf/lib/thumb/interwork/libg.a(lib_a-dtoa.o)
 .debug_abbrev  0x000020ec      0x1e0 /opt/cross/lib/gcc/arm-elf/4.2.1/../../../../arm-elf/lib/thumb/interwork/libg.a(lib_a-freer.o)
 .debug_abbrev  0x000022cc      0x15e /opt/cross/lib/gcc/arm-elf/4.2.1/../../../../arm-elf/lib/thumb/interwork/libg.a(lib_a-impure.o)
 .debug_abbrev  0x0000242a      0x21e /opt/cross/lib/gcc/arm-elf/4.2.1/../../../../arm-elf/lib/thumb/interwork/libg.a(lib_a-locale.o)
 .debug_abbrev  0x00002648      0x21d /opt/cross/lib/gcc/arm-elf/4.2.1/../../../../arm-elf/lib/thumb/interwork/libg.a(lib_a-mallocr.o)
 .debug_abbrev  0x00002865       0xcb /opt/cross/lib/gcc/arm-elf/4.2.1/../../../../arm-elf/lib/thumb/interwork/libg.a(lib_a-memchr.o)
 .debug_abbrev  0x00002930       0xa0 /opt/cross/lib/gcc/arm-elf/4.2.1/../../../../arm-elf/lib/thumb/interwork/libg.a(lib_a-memmove.o)
 .debug_abbrev  0x000029d0      0x171 /opt/cross/lib/gcc/arm-elf/4.2.1/../../../../arm-elf/lib/thumb/interwork/libg.a(lib_a-mlock.o)
 .debug_abbrev  0x00002b41      0x29e /opt/cross/lib/gcc/arm-elf/4.2.1/../../../../arm-elf/lib/thumb/interwork/libg.a(lib_a-mprec.o)
 .debug_abbrev  0x00002ddf      0x1d7 /opt/cross/lib/gcc/arm-elf/4.2.1/../../../../arm-elf/lib/thumb/interwork/libg.a(lib_a-reallocr.o)
 .debug_abbrev  0x00002fb6      0x193 /opt/cross/lib/gcc/arm-elf/4.2.1/../../../../arm-elf/lib/thumb/interwork/libg.a(lib_a-sbrkr.o)
 .debug_abbrev  0x00003149       0x80 /opt/cross/lib/gcc/arm-elf/4.2.1/../../../../arm-elf/lib/thumb/interwork/libg.a(lib_a-s_isinfd.o)
 .debug_abbrev  0x000031c9       0x80 /opt/cross/lib/gcc/arm-elf/4.2.1/../../../../arm-elf/lib/thumb/interwork/libg.a(lib_a-s_isnand.o)
 .debug_abbrev  0x00003249       0x78 /opt/cross/lib/gcc/arm-elf/4.2.1/../../../../arm-elf/lib/thumb/interwork/libg.a(lib_a-strcmp.o)
 .debug_abbrev  0x000032c1      0x40c /opt/cross/lib/gcc/arm-elf/4.2.1/../../../../arm-elf/lib/thumb/interwork/libg.a(lib_a-syscalls.o)
 .debug_abbrev  0x000036cd      0x1b6 /opt/cross/lib/gcc/arm-elf/4.2.1/../../../../arm-elf/lib/thumb/interwork/libg.a(lib_a-callocr.o)
 .debug_abbrev  0x00003883      0x166 /opt/cross/lib/gcc/arm-elf/4.2.1/../../../../arm-elf/lib/thumb/interwork/libg.a(lib_a-errno.o)
 .debug_abbrev  0x000039e9      0x242 /opt/cross/lib/gcc/arm-elf/4.2.1/../../../../arm-elf/lib/thumb/interwork/libg.a(lib_a-findfp.o)
 .debug_abbrev  0x00003c2b      0x1ea /opt/cross/lib/gcc/arm-elf/4.2.1/../../../../arm-elf/lib/thumb/interwork/libg.a(lib_a-fwalk.o)
 .debug_abbrev  0x00003e15      0x1e1 /opt/cross/lib/gcc/arm-elf/4.2.1/../../../../arm-elf/lib/thumb/interwork/libg.a(lib_a-reent.o)
 .debug_abbrev  0x00003ff6      0x1b7 /opt/cross/lib/gcc/arm-elf/4.2.1/../../../../arm-elf/lib/thumb/interwork/libg.a(lib_a-stdio.o)
 .debug_abbrev  0x000041ad      0x18b /opt/cross/lib/gcc/arm-elf/4.2.1/../../../../arm-elf/lib/thumb/interwork/libg.a(lib_a-writer.o)
 .debug_abbrev  0x00004338      0x186 /opt/cross/lib/gcc/arm-elf/4.2.1/../../../../arm-elf/lib/thumb/interwork/libg.a(lib_a-closer.o)
 .debug_abbrev  0x000044be      0x195 /opt/cross/lib/gcc/arm-elf/4.2.1/../../../../arm-elf/lib/thumb/interwork/libg.a(lib_a-fclose.o)
 .debug_abbrev  0x00004653      0x1b2 /opt/cross/lib/gcc/arm-elf/4.2.1/../../../../arm-elf/lib/thumb/interwork/libg.a(lib_a-fflush.o)
 .debug_abbrev  0x00004805      0x193 /opt/cross/lib/gcc/arm-elf/4.2.1/../../../../arm-elf/lib/thumb/interwork/libg.a(lib_a-lseekr.o)
 .debug_abbrev  0x00004998      0x186 /opt/cross/lib/gcc/arm-elf/4.2.1/../../../../arm-elf/lib/thumb/interwork/libg.a(lib_a-readr.o)
 .debug_abbrev  0x00004b1e       0x14 /opt/cross/lib/gcc/arm-elf/4.2.1/thumb/interwork/libgcc.a(_umodsi3.o)
 .debug_abbrev  0x00004b32       0x14 /opt/cross/lib/gcc/arm-elf/4.2.1/thumb/interwork/libgcc.a(_modsi3.o)
 .debug_abbrev  0x00004b46      0x1be /opt/cross/lib/gcc/arm-elf/4.2.1/thumb/interwork/libgcc.a(_addsub_df.o)
 .debug_abbrev  0x00004d04      0x1ee /opt/cross/lib/gcc/arm-elf/4.2.1/thumb/interwork/libgcc.a(_mul_df.o)
 .debug_abbrev  0x00004ef2      0x1e2 /opt/cross/lib/gcc/arm-elf/4.2.1/thumb/interwork/libgcc.a(_div_df.o)
 .debug_abbrev  0x000050d4      0x160 /opt/cross/lib/gcc/arm-elf/4.2.1/thumb/interwork/libgcc.a(_eq_df.o)
 .debug_abbrev  0x00005234      0x160 /opt/cross/lib/gcc/arm-elf/4.2.1/thumb/interwork/libgcc.a(_ne_df.o)
 .debug_abbrev  0x00005394      0x160 /opt/cross/lib/gcc/arm-elf/4.2.1/thumb/interwork/libgcc.a(_gt_df.o)
 .debug_abbrev  0x000054f4      0x160 /opt/cross/lib/gcc/arm-elf/4.2.1/thumb/interwork/libgcc.a(_ge_df.o)
 .debug_abbrev  0x00005654      0x160 /opt/cross/lib/gcc/arm-elf/4.2.1/thumb/interwork/libgcc.a(_lt_df.o)
 .debug_abbrev  0x000057b4      0x138 /opt/cross/lib/gcc/arm-elf/4.2.1/thumb/interwork/libgcc.a(_si_to_df.o)
 .debug_abbrev  0x000058ec      0x16f /opt/cross/lib/gcc/arm-elf/4.2.1/thumb/interwork/libgcc.a(_df_to_si.o)
 .debug_abbrev  0x00005a5b       0xc3 /opt/cross/lib/gcc/arm-elf/4.2.1/thumb/interwork/libgcc.a(_thenan_df.o)
 .debug_abbrev  0x00005b1e      0x14c /opt/cross/lib/gcc/arm-elf/4.2.1/thumb/interwork/libgcc.a(_usi_to_df.o)
 .debug_abbrev  0x00005c6a       0xf3 /opt/cross/lib/gcc/arm-elf/4.2.1/thumb/interwork/libgcc.a(_muldi3.o)
 .debug_abbrev  0x00005d5d       0xb1 /opt/cross/lib/gcc/arm-elf/4.2.1/thumb/interwork/libgcc.a(_clzsi2.o)
 .debug_abbrev  0x00005e0e      0x1b1 /opt/cross/lib/gcc/arm-elf/4.2.1/thumb/interwork/libgcc.a(_pack_df.o)
 .debug_abbrev  0x00005fbf      0x154 /opt/cross/lib/gcc/arm-elf/4.2.1/thumb/interwork/libgcc.a(_unpack_df.o)
 .debug_abbrev  0x00006113      0x11a /opt/cross/lib/gcc/arm-elf/4.2.1/thumb/interwork/libgcc.a(_fpcmp_parts_df.o)
 .debug_abbrev  0x0000622d       0x68 /opt/cross/lib/gcc/arm-elf/4.2.1/thumb/interwork/libgcc.a(_clz.o)

.debug_info     0x00000000    0x195e7
 .debug_info    0x00000000      0x1e0 ../Common/drivers/LPC/peripherals/pwm.o
 .debug_info    0x000001e0      0x2f8 ../Common/drivers/LPC/serial/serial.o
 .debug_info    0x000004d8      0x20f ../Common/drivers/LPC/serial/serialISR.o
 .debug_info    0x000006e7       0xbd ../Common/drivers/LPC/printf/uart0PutChar2.o
 .debug_info    0x000007a4      0x27f ../Common/drivers/LPC/printf/printf2.o
 .debug_info    0x00000a23      0x2d3 ../Common/drivers/LPC/printf/printfHelpers.o
 .debug_info    0x00000cf6      0x309 ../Common/drivers/LPC/i2c/i2c.o
 .debug_info    0x00000fff      0x12b ../Source/portable/GCC/ARM7_LPC23xx/portISR.o
 .debug_info    0x0000112a      0x292 main.o
 .debug_info    0x000013bc      0x2e9 ../Common/Minimal/BlockQ.o
 .debug_info    0x000016a5      0x237 ../Common/Minimal/blocktim.o
 .debug_info    0x000018dc      0x15f ../Common/Minimal/integer.o
 .debug_info    0x00001a3b      0x273 ../Common/Minimal/GenQTest.o
 .debug_info    0x00001cae      0x257 ../Common/Minimal/QPeek.o
 .debug_info    0x00001f05      0x2ca ../Common/Minimal/dynamic.o
 .debug_info    0x000021cf      0x2a0 ../Source/list.o
 .debug_info    0x0000246f      0x78c ../Source/queue.o
 .debug_info    0x00002bfb      0xef2 ../Source/tasks.o
 .debug_info    0x00003aed      0x156 ../Source/portable/GCC/ARM7_LPC23xx/port.o
 .debug_info    0x00003c43      0x271 ../Source/portable/MemMang/heap_2.o
 .debug_info    0x00003eb4       0x65 /tmp/ccyCmckx.o
 .debug_info    0x00003f19       0xac /opt/cross/lib/gcc/arm-elf/4.2.1/thumb/interwork/libgcc.a(_udivsi3.o)
 .debug_info    0x00003fc5       0xac /opt/cross/lib/gcc/arm-elf/4.2.1/thumb/interwork/libgcc.a(_divsi3.o)
 .debug_info    0x00004071       0xac /opt/cross/lib/gcc/arm-elf/4.2.1/thumb/interwork/libgcc.a(_dvmd_tls.o)
 .debug_info    0x0000411d      0x13c /opt/cross/lib/gcc/arm-elf/4.2.1/../../../../arm-elf/lib/thumb/interwork/libg.a(lib_a-memcpy.o)
 .debug_info    0x00004259      0x111 /opt/cross/lib/gcc/arm-elf/4.2.1/../../../../arm-elf/lib/thumb/interwork/libg.a(lib_a-memset.o)
 .debug_info    0x0000436a      0xa40 /opt/cross/lib/gcc/arm-elf/4.2.1/../../../../arm-elf/lib/thumb/interwork/libg.a(lib_a-sprintf.o)
 .debug_info    0x00004daa       0xe5 /opt/cross/lib/gcc/arm-elf/4.2.1/../../../../arm-elf/lib/thumb/interwork/libg.a(lib_a-strcat.o)
 .debug_info    0x00004e8f      0x10c /opt/cross/lib/gcc/arm-elf/4.2.1/../../../../arm-elf/lib/thumb/interwork/libg.a(lib_a-strcpy.o)
 .debug_info    0x00004f9b       0xd5 /opt/cross/lib/gcc/arm-elf/4.2.1/../../../../arm-elf/lib/thumb/interwork/libg.a(lib_a-strlen.o)
 .debug_info    0x00005070      0x126 /opt/cross/lib/gcc/arm-elf/4.2.1/../../../../arm-elf/lib/thumb/interwork/libg.a(lib_a-strncpy.o)
 .debug_info    0x00005196     0x1035 /opt/cross/lib/gcc/arm-elf/4.2.1/../../../../arm-elf/lib/thumb/interwork/libg.a(lib_a-svfprintf.o)
 .debug_info    0x000061cb      0xd91 /opt/cross/lib/gcc/arm-elf/4.2.1/../../../../arm-elf/lib/thumb/interwork/libg.a(lib_a-dtoa.o)