Archive member included because of file (symbol)

/usr/local/arm-elf-gcc-4.2.1/lib/gcc/arm-elf/4.2.1/thumb/interwork/libgcc.a(_udivsi3.o)
                              serial/serial.o (__udivsi3)
/usr/local/arm-elf-gcc-4.2.1/lib/gcc/arm-elf/4.2.1/thumb/interwork/libgcc.a(_divsi3.o)
                              ../../Common/Minimal/integer.o (__divsi3)
/usr/local/arm-elf-gcc-4.2.1/lib/gcc/arm-elf/4.2.1/thumb/interwork/libgcc.a(_dvmd_tls.o)
                              /usr/local/arm-elf-gcc-4.2.1/lib/gcc/arm-elf/4.2.1/thumb/interwork/libgcc.a(_udivsi3.o) (__div0)
/usr/local/arm-elf-gcc-4.2.1/lib/gcc/arm-elf/4.2.1/../../../../arm-elf/lib/thumb/interwork/libg.a(lib_a-memcpy.o)
                              ../../../Source/queue.o (memcpy)
/usr/local/arm-elf-gcc-4.2.1/lib/gcc/arm-elf/4.2.1/../../../../arm-elf/lib/thumb/interwork/libg.a(lib_a-memset.o)
                              ../../../Source/tasks.o (memset)
/usr/local/arm-elf-gcc-4.2.1/lib/gcc/arm-elf/4.2.1/../../../../arm-elf/lib/thumb/interwork/libg.a(lib_a-sprintf.o)
                              ../../../Source/tasks.o (sprintf)
/usr/local/arm-elf-gcc-4.2.1/lib/gcc/arm-elf/4.2.1/../../../../arm-elf/lib/thumb/interwork/libg.a(lib_a-strcat.o)
                              ../../../Source/tasks.o (strcat)
/usr/local/arm-elf-gcc-4.2.1/lib/gcc/arm-elf/4.2.1/../../../../arm-elf/lib/thumb/interwork/libg.a(lib_a-strcpy.o)
                              /usr/local/arm-elf-gcc-4.2.1/lib/gcc/arm-elf/4.2.1/../../../../arm-elf/lib/thumb/interwork/libg.a(lib_a-strcat.o) (strcpy)
/usr/local/arm-elf-gcc-4.2.1/lib/gcc/arm-elf/4.2.1/../../../../arm-elf/lib/thumb/interwork/libg.a(lib_a-strlen.o)
                              ../../../Source/tasks.o (strlen)
/usr/local/arm-elf-gcc-4.2.1/lib/gcc/arm-elf/4.2.1/../../../../arm-elf/lib/thumb/interwork/libg.a(lib_a-strncpy.o)
                              ../../../Source/tasks.o (strncpy)
/usr/local/arm-elf-gcc-4.2.1/lib/gcc/arm-elf/4.2.1/../../../../arm-elf/lib/thumb/interwork/libg.a(lib_a-vfprintf.o)
                              /usr/local/arm-elf-gcc-4.2.1/lib/gcc/arm-elf/4.2.1/../../../../arm-elf/lib/thumb/interwork/libg.a(lib_a-sprintf.o) (_vfprintf_r)
/usr/local/arm-elf-gcc-4.2.1/lib/gcc/arm-elf/4.2.1/../../../../arm-elf/lib/thumb/interwork/libg.a(lib_a-wcrtomb.o)
                              /usr/local/arm-elf-gcc-4.2.1/lib/gcc/arm-elf/4.2.1/../../../../arm-elf/lib/thumb/interwork/libg.a(lib_a-vfprintf.o) (_wcrtomb_r)
/usr/local/arm-elf-gcc-4.2.1/lib/gcc/arm-elf/4.2.1/../../../../arm-elf/lib/thumb/interwork/libg.a(lib_a-wcsrtombs.o)
                              /usr/local/arm-elf-gcc-4.2.1/lib/gcc/arm-elf/4.2.1/../../../../arm-elf/lib/thumb/interwork/libg.a(lib_a-vfprintf.o) (_wcsrtombs_r)
/usr/local/arm-elf-gcc-4.2.1/lib/gcc/arm-elf/4.2.1/../../../../arm-elf/lib/thumb/interwork/libg.a(lib_a-wctomb_r.o)
                              /usr/local/arm-elf-gcc-4.2.1/lib/gcc/arm-elf/4.2.1/../../../../arm-elf/lib/thumb/interwork/libg.a(lib_a-wcrtomb.o) (_wctomb_r)
/usr/local/arm-elf-gcc-4.2.1/lib/gcc/arm-elf/4.2.1/../../../../arm-elf/lib/thumb/interwork/libg.a(lib_a-wsetup.o)
                              /usr/local/arm-elf-gcc-4.2.1/lib/gcc/arm-elf/4.2.1/../../../../arm-elf/lib/thumb/interwork/libg.a(lib_a-vfprintf.o) (__swsetup)
/usr/local/arm-elf-gcc-4.2.1/lib/gcc/arm-elf/4.2.1/../../../../arm-elf/lib/thumb/interwork/libg.a(lib_a-dtoa.o)
                              /usr/local/arm-elf-gcc-4.2.1/lib/gcc/arm-elf/4.2.1/../../../../arm-elf/lib/thumb/interwork/libg.a(lib_a-vfprintf.o) (_dtoa_r)
/usr/local/arm-elf-gcc-4.2.1/lib/gcc/arm-elf/4.2.1/../../../../arm-elf/lib/thumb/interwork/libg.a(lib_a-fflush.o)
                              /usr/local/arm-elf-gcc-4.2.1/lib/gcc/arm-elf/4.2.1/../../../../arm-elf/lib/thumb/interwork/libg.a(lib_a-vfprintf.o) (fflush)
/usr/local/arm-elf-gcc-4.2.1/lib/gcc/arm-elf/4.2.1/../../../../arm-elf/lib/thumb/interwork/libg.a(lib_a-findfp.o)
                              /usr/local/arm-elf-gcc-4.2.1/lib/gcc/arm-elf/4.2.1/../../../../arm-elf/lib/thumb/interwork/libg.a(lib_a-vfprintf.o) (__sinit)
/usr/local/arm-elf-gcc-4.2.1/lib/gcc/arm-elf/4.2.1/../../../../arm-elf/lib/thumb/interwork/libg.a(lib_a-freer.o)
                              /usr/local/arm-elf-gcc-4.2.1/lib/gcc/arm-elf/4.2.1/../../../../arm-elf/lib/thumb/interwork/libg.a(lib_a-vfprintf.o) (_free_r)
/usr/local/arm-elf-gcc-4.2.1/lib/gcc/arm-elf/4.2.1/../../../../arm-elf/lib/thumb/interwork/libg.a(lib_a-fvwrite.o)
                              /usr/local/arm-elf-gcc-4.2.1/lib/gcc/arm-elf/4.2.1/../../../../arm-elf/lib/thumb/interwork/libg.a(lib_a-vfprintf.o) (__sfvwrite_r)
/usr/local/arm-elf-gcc-4.2.1/lib/gcc/arm-elf/4.2.1/../../../../arm-elf/lib/thumb/interwork/libg.a(lib_a-fwalk.o)
                              /usr/local/arm-elf-gcc-4.2.1/lib/gcc/arm-elf/4.2.1/../../../../arm-elf/lib/thumb/interwork/libg.a(lib_a-fflush.o) (_fwalk)
[...]
Memory Configuration

Name             Origin             Length             Attributes
flash            0x00000000         0x0007d000
ram              0x40000000         0x00008000
usbram           0x7fd00000         0x00002000
ethram           0x7fe00000         0x00004000
*default*        0x00000000         0xffffffff

Linker script and memory map

LOAD serial/serial.o
LOAD serial/serialISR.o
LOAD ../../../Source/portable/GCC/ARM7_LPC23xx/portISR.o
LOAD ../../Common/drivers/LPC/usb/usbcontrol.o
LOAD ../../Common/drivers/LPC/usb/usbhw_lpc.o
LOAD ../../Common/drivers/LPC/usb/usbinit.o
LOAD ../../Common/drivers/LPC/usb/usbstdreq.o
LOAD main.o
LOAD ./ParTest/ParTest.o
LOAD ./LCD/portlcd.o
LOAD ../../Common/Minimal/BlockQ.o
LOAD ../../Common/Minimal/blocktim.o
LOAD ../../Common/Minimal/flash.o
LOAD ../../Common/Minimal/integer.o
LOAD ../../Common/Minimal/GenQTest.o
LOAD ../../Common/Minimal/QPeek.o
LOAD ../../Common/Minimal/dynamic.o
LOAD ../../../Source/list.o
LOAD ../../../Source/queue.o
LOAD ../../../Source/tasks.o
LOAD ../../../Source/portable/GCC/ARM7_LPC23xx/port.o
LOAD ../../../Source/portable/MemMang/heap_2.o
LOAD /tmp/ccaKaJ1q.o
START GROUP
LOAD /usr/local/arm-elf-gcc-4.2.1/lib/gcc/arm-elf/4.2.1/thumb/interwork/libgcc.a
LOAD /usr/local/arm-elf-gcc-4.2.1/lib/gcc/arm-elf/4.2.1/../../../../arm-elf/lib/thumb/interwork/libg.a
LOAD /usr/local/arm-elf-gcc-4.2.1/lib/gcc/arm-elf/4.2.1/../../../../arm-elf/lib/thumb/interwork/libc.a
END GROUP
                0x40007ffc                __stack_end__ = 0x40007ffc
                0x00000000                . = 0x0

startup         0x00000000       0x44
 *(.startup)
 .startup       0x00000000       0x44 /tmp/ccaKaJ1q.o

prog            0x00000044     0xbae4
 *(.text)
 .text          0x00000044      0x474 serial/serial.o
                0x00000280                vSerialPutString
                0x000000a4                xSerialPutChar
                0x00000044                xSerialGetChar
                0x00000240                vSerialPutBinary
                0x000002c8                xSerialPortInitMinimal
 .text          0x000004b8      0x3e0 serial/serialISR.o
                0x00000638                vUART_ISR
                0x000007b8                vSerialISRCreateQueues
                0x000004b8                vUART_ISR1
 .text          0x00000898      0x258 ../../../Source/portable/GCC/ARM7_LPC23xx/portISR.o
                0x00000984                vPreemptiveTick
                0x00000940                vPortExitCritical
                0x00000a44                vPortYieldProcessor
                0x000008e4                vPortDisableInterruptsFromThumb
                0x00000898                vPortISRStartFirstTask
                0x000008fc                vPortEnableInterruptsFromThumb
                0x00000914                vPortEnterCritical
 .text          0x00000af0      0x250 ../../Common/drivers/LPC/usb/usbcontrol.o
                0x00000bb0                USBHandleControlTransfer
                0x00000b2c                USBRegisterRequestHandler
 .text          0x00000d40      0x8a0 ../../Common/drivers/LPC/usb/usbhw_lpc.o
                0x00001078                USBHwEPRead
                0x00001244                USBHwISR
                0x000014d8                USBDisableDMAForEndpoint
                0x00000fcc                USBHwEPWrite
                0x00001504                USBEnableDMAForEndpoint
                0x00001148                USBHwISOCEPRead
                0x00000e18                USBHwEPConfig
                0x00000f0c                USBHwSetAddress
                0x00000f28                USBHwConnect
                0x00000fa0                USBHwEPStall
                0x0000159c                USBSetHeadDDForDMA
                0x000015b4                USBInitializeUSBDMA
                0x00000ebc                USBHwRegisterDevIntHandler
                0x00000e74                USBHwRegisterEPIntHandler
                0x0000144c                USBSetupDMADescriptor
                0x00001228                USBHwConfigDevice
                0x00000f68                USBHwNakIntEnable
                0x00001378                USBHwInit
                0x00000ee4                USBHwRegisterFrameHandler
                0x00000f80                USBHwEPGetStatus
                0x00001530                USBInitializeISOCFrameArray
 .text          0x000015e0       0x74 ../../Common/drivers/LPC/usb/usbinit.o
                0x000015e4                USBInit
 .text          0x00001654      0x36c ../../Common/drivers/LPC/usb/usbstdreq.o
                0x00001664                USBGetDescriptor
                0x000016fc                USBRegisterCustomReqHandler
                0x00001654                USBRegisterDescriptors
                0x0000170c                USBHandleStandardRequest
 .text          0x000019c0      0x1fc main.o
                0x000019c0                vApplicationTickHook
                0x00001b44                USBFrameHandler
                0x00001a60                main
 .text          0x00001bbc       0x80 ./ParTest/ParTest.o
                0x00001c00                vParTestToggleLED
                0x00001bdc                vParTestSetLED
                0x00001c2c                uxParTextGetLED
                0x00001bbc                vParTestInitialise
 .text          0x00001c3c      0x2bc ./LCD/portlcd.o
                0x00001e84                LCD_init
                0x00001e5c                LCD_load
                0x00001de4                LCD_puts
                0x00001d90                LCD_bargraph
                0x00001e00                LCD_on
                0x00001d64                LCD_putc
                0x00001e18                LCD_gotoxy
                0x00001e0c                LCD_cur_off
                0x00001e48                LCD_cls
 .text          0x00001ef8      0x23c ../../Common/Minimal/BlockQ.o
                0x00001f5c                vStartBlockingQueueTasks
                0x00001ef8                xAreBlockingQueuesStillRunning
 .text          0x00002134      0x3e0 ../../Common/Minimal/blocktim.o
                0x00002134                xAreBlockTimeTestTasksStillRunning
                0x0000218c                vCreateBlockTimeTasks
 .text          0x00002514       0x80 ../../Common/Minimal/flash.o
                0x00002514                vStartLEDFlashTasks
 .text          0x00002594       0x98 ../../Common/Minimal/integer.o
                0x000025b4                vStartIntegerMathTasks
                0x00002594                xAreIntegerMathsTaskStillRunning
 .text          0x0000262c      0x4a0 ../../Common/Minimal/GenQTest.o
                0x0000262c                xAreGenericQueueTasksStillRunning
                0x00002684                vStartGenericQueueTasks
 .text          0x00002acc      0x358 ../../Common/Minimal/QPeek.o
                0x00002acc                xAreQueuePeekTasksStillRunning
                0x00002b00                vStartQueuePeekTasks
 .text          0x00002e24      0x284 ../../Common/Minimal/dynamic.o
                0x00002e70                vStartDynamicPriorityTasks
                0x00002e24                xAreDynamicPriorityTasksStillRunning
 .text          0x000030a8       0x9c ../../../Source/list.o
                0x000030c8                vListInsertEnd
                0x00003124                vListRemove
                0x000030c0                vListInitialiseItem
                0x000030a8                vListInitialise
                0x000030e4                vListInsert
 .text          0x00003144      0x4c8 ../../../Source/queue.o
                0x0000341c                xQueueGenericSendFromISR
                0x000035a0                xQueueCreate
                0x00003164                vQueueDelete
                0x00003468                xQueueGenericSend
                0x000031c0                xQueueReceiveFromISR
                0x00003154                xQueueIsQueueFullFromISR
                0x0000317c                uxQueueMessagesWaiting
                0x00003290                xQueueGenericReceive
                0x00003144                uxQueueMessagesWaitingFromISR
                0x00003148                xQueueIsQueueEmptyFromISR
                0x00003558                xQueueCreateMutex
 .text          0x0000360c      0xcfc ../../../Source/tasks.o
                0x00003bb4                uxTaskPriorityGet
                0x00003b08                vTaskPrioritySet
                0x0000409c                vTaskEndScheduler
                0x00003c4c                vTaskPlaceOnEventList
                0x0000360c                xTaskIsTaskSuspended
                0x00003890                xTaskResumeFromISR
                0x0000398c                ulTaskEndTrace
                0x00003a10                xTaskGetTickCount
                0x00003814                xTaskRemoveFromEventList
                0x000039b8                vTaskStartTrace
                0x00003bdc                vTaskDelete
                0x00003930                xTaskCheckForTimeOut
                0x00003a2c                vTaskSuspendAll
                0x00003758                vTaskPriorityDisinherit
                0x000037a4                vTaskPriorityInherit
                0x00003a48                vTaskResume
                0x00003634                vTaskSwitchContext
                0x00003ab0                vTaskSuspend
                0x000039f4                uxTaskGetNumberOfTasks
                0x00003cbc                vTaskIncrementTick
                0x00003fe8                vTaskList
                0x00003ed4                vTaskDelayUntil
                0x00003914                xTaskGetCurrentTaskHandle
                0x00003738                usTaskCheckFreeStackSpace
                0x00003d9c                xTaskResumeAll
                0x000042c4                vTaskStartScheduler
                0x0000372c                vTaskMissedYield
                0x00004128                xTaskCreate
                0x00003e70                vTaskDelay
                0x00003714                vTaskSetTimeOutState
 .text          0x00004308      0x114 ../../../Source/portable/GCC/ARM7_LPC23xx/port.o
                0x000043b0                xPortStartScheduler
                0x000043ac                vPortEndScheduler
                0x00004308                pxPortInitialiseStack
 .text          0x0000441c       0xe4 ../../../Source/portable/MemMang/heap_2.o
                0x0000441c                vPortFree
                0x0000444c                pvPortMalloc
 .text          0x00004500       0xb8 /tmp/ccaKaJ1q.o
                0x00004500                start
                0x0000459c                endless_loop
 .text          0x000045b8       0x8c /usr/local/arm-elf-gcc-4.2.1/lib/gcc/arm-elf/4.2.1/thumb/interwork/libgcc.a(_udivsi3.o)
                0x000045b8                __udivsi3
                0x000045b8                __aeabi_uidiv
                0x00004634                __aeabi_uidivmod
 .text          0x00004644       0xa4 /usr/local/arm-elf-gcc-4.2.1/lib/gcc/arm-elf/4.2.1/thumb/interwork/libgcc.a(_divsi3.o)
                0x00004644                __aeabi_idiv
                0x00004644                __divsi3
                0x000046d8                __aeabi_idivmod
 .text          0x000046e8        0x4 /usr/local/arm-elf-gcc-4.2.1/lib/gcc/arm-elf/4.2.1/thumb/interwork/libgcc.a(_dvmd_tls.o)
                0x000046e8                __aeabi_ldiv0
                0x000046e8                __div0
                0x000046e8                __aeabi_idiv0
 .text          0x000046ec       0x58 /usr/local/arm-elf-gcc-4.2.1/lib/gcc/arm-elf/4.2.1/../../../../arm-elf/lib/thumb/interwork/libg.a(lib_a-memcpy.o)
                0x000046ec                memcpy
 .text          0x00004744       0x58 /usr/local/arm-elf-gcc-4.2.1/lib/gcc/arm-elf/4.2.1/../../../../arm-elf/lib/thumb/interwork/libg.a(lib_a-memset.o)
                0x00004744                memset
 .text          0x0000479c       0x8c /usr/local/arm-elf-gcc-4.2.1/lib/gcc/arm-elf/4.2.1/../../../../arm-elf/lib/thumb/interwork/libg.a(lib_a-sprintf.o)
                0x000047e4                _sprintf_r
                0x0000479c                sprintf
 .text          0x00004828       0x40 /usr/local/arm-elf-gcc-4.2.1/lib/gcc/arm-elf/4.2.1/../../../../arm-elf/lib/thumb/interwork/libg.a(lib_a-strcat.o)
                0x00004828                strcat
 .text          0x00004868       0x48 /usr/local/arm-elf-gcc-4.2.1/lib/gcc/arm-elf/4.2.1/../../../../arm-elf/lib/thumb/interwork/libg.a(lib_a-strcpy.o)
                0x00004868                strcpy
 .text          0x000048b0       0x38 /usr/local/arm-elf-gcc-4.2.1/lib/gcc/arm-elf/4.2.1/../../../../arm-elf/lib/thumb/interwork/libg.a(lib_a-strlen.o)
                0x000048b0                strlen
 .text          0x000048e8       0x7c /usr/local/arm-elf-gcc-4.2.1/lib/gcc/arm-elf/4.2.1/../../../../arm-elf/lib/thumb/interwork/libg.a(lib_a-strncpy.o)
                0x000048e8                strncpy
 .text          0x00004964     0x1be8 /usr/local/arm-elf-gcc-4.2.1/lib/gcc/arm-elf/4.2.1/../../../../arm-elf/lib/thumb/interwork/libg.a(lib_a-vfprintf.o)
                0x00004984                _vfprintf_r
                0x0000652c                vfprintf
 .text          0x0000654c       0x54 /usr/local/arm-elf-gcc-4.2.1/lib/gcc/arm-elf/4.2.1/../../../../arm-elf/lib/thumb/interwork/libg.a(lib_a-wcrtomb.o)
                0x0000654c                _wcrtomb_r
                0x00006580                wcrtomb
 .text          0x000065a0      0x104 /usr/local/arm-elf-gcc-4.2.1/lib/gcc/arm-elf/4.2.1/../../../../arm-elf/lib/thumb/interwork/libg.a(lib_a-wcsrtombs.o)
                0x000065a0                _wcsrtombs_r
                0x0000667c                wcsrtombs
 .text          0x000066a4      0x2c0 /usr/local/arm-elf-gcc-4.2.1/lib/gcc/arm-elf/4.2.1/../../../../arm-elf/lib/thumb/interwork/libg.a(lib_a-wctomb_r.o)
                0x000066a4                _wctomb_r
 .text          0x00006964       0xb8 /usr/local/arm-elf-gcc-4.2.1/lib/gcc/arm-elf/4.2.1/../../../../arm-elf/lib/thumb/interwork/libg.a(lib_a-wsetup.o)
                0x00006964                __swsetup
 .text          0x00006a1c      0xf10 /usr/local/arm-elf-gcc-4.2.1/lib/gcc/arm-elf/4.2.1/../../../../arm-elf/lib/thumb/interwork/libg.a(lib_a-dtoa.o)
                0x00006b9c                _dtoa_r
 .text          0x0000792c      0x108 /usr/local/arm-elf-gcc-4.2.1/lib/gcc/arm-elf/4.2.1/../../../../arm-elf/lib/thumb/interwork/libg.a(lib_a-fflush.o)
                0x0000792c                fflush
 .text          0x00007a34      0x1b8 /usr/local/arm-elf-gcc-4.2.1/lib/gcc/arm-elf/4.2.1/../../../../arm-elf/lib/thumb/interwork/libg.a(lib_a-findfp.o)
                0x00007a7c                __sinit
                0x00007b34                __sfmoreglue
                0x00007b20                _cleanup
                0x00007b10                _cleanup_r
                0x00007af8                __fp_lock_all
                0x00007a6c                __sfp_lock_acquire
                0x00007b6c                __sfp
                0x00007a78                __sinit_lock_release
                0x00007ae0                __fp_unlock_all
                0x00007a70                __sfp_lock_release
                0x00007a74                __sinit_lock_acquire
 .text          0x00007bec      0x280 /usr/local/arm-elf-gcc-4.2.1/lib/gcc/arm-elf/4.2.1/../../../../arm-elf/lib/thumb/interwork/libg.a(lib_a-freer.o)
                0x00007c90                _free_r
                0x00007bec                _malloc_trim_r
 .text          0x00007e6c      0x2bc /usr/local/arm-elf-gcc-4.2.1/lib/gcc/arm-elf/4.2.1/../../../../arm-elf/lib/thumb/interwork/libg.a(lib_a-fvwrite.o)
                0x00007e6c                __sfvwrite_r
 .text          0x00008128       0xdc /usr/local/arm-elf-gcc-4.2.1/lib/gcc/arm-elf/4.2.1/../../../../arm-elf/lib/thumb/interwork/libg.a(lib_a-fwalk.o)
                0x00008198                _fwalk
                0x00008128                _fwalk_reent
 .text          0x00008204        0x0 /usr/local/arm-elf-gcc-4.2.1/lib/gcc/arm-elf/4.2.1/../../../../arm-elf/lib/thumb/interwork/libg.a(lib_a-impure.o)
 .text          0x00008204       0x88 /usr/local/arm-elf-gcc-4.2.1/lib/gcc/arm-elf/4.2.1/../../../../arm-elf/lib/thumb/interwork/libg.a(lib_a-locale.o)
                0x0000822c                _setlocale_r
                0x00008204                __locale_charset
                0x00008210                _localeconv_r
                0x00008270                setlocale
                0x00008218                localeconv
 .text          0x0000828c       0xec /usr/local/arm-elf-gcc-4.2.1/lib/gcc/arm-elf/4.2.1/../../../../arm-elf/lib/thumb/interwork/libg.a(lib_a-makebuf.o)
                0x0000828c                __smakebuf
 .text          0x00008378      0x55c /usr/local/arm-elf-gcc-4.2.1/lib/gcc/arm-elf/4.2.1/../../../../arm-elf/lib/thumb/interwork/libg.a(lib_a-mallocr.o)
                0x00008378                _malloc_r
 .text          0x000088d4       0x88 /usr/local/arm-elf-gcc-4.2.1/lib/gcc/arm-elf/4.2.1/../../../../arm-elf/lib/thumb/interwork/libg.a(lib_a-memchr.o)
                0x000088d4                memchr
 .text          0x0000895c       0x7c /usr/local/arm-elf-gcc-4.2.1/lib/gcc/arm-elf/4.2.1/../../../../arm-elf/lib/thumb/interwork/libg.a(lib_a-memmove.o)
                0x0000895c                memmove
 .text          0x000089d8        0x8 /usr/local/arm-elf-gcc-4.2.1/lib/gcc/arm-elf/4.2.1/../../../../arm-elf/lib/thumb/interwork/libg.a(lib_a-mlock.o)
                0x000089dc                __malloc_unlock
                0x000089d8                __malloc_lock
 .text          0x000089e0      0x964 /usr/local/arm-elf-gcc-4.2.1/lib/gcc/arm-elf/4.2.1/../../../../arm-elf/lib/thumb/interwork/libg.a(lib_a-mprec.o)
                0x00008c50                _mprec_log10
                0x00008ccc                __any_on
                0x00008d20                _Balloc
                0x00008bfc                __ratio
                0x00009150                __i2b
                0x00008b38                __b2d
                0x000092ac                __s2b
                0x00008aa4                __mcmp
                0x000089f8                __hi0bits
                0x0000920c                __pow5mult
                0x00008f40                __lshift
                0x00008ff4                __multiply
                0x00008d7c                __d2b
                0x00008c94                __copybits
                0x00008ae4                __ulp
                0x00008e58                __mdiff
                0x00008a40                __lo0bits
                0x00009168                __multadd
                0x000089e0                _Bfree
 .text          0x00009344      0x3b4 /usr/local/arm-elf-gcc-4.2.1/lib/gcc/arm-elf/4.2.1/../../../../arm-elf/lib/thumb/interwork/libg.a(lib_a-reallocr.o)
                0x00009344                _realloc_r
 .text          0x000096f8       0x24 /usr/local/arm-elf-gcc-4.2.1/lib/gcc/arm-elf/4.2.1/../../../../arm-elf/lib/thumb/interwork/libg.a(lib_a-s_isinfd.o)
                0x000096f8                __isinfd
 .text          0x0000971c       0x1c /usr/local/arm-elf-gcc-4.2.1/lib/gcc/arm-elf/4.2.1/../../../../arm-elf/lib/thumb/interwork/libg.a(lib_a-s_isnand.o)
                0x0000971c                __isnand
 .text          0x00009738       0x28 /usr/local/arm-elf-gcc-4.2.1/lib/gcc/arm-elf/4.2.1/../../../../arm-elf/lib/thumb/interwork/libg.a(lib_a-sbrkr.o)
                0x00009738                _sbrk_r
 .text          0x00009760       0xd8 /usr/local/arm-elf-gcc-4.2.1/lib/gcc/arm-elf/4.2.1/../../../../arm-elf/lib/thumb/interwork/libg.a(lib_a-stdio.o)
                0x00009778                __sseek
                0x00009800                __sread
                0x00009760                __sclose
                0x000097b8                __swrite
 .text          0x00009838       0x5c /usr/local/arm-elf-gcc-4.2.1/lib/gcc/arm-elf/4.2.1/../../../../arm-elf/lib/thumb/interwork/libg.a(lib_a-strcmp.o)
                0x00009838                strcmp
 .text          0x00009894      0x5b4 /usr/local/arm-elf-gcc-4.2.1/lib/gcc/arm-elf/4.2.1/../../../../arm-elf/lib/thumb/interwork/libg.a(lib_a-syscalls.o)
                0x000098f0                _getpid
                0x00009c90                initialise_monitor_handles
                0x00009da4                isatty
                0x00009c6c                _fstat
                0x00009a00                _open
                0x00009900                _sbrk
                0x000098fc                _raise
                0x00009dc8                _times
                0x00009c30                _stat
                0x00009bb0                _lseek
                0x000098f4                _link
                0x00009aac                _swiwrite
                0x00009d18                _rename
                0x00009b20                _swilseek
                0x00009a64                _swiclose
                0x00009960                _swiopen
                0x00009e18                _unlink
                0x00009ad4                _write
                0x000098b0                _kill
                0x00009dec                _gettimeofday
                0x00009be8                _read
                0x000098e0                _exit
                0x00009d54                _system
                0x00009bc0                _swiread
                0x00009a9c                _close
 .text          0x00009e48       0x2c /usr/local/arm-elf-gcc-4.2.1/lib/gcc/arm-elf/4.2.1/../../../../arm-elf/lib/thumb/interwork/libg.a(lib_a-writer.o)
                0x00009e48                _write_r
 .text          0x00009e74       0x60 /usr/local/arm-elf-gcc-4.2.1/lib/gcc/arm-elf/4.2.1/../../../../arm-elf/lib/thumb/interwork/libg.a(lib_a-callocr.o)
                0x00009e74                _calloc_r
 .text          0x00009ed4       0x28 /usr/local/arm-elf-gcc-4.2.1/lib/gcc/arm-elf/4.2.1/../../../../arm-elf/lib/thumb/interwork/libg.a(lib_a-closer.o)
                0x00009ed4                _close_r
 .text          0x00009efc        0xc /usr/local/arm-elf-gcc-4.2.1/lib/gcc/arm-elf/4.2.1/../../../../arm-elf/lib/thumb/interwork/libg.a(lib_a-errno.o)
                0x00009efc                __errno
 .text          0x00009f08       0xc0 /usr/local/arm-elf-gcc-4.2.1/lib/gcc/arm-elf/4.2.1/../../../../arm-elf/lib/thumb/interwork/libg.a(lib_a-fclose.o)
                0x00009f08                _fclose_r
                0x00009fb0                fclose
 .text          0x00009fc8       0x2c /usr/local/arm-elf-gcc-4.2.1/lib/gcc/arm-elf/4.2.1/../../../../arm-elf/lib/thumb/interwork/libg.a(lib_a-fstatr.o)
                0x00009fc8                _fstat_r
 .text          0x00009ff4       0x2c /usr/local/arm-elf-gcc-4.2.1/lib/gcc/arm-elf/4.2.1/../../../../arm-elf/lib/thumb/interwork/libg.a(lib_a-lseekr.o)
                0x00009ff4                _lseek_r
 .text          0x0000a020       0x2c /usr/local/arm-elf-gcc-4.2.1/lib/gcc/arm-elf/4.2.1/../../../../arm-elf/lib/thumb/interwork/libg.a(lib_a-readr.o)
                0x0000a020                _read_r
 .text          0x0000a04c      0x110 /usr/local/arm-elf-gcc-4.2.1/lib/gcc/arm-elf/4.2.1/../../../../arm-elf/lib/thumb/interwork/libg.a(lib_a-reent.o)
                0x0000a098                cleanup_glue
                0x0000a0b8                _reclaim_reent
                0x0000a04c                _wrapup_reent
 .text          0x0000a15c       0xc8 /usr/local/arm-elf-gcc-4.2.1/lib/gcc/arm-elf/4.2.1/thumb/interwork/libgcc.a(_umodsi3.o)
                0x0000a15c                __umodsi3
 .text          0x0000a224       0xd8 /usr/local/arm-elf-gcc-4.2.1/lib/gcc/arm-elf/4.2.1/thumb/interwork/libgcc.a(_modsi3.o)
                0x0000a224                __modsi3
 .text          0x0000a2fc      0x3cc /usr/local/arm-elf-gcc-4.2.1/lib/gcc/arm-elf/4.2.1/thumb/interwork/libgcc.a(_addsub_df.o)
                0x0000a690                __adddf3
                0x0000a650                __subdf3
 .text          0x0000a6c8      0x2a8 /usr/local/arm-elf-gcc-4.2.1/lib/gcc/arm-elf/4.2.1/thumb/interwork/libgcc.a(_mul_df.o)
                0x0000a700                __muldf3
 .text          0x0000a970      0x1ac /usr/local/arm-elf-gcc-4.2.1/lib/gcc/arm-elf/4.2.1/thumb/interwork/libgcc.a(_div_df.o)
                0x0000a9a8                __divdf3
 .text          0x0000ab1c       0x58 /usr/local/arm-elf-gcc-4.2.1/lib/gcc/arm-elf/4.2.1/thumb/interwork/libgcc.a(_eq_df.o)
                0x0000ab2c                __eqdf2
 .text          0x0000ab74       0x58 /usr/local/arm-elf-gcc-4.2.1/lib/gcc/arm-elf/4.2.1/thumb/interwork/libgcc.a(_ne_df.o)
                0x0000ab84                __nedf2
 .text          0x0000abcc       0x58 /usr/local/arm-elf-gcc-4.2.1/lib/gcc/arm-elf/4.2.1/thumb/interwork/libgcc.a(_gt_df.o)
                0x0000abdc                __gtdf2
 .text          0x0000ac24       0x58 /usr/local/arm-elf-gcc-4.2.1/lib/gcc/arm-elf/4.2.1/thumb/interwork/libgcc.a(_ge_df.o)
                0x0000ac34                __gedf2
 .text          0x0000ac7c       0x58 /usr/local/arm-elf-gcc-4.2.1/lib/gcc/arm-elf/4.2.1/thumb/interwork/libgcc.a(_lt_df.o)
                0x0000ac8c                __ltdf2
 .text          0x0000acd4       0x90 /usr/local/arm-elf-gcc-4.2.1/lib/gcc/arm-elf/4.2.1/thumb/interwork/libgcc.a(_si_to_df.o)
                0x0000ace0                __floatsidf
 .text          0x0000ad64       0xb4 /usr/local/arm-elf-gcc-4.2.1/lib/gcc/arm-elf/4.2.1/thumb/interwork/libgcc.a(_df_to_si.o)
                0x0000ad94                __fixdfsi
 .text          0x0000ae18        0x0 /usr/local/arm-elf-gcc-4.2.1/lib/gcc/arm-elf/4.2.1/thumb/interwork/libgcc.a(_thenan_df.o)
 .text          0x0000ae18      0x10c /usr/local/arm-elf-gcc-4.2.1/lib/gcc/arm-elf/4.2.1/thumb/interwork/libgcc.a(_usi_to_df.o)
                0x0000ae24                __floatunsidf
 .text          0x0000af24       0x84 /usr/local/arm-elf-gcc-4.2.1/lib/gcc/arm-elf/4.2.1/thumb/interwork/libgcc.a(_muldi3.o)
                0x0000af24                __muldi3
 .text          0x0000afa8       0x3c /usr/local/arm-elf-gcc-4.2.1/lib/gcc/arm-elf/4.2.1/thumb/interwork/libgcc.a(_clzsi2.o)
                0x0000afa8                __clzsi2
 .text          0x0000afe4      0x288 /usr/local/arm-elf-gcc-4.2.1/lib/gcc/arm-elf/4.2.1/thumb/interwork/libgcc.a(_pack_df.o)
                0x0000b014                __pack_d
 .text          0x0000b26c       0xc4 /usr/local/arm-elf-gcc-4.2.1/lib/gcc/arm-elf/4.2.1/thumb/interwork/libgcc.a(_unpack_df.o)
                0x0000b26c                __unpack_d
 .text          0x0000b330       0xf8 /usr/local/arm-elf-gcc-4.2.1/lib/gcc/arm-elf/4.2.1/thumb/interwork/libgcc.a(_fpcmp_parts_df.o)
                0x0000b360                __fpcmp_parts_d
 .text          0x0000b428        0x0 /usr/local/arm-elf-gcc-4.2.1/lib/gcc/arm-elf/4.2.1/thumb/interwork/libgcc.a(_clz.o)
 *(.rodata)
 .rodata        0x0000b428       0x40 ./LCD/portlcd.o
 .rodata        0x0000b468      0x18c /usr/local/arm-elf-gcc-4.2.1/lib/gcc/arm-elf/4.2.1/../../../../arm-elf/lib/thumb/interwork/libg.a(lib_a-vfprintf.o)
 .rodata        0x0000b5f4       0x18 /usr/local/arm-elf-gcc-4.2.1/lib/gcc/arm-elf/4.2.1/../../../../arm-elf/lib/thumb/interwork/libg.a(lib_a-dtoa.o)
 .rodata        0x0000b60c        0x4 /usr/local/arm-elf-gcc-4.2.1/lib/gcc/arm-elf/4.2.1/../../../../arm-elf/lib/thumb/interwork/libg.a(lib_a-impure.o)
                0x0000b60c                _global_impure_ptr
 .rodata        0x0000b610       0x34 /usr/local/arm-elf-gcc-4.2.1/lib/gcc/arm-elf/4.2.1/../../../../arm-elf/lib/thumb/interwork/libg.a(lib_a-locale.o)
 .rodata        0x0000b644      0x124 /usr/local/arm-elf-gcc-4.2.1/lib/gcc/arm-elf/4.2.1/../../../../arm-elf/lib/thumb/interwork/libg.a(lib_a-mprec.o)
                0x0000b734                __mprec_tinytens
                0x0000b644                __mprec_tens
                0x0000b70c                __mprec_bigtens
 .rodata        0x0000b768       0x14 /usr/local/arm-elf-gcc-4.2.1/lib/gcc/arm-elf/4.2.1/thumb/interwork/libgcc.a(_thenan_df.o)
                0x0000b768                __thenan_df
 .rodata        0x0000b77c      0x100 /usr/local/arm-elf-gcc-4.2.1/lib/gcc/arm-elf/4.2.1/thumb/interwork/libgcc.a(_clz.o)
                0x0000b77c                __clz_tab
 *(.rodata*)
 .rodata.str1.4
                0x0000b87c       0x7d main.o
                                 0x80 (size before relaxing)
 *fill*         0x0000b8f9        0x3 00
 .rodata.str1.4
                0x0000b8fc       0x30 ../../Common/Minimal/BlockQ.o
 .rodata.str1.4
                0x0000b92c        0xf ../../Common/Minimal/blocktim.o
                                 0x10 (size before relaxing)
 *fill*         0x0000b93b        0x1 00
 .rodata.str1.4
                0x0000b93c        0x5 ../../Common/Minimal/flash.o
                                  0x8 (size before relaxing)
 *fill*         0x0000b941        0x3 00
 .rodata.str1.4
                0x0000b944        0x8 ../../Common/Minimal/integer.o
 .rodata.str1.4
                0x0000b94c       0x1f ../../Common/Minimal/GenQTest.o
                                 0x20 (size before relaxing)
 *fill*         0x0000b96b        0x1 00
 .rodata.str1.4
                0x0000b96c       0x1f ../../Common/Minimal/QPeek.o
                                 0x20 (size before relaxing)
 *fill*         0x0000b98b        0x1 00
 .rodata.str1.4
                0x0000b98c       0x28 ../../Common/Minimal/dynamic.o
 .rodata.str1.4
                0x0000b9b4       0x1d ../../../Source/tasks.o
                                 0x20 (size before relaxing)
 *fill*         0x0000b9d1        0x3 00
 .rodata.str1.4
                0x0000b9d4       0x63 /usr/local/arm-elf-gcc-4.2.1/lib/gcc/arm-elf/4.2.1/../../../../arm-elf/lib/thumb/interwork/libg.a(lib_a-vfprintf.o)
                                 0x64 (size before relaxing)
 *fill*         0x0000ba37        0x1 00
 .rodata.str1.4
                0x0000ba38       0x1e /usr/local/arm-elf-gcc-4.2.1/lib/gcc/arm-elf/4.2.1/../../../../arm-elf/lib/thumb/interwork/libg.a(lib_a-wctomb_r.o)
                                 0x20 (size before relaxing)
 *fill*         0x0000ba56        0x2 00
 .rodata.str1.4
                0x0000ba58       0x10 /usr/local/arm-elf-gcc-4.2.1/lib/gcc/arm-elf/4.2.1/../../../../arm-elf/lib/thumb/interwork/libg.a(lib_a-dtoa.o)
                                 0x14 (size before relaxing)
 .rodata.str1.4
                0x0000ba68        0x2 /usr/local/arm-elf-gcc-4.2.1/lib/gcc/arm-elf/4.2.1/../../../../arm-elf/lib/thumb/interwork/libg.a(lib_a-impure.o)
                                  0x4 (size before relaxing)
 *fill*         0x0000ba6a        0x2 00
 .rodata.str1.4
                0x0000ba6c        0xb /usr/local/arm-elf-gcc-4.2.1/lib/gcc/arm-elf/4.2.1/../../../../arm-elf/lib/thumb/interwork/libg.a(lib_a-locale.o)
                                 0x18 (size before relaxing)
 *fill*         0x0000ba77        0x1 00
 .rodata.str1.4
                0x0000ba78        0x4 /usr/local/arm-elf-gcc-4.2.1/lib/gcc/arm-elf/4.2.1/../../../../arm-elf/lib/thumb/interwork/libg.a(lib_a-syscalls.o)
 *(.glue_7)
 .glue_7        0x0000ba7c        0x0 serial/serial.o
 .glue_7        0x0000ba7c        0x0 serial/serialISR.o
 .glue_7        0x0000ba7c        0x0 ../../../Source/portable/GCC/ARM7_LPC23xx/portISR.o
 .glue_7        0x0000ba7c        0x0 ../../Common/drivers/LPC/usb/usbcontrol.o
 .glue_7        0x0000ba7c        0x0 ../../Common/drivers/LPC/usb/usbhw_lpc.o
 .glue_7        0x0000ba7c        0x0 ../../Common/drivers/LPC/usb/usbinit.o
 .glue_7        0x0000ba7c        0x0 ../../Common/drivers/LPC/usb/usbstdreq.o
 .glue_7        0x0000ba7c        0x0 main.o
 .glue_7        0x0000ba7c        0x0 ./ParTest/ParTest.o
 .glue_7        0x0000ba7c        0x0 ./LCD/portlcd.o
 .glue_7        0x0000ba7c        0x0 ../../Common/Minimal/BlockQ.o
 .glue_7        0x0000ba7c        0x0 ../../Common/Minimal/blocktim.o
 .glue_7        0x0000ba7c        0x0 ../../Common/Minimal/flash.o
 .glue_7        0x0000ba7c        0x0 ../../Common/Minimal/integer.o
 .glue_7        0x0000ba7c        0x0 ../../Common/Minimal/GenQTest.o
 .glue_7        0x0000ba7c        0x0 ../../Common/Minimal/QPeek.o
 .glue_7        0x0000ba7c        0x0 ../../Common/Minimal/dynamic.o
 .glue_7        0x0000ba7c        0x0 ../../../Source/list.o
 .glue_7        0x0000ba7c        0x0 ../../../Source/queue.o
 .glue_7        0x0000ba7c        0x0 ../../../Source/tasks.o
 .glue_7        0x0000ba7c        0x0 ../../../Source/portable/GCC/ARM7_LPC23xx/port.o
 .glue_7        0x0000ba7c        0x0 ../../../Source/portable/MemMang/heap_2.o
 .glue_7        0x0000ba7c        0x0 /tmp/ccaKaJ1q.o
 .glue_7        0x0000ba7c        0x0 /usr/local/arm-elf-gcc-4.2.1/lib/gcc/arm-elf/4.2.1/thumb/interwork/libgcc.a(_udivsi3.o)
 .glue_7        0x0000ba7c        0x0 /usr/local/arm-elf-gcc-4.2.1/lib/gcc/arm-elf/4.2.1/thumb/interwork/libgcc.a(_divsi3.o)
 .glue_7        0x0000ba7c        0x0 /usr/local/arm-elf-gcc-4.2.1/lib/gcc/arm-elf/4.2.1/thumb/interwork/libgcc.a(_dvmd_tls.o)
 .glue_7        0x0000ba7c        0x0 /usr/local/arm-elf-gcc-4.2.1/lib/gcc/arm-elf/4.2.1/../../../../arm-elf/lib/thumb/interwork/libg.a(lib_a-memcpy.o)
 .glue_7        0x0000ba7c        0x0 /usr/local/arm-elf-gcc-4.2.1/lib/gcc/arm-elf/4.2.1/../../../../arm-elf/lib/thumb/interwork/libg.a(lib_a-memset.o)
 .glue_7        0x0000ba7c        0x0 /usr/local/arm-elf-gcc-4.2.1/lib/gcc/arm-elf/4.2.1/../../../../arm-elf/lib/thumb/interwork/libg.a(lib_a-sprintf.o)
 .glue_7        0x0000ba7c        0x0 /usr/local/arm-elf-gcc-4.2.1/lib/gcc/arm-elf/4.2.1/../../../../arm-elf/lib/thumb/interwork/libg.a(lib_a-strcat.o)
 .glue_7        0x0000ba7c        0x0 /usr/local/arm-elf-gcc-4.2.1/lib/gcc/arm-elf/4.2.1/../../../../arm-elf/lib/thumb/interwork/libg.a(lib_a-strcpy.o)
 .glue_7        0x0000ba7c        0x0 /usr/local/arm-elf-gcc-4.2.1/lib/gcc/arm-elf/4.2.1/../../../../arm-elf/lib/thumb/interwork/libg.a(lib_a-strlen.o)
 .glue_7        0x0000ba7c        0x0 /usr/local/arm-elf-gcc-4.2.1/lib/gcc/arm-elf/4.2.1/../../../../arm-elf/lib/thumb/interwork/libg.a(lib_a-strncpy.o)
 .glue_7        0x0000ba7c        0x0 /usr/local/arm-elf-gcc-4.2.1/lib/gcc/arm-elf/4.2.1/../../../../arm-elf/lib/thumb/interwork/libg.a(lib_a-vfprintf.o)
 .glue_7        0x0000ba7c        0x0 /usr/local/arm-elf-gcc-4.2.1/lib/gcc/arm-elf/4.2.1/../../../../arm-elf/lib/thumb/interwork/libg.a(lib_a-wcrtomb.o)
 .glue_7        0x0000ba7c        0x0 /usr/local/arm-elf-gcc-4.2.1/lib/gcc/arm-elf/4.2.1/../../../../arm-elf/lib/thumb/interwork/libg.a(lib_a-wcsrtombs.o)
 .glue_7        0x0000ba7c        0x0 /usr/local/arm-elf-gcc-4.2.1/lib/gcc/arm-elf/4.2.1/../../../../arm-elf/lib/thumb/interwork/libg.a(lib_a-wctomb_r.o)
 .glue_7        0x0000ba7c        0x0 /usr/local/arm-elf-gcc-4.2.1/lib/gcc/arm-elf/4.2.1/../../../../arm-elf/lib/thumb/interwork/libg.a(lib_a-wsetup.o)
 .glue_7        0x0000ba7c        0x0 /usr/local/arm-elf-gcc-4.2.1/lib/gcc/arm-elf/4.2.1/../../../../arm-elf/lib/thumb/interwork/libg.a(lib_a-dtoa.o)
 .glue_7        0x0000ba7c        0x0 /usr/local/arm-elf-gcc-4.2.1/lib/gcc/arm-elf/4.2.1/../../../../arm-elf/lib/thumb/interwork/libg.a(lib_a-fflush.o)
 .glue_7        0x0000ba7c        0x0 /usr/local/arm-elf-gcc-4.2.1/lib/gcc/arm-elf/4.2.1/../../../../arm-elf/lib/thumb/interwork/libg.a(lib_a-findfp.o)
 .glue_7        0x0000ba7c        0x0 /usr/local/arm-elf-gcc-4.2.1/lib/gcc/arm-elf/4.2.1/../../../../arm-elf/lib/thumb/interwork/libg.a(lib_a-freer.o)
 .glue_7        0x0000ba7c        0x0 /usr/local/arm-elf-gcc-4.2.1/lib/gcc/arm-elf/4.2.1/../../../../arm-elf/lib/thumb/interwork/libg.a(lib_a-fvwrite.o)
 .glue_7        0x0000ba7c        0x0 /usr/local/arm-elf-gcc-4.2.1/lib/gcc/arm-elf/4.2.1/../../../../arm-elf/lib/thumb/interwork/libg.a(lib_a-fwalk.o)
 .glue_7        0x0000ba7c        0x0 /usr/local/arm-elf-gcc-4.2.1/lib/gcc/arm-elf/4.2.1/../../../../arm-elf/lib/thumb/interwork/libg.a(lib_a-impure.o)
 .glue_7        0x0000ba7c        0x0 /usr/local/arm-elf-gcc-4.2.1/lib/gcc/arm-elf/4.2.1/../../../../arm-elf/lib/thumb/interwork/libg.a(lib_a-locale.o)
 .glue_7        0x0000ba7c        0x0 /usr/local/arm-elf-gcc-4.2.1/lib/gcc/arm-elf/4.2.1/../../../../arm-elf/lib/thumb/interwork/libg.a(lib_a-makebuf.o)
 .glue_7        0x0000ba7c        0x0 /usr/local/arm-elf-gcc-4.2.1/lib/gcc/arm-elf/4.2.1/../../../../arm-elf/lib/thumb/interwork/libg.a(lib_a-mallocr.o)
 .glue_7        0x0000ba7c        0x0 /usr/local/arm-elf-gcc-4.2.1/lib/gcc/arm-elf/4.2.1/../../../../arm-elf/lib/thumb/interwork/libg.a(lib_a-memchr.o)
 .glue_7        0x0000ba7c        0x0 /usr/local/arm-elf-gcc-4.2.1/lib/gcc/arm-elf/4.2.1/../../../../arm-elf/lib/thumb/interwork/libg.a(lib_a-memmove.o)
 .glue_7        0x0000ba7c        0x0 /usr/local/arm-elf-gcc-4.2.1/lib/gcc/arm-elf/4.2.1/../../../../arm-elf/lib/thumb/interwork/libg.a(lib_a-mlock.o)
 .glue_7        0x0000ba7c        0x0 /usr/local/arm-elf-gcc-4.2.1/lib/gcc/arm-elf/4.2.1/../../../../arm-elf/lib/thumb/interwork/libg.a(lib_a-mprec.o)
 .glue_7        0x0000ba7c        0x0 /usr/local/arm-elf-gcc-4.2.1/lib/gcc/arm-elf/4.2.1/../../../../arm-elf/lib/thumb/interwork/libg.a(lib_a-reallocr.o)
 .glue_7        0x0000ba7c        0x0 /usr/local/arm-elf-gcc-4.2.1/lib/gcc/arm-elf/4.2.1/../../../../arm-elf/lib/thumb/interwork/libg.a(lib_a-s_isinfd.o)
 .glue_7        0x0000ba7c        0x0 /usr/local/arm-elf-gcc-4.2.1/lib/gcc/arm-elf/4.2.1/../../../../arm-elf/lib/thumb/interwork/libg.a(lib_a-s_isnand.o)
 .glue_7        0x0000ba7c        0x0 /usr/local/arm-elf-gcc-4.2.1/lib/gcc/arm-elf/4.2.1/../../../../arm-elf/lib/thumb/interwork/libg.a(lib_a-sbrkr.o)
 .glue_7        0x0000ba7c        0x0 /usr/local/arm-elf-gcc-4.2.1/lib/gcc/arm-elf/4.2.1/../../../../arm-elf/lib/thumb/interwork/libg.a(lib_a-stdio.o)
 .glue_7        0x0000ba7c        0x0 /usr/local/arm-elf-gcc-4.2.1/lib/gcc/arm-elf/4.2.1/../../../../arm-elf/lib/thumb/interwork/libg.a(lib_a-strcmp.o)
 .glue_7        0x0000ba7c        0x0 /usr/local/arm-elf-gcc-4.2.1/lib/gcc/arm-elf/4.2.1/../../../../arm-elf/lib/thumb/interwork/libg.a(lib_a-syscalls.o)
 .glue_7        0x0000ba7c        0x0 /usr/local/arm-elf-gcc-4.2.1/lib/gcc/arm-elf/4.2.1/../../../../arm-elf/lib/thumb/interwork/libg.a(lib_a-writer.o)
 .glue_7        0x0000ba7c        0x0 /usr/local/arm-elf-gcc-4.2.1/lib/gcc/arm-elf/4.2.1/../../../../arm-elf/lib/thumb/interwork/libg.a(lib_a-callocr.o)
 .glue_7        0x0000ba7c        0x0 /usr/local/arm-elf-gcc-4.2.1/lib/gcc/arm-elf/4.2.1/../../../../arm-elf/lib/thumb/interwork/libg.a(lib_a-closer.o)
 .glue_7        0x0000ba7c        0x0 /usr/local/arm-elf-gcc-4.2.1/lib/gcc/arm-elf/4.2.1/../../../../arm-elf/lib/thumb/interwork/libg.a(lib_a-errno.o)
 .glue_7        0x0000ba7c        0x0 /usr/local/arm-elf-gcc-4.2.1/lib/gcc/arm-elf/4.2.1/../../../../arm-elf/lib/thumb/interwork/libg.a(lib_a-fclose.o)
 .glue_7        0x0000ba7c        0x0 /usr/local/arm-elf-gcc-4.2.1/lib/gcc/arm-elf/4.2.1/../../../../arm-elf/lib/thumb/interwork/libg.a(lib_a-fstatr.o)
 .glue_7        0x0000ba7c        0x0 /usr/local/arm-elf-gcc-4.2.1/lib/gcc/arm-elf/4.2.1/../../../../arm-elf/lib/thumb/interwork/libg.a(lib_a-lseekr.o)
 .glue_7        0x0000ba7c        0x0 /usr/local/arm-elf-gcc-4.2.1/lib/gcc/arm-elf/4.2.1/../../../../arm-elf/lib/thumb/interwork/libg.a(lib_a-readr.o)
 .glue_7        0x0000ba7c        0x0 /usr/local/arm-elf-gcc-4.2.1/lib/gcc/arm-elf/4.2.1/../../../../arm-elf/lib/thumb/interwork/libg.a(lib_a-reent.o)
 .glue_7        0x0000ba7c        0x0 /usr/local/arm-elf-gcc-4.2.1/lib/gcc/arm-elf/4.2.1/thumb/interwork/libgcc.a(_umodsi3.o)
 .glue_7        0x0000ba7c        0x0 /usr/local/arm-elf-gcc-4.2.1/lib/gcc/arm-elf/4.2.1/thumb/interwork/libgcc.a(_modsi3.o)
 .glue_7        0x0000ba7c        0x0 /usr/local/arm-elf-gcc-4.2.1/lib/gcc/arm-elf/4.2.1/thumb/interwork/libgcc.a(_addsub_df.o)
 .glue_7        0x0000ba7c        0x0 /usr/local/arm-elf-gcc-4.2.1/lib/gcc/arm-elf/4.2.1/thumb/interwork/libgcc.a(_mul_df.o)
 .glue_7        0x0000ba7c        0x0 /usr/local/arm-elf-gcc-4.2.1/lib/gcc/arm-elf/4.2.1/thumb/interwork/libgcc.a(_div_df.o)
 .glue_7        0x0000ba7c        0x0 /usr/local/arm-elf-gcc-4.2.1/lib/gcc/arm-elf/4.2.1/thumb/interwork/libgcc.a(_eq_df.o)
 .glue_7        0x0000ba7c        0x0 /usr/local/arm-elf-gcc-4.2.1/lib/gcc/arm-elf/4.2.1/thumb/interwork/libgcc.a(_ne_df.o)
 .glue_7        0x0000ba7c        0x0 /usr/local/arm-elf-gcc-4.2.1/lib/gcc/arm-elf/4.2.1/thumb/interwork/libgcc.a(_gt_df.o)
 .glue_7        0x0000ba7c        0x0 /usr/local/arm-elf-gcc-4.2.1/lib/gcc/arm-elf/4.2.1/thumb/interwork/libgcc.a(_ge_df.o)
 .glue_7        0x0000ba7c        0x0 /usr/local/arm-elf-gcc-4.2.1/lib/gcc/arm-elf/4.2.1/thumb/interwork/libgcc.a(_lt_df.o)
 .glue_7        0x0000ba7c        0x0 /usr/local/arm-elf-gcc-4.2.1/lib/gcc/arm-elf/4.2.1/thumb/interwork/libgcc.a(_si_to_df.o)
 .glue_7        0x0000ba7c        0x0 /usr/local/arm-elf-gcc-4.2.1/lib/gcc/arm-elf/4.2.1/thumb/interwork/libgcc.a(_df_to_si.o)
 .glue_7        0x0000ba7c        0x0 /usr/local/arm-elf-gcc-4.2.1/lib/gcc/arm-elf/4.2.1/thumb/interwork/libgcc.a(_thenan_df.o)
 .glue_7        0x0000ba7c        0x0 /usr/local/arm-elf-gcc-4.2.1/lib/gcc/arm-elf/4.2.1/thumb/interwork/libgcc.a(_usi_to_df.o)
 .glue_7        0x0000ba7c        0x0 /usr/local/arm-elf-gcc-4.2.1/lib/gcc/arm-elf/4.2.1/thumb/interwork/libgcc.a(_muldi3.o)
 .glue_7        0x0000ba7c        0x0 /usr/local/arm-elf-gcc-4.2.1/lib/gcc/arm-elf/4.2.1/thumb/interwork/libgcc.a(_clzsi2.o)
 .glue_7        0x0000ba7c        0x0 /usr/local/arm-elf-gcc-4.2.1/lib/gcc/arm-elf/4.2.1/thumb/interwork/libgcc.a(_pack_df.o)
 .glue_7        0x0000ba7c        0x0 /usr/local/arm-elf-gcc-4.2.1/lib/gcc/arm-elf/4.2.1/thumb/interwork/libgcc.a(_unpack_df.o)
 .glue_7        0x0000ba7c        0x0 /usr/local/arm-elf-gcc-4.2.1/lib/gcc/arm-elf/4.2.1/thumb/interwork/libgcc.a(_fpcmp_parts_df.o)
 .glue_7        0x0000ba7c       0x6c /usr/local/arm-elf-gcc-4.2.1/lib/gcc/arm-elf/4.2.1/thumb/interwork/libgcc.a(_clz.o)
                0x0000badc                __main_from_arm
                0x0000baac                __xQueueGenericSendFromISR_from_arm
                0x0000ba7c                __xQueueGenericReceive_from_arm
                0x0000ba94                ____udivsi3_from_arm
                0x0000bab8                __xQueueCreate_from_arm
                0x0000bac4                __vTaskIncrementTick_from_arm
                0x0000baa0                __xQueueReceiveFromISR_from_arm
                0x0000ba88                __xQueueGenericSend_from_arm
                0x0000bad0                __vTaskSwitchContext_from_arm
 *(.glue_7t)
 .glue_7t       0x0000bae8        0x0 serial/serial.o
 .glue_7t       0x0000bae8        0x0 serial/serialISR.o
 .glue_7t       0x0000bae8        0x0 ../../../Source/portable/GCC/ARM7_LPC23xx/portISR.o
 .glue_7t       0x0000bae8        0x0 ../../Common/drivers/LPC/usb/usbcontrol.o
 .glue_7t       0x0000bae8        0x0 ../../Common/drivers/LPC/usb/usbhw_lpc.o
 .glue_7t       0x0000bae8        0x0 ../../Common/drivers/LPC/usb/usbinit.o
 .glue_7t       0x0000bae8        0x0 ../../Common/drivers/LPC/usb/usbstdreq.o
 .glue_7t       0x0000bae8        0x0 main.o
 .glue_7t       0x0000bae8        0x0 ./ParTest/ParTest.o
 .glue_7t       0x0000bae8        0x0 ./LCD/portlcd.o
 .glue_7t       0x0000bae8        0x0 ../../Common/Minimal/BlockQ.o
 .glue_7t       0x0000bae8        0x0 ../../Common/Minimal/blocktim.o
 .glue_7t       0x0000bae8        0x0 ../../Common/Minimal/flash.o
 .glue_7t       0x0000bae8        0x0 ../../Common/Minimal/integer.o
 .glue_7t       0x0000bae8        0x0 ../../Common/Minimal/GenQTest.o
 .glue_7t       0x0000bae8        0x0 ../../Common/Minimal/QPeek.o
 .glue_7t       0x0000bae8        0x0 ../../Common/Minimal/dynamic.o
 .glue_7t       0x0000bae8        0x0 ../../../Source/list.o
 .glue_7t       0x0000bae8        0x0 ../../../Source/queue.o
 .glue_7t       0x0000bae8        0x0 ../../../Source/tasks.o
 .glue_7t       0x0000bae8        0x0 ../../../Source/portable/GCC/ARM7_LPC23xx/port.o
 .glue_7t       0x0000bae8        0x0 ../../../Source/portable/MemMang/heap_2.o
 .glue_7t       0x0000bae8        0x0 /tmp/ccaKaJ1q.o
 .glue_7t       0x0000bae8        0x0 /usr/local/arm-elf-gcc-4.2.1/lib/gcc/arm-elf/4.2.1/thumb/interwork/libgcc.a(_udivsi3.o)
 .glue_7t       0x0000bae8        0x0 /usr/local/arm-elf-gcc-4.2.1/lib/gcc/arm-elf/4.2.1/thumb/interwork/libgcc.a(_divsi3.o)
 .glue_7t       0x0000bae8        0x0 /usr/local/arm-elf-gcc-4.2.1/lib/gcc/arm-elf/4.2.1/thumb/interwork/libgcc.a(_dvmd_tls.o)
 .glue_7t       0x0000bae8        0x0 /usr/local/arm-elf-gcc-4.2.1/lib/gcc/arm-elf/4.2.1/../../../../arm-elf/lib/thumb/interwork/libg.a(lib_a-memcpy.o)
 .glue_7t       0x0000bae8        0x0 /usr/local/arm-elf-gcc-4.2.1/lib/gcc/arm-elf/4.2.1/../../../../arm-elf/lib/thumb/interwork/libg.a(lib_a-memset.o)
 .glue_7t       0x0000bae8        0x0 /usr/local/arm-elf-gcc-4.2.1/lib/gcc/arm-elf/4.2.1/../../../../arm-elf/lib/thumb/interwork/libg.a(lib_a-sprintf.o)
 .glue_7t       0x0000bae8        0x0 /usr/local/arm-elf-gcc-4.2.1/lib/gcc/arm-elf/4.2.1/../../../../arm-elf/lib/thumb/interwork/libg.a(lib_a-strcat.o)
 .glue_7t       0x0000bae8        0x0 /usr/local/arm-elf-gcc-4.2.1/lib/gcc/arm-elf/4.2.1/../../../../arm-elf/lib/thumb/interwork/libg.a(lib_a-strcpy.o)
 .glue_7t       0x0000bae8        0x0 /usr/local/arm-elf-gcc-4.2.1/lib/gcc/arm-elf/4.2.1/../../../../arm-elf/lib/thumb/interwork/libg.a(lib_a-strlen.o)
 .glue_7t       0x0000bae8        0x0 /usr/local/arm-elf-gcc-4.2.1/lib/gcc/arm-elf/4.2.1/../../../../arm-elf/lib/thumb/interwork/libg.a(lib_a-strncpy.o)
 .glue_7t       0x0000bae8        0x0 /usr/local/arm-elf-gcc-4.2.1/lib/gcc/arm-elf/4.2.1/../../../../arm-elf/lib/thumb/interwork/libg.a(lib_a-vfprintf.o)
 .glue_7t       0x0000bae8        0x0 /usr/local/arm-elf-gcc-4.2.1/lib/gcc/arm-elf/4.2.1/../../../../arm-elf/lib/thumb/interwork/libg.a(lib_a-wcrtomb.o)
 .glue_7t       0x0000bae8        0x0 /usr/local/arm-elf-gcc-4.2.1/lib/gcc/arm-elf/4.2.1/../../../../arm-elf/lib/thumb/interwork/libg.a(lib_a-wcsrtombs.o)
 .glue_7t       0x0000bae8        0x0 /usr/local/arm-elf-gcc-4.2.1/lib/gcc/arm-elf/4.2.1/../../../../arm-elf/lib/thumb/interwork/libg.a(lib_a-wctomb_r.o)
 .glue_7t       0x0000bae8        0x0 /usr/local/arm-elf-gcc-4.2.1/lib/gcc/arm-elf/4.2.1/../../../../arm-elf/lib/thumb/interwork/libg.a(lib_a-wsetup.o)
 .glue_7t       0x0000bae8        0x0 /usr/local/arm-elf-gcc-4.2.1/lib/gcc/arm-elf/4.2.1/../../../../arm-elf/lib/thumb/interwork/libg.a(lib_a-dtoa.o)
 .glue_7t       0x0000bae8        0x0 /usr/local/arm-elf-gcc-4.2.1/lib/gcc/arm-elf/4.2.1/../../../../arm-elf/lib/thumb/interwork/libg.a(lib_a-fflush.o)
 .glue_7t       0x0000bae8        0x0 /usr/local/arm-elf-gcc-4.2.1/lib/gcc/arm-elf/4.2.1/../../../../arm-elf/lib/thumb/interwork/libg.a(lib_a-findfp.o)
 .glue_7t       0x0000bae8        0x0 /usr/local/arm-elf-gcc-4.2.1/lib/gcc/arm-elf/4.2.1/../../../../arm-elf/lib/thumb/interwork/libg.a(lib_a-freer.o)
 .glue_7t       0x0000bae8        0x0 /usr/local/arm-elf-gcc-4.2.1/lib/gcc/arm-elf/4.2.1/../../../../arm-elf/lib/thumb/interwork/libg.a(lib_a-fvwrite.o)
 .glue_7t       0x0000bae8        0x0 /usr/local/arm-elf-gcc-4.2.1/lib/gcc/arm-elf/4.2.1/../../../../arm-elf/lib/thumb/interwork/libg.a(lib_a-fwalk.o)
 .glue_7t       0x0000bae8        0x0 /usr/local/arm-elf-gcc-4.2.1/lib/gcc/arm-elf/4.2.1/../../../../arm-elf/lib/thumb/interwork/libg.a(lib_a-impure.o)
 .glue_7t       0x0000bae8        0x0 /usr/local/arm-elf-gcc-4.2.1/lib/gcc/arm-elf/4.2.1/../../../../arm-elf/lib/thumb/interwork/libg.a(lib_a-locale.o)
 .glue_7t       0x0000bae8        0x0 /usr/local/arm-elf-gcc-4.2.1/lib/gcc/arm-elf/4.2.1/../../../../arm-elf/lib/thumb/interwork/libg.a(lib_a-makebuf.o)
 .glue_7t       0x0000bae8        0x0 /usr/local/arm-elf-gcc-4.2.1/lib/gcc/arm-elf/4.2.1/../../../../arm-elf/lib/thumb/interwork/libg.a(lib_a-mallocr.o)
 .glue_7t       0x0000bae8        0x0 /usr/local/arm-elf-gcc-4.2.1/lib/gcc/arm-elf/4.2.1/../../../../arm-elf/lib/thumb/interwork/libg.a(lib_a-memchr.o)
 .glue_7t       0x0000bae8        0x0 /usr/local/arm-elf-gcc-4.2.1/lib/gcc/arm-elf/4.2.1/../../../../arm-elf/lib/thumb/interwork/libg.a(lib_a-memmove.o)
 .glue_7t       0x0000bae8        0x0 /usr/local/arm-elf-gcc-4.2.1/lib/gcc/arm-elf/4.2.1/../../../../arm-elf/lib/thumb/interwork/libg.a(lib_a-mlock.o)
 .glue_7t       0x0000bae8        0x0 /usr/local/arm-elf-gcc-4.2.1/lib/gcc/arm-elf/4.2.1/../../../../arm-elf/lib/thumb/interwork/libg.a(lib_a-mprec.o)
 .glue_7t       0x0000bae8        0x0 /usr/local/arm-elf-gcc-4.2.1/lib/gcc/arm-elf/4.2.1/../../../../arm-elf/lib/thumb/interwork/libg.a(lib_a-reallocr.o)
 .glue_7t       0x0000bae8        0x0 /usr/local/arm-elf-gcc-4.2.1/lib/gcc/arm-elf/4.2.1/../../../../arm-elf/lib/thumb/interwork/libg.a(lib_a-s_isinfd.o)
 .glue_7t       0x0000bae8        0x0 /usr/local/arm-elf-gcc-4.2.1/lib/gcc/arm-elf/4.2.1/../../../../arm-elf/lib/thumb/interwork/libg.a(lib_a-s_isnand.o)
 .glue_7t       0x0000bae8        0x0 /usr/local/arm-elf-gcc-4.2.1/lib/gcc/arm-elf/4.2.1/../../../../arm-elf/lib/thumb/interwork/libg.a(lib_a-sbrkr.o)
 .glue_7t       0x0000bae8        0x0 /usr/local/arm-elf-gcc-4.2.1/lib/gcc/arm-elf/4.2.1/../../../../arm-elf/lib/thumb/interwork/libg.a(lib_a-stdio.o)
 .glue_7t       0x0000bae8        0x0 /usr/local/arm-elf-gcc-4.2.1/lib/gcc/arm-elf/4.2.1/../../../../arm-elf/lib/thumb/interwork/libg.a(lib_a-strcmp.o)
 .glue_7t       0x0000bae8        0x0 /usr/local/arm-elf-gcc-4.2.1/lib/gcc/arm-elf/4.2.1/../../../../arm-elf/lib/thumb/interwork/libg.a(lib_a-syscalls.o)
 .glue_7t       0x0000bae8        0x0 /usr/local/arm-elf-gcc-4.2.1/lib/gcc/arm-elf/4.2.1/../../../../arm-elf/lib/thumb/interwork/libg.a(lib_a-writer.o)
 .glue_7t       0x0000bae8        0x0 /usr/local/arm-elf-gcc-4.2.1/lib/gcc/arm-elf/4.2.1/../../../../arm-elf/lib/thumb/interwork/libg.a(lib_a-callocr.o)
 .glue_7t       0x0000bae8        0x0 /usr/local/arm-elf-gcc-4.2.1/lib/gcc/arm-elf/4.2.1/../../../../arm-elf/lib/thumb/interwork/libg.a(lib_a-closer.o)
 .glue_7t       0x0000bae8        0x0 /usr/local/arm-elf-gcc-4.2.1/lib/gcc/arm-elf/4.2.1/../../../../arm-elf/lib/thumb/interwork/libg.a(lib_a-errno.o)
 .glue_7t       0x0000bae8        0x0 /usr/local/arm-elf-gcc-4.2.1/lib/gcc/arm-elf/4.2.1/../../../../arm-elf/lib/thumb/interwork/libg.a(lib_a-fclose.o)
 .glue_7t       0x0000bae8        0x0 /usr/local/arm-elf-gcc-4.2.1/lib/gcc/arm-elf/4.2.1/../../../../arm-elf/lib/thumb/interwork/libg.a(lib_a-fstatr.o)
 .glue_7t       0x0000bae8        0x0 /usr/local/arm-elf-gcc-4.2.1/lib/gcc/arm-elf/4.2.1/../../../../arm-elf/lib/thumb/interwork/libg.a(lib_a-lseekr.o)
 .glue_7t       0x0000bae8        0x0 /usr/local/arm-elf-gcc-4.2.1/lib/gcc/arm-elf/4.2.1/../../../../arm-elf/lib/thumb/interwork/libg.a(lib_a-readr.o)
 .glue_7t       0x0000bae8        0x0 /usr/local/arm-elf-gcc-4.2.1/lib/gcc/arm-elf/4.2.1/../../../../arm-elf/lib/thumb/interwork/libg.a(lib_a-reent.o)
 .glue_7t       0x0000bae8        0x0 /usr/local/arm-elf-gcc-4.2.1/lib/gcc/arm-elf/4.2.1/thumb/interwork/libgcc.a(_umodsi3.o)
 .glue_7t       0x0000bae8        0x0 /usr/local/arm-elf-gcc-4.2.1/lib/gcc/arm-elf/4.2.1/thumb/interwork/libgcc.a(_modsi3.o)
 .glue_7t       0x0000bae8        0x0 /usr/local/arm-elf-gcc-4.2.1/lib/gcc/arm-elf/4.2.1/thumb/interwork/libgcc.a(_addsub_df.o)
 .glue_7t       0x0000bae8        0x0 /usr/local/arm-elf-gcc-4.2.1/lib/gcc/arm-elf/4.2.1/thumb/interwork/libgcc.a(_mul_df.o)
 .glue_7t       0x0000bae8        0x0 /usr/local/arm-elf-gcc-4.2.1/lib/gcc/arm-elf/4.2.1/thumb/interwork/libgcc.a(_div_df.o)
 .glue_7t       0x0000bae8        0x0 /usr/local/arm-elf-gcc-4.2.1/lib/gcc/arm-elf/4.2.1/thumb/interwork/libgcc.a(_eq_df.o)
 .glue_7t       0x0000bae8        0x0 /usr/local/arm-elf-gcc-4.2.1/lib/gcc/arm-elf/4.2.1/thumb/interwork/libgcc.a(_ne_df.o)
 .glue_7t       0x0000bae8        0x0 /usr/local/arm-elf-gcc-4.2.1/lib/gcc/arm-elf/4.2.1/thumb/interwork/libgcc.a(_gt_df.o)
 .glue_7t       0x0000bae8        0x0 /usr/local/arm-elf-gcc-4.2.1/lib/gcc/arm-elf/4.2.1/thumb/interwork/libgcc.a(_ge_df.o)
 .glue_7t       0x0000bae8        0x0 /usr/local/arm-elf-gcc-4.2.1/lib/gcc/arm-elf/4.2.1/thumb/interwork/libgcc.a(_lt_df.o)
 .glue_7t       0x0000bae8        0x0 /usr/local/arm-elf-gcc-4.2.1/lib/gcc/arm-elf/4.2.1/thumb/interwork/libgcc.a(_si_to_df.o)
 .glue_7t       0x0000bae8        0x0 /usr/local/arm-elf-gcc-4.2.1/lib/gcc/arm-elf/4.2.1/thumb/interwork/libgcc.a(_df_to_si.o)
 .glue_7t       0x0000bae8        0x0 /usr/local/arm-elf-gcc-4.2.1/lib/gcc/arm-elf/4.2.1/thumb/interwork/libgcc.a(_thenan_df.o)
 .glue_7t       0x0000bae8        0x0 /usr/local/arm-elf-gcc-4.2.1/lib/gcc/arm-elf/4.2.1/thumb/interwork/libgcc.a(_usi_to_df.o)
 .glue_7t       0x0000bae8        0x0 /usr/local/arm-elf-gcc-4.2.1/lib/gcc/arm-elf/4.2.1/thumb/interwork/libgcc.a(_muldi3.o)
 .glue_7t       0x0000bae8        0x0 /usr/local/arm-elf-gcc-4.2.1/lib/gcc/arm-elf/4.2.1/thumb/interwork/libgcc.a(_clzsi2.o)
 .glue_7t       0x0000bae8        0x0 /usr/local/arm-elf-gcc-4.2.1/lib/gcc/arm-elf/4.2.1/thumb/interwork/libgcc.a(_pack_df.o)
 .glue_7t       0x0000bae8        0x0 /usr/local/arm-elf-gcc-4.2.1/lib/gcc/arm-elf/4.2.1/thumb/interwork/libgcc.a(_unpack_df.o)
 .glue_7t       0x0000bae8        0x0 /usr/local/arm-elf-gcc-4.2.1/lib/gcc/arm-elf/4.2.1/thumb/interwork/libgcc.a(_fpcmp_parts_df.o)
 .glue_7t       0x0000bae8       0x40 /usr/local/arm-elf-gcc-4.2.1/lib/gcc/arm-elf/4.2.1/thumb/interwork/libgcc.a(_clz.o)
                0x0000bb0c                __vPortEnterCritical_change_to_arm
                0x0000bb14                __vPortExitCritical_change_to_arm
                0x0000bb20                __vPortISRStartFirstTask_from_thumb
                0x0000baf8                __USBHwEPWrite_from_thumb
                0x0000bb18                __vPortDisableInterruptsFromThumb_from_thumb
                0x0000bb10                __vPortExitCritical_from_thumb
                0x0000baec                __xSerialPortInitMinimal_change_to_arm
                0x0000bae8                __xSerialPortInitMinimal_from_thumb
                0x0000bafc                __USBHwEPWrite_change_to_arm
                0x0000baf4                __vSerialPutString_change_to_arm
                0x0000bb08                __vPortEnterCritical_from_thumb
                0x0000bb24                __vPortISRStartFirstTask_change_to_arm
                0x0000baf0                __vSerialPutString_from_thumb
                0x0000bb1c                __vPortDisableInterruptsFromThumb_change_to_arm
                0x0000bb04                __USBHwISOCEPRead_change_to_arm
                0x0000bb00                __USBHwISOCEPRead_from_thumb
                0x0000bb28                __end_of_text__ = .

.data           0x40000000      0x834 load address 0x0000bb28
                0x40000000                __data_beg__ = .
                0x0000bb28                __data_beg_src__ = __end_of_text__
 *(.data)
 .data          0x40000000        0x0 serial/serial.o
 .data          0x40000000        0x0 serial/serialISR.o
 .data          0x40000000        0x4 ../../../Source/portable/GCC/ARM7_LPC23xx/portISR.o
                0x40000000                ulCriticalNesting
 .data          0x40000004        0x0 ../../Common/drivers/LPC/usb/usbcontrol.o
 .data          0x40000004        0x0 ../../Common/drivers/LPC/usb/usbhw_lpc.o
 .data          0x40000004        0x0 ../../Common/drivers/LPC/usb/usbinit.o
 .data          0x40000004        0x0 ../../Common/drivers/LPC/usb/usbstdreq.o
 .data          0x40000004        0x8 main.o
 .data          0x4000000c        0x0 ./ParTest/ParTest.o
 .data          0x4000000c        0x0 ./LCD/portlcd.o
 .data          0x4000000c        0x0 ../../Common/Minimal/BlockQ.o
 .data          0x4000000c        0x0 ../../Common/Minimal/blocktim.o
 .data          0x4000000c        0x0 ../../Common/Minimal/flash.o
 .data          0x4000000c        0x0 ../../Common/Minimal/integer.o
 .data          0x4000000c        0x0 ../../Common/Minimal/GenQTest.o
 .data          0x4000000c        0x0 ../../Common/Minimal/QPeek.o
 .data          0x4000000c        0x0 ../../Common/Minimal/dynamic.o
 .data          0x4000000c        0x0 ../../../Source/list.o
 .data          0x4000000c        0x0 ../../../Source/queue.o
 .data          0x4000000c        0x4 ../../../Source/tasks.o
 .data          0x40000010        0x0 ../../../Source/portable/GCC/ARM7_LPC23xx/port.o
 .data          0x40000010        0x0 ../../../Source/portable/MemMang/heap_2.o
 .data          0x40000010        0x0 /tmp/ccaKaJ1q.o
 .data          0x40000010        0x0 /usr/local/arm-elf-gcc-4.2.1/lib/gcc/arm-elf/4.2.1/thumb/interwork/libgcc.a(_udivsi3.o)
 .data          0x40000010        0x0 /usr/local/arm-elf-gcc-4.2.1/lib/gcc/arm-elf/4.2.1/thumb/interwork/libgcc.a(_divsi3.o)
 .data          0x40000010        0x0 /usr/local/arm-elf-gcc-4.2.1/lib/gcc/arm-elf/4.2.1/thumb/interwork/libgcc.a(_dvmd_tls.o)
 .data          0x40000010        0x0 /usr/local/arm-elf-gcc-4.2.1/lib/gcc/arm-elf/4.2.1/../../../../arm-elf/lib/thumb/interwork/libg.a(lib_a-memcpy.o)
 .data          0x40000010        0x0 /usr/local/arm-elf-gcc-4.2.1/lib/gcc/arm-elf/4.2.1/../../../../arm-elf/lib/thumb/interwork/libg.a(lib_a-memset.o)
 .data          0x40000010        0x0 /usr/local/arm-elf-gcc-4.2.1/lib/gcc/arm-elf/4.2.1/../../../../arm-elf/lib/thumb/interwork/libg.a(lib_a-sprintf.o)
 .data          0x40000010        0x0 /usr/local/arm-elf-gcc-4.2.1/lib/gcc/arm-elf/4.2.1/../../../../arm-elf/lib/thumb/interwork/libg.a(lib_a-strcat.o)
 .data          0x40000010        0x0 /usr/local/arm-elf-gcc-4.2.1/lib/gcc/arm-elf/4.2.1/../../../../arm-elf/lib/thumb/interwork/libg.a(lib_a-strcpy.o)
 .data          0x40000010        0x0 /usr/local/arm-elf-gcc-4.2.1/lib/gcc/arm-elf/4.2.1/../../../../arm-elf/lib/thumb/interwork/libg.a(lib_a-strlen.o)
 .data          0x40000010        0x0 /usr/local/arm-elf-gcc-4.2.1/lib/gcc/arm-elf/4.2.1/../../../../arm-elf/lib/thumb/interwork/libg.a(lib_a-strncpy.o)
 .data          0x40000010        0x0 /usr/local/arm-elf-gcc-4.2.1/lib/gcc/arm-elf/4.2.1/../../../../arm-elf/lib/thumb/interwork/libg.a(lib_a-vfprintf.o)
 .data          0x40000010        0x0 /usr/local/arm-elf-gcc-4.2.1/lib/gcc/arm-elf/4.2.1/../../../../arm-elf/lib/thumb/interwork/libg.a(lib_a-wcrtomb.o)
 .data          0x40000010        0x0 /usr/local/arm-elf-gcc-4.2.1/lib/gcc/arm-elf/4.2.1/../../../../arm-elf/lib/thumb/interwork/libg.a(lib_a-wcsrtombs.o)
 .data          0x40000010        0x0 /usr/local/arm-elf-gcc-4.2.1/lib/gcc/arm-elf/4.2.1/../../../../arm-elf/lib/thumb/interwork/libg.a(lib_a-wctomb_r.o)
 .data          0x40000010        0x0 /usr/local/arm-elf-gcc-4.2.1/lib/gcc/arm-elf/4.2.1/../../../../arm-elf/lib/thumb/interwork/libg.a(lib_a-wsetup.o)
 .data          0x40000010        0x0 /usr/local/arm-elf-gcc-4.2.1/lib/gcc/arm-elf/4.2.1/../../../../arm-elf/lib/thumb/interwork/libg.a(lib_a-dtoa.o)
 .data          0x40000010        0x0 /usr/local/arm-elf-gcc-4.2.1/lib/gcc/arm-elf/4.2.1/../../../../arm-elf/lib/thumb/interwork/libg.a(lib_a-fflush.o)
 .data          0x40000010        0x0 /usr/local/arm-elf-gcc-4.2.1/lib/gcc/arm-elf/4.2.1/../../../../arm-elf/lib/thumb/interwork/libg.a(lib_a-findfp.o)
 .data          0x40000010        0x0 /usr/local/arm-elf-gcc-4.2.1/lib/gcc/arm-elf/4.2.1/../../../../arm-elf/lib/thumb/interwork/libg.a(lib_a-freer.o)
 .data          0x40000010        0x0 /usr/local/arm-elf-gcc-4.2.1/lib/gcc/arm-elf/4.2.1/../../../../arm-elf/lib/thumb/interwork/libg.a(lib_a-fvwrite.o)
 .data          0x40000010        0x0 /usr/local/arm-elf-gcc-4.2.1/lib/gcc/arm-elf/4.2.1/../../../../arm-elf/lib/thumb/interwork/libg.a(lib_a-fwalk.o)
 .data          0x40000010      0x404 /usr/local/arm-elf-gcc-4.2.1/lib/gcc/arm-elf/4.2.1/../../../../arm-elf/lib/thumb/interwork/libg.a(lib_a-impure.o)
                0x40000010                _impure_ptr
 .data          0x40000414       0x10 /usr/local/arm-elf-gcc-4.2.1/lib/gcc/arm-elf/4.2.1/../../../../arm-elf/lib/thumb/interwork/libg.a(lib_a-locale.o)
                0x40000414                __mb_cur_max
                0x40000418                __lc_ctype
 .data          0x40000424        0x0 /usr/local/arm-elf-gcc-4.2.1/lib/gcc/arm-elf/4.2.1/../../../../arm-elf/lib/thumb/interwork/libg.a(lib_a-makebuf.o)
 .data          0x40000424      0x410 /usr/local/arm-elf-gcc-4.2.1/lib/gcc/arm-elf/4.2.1/../../../../arm-elf/lib/thumb/interwork/libg.a(lib_a-mallocr.o)
                0x40000830                __malloc_sbrk_base
                0x40000424                __malloc_av_
                0x4000082c                __malloc_trim_threshold
 .data          0x40000834        0x0 /usr/local/arm-elf-gcc-4.2.1/lib/gcc/arm-elf/4.2.1/../../../../arm-elf/lib/thumb/interwork/libg.a(lib_a-memchr.o)
 .data          0x40000834        0x0 /usr/local/arm-elf-gcc-4.2.1/lib/gcc/arm-elf/4.2.1/../../../../arm-elf/lib/thumb/interwork/libg.a(lib_a-memmove.o)
 .data          0x40000834        0x0 /usr/local/arm-elf-gcc-4.2.1/lib/gcc/arm-elf/4.2.1/../../../../arm-elf/lib/thumb/interwork/libg.a(lib_a-mlock.o)
 .data          0x40000834        0x0 /usr/local/arm-elf-gcc-4.2.1/lib/gcc/arm-elf/4.2.1/../../../../arm-elf/lib/thumb/interwork/libg.a(lib_a-mprec.o)
 .data          0x40000834        0x0 /usr/local/arm-elf-gcc-4.2.1/lib/gcc/arm-elf/4.2.1/../../../../arm-elf/lib/thumb/interwork/libg.a(lib_a-reallocr.o)
 .data          0x40000834        0x0 /usr/local/arm-elf-gcc-4.2.1/lib/gcc/arm-elf/4.2.1/../../../../arm-elf/lib/thumb/interwork/libg.a(lib_a-s_isinfd.o)
 .data          0x40000834        0x0 /usr/local/arm-elf-gcc-4.2.1/lib/gcc/arm-elf/4.2.1/../../../../arm-elf/lib/thumb/interwork/libg.a(lib_a-s_isnand.o)
 .data          0x40000834        0x0 /usr/local/arm-elf-gcc-4.2.1/lib/gcc/arm-elf/4.2.1/../../../../arm-elf/lib/thumb/interwork/libg.a(lib_a-sbrkr.o)
 .data          0x40000834        0x0 /usr/local/arm-elf-gcc-4.2.1/lib/gcc/arm-elf/4.2.1/../../../../arm-elf/lib/thumb/interwork/libg.a(lib_a-stdio.o)
 .data          0x40000834        0x0 /usr/local/arm-elf-gcc-4.2.1/lib/gcc/arm-elf/4.2.1/../../../../arm-elf/lib/thumb/interwork/libg.a(lib_a-strcmp.o)
 .data          0x40000834        0x0 /usr/local/arm-elf-gcc-4.2.1/lib/gcc/arm-elf/4.2.1/../../../../arm-elf/lib/thumb/interwork/libg.a(lib_a-syscalls.o)
 .data          0x40000834        0x0 /usr/local/arm-elf-gcc-4.2.1/lib/gcc/arm-elf/4.2.1/../../../../arm-elf/lib/thumb/interwork/libg.a(lib_a-writer.o)
 .data          0x40000834        0x0 /usr/local/arm-elf-gcc-4.2.1/lib/gcc/arm-elf/4.2.1/../../../../arm-elf/lib/thumb/interwork/libg.a(lib_a-callocr.o)
 .data          0x40000834        0x0 /usr/local/arm-elf-gcc-4.2.1/lib/gcc/arm-elf/4.2.1/../../../../arm-elf/lib/thumb/interwork/libg.a(lib_a-closer.o)
 .data          0x40000834        0x0 /usr/local/arm-elf-gcc-4.2.1/lib/gcc/arm-elf/4.2.1/../../../../arm-elf/lib/thumb/interwork/libg.a(lib_a-errno.o)
 .data          0x40000834        0x0 /usr/local/arm-elf-gcc-4.2.1/lib/gcc/arm-elf/4.2.1/../../../../arm-elf/lib/thumb/interwork/libg.a(lib_a-fclose.o)
 .data          0x40000834        0x0 /usr/local/arm-elf-gcc-4.2.1/lib/gcc/arm-elf/4.2.1/../../../../arm-elf/lib/thumb/interwork/libg.a(lib_a-fstatr.o)
 .data          0x40000834        0x0 /usr/local/arm-elf-gcc-4.2.1/lib/gcc/arm-elf/4.2.1/../../../../arm-elf/lib/thumb/interwork/libg.a(lib_a-lseekr.o)
 .data          0x40000834        0x0 /usr/local/arm-elf-gcc-4.2.1/lib/gcc/arm-elf/4.2.1/../../../../arm-elf/lib/thumb/interwork/libg.a(lib_a-readr.o)
 .data          0x40000834        0x0 /usr/local/arm-elf-gcc-4.2.1/lib/gcc/arm-elf/4.2.1/../../../../arm-elf/lib/thumb/interwork/libg.a(lib_a-reent.o)
 .data          0x40000834        0x0 /usr/local/arm-elf-gcc-4.2.1/lib/gcc/arm-elf/4.2.1/thumb/interwork/libgcc.a(_umodsi3.o)
 .data          0x40000834        0x0 /usr/local/arm-elf-gcc-4.2.1/lib/gcc/arm-elf/4.2.1/thumb/interwork/libgcc.a(_modsi3.o)
 .data          0x40000834        0x0 /usr/local/arm-elf-gcc-4.2.1/lib/gcc/arm-elf/4.2.1/thumb/interwork/libgcc.a(_addsub_df.o)
 .data          0x40000834        0x0 /usr/local/arm-elf-gcc-4.2.1/lib/gcc/arm-elf/4.2.1/thumb/interwork/libgcc.a(_mul_df.o)
 .data          0x40000834        0x0 /usr/local/arm-elf-gcc-4.2.1/lib/gcc/arm-elf/4.2.1/thumb/interwork/libgcc.a(_div_df.o)
 .data          0x40000834        0x0 /usr/local/arm-elf-gcc-4.2.1/lib/gcc/arm-elf/4.2.1/thumb/interwork/libgcc.a(_eq_df.o)
 .data          0x40000834        0x0 /usr/local/arm-elf-gcc-4.2.1/lib/gcc/arm-elf/4.2.1/thumb/interwork/libgcc.a(_ne_df.o)
 .data          0x40000834        0x0 /usr/local/arm-elf-gcc-4.2.1/lib/gcc/arm-elf/4.2.1/thumb/interwork/libgcc.a(_gt_df.o)
 .data          0x40000834        0x0 /usr/local/arm-elf-gcc-4.2.1/lib/gcc/arm-elf/4.2.1/thumb/interwork/libgcc.a(_ge_df.o)
 .data          0x40000834        0x0 /usr/local/arm-elf-gcc-4.2.1/lib/gcc/arm-elf/4.2.1/thumb/interwork/libgcc.a(_lt_df.o)
 .data          0x40000834        0x0 /usr/local/arm-elf-gcc-4.2.1/lib/gcc/arm-elf/4.2.1/thumb/interwork/libgcc.a(_si_to_df.o)
 .data          0x40000834        0x0 /usr/local/arm-elf-gcc-4.2.1/lib/gcc/arm-elf/4.2.1/thumb/interwork/libgcc.a(_df_to_si.o)
 .data          0x40000834        0x0 /usr/local/arm-elf-gcc-4.2.1/lib/gcc/arm-elf/4.2.1/thumb/interwork/libgcc.a(_thenan_df.o)
 .data          0x40000834        0x0 /usr/local/arm-elf-gcc-4.2.1/lib/gcc/arm-elf/4.2.1/thumb/interwork/libgcc.a(_usi_to_df.o)
 .data          0x40000834        0x0 /usr/local/arm-elf-gcc-4.2.1/lib/gcc/arm-elf/4.2.1/thumb/interwork/libgcc.a(_muldi3.o)
 .data          0x40000834        0x0 /usr/local/arm-elf-gcc-4.2.1/lib/gcc/arm-elf/4.2.1/thumb/interwork/libgcc.a(_clzsi2.o)
 .data          0x40000834        0x0 /usr/local/arm-elf-gcc-4.2.1/lib/gcc/arm-elf/4.2.1/thumb/interwork/libgcc.a(_pack_df.o)
 .data          0x40000834        0x0 /usr/local/arm-elf-gcc-4.2.1/lib/gcc/arm-elf/4.2.1/thumb/interwork/libgcc.a(_unpack_df.o)
 .data          0x40000834        0x0 /usr/local/arm-elf-gcc-4.2.1/lib/gcc/arm-elf/4.2.1/thumb/interwork/libgcc.a(_fpcmp_parts_df.o)
 .data          0x40000834        0x0 /usr/local/arm-elf-gcc-4.2.1/lib/gcc/arm-elf/4.2.1/thumb/interwork/libgcc.a(_clz.o)
                0x40000834                __data_end__ = .

.bss            0x40000834     0x4fc0
                0x40000834                __bss_beg__ = .
 *(.bss)
 .bss           0x40000834       0x18 serial/serial.o
 .bss           0x4000084c       0x18 serial/serialISR.o
 .bss           0x40000864        0x0 ../../../Source/portable/GCC/ARM7_LPC23xx/portISR.o
 .bss           0x40000864       0x34 ../../Common/drivers/LPC/usb/usbcontrol.o
 .bss           0x40000898       0x48 ../../Common/drivers/LPC/usb/usbhw_lpc.o
 .bss           0x400008e0        0x8 ../../Common/drivers/LPC/usb/usbinit.o
 .bss           0x400008e8        0xc ../../Common/drivers/LPC/usb/usbstdreq.o
 .bss           0x400008f4       0x14 main.o
                0x400008f4                isConnectedFlag
                0x400008f8                bDevStat
                0x400008fc                delay
 .bss           0x40000908        0x0 ./ParTest/ParTest.o
 .bss           0x40000908        0x4 ./LCD/portlcd.o
 .bss           0x4000090c       0x18 ../../Common/Minimal/BlockQ.o
 .bss           0x40000924       0x20 ../../Common/Minimal/blocktim.o
 .bss           0x40000944        0x4 ../../Common/Minimal/flash.o
 .bss           0x40000948        0x4 ../../Common/Minimal/integer.o
 .bss           0x4000094c       0x20 ../../Common/Minimal/GenQTest.o
 .bss           0x4000096c        0xc ../../Common/Minimal/QPeek.o
 .bss           0x40000978       0x28 ../../Common/Minimal/dynamic.o
 .bss           0x400009a0        0x0 ../../../Source/list.o
 .bss           0x400009a0        0x0 ../../../Source/queue.o
 .bss           0x400009a0      0x130 ../../../Source/tasks.o
                0x400009a0                pxCurrentTCB
 .bss           0x40000ad0        0x0 ../../../Source/portable/GCC/ARM7_LPC23xx/port.o
 .bss           0x40000ad0     0x4818 ../../../Source/portable/MemMang/heap_2.o
 .bss           0x400052e8        0x0 /tmp/ccaKaJ1q.o
 .bss           0x400052e8        0x0 /usr/local/arm-elf-gcc-4.2.1/lib/gcc/arm-elf/4.2.1/thumb/interwork/libgcc.a(_udivsi3.o)
 .bss           0x400052e8        0x0 /usr/local/arm-elf-gcc-4.2.1/lib/gcc/arm-elf/4.2.1/thumb/interwork/libgcc.a(_divsi3.o)
 .bss           0x400052e8        0x0 /usr/local/arm-elf-gcc-4.2.1/lib/gcc/arm-elf/4.2.1/thumb/interwork/libgcc.a(_dvmd_tls.o)
 .bss           0x400052e8        0x0 /usr/local/arm-elf-gcc-4.2.1/lib/gcc/arm-elf/4.2.1/../../../../arm-elf/lib/thumb/interwork/libg.a(lib_a-memcpy.o)
 .bss           0x400052e8        0x0 /usr/local/arm-elf-gcc-4.2.1/lib/gcc/arm-elf/4.2.1/../../../../arm-elf/lib/thumb/interwork/libg.a(lib_a-memset.o)
 .bss           0x400052e8        0x0 /usr/local/arm-elf-gcc-4.2.1/lib/gcc/arm-elf/4.2.1/../../../../arm-elf/lib/thumb/interwork/libg.a(lib_a-sprintf.o)
 .bss           0x400052e8        0x0 /usr/local/arm-elf-gcc-4.2.1/lib/gcc/arm-elf/4.2.1/../../../../arm-elf/lib/thumb/interwork/libg.a(lib_a-strcat.o)
 .bss           0x400052e8        0x0 /usr/local/arm-elf-gcc-4.2.1/lib/gcc/arm-elf/4.2.1/../../../../arm-elf/lib/thumb/interwork/libg.a(lib_a-strcpy.o)
 .bss           0x400052e8        0x0 /usr/local/arm-elf-gcc-4.2.1/lib/gcc/arm-elf/4.2.1/../../../../arm-elf/lib/thumb/interwork/libg.a(lib_a-strlen.o)
 .bss           0x400052e8        0x0 /usr/local/arm-elf-gcc-4.2.1/lib/gcc/arm-elf/4.2.1/../../../../arm-elf/lib/thumb/interwork/libg.a(lib_a-strncpy.o)
 .bss           0x400052e8        0x0 /usr/local/arm-elf-gcc-4.2.1/lib/gcc/arm-elf/4.2.1/../../../../arm-elf/lib/thumb/interwork/libg.a(lib_a-vfprintf.o)
 .bss           0x400052e8        0x0 /usr/local/arm-elf-gcc-4.2.1/lib/gcc/arm-elf/4.2.1/../../../../arm-elf/lib/thumb/interwork/libg.a(lib_a-wcrtomb.o)
 .bss           0x400052e8        0x0 /usr/local/arm-elf-gcc-4.2.1/lib/gcc/arm-elf/4.2.1/../../../../arm-elf/lib/thumb/interwork/libg.a(lib_a-wcsrtombs.o)
 .bss           0x400052e8        0x0 /usr/local/arm-elf-gcc-4.2.1/lib/gcc/arm-elf/4.2.1/../../../../arm-elf/lib/thumb/interwork/libg.a(lib_a-wctomb_r.o)
 .bss           0x400052e8        0x0 /usr/local/arm-elf-gcc-4.2.1/lib/gcc/arm-elf/4.2.1/../../../../arm-elf/lib/thumb/interwork/libg.a(lib_a-wsetup.o)
 .bss           0x400052e8        0x0 /usr/local/arm-elf-gcc-4.2.1/lib/gcc/arm-elf/4.2.1/../../../../arm-elf/lib/thumb/interwork/libg.a(lib_a-dtoa.o)
 .bss           0x400052e8        0x0 /usr/local/arm-elf-gcc-4.2.1/lib/gcc/arm-elf/4.2.1/../../../../arm-elf/lib/thumb/interwork/libg.a(lib_a-fflush.o)
 .bss           0x400052e8        0x0 /usr/local/arm-elf-gcc-4.2.1/lib/gcc/arm-elf/4.2.1/../../../../arm-elf/lib/thumb/interwork/libg.a(lib_a-findfp.o)
 .bss           0x400052e8        0x0 /usr/local/arm-elf-gcc-4.2.1/lib/gcc/arm-elf/4.2.1/../../../../arm-elf/lib/thumb/interwork/libg.a(lib_a-freer.o)
 .bss           0x400052e8        0x0 /usr/local/arm-elf-gcc-4.2.1/lib/gcc/arm-elf/4.2.1/../../../../arm-elf/lib/thumb/interwork/libg.a(lib_a-fvwrite.o)
 .bss           0x400052e8        0x0 /usr/local/arm-elf-gcc-4.2.1/lib/gcc/arm-elf/4.2.1/../../../../arm-elf/lib/thumb/interwork/libg.a(lib_a-fwalk.o)
 .bss           0x400052e8        0x0 /usr/local/arm-elf-gcc-4.2.1/lib/gcc/arm-elf/4.2.1/../../../../arm-elf/lib/thumb/interwork/libg.a(lib_a-impure.o)
 .bss           0x400052e8        0xc /usr/local/arm-elf-gcc-4.2.1/lib/gcc/arm-elf/4.2.1/../../../../arm-elf/lib/thumb/interwork/libg.a(lib_a-locale.o)
                0x400052e8                __nlocale_changed
                0x400052ec                __mlocale_changed
                0x400052f0                _PathLocale
 .bss           0x400052f4        0x0 /usr/local/arm-elf-gcc-4.2.1/lib/gcc/arm-elf/4.2.1/../../../../arm-elf/lib/thumb/interwork/libg.a(lib_a-makebuf.o)
 .bss           0x400052f4       0x34 /usr/local/arm-elf-gcc-4.2.1/lib/gcc/arm-elf/4.2.1/../../../../arm-elf/lib/thumb/interwork/libg.a(lib_a-mallocr.o)
                0x400052f4                __malloc_top_pad
                0x400052f8                __malloc_max_sbrked_mem
                0x40005300                __malloc_current_mallinfo
                0x400052fc                __malloc_max_total_mem
 .bss           0x40005328        0x0 /usr/local/arm-elf-gcc-4.2.1/lib/gcc/arm-elf/4.2.1/../../../../arm-elf/lib/thumb/interwork/libg.a(lib_a-memchr.o)
 .bss           0x40005328        0x0 /usr/local/arm-elf-gcc-4.2.1/lib/gcc/arm-elf/4.2.1/../../../../arm-elf/lib/thumb/interwork/libg.a(lib_a-memmove.o)
 .bss           0x40005328        0x0 /usr/local/arm-elf-gcc-4.2.1/lib/gcc/arm-elf/4.2.1/../../../../arm-elf/lib/thumb/interwork/libg.a(lib_a-mlock.o)
 .bss           0x40005328        0x0 /usr/local/arm-elf-gcc-4.2.1/lib/gcc/arm-elf/4.2.1/../../../../arm-elf/lib/thumb/interwork/libg.a(lib_a-mprec.o)
 .bss           0x40005328        0x0 /usr/local/arm-elf-gcc-4.2.1/lib/gcc/arm-elf/4.2.1/../../../../arm-elf/lib/thumb/interwork/libg.a(lib_a-reallocr.o)
 .bss           0x40005328        0x0 /usr/local/arm-elf-gcc-4.2.1/lib/gcc/arm-elf/4.2.1/../../../../arm-elf/lib/thumb/interwork/libg.a(lib_a-s_isinfd.o)
 .bss           0x40005328        0x0 /usr/local/arm-elf-gcc-4.2.1/lib/gcc/arm-elf/4.2.1/../../../../arm-elf/lib/thumb/interwork/libg.a(lib_a-s_isnand.o)
 .bss           0x40005328        0x0 /usr/local/arm-elf-gcc-4.2.1/lib/gcc/arm-elf/4.2.1/../../../../arm-elf/lib/thumb/interwork/libg.a(lib_a-sbrkr.o)
 .bss           0x40005328        0x0 /usr/local/arm-elf-gcc-4.2.1/lib/gcc/arm-elf/4.2.1/../../../../arm-elf/lib/thumb/interwork/libg.a(lib_a-stdio.o)
 .bss           0x40005328        0x0 /usr/local/arm-elf-gcc-4.2.1/lib/gcc/arm-elf/4.2.1/../../../../arm-elf/lib/thumb/interwork/libg.a(lib_a-strcmp.o)
 .bss           0x40005328       0xb0 /usr/local/arm-elf-gcc-4.2.1/lib/gcc/arm-elf/4.2.1/../../../../arm-elf/lib/thumb/interwork/libg.a(lib_a-syscalls.o)
 .bss           0x400053d8        0x0 /usr/local/arm-elf-gcc-4.2.1/lib/gcc/arm-elf/4.2.1/../../../../arm-elf/lib/thumb/interwork/libg.a(lib_a-writer.o)
 .bss           0x400053d8        0x0 /usr/local/arm-elf-gcc-4.2.1/lib/gcc/arm-elf/4.2.1/../../../../arm-elf/lib/thumb/interwork/libg.a(lib_a-callocr.o)
 .bss           0x400053d8        0x0 /usr/local/arm-elf-gcc-4.2.1/lib/gcc/arm-elf/4.2.1/../../../../arm-elf/lib/thumb/interwork/libg.a(lib_a-closer.o)
 .bss           0x400053d8        0x0 /usr/local/arm-elf-gcc-4.2.1/lib/gcc/arm-elf/4.2.1/../../../../arm-elf/lib/thumb/interwork/libg.a(lib_a-errno.o)
 .bss           0x400053d8        0x0 /usr/local/arm-elf-gcc-4.2.1/lib/gcc/arm-elf/4.2.1/../../../../arm-elf/lib/thumb/interwork/libg.a(lib_a-fclose.o)
 .bss           0x400053d8        0x0 /usr/local/arm-elf-gcc-4.2.1/lib/gcc/arm-elf/4.2.1/../../../../arm-elf/lib/thumb/interwork/libg.a(lib_a-fstatr.o)
 .bss           0x400053d8        0x0 /usr/local/arm-elf-gcc-4.2.1/lib/gcc/arm-elf/4.2.1/../../../../arm-elf/lib/thumb/interwork/libg.a(lib_a-lseekr.o)
 .bss           0x400053d8        0x0 /usr/local/arm-elf-gcc-4.2.1/lib/gcc/arm-elf/4.2.1/../../../../arm-elf/lib/thumb/interwork/libg.a(lib_a-readr.o)
 .bss           0x400053d8        0x0 /usr/local/arm-elf-gcc-4.2.1/lib/gcc/arm-elf/4.2.1/../../../../arm-elf/lib/thumb/interwork/libg.a(lib_a-reent.o)
 .bss           0x400053d8        0x0 /usr/local/arm-elf-gcc-4.2.1/lib/gcc/arm-elf/4.2.1/thumb/interwork/libgcc.a(_umodsi3.o)
 .bss           0x400053d8        0x0 /usr/local/arm-elf-gcc-4.2.1/lib/gcc/arm-elf/4.2.1/thumb/interwork/libgcc.a(_modsi3.o)
 .bss           0x400053d8        0x0 /usr/local/arm-elf-gcc-4.2.1/lib/gcc/arm-elf/4.2.1/thumb/interwork/libgcc.a(_addsub_df.o)
 .bss           0x400053d8        0x0 /usr/local/arm-elf-gcc-4.2.1/lib/gcc/arm-elf/4.2.1/thumb/interwork/libgcc.a(_mul_df.o)
 .bss           0x400053d8        0x0 /usr/local/arm-elf-gcc-4.2.1/lib/gcc/arm-elf/4.2.1/thumb/interwork/libgcc.a(_div_df.o)
 .bss           0x400053d8        0x0 /usr/local/arm-elf-gcc-4.2.1/lib/gcc/arm-elf/4.2.1/thumb/interwork/libgcc.a(_eq_df.o)
 .bss           0x400053d8        0x0 /usr/local/arm-elf-gcc-4.2.1/lib/gcc/arm-elf/4.2.1/thumb/interwork/libgcc.a(_ne_df.o)
 .bss           0x400053d8        0x0 /usr/local/arm-elf-gcc-4.2.1/lib/gcc/arm-elf/4.2.1/thumb/interwork/libgcc.a(_gt_df.o)
 .bss           0x400053d8        0x0 /usr/local/arm-elf-gcc-4.2.1/lib/gcc/arm-elf/4.2.1/thumb/interwork/libgcc.a(_ge_df.o)
 .bss           0x400053d8        0x0 /usr/local/arm-elf-gcc-4.2.1/lib/gcc/arm-elf/4.2.1/thumb/interwork/libgcc.a(_lt_df.o)
 .bss           0x400053d8        0x0 /usr/local/arm-elf-gcc-4.2.1/lib/gcc/arm-elf/4.2.1/thumb/interwork/libgcc.a(_si_to_df.o)
 .bss           0x400053d8        0x0 /usr/local/arm-elf-gcc-4.2.1/lib/gcc/arm-elf/4.2.1/thumb/interwork/libgcc.a(_df_to_si.o)
 .bss           0x400053d8        0x0 /usr/local/arm-elf-gcc-4.2.1/lib/gcc/arm-elf/4.2.1/thumb/interwork/libgcc.a(_thenan_df.o)
 .bss           0x400053d8        0x0 /usr/local/arm-elf-gcc-4.2.1/lib/gcc/arm-elf/4.2.1/thumb/interwork/libgcc.a(_usi_to_df.o)
 .bss           0x400053d8        0x0 /usr/local/arm-elf-gcc-4.2.1/lib/gcc/arm-elf/4.2.1/thumb/interwork/libgcc.a(_muldi3.o)
 .bss           0x400053d8        0x0 /usr/local/arm-elf-gcc-4.2.1/lib/gcc/arm-elf/4.2.1/thumb/interwork/libgcc.a(_clzsi2.o)
 .bss           0x400053d8        0x0 /usr/local/arm-elf-gcc-4.2.1/lib/gcc/arm-elf/4.2.1/thumb/interwork/libgcc.a(_pack_df.o)
 .bss           0x400053d8        0x0 /usr/local/arm-elf-gcc-4.2.1/lib/gcc/arm-elf/4.2.1/thumb/interwork/libgcc.a(_unpack_df.o)
 .bss           0x400053d8        0x0 /usr/local/arm-elf-gcc-4.2.1/lib/gcc/arm-elf/4.2.1/thumb/interwork/libgcc.a(_fpcmp_parts_df.o)
 .bss           0x400053d8        0x0 /usr/local/arm-elf-gcc-4.2.1/lib/gcc/arm-elf/4.2.1/thumb/interwork/libgcc.a(_clz.o)
 COMMON         0x400053d8      0x408 main.o
                0x400053d8                outputIsocDataBuffer
                0x400057d8                inputIsocDataBuffer
                0x400057dc                xLCDQueue
 COMMON         0x400057e0        0xc ../../Common/Minimal/QPeek.o
                0x400057e0                xHighPriorityTask
                0x400057e4                xMediumPriorityTask
                0x400057e8                xHighestPriorityTask
 COMMON         0x400057ec        0x4 ../../Common/Minimal/dynamic.o
                0x400057ec                xSuspendedTestQueue
 COMMON         0x400057f0        0x4 /usr/local/arm-elf-gcc-4.2.1/lib/gcc/arm-elf/4.2.1/../../../../arm-elf/lib/thumb/interwork/libg.a(lib_a-reent.o)
                0x400057f0                errno
                0x400057f4                . = ALIGN (0x4)
                0x400057f4                _bss_end__ = .
                0x400057f4                __bss_end__ = .
                0x400057f4                __end__ = .

.usbram         0x7fd00000        0x0
                0x7fd00000                __usbram_beg__ = .
 *(.dmaram)
                0x7fd00000                __usbram_end__ = .

.ethram         0x7fe00000        0x0
                0x7fe00000                __ethram_beg__ = .
 *(.ethram)
                0x7fe00000                __ethram_end__ = .
                0x7fe00000                . = ALIGN (0x4)
                0x7fe00000                _end = .
                0x7fe00000                PROVIDE (end, .)
OUTPUT(RTOSDemo.elf elf32-littlearm)

.debug_abbrev   0x00000000     0x72a2
 .debug_abbrev  0x00000000       0xe6 serial/serial.o
 .debug_abbrev  0x000000e6       0xe4 serial/serialISR.o
 .debug_abbrev  0x000001ca       0x7f ../../../Source/portable/GCC/ARM7_LPC23xx/portISR.o
 .debug_abbrev  0x00000249      0x155 ../../Common/drivers/LPC/usb/usbcontrol.o
 .debug_abbrev  0x0000039e      0x27a ../../Common/drivers/LPC/usb/usbhw_lpc.o
 .debug_abbrev  0x00000618       0xa9 ../../Common/drivers/LPC/usb/usbinit.o
 .debug_abbrev  0x000006c1      0x202 ../../Common/drivers/LPC/usb/usbstdreq.o
 .debug_abbrev  0x000008c3      0x178 main.o
 .debug_abbrev  0x00000a3b       0xb0 ./ParTest/ParTest.o
 .debug_abbrev  0x00000aeb      0x15b ./LCD/portlcd.o
 .debug_abbrev  0x00000c46      0x12b ../../Common/Minimal/BlockQ.o
 .debug_abbrev  0x00000d71      0x100 ../../Common/Minimal/blocktim.o
 .debug_abbrev  0x00000e71       0xa7 ../../Common/Minimal/flash.o
 .debug_abbrev  0x00000f18       0xcc ../../Common/Minimal/integer.o
 .debug_abbrev  0x00000fe4      0x10d ../../Common/Minimal/GenQTest.o
 .debug_abbrev  0x000010f1      0x12d ../../Common/Minimal/QPeek.o
 .debug_abbrev  0x0000121e      0x11a ../../Common/Minimal/dynamic.o
 .debug_abbrev  0x00001338       0xfd ../../../Source/list.o
 .debug_abbrev  0x00001435      0x1aa ../../../Source/queue.o
 .debug_abbrev  0x000015df      0x237 ../../../Source/tasks.o
 .debug_abbrev  0x00001816       0xf1 ../../../Source/portable/GCC/ARM7_LPC23xx/port.o
 .debug_abbrev  0x00001907      0x13f ../../../Source/portable/MemMang/heap_2.o
 .debug_abbrev  0x00001a46       0x10 /tmp/ccaKaJ1q.o
 .debug_abbrev  0x00001a56       0x14 /usr/local/arm-elf-gcc-4.2.1/lib/gcc/arm-elf/4.2.1/thumb/interwork/libgcc.a(_udivsi3.o)
 .debug_abbrev  0x00001a6a       0x14 /usr/local/arm-elf-gcc-4.2.1/lib/gcc/arm-elf/4.2.1/thumb/interwork/libgcc.a(_divsi3.o)
 .debug_abbrev  0x00001a7e       0x14 /usr/local/arm-elf-gcc-4.2.1/lib/gcc/arm-elf/4.2.1/thumb/interwork/libgcc.a(_dvmd_tls.o)
 .debug_abbrev  0x00001a92       0xa8 /usr/local/arm-elf-gcc-4.2.1/lib/gcc/arm-elf/4.2.1/../../../../arm-elf/lib/thumb/interwork/libg.a(lib_a-memcpy.o)
 .debug_abbrev  0x00001b3a       0xa3 /usr/local/arm-elf-gcc-4.2.1/lib/gcc/arm-elf/4.2.1/../../../../arm-elf/lib/thumb/interwork/libg.a(lib_a-memset.o)
 .debug_abbrev  0x00001bdd      0x196 /usr/local/arm-elf-gcc-4.2.1/lib/gcc/arm-elf/4.2.1/../../../../arm-elf/lib/thumb/interwork/libg.a(lib_a-sprintf.o)
 .debug_abbrev  0x00001d73       0x90 /usr/local/arm-elf-gcc-4.2.1/lib/gcc/arm-elf/4.2.1/../../../../arm-elf/lib/thumb/interwork/libg.a(lib_a-strcat.o)
 .debug_abbrev  0x00001e03       0x89 /usr/local/arm-elf-gcc-4.2.1/lib/gcc/arm-elf/4.2.1/../../../../arm-elf/lib/thumb/interwork/libg.a(lib_a-strcpy.o)
 .debug_abbrev  0x00001e8c       0x94 /usr/local/arm-elf-gcc-4.2.1/lib/gcc/arm-elf/4.2.1/../../../../arm-elf/lib/thumb/interwork/libg.a(lib_a-strlen.o)
 .debug_abbrev  0x00001f20       0x96 /usr/local/arm-elf-gcc-4.2.1/lib/gcc/arm-elf/4.2.1/../../../../arm-elf/lib/thumb/interwork/libg.a(lib_a-strncpy.o)
 .debug_abbrev  0x00001fb6      0x379 /usr/local/arm-elf-gcc-4.2.1/lib/gcc/arm-elf/4.2.1/../../../../arm-elf/lib/thumb/interwork/libg.a(lib_a-vfprintf.o)
 .debug_abbrev  0x0000232f      0x197 /usr/local/arm-elf-gcc-4.2.1/lib/gcc/arm-elf/4.2.1/../../../../arm-elf/lib/thumb/interwork/libg.a(lib_a-wcrtomb.o)
 .debug_abbrev  0x000024c6      0x1ba /usr/local/arm-elf-gcc-4.2.1/lib/gcc/arm-elf/4.2.1/../../../../arm-elf/lib/thumb/interwork/libg.a(lib_a-wcsrtombs.o)
 .debug_abbrev  0x00002680      0x1b4 /usr/local/arm-elf-gcc-4.2.1/lib/gcc/arm-elf/4.2.1/../../../../arm-elf/lib/thumb/interwork/libg.a(lib_a-wctomb_r.o)
 .debug_abbrev  0x00002834      0x179 /usr/local/arm-elf-gcc-4.2.1/lib/gcc/arm-elf/4.2.1/../../../../arm-elf/lib/thumb/interwork/libg.a(lib_a-wsetup.o)
 .debug_abbrev  0x000029ad      0x22c /usr/local/arm-elf-gcc-4.2.1/lib/gcc/arm-elf/4.2.1/../../../../arm-elf/lib/thumb/interwork/libg.a(lib_a-dtoa.o)
 .debug_abbrev  0x00002bd9      0x19e /usr/local/arm-elf-gcc-4.2.1/lib/gcc/arm-elf/4.2.1/../../../../arm-elf/lib/thumb/interwork/libg.a(lib_a-fflush.o)
 .debug_abbrev  0x00002d77      0x279 /usr/local/arm-elf-gcc-4.2.1/lib/gcc/arm-elf/4.2.1/../../../../arm-elf/lib/thumb/interwork/libg.a(lib_a-findfp.o)
 .debug_abbrev  0x00002ff0      0x1e2 /usr/local/arm-elf-gcc-4.2.1/lib/gcc/arm-elf/4.2.1/../../../../arm-elf/lib/thumb/interwork/libg.a(lib_a-freer.o)
 .debug_abbrev  0x000031d2      0x1bd /usr/local/arm-elf-gcc-4.2.1/lib/gcc/arm-elf/4.2.1/../../../../arm-elf/lib/thumb/interwork/libg.a(lib_a-fvwrite.o)
 .debug_abbrev  0x0000338f      0x1ec /usr/local/arm-elf-gcc-4.2.1/lib/gcc/arm-elf/4.2.1/../../../../arm-elf/lib/thumb/interwork/libg.a(lib_a-fwalk.o)
 .debug_abbrev  0x0000357b      0x160 /usr/local/arm-elf-gcc-4.2.1/lib/gcc/arm-elf/4.2.1/../../../../arm-elf/lib/thumb/interwork/libg.a(lib_a-impure.o)
 .debug_abbrev  0x000036db      0x220 /usr/local/arm-elf-gcc-4.2.1/lib/gcc/arm-elf/4.2.1/../../../../arm-elf/lib/thumb/interwork/libg.a(lib_a-locale.o)
 .debug_abbrev  0x000038fb      0x1a4 /usr/local/arm-elf-gcc-4.2.1/lib/gcc/arm-elf/4.2.1/../../../../arm-elf/lib/thumb/interwork/libg.a(lib_a-makebuf.o)
 .debug_abbrev  0x00003a9f      0x21f /usr/local/arm-elf-gcc-4.2.1/lib/gcc/arm-elf/4.2.1/../../../../arm-elf/lib/thumb/interwork/libg.a(lib_a-mallocr.o)
 .debug_abbrev  0x00003cbe       0xbe /usr/local/arm-elf-gcc-4.2.1/lib/gcc/arm-elf/4.2.1/../../../../arm-elf/lib/thumb/interwork/libg.a(lib_a-memchr.o)
 .debug_abbrev  0x00003d7c       0xa2 /usr/local/arm-elf-gcc-4.2.1/lib/gcc/arm-elf/4.2.1/../../../../arm-elf/lib/thumb/interwork/libg.a(lib_a-memmove.o)
 .debug_abbrev  0x00003e1e      0x173 /usr/local/arm-elf-gcc-4.2.1/lib/gcc/arm-elf/4.2.1/../../../../arm-elf/lib/thumb/interwork/libg.a(lib_a-mlock.o)
 .debug_abbrev  0x00003f91      0x291 /usr/local/arm-elf-gcc-4.2.1/lib/gcc/arm-elf/4.2.1/../../../../arm-elf/lib/thumb/interwork/libg.a(lib_a-mprec.o)
 .debug_abbrev  0x00004222      0x1d9 /usr/local/arm-elf-gcc-4.2.1/lib/gcc/arm-elf/4.2.1/../../../../arm-elf/lib/thumb/interwork/libg.a(lib_a-reallocr.o)
 .debug_abbrev  0x000043fb       0x82 /usr/local/arm-elf-gcc-4.2.1/lib/gcc/arm-elf/4.2.1/../../../../arm-elf/lib/thumb/interwork/libg.a(lib_a-s_isinfd.o)
 .debug_abbrev  0x0000447d       0x82 /usr/local/arm-elf-gcc-4.2.1/lib/gcc/arm-elf/4.2.1/../../../../arm-elf/lib/thumb/interwork/libg.a(lib_a-s_isnand.o)
 .debug_abbrev  0x000044ff      0x195 /usr/local/arm-elf-gcc-4.2.1/lib/gcc/arm-elf/4.2.1/../../../../arm-elf/lib/thumb/interwork/libg.a(lib_a-sbrkr.o)
 .debug_abbrev  0x00004694      0x1b3 /usr/local/arm-elf-gcc-4.2.1/lib/gcc/arm-elf/4.2.1/../../../../arm-elf/lib/thumb/interwork/libg.a(lib_a-stdio.o)
 .debug_abbrev  0x00004847       0x7a /usr/local/arm-elf-gcc-4.2.1/lib/gcc/arm-elf/4.2.1/../../../../arm-elf/lib/thumb/interwork/libg.a(lib_a-strcmp.o)
 .debug_abbrev  0x000048c1      0x401 /usr/local/arm-elf-gcc-4.2.1/lib/gcc/arm-elf/4.2.1/../../../../arm-elf/lib/thumb/interwork/libg.a(lib_a-syscalls.o)
 .debug_abbrev  0x00004cc2      0x18d /usr/local/arm-elf-gcc-4.2.1/lib/gcc/arm-elf/4.2.1/../../../../arm-elf/lib/thumb/interwork/libg.a(lib_a-writer.o)
 .debug_abbrev  0x00004e4f      0x1b8 /usr/local/arm-elf-gcc-4.2.1/lib/gcc/arm-elf/4.2.1/../../../../arm-elf/lib/thumb/interwork/libg.a(lib_a-callocr.o)
 .debug_abbrev  0x00005007      0x188 /usr/local/arm-elf-gcc-4.2.1/lib/gcc/arm-elf/4.2.1/../../../../arm-elf/lib/thumb/interwork/libg.a(lib_a-closer.o)
 .debug_abbrev  0x0000518f      0x168 /usr/local/arm-elf-gcc-4.2.1/lib/gcc/arm-elf/4.2.1/../../../../arm-elf/lib/thumb/interwork/libg.a(lib_a-errno.o)
 .debug_abbrev  0x000052f7      0x197 /usr/local/arm-elf-gcc-4.2.1/lib/gcc/arm-elf/4.2.1/../../../../arm-elf/lib/thumb/interwork/libg.a(lib_a-fclose.o)
 .debug_abbrev  0x0000548e      0x197 /usr/local/arm-elf-gcc-4.2.1/lib/gcc/arm-elf/4.2.1/../../../../arm-elf/lib/thumb/interwork/libg.a(lib_a-fstatr.o)
 .debug_abbrev  0x00005625      0x195 /usr/local/arm-elf-gcc-4.2.1/lib/gcc/arm-elf/4.2.1/../../../../arm-elf/lib/thumb/interwork/libg.a(lib_a-lseekr.o)
 .debug_abbrev  0x000057ba      0x188 /usr/local/arm-elf-gcc-4.2.1/lib/gcc/arm-elf/4.2.1/../../../../arm-elf/lib/thumb/interwork/libg.a(lib_a-readr.o)
 .debug_abbrev  0x00005942      0x1e3 /usr/local/arm-elf-gcc-4.2.1/lib/gcc/arm-elf/4.2.1/../../../../arm-elf/lib/thumb/interwork/libg.a(lib_a-reent.o)
 .debug_abbrev  0x00005b25       0x14 /usr/local/arm-elf-gcc-4.2.1/lib/gcc/arm-elf/4.2.1/thumb/interwork/libgcc.a(_umodsi3.o)
 .debug_abbrev  0x00005b39       0x14 /usr/local/arm-elf-gcc-4.2.1/lib/gcc/arm-elf/4.2.1/thumb/interwork/libgcc.a(_modsi3.o)
 .debug_abbrev  0x00005b4d      0x1be /usr/local/arm-elf-gcc-4.2.1/lib/gcc/arm-elf/4.2.1/thumb/interwork/libgcc.a(_addsub_df.o)
 .debug_abbrev  0x00005d0b      0x1ee /usr/local/arm-elf-gcc-4.2.1/lib/gcc/arm-elf/4.2.1/thumb/interwork/libgcc.a(_mul_df.o)
 .debug_abbrev  0x00005ef9      0x1e2 /usr/local/arm-elf-gcc-4.2.1/lib/gcc/arm-elf/4.2.1/thumb/interwork/libgcc.a(_div_df.o)
 .debug_abbrev  0x000060db      0x160 /usr/local/arm-elf-gcc-4.2.1/lib/gcc/arm-elf/4.2.1/thumb/interwork/libgcc.a(_eq_df.o)
 .debug_abbrev  0x0000623b      0x160 /usr/local/arm-elf-gcc-4.2.1/lib/gcc/arm-elf/4.2.1/thumb/interwork/libgcc.a(_ne_df.o)
 .debug_abbrev  0x0000639b      0x160 /usr/local/arm-elf-gcc-4.2.1/lib/gcc/arm-elf/4.2.1/thumb/interwork/libgcc.a(_gt_df.o)
 .debug_abbrev  0x000064fb      0x160 /usr/local/arm-elf-gcc-4.2.1/lib/gcc/arm-elf/4.2.1/thumb/interwork/libgcc.a(_ge_df.o)
 .debug_abbrev  0x0000665b      0x160 /usr/local/arm-elf-gcc-4.2.1/lib/gcc/arm-elf/4.2.1/thumb/interwork/libgcc.a(_lt_df.o)
 .debug_abbrev  0x000067bb      0x138 /usr/local/arm-elf-gcc-4.2.1/lib/gcc/arm-elf/4.2.1/thumb/interwork/libgcc.a(_si_to_df.o)
 .debug_abbrev  0x000068f3      0x16f /usr/local/arm-elf-gcc-4.2.1/lib/gcc/arm-elf/4.2.1/thumb/interwork/libgcc.a(_df_to_si.o)
 .debug_abbrev  0x00006a62       0xc3 /usr/local/arm-elf-gcc-4.2.1/lib/gcc/arm-elf/4.2.1/thumb/interwork/libgcc.a(_thenan_df.o)
 .debug_abbrev  0x00006b25      0x14c /usr/local/arm-elf-gcc-4.2.1/lib/gcc/arm-elf/4.2.1/thumb/interwork/libgcc.a(_usi_to_df.o)
 .debug_abbrev  0x00006c71       0xf5 /usr/local/arm-elf-gcc-4.2.1/lib/gcc/arm-elf/4.2.1/thumb/interwork/libgcc.a(_muldi3.o)
 .debug_abbrev  0x00006d66       0xb3 /usr/local/arm-elf-gcc-4.2.1/lib/gcc/arm-elf/4.2.1/thumb/interwork/libgcc.a(_clzsi2.o)
 .debug_abbrev  0x00006e19      0x1b1 /usr/local/arm-elf-gcc-4.2.1/lib/gcc/arm-elf/4.2.1/thumb/interwork/libgcc.a(_pack_df.o)
 .debug_abbrev  0x00006fca      0x154 /usr/local/arm-elf-gcc-4.2.1/lib/gcc/arm-elf/4.2.1/thumb/interwork/libgcc.a(_unpack_df.o)
 .debug_abbrev  0x0000711e      0x11a /usr/local/arm-elf-gcc-4.2.1/lib/gcc/arm-elf/4.2.1/thumb/interwork/libgcc.a(_fpcmp_parts_df.o)
 .debug_abbrev  0x00007238       0x6a /usr/local/arm-elf-gcc-4.2.1/lib/gcc/arm-elf/4.2.1/thumb/interwork/libgcc.a(_clz.o)

.debug_info     0x00000000    0x1e240
 .debug_info    0x00000000      0x2f8 serial/serial.o
 .debug_info    0x000002f8      0x20f serial/serialISR.o
 .debug_info    0x00000507      0x12b ../../../Source/portable/GCC/ARM7_LPC23xx/portISR.o
 .debug_info    0x00000632      0x2de ../../Common/drivers/LPC/usb/usbcontrol.o
 .debug_info    0x00000910      0x85f ../../Common/drivers/LPC/usb/usbhw_lpc.o
 .debug_info    0x0000116f       0xb8 ../../Common/drivers/LPC/usb/usbinit.o
 .debug_info    0x00001227      0x468 ../../Common/drivers/LPC/usb/usbstdreq.o
 .debug_info    0x0000168f      0x2ba main.o
 .debug_info    0x00001949      0x12c ./ParTest/ParTest.o
 .debug_info    0x00001a75      0x331 ./LCD/portlcd.o
 .debug_info    0x00001da6      0x2e9 ../../Common/Minimal/BlockQ.o
 .debug_info    0x0000208f      0x237 ../../Common/Minimal/blocktim.o
 .debug_info    0x000022c6      0x121 ../../Common/Minimal/flash.o
 .debug_info    0x000023e7      0x15f ../../Common/Minimal/integer.o
 .debug_info    0x00002546      0x273 ../../Common/Minimal/GenQTest.o
 .debug_info    0x000027b9      0x257 ../../Common/Minimal/QPeek.o
 .debug_info    0x00002a10      0x2ca ../../Common/Minimal/dynamic.o
 .debug_info    0x00002cda      0x2a0 ../../../Source/list.o
 .debug_info    0x00002f7a      0x78c ../../../Source/queue.o
 .debug_info    0x00003706      0xef2 ../../../Source/tasks.o
 .debug_info    0x000045f8      0x156 ../../../Source/portable/GCC/ARM7_LPC23xx/port.o
 .debug_info    0x0000474e      0x271 ../../../Source/portable/MemMang/heap_2.o
 .debug_info    0x000049bf       0x6f /tmp/ccaKaJ1q.o
 .debug_info    0x00004a2e       0x7e /usr/local/arm-elf-gcc-4.2.1/lib/gcc/arm-elf/4.2.1/thumb/interwork/libgcc.a(_udivsi3.o)
 .debug_info    0x00004aac       0x7e /usr/local/arm-elf-gcc-4.2.1/lib/gcc/arm-elf/4.2.1/thumb/interwork/libgcc.a(_divsi3.o)
 .debug_info    0x00004b2a       0x7e /usr/local/arm-elf-gcc-4.2.1/lib/gcc/arm-elf/4.2.1/thumb/interwork/libgcc.a(_dvmd_tls.o)
 .debug_info    0x00004ba8      0x10c /usr/local/arm-elf-gcc-4.2.1/lib/gcc/arm-elf/4.2.1/../../../../arm-elf/lib/thumb/interwork/libg.a(lib_a-memcpy.o)
 .debug_info    0x00004cb4      0x10e /usr/local/arm-elf-gcc-4.2.1/lib/gcc/arm-elf/4.2.1/../../../../arm-elf/lib/thumb/interwork/libg.a(lib_a-memset.o)
 .debug_info    0x00004dc2      0xa04 /usr/local/arm-elf-gcc-4.2.1/lib/gcc/arm-elf/4.2.1/../../../../arm-elf/lib/thumb/interwork/libg.a(lib_a-sprintf.o)
 .debug_info    0x000057c6       0xe2 /usr/local/arm-elf-gcc-4.2.1/lib/gcc/arm-elf/4.2.1/../../../../arm-elf/lib/thumb/interwork/libg.a(lib_a-strcat.o)
 .debug_info    0x000058a8      0x109 /usr/local/arm-elf-gcc-4.2.1/lib/gcc/arm-elf/4.2.1/../../../../arm-elf/lib/thumb/interwork/libg.a(lib_a-strcpy.o)
 .debug_info    0x000059b1       0xd2 /usr/local/arm-elf-gcc-4.2.1/lib/gcc/arm-elf/4.2.1/../../../../arm-elf/lib/thumb/interwork/libg.a(lib_a-strlen.o)
 .debug_info    0x00005a83      0x123 /usr/local/arm-elf-gcc-4.2.1/lib/gcc/arm-elf/4.2.1/../../../../arm-elf/lib/thumb/interwork/libg.a(lib_a-strncpy.o)
 .debug_info    0x00005ba6     0x112e /usr/local/arm-elf-gcc-4.2.1/lib/gcc/arm-elf/4.2.1/../../../../arm-elf/lib/thumb/interwork/libg.a(lib_a-vfprintf.o)
 .debug_info    0x00006cd4      0x9eb /usr/local/arm-elf-gcc-4.2.1/lib/gcc/arm-elf/4.2.1/../../../../arm-elf/lib/thumb/interwork/libg.a(lib_a-wcrtomb.o)
 .debug_info    0x000076bf      0xa7c /usr/local/arm-elf-gcc-4.2.1/lib/gcc/arm-elf/4.2.1/../../../../arm-elf/lib/thumb/interwork/libg.a(lib_a-wcsrtombs.o)
 .debug_info    0x0000813b      0x9f3 /usr/local/arm-elf-gcc-4.2.1/lib/gcc/arm-elf/4.2.1/../../../../arm-elf/lib/thumb/interwork/libg.a(lib_a-wctomb_r.o)
 .debug_info    0x00008b2e      0x936 /usr/local/arm-elf-gcc-4.2.1/lib/gcc/arm-elf/4.2.1/../../../../arm-elf/lib/thumb/interwork/libg.a(lib_a-wsetup.o)
 .debug_info    0x00009464      0xd55 /usr/local/arm-elf-gcc-4.2.1/lib/gcc/arm-elf/4.2.1/../../../../arm-elf/lib/thumb/interwork/libg.a(lib_a-dtoa.o)
 .debug_info    0x0000a1b9      0x99a /usr/local/arm-elf-gcc-4.2.1/lib/gcc/arm-elf/4.2.1/../../../../arm-elf/lib/thumb/interwork/libg.a(lib_a-fflush.o)